Code Quality	Set up job	﻿2025-09-26T11:38:55.3458888Z Current runner version: '2.328.0'
Code Quality	Set up job	2025-09-26T11:38:55.3484691Z ##[group]Runner Image Provisioner
Code Quality	Set up job	2025-09-26T11:38:55.3485562Z Hosted Compute Agent
Code Quality	Set up job	2025-09-26T11:38:55.3486067Z Version: 20250912.392
Code Quality	Set up job	2025-09-26T11:38:55.3486708Z Commit: d921fda672a98b64f4f82364647e2f10b2267d0b
Code Quality	Set up job	2025-09-26T11:38:55.3487448Z Build Date: 2025-09-12T15:23:14Z
Code Quality	Set up job	2025-09-26T11:38:55.3488037Z ##[endgroup]
Code Quality	Set up job	2025-09-26T11:38:55.3488571Z ##[group]Operating System
Code Quality	Set up job	2025-09-26T11:38:55.3489093Z Ubuntu
Code Quality	Set up job	2025-09-26T11:38:55.3489559Z 24.04.3
Code Quality	Set up job	2025-09-26T11:38:55.3490021Z LTS
Code Quality	Set up job	2025-09-26T11:38:55.3490488Z ##[endgroup]
Code Quality	Set up job	2025-09-26T11:38:55.3490962Z ##[group]Runner Image
Code Quality	Set up job	2025-09-26T11:38:55.3491532Z Image: ubuntu-24.04
Code Quality	Set up job	2025-09-26T11:38:55.3492044Z Version: 20250922.53.1
Code Quality	Set up job	2025-09-26T11:38:55.3493358Z Included Software: https://github.com/actions/runner-images/blob/ubuntu24/20250922.53/images/ubuntu/Ubuntu2404-Readme.md
Code Quality	Set up job	2025-09-26T11:38:55.3494826Z Image Release: https://github.com/actions/runner-images/releases/tag/ubuntu24%2F20250922.53
Code Quality	Set up job	2025-09-26T11:38:55.3495975Z ##[endgroup]
Code Quality	Set up job	2025-09-26T11:38:55.3497205Z ##[group]GITHUB_TOKEN Permissions
Code Quality	Set up job	2025-09-26T11:38:55.3499273Z Contents: read
Code Quality	Set up job	2025-09-26T11:38:55.3499789Z Issues: write
Code Quality	Set up job	2025-09-26T11:38:55.3500386Z Metadata: read
Code Quality	Set up job	2025-09-26T11:38:55.3500987Z PullRequests: write
Code Quality	Set up job	2025-09-26T11:38:55.3501494Z ##[endgroup]
Code Quality	Set up job	2025-09-26T11:38:55.3504513Z Secret source: Actions
Code Quality	Set up job	2025-09-26T11:38:55.3505596Z Prepare workflow directory
Code Quality	Set up job	2025-09-26T11:38:55.4009442Z Prepare all required actions
Code Quality	Set up job	2025-09-26T11:38:55.4046854Z Getting action download info
Code Quality	Set up job	2025-09-26T11:38:55.7239031Z Download action repository 'actions/checkout@v4' (SHA:08eba0b27e820071cde6df949e0beb9ba4906955)
Code Quality	Set up job	2025-09-26T11:38:55.8044309Z Download action repository 'actions/setup-node@v4' (SHA:49933ea5288caeca8642d1e84afbd3f7d6820020)
Code Quality	Set up job	2025-09-26T11:38:55.9481451Z Download action repository 'actions/upload-artifact@v4' (SHA:ea165f8d65b6e75b540449e92b4886f43607fa02)
Code Quality	Set up job	2025-09-26T11:38:56.1306361Z Complete job name: Code Quality
Code Quality	Checkout (selected ref)	﻿2025-09-26T11:38:56.1955016Z ##[group]Run actions/checkout@v4
Code Quality	Checkout (selected ref)	2025-09-26T11:38:56.1955879Z with:
Code Quality	Checkout (selected ref)	2025-09-26T11:38:56.1956267Z   ref: refs/pull/1/merge
Code Quality	Checkout (selected ref)	2025-09-26T11:38:56.1956710Z   fetch-depth: 0
Code Quality	Checkout (selected ref)	2025-09-26T11:38:56.1957128Z   repository: nathanku3-hue/athelete-ally
Code Quality	Checkout (selected ref)	2025-09-26T11:38:56.1957812Z   token: ***
Code Quality	Checkout (selected ref)	2025-09-26T11:38:56.1958186Z   ssh-strict: true
Code Quality	Checkout (selected ref)	2025-09-26T11:38:56.1958560Z   ssh-user: git
Code Quality	Checkout (selected ref)	2025-09-26T11:38:56.1958945Z   persist-credentials: true
Code Quality	Checkout (selected ref)	2025-09-26T11:38:56.1959372Z   clean: true
Code Quality	Checkout (selected ref)	2025-09-26T11:38:56.1959754Z   sparse-checkout-cone-mode: true
Code Quality	Checkout (selected ref)	2025-09-26T11:38:56.1960205Z   fetch-tags: false
Code Quality	Checkout (selected ref)	2025-09-26T11:38:56.1960590Z   show-progress: true
Code Quality	Checkout (selected ref)	2025-09-26T11:38:56.1960969Z   lfs: false
Code Quality	Checkout (selected ref)	2025-09-26T11:38:56.1961325Z   submodules: false
Code Quality	Checkout (selected ref)	2025-09-26T11:38:56.1961706Z   set-safe-directory: true
Code Quality	Checkout (selected ref)	2025-09-26T11:38:56.1962336Z env:
Code Quality	Checkout (selected ref)	2025-09-26T11:38:56.1962695Z   NODE_VERSION: 20.18.0
Code Quality	Checkout (selected ref)	2025-09-26T11:38:56.1963297Z   TURBO_TOKEN: 
Code Quality	Checkout (selected ref)	2025-09-26T11:38:56.1963665Z   TURBO_TEAM: 
Code Quality	Checkout (selected ref)	2025-09-26T11:38:56.1964023Z   NODE_ENV: test
Code Quality	Checkout (selected ref)	2025-09-26T11:38:56.1964437Z   PROMETHEUS_PORT: 9090
Code Quality	Checkout (selected ref)	2025-09-26T11:38:56.1964855Z   GRAFANA_PORT: 3001
Code Quality	Checkout (selected ref)	2025-09-26T11:38:56.1965269Z   GF_SECURITY_ADMIN_PASSWORD: admin123
Code Quality	Checkout (selected ref)	2025-09-26T11:38:56.1965752Z   JAEGER_PORT: 16686
Code Quality	Checkout (selected ref)	2025-09-26T11:38:56.1966163Z   OPENAI_API_KEY: test_openai_key_for_ci
Code Quality	Checkout (selected ref)	2025-09-26T11:38:56.1966678Z   JWT_SECRET: test_jwt_secret_for_ci
Code Quality	Checkout (selected ref)	2025-09-26T11:38:56.1967189Z   ENCRYPTION_KEY: test_encryption_key_for_ci
Code Quality	Checkout (selected ref)	2025-09-26T11:38:56.1967728Z   FRONTEND_URL: http://localhost:3000
Code Quality	Checkout (selected ref)	2025-09-26T11:38:56.1968262Z   GATEWAY_BFF_URL: http://localhost:4000
Code Quality	Checkout (selected ref)	2025-09-26T11:38:56.1968782Z   API_BASE_URL: http://localhost:4000
Code Quality	Checkout (selected ref)	2025-09-26T11:38:56.1969262Z ##[endgroup]
Code Quality	Checkout (selected ref)	2025-09-26T11:38:56.3066778Z Syncing repository: nathanku3-hue/athelete-ally
Code Quality	Checkout (selected ref)	2025-09-26T11:38:56.3068536Z ##[group]Getting Git version info
Code Quality	Checkout (selected ref)	2025-09-26T11:38:56.3069285Z Working directory is '/home/runner/work/athelete-ally/athelete-ally'
Code Quality	Checkout (selected ref)	2025-09-26T11:38:56.3070785Z [command]/usr/bin/git version
Code Quality	Checkout (selected ref)	2025-09-26T11:38:56.3113714Z git version 2.51.0
Code Quality	Checkout (selected ref)	2025-09-26T11:38:56.3140416Z ##[endgroup]
Code Quality	Checkout (selected ref)	2025-09-26T11:38:56.3154461Z Temporarily overriding HOME='/home/runner/work/_temp/716c9a96-b8d1-4492-91f9-48526cbcb8f7' before making global git config changes
Code Quality	Checkout (selected ref)	2025-09-26T11:38:56.3156841Z Adding repository directory to the temporary git global config as a safe directory
Code Quality	Checkout (selected ref)	2025-09-26T11:38:56.3161441Z [command]/usr/bin/git config --global --add safe.directory /home/runner/work/athelete-ally/athelete-ally
Code Quality	Checkout (selected ref)	2025-09-26T11:38:56.3198996Z Deleting the contents of '/home/runner/work/athelete-ally/athelete-ally'
Code Quality	Checkout (selected ref)	2025-09-26T11:38:56.3203831Z ##[group]Initializing the repository
Code Quality	Checkout (selected ref)	2025-09-26T11:38:56.3209634Z [command]/usr/bin/git init /home/runner/work/athelete-ally/athelete-ally
Code Quality	Checkout (selected ref)	2025-09-26T11:38:56.3296164Z hint: Using 'master' as the name for the initial branch. This default branch name
Code Quality	Checkout (selected ref)	2025-09-26T11:38:56.3297760Z hint: is subject to change. To configure the initial branch name to use in all
Code Quality	Checkout (selected ref)	2025-09-26T11:38:56.3299357Z hint: of your new repositories, which will suppress this warning, call:
Code Quality	Checkout (selected ref)	2025-09-26T11:38:56.3300201Z hint:
Code Quality	Checkout (selected ref)	2025-09-26T11:38:56.3300886Z hint: 	git config --global init.defaultBranch <name>
Code Quality	Checkout (selected ref)	2025-09-26T11:38:56.3301587Z hint:
Code Quality	Checkout (selected ref)	2025-09-26T11:38:56.3302275Z hint: Names commonly chosen instead of 'master' are 'main', 'trunk' and
Code Quality	Checkout (selected ref)	2025-09-26T11:38:56.3303678Z hint: 'development'. The just-created branch can be renamed via this command:
Code Quality	Checkout (selected ref)	2025-09-26T11:38:56.3304458Z hint:
Code Quality	Checkout (selected ref)	2025-09-26T11:38:56.3304914Z hint: 	git branch -m <name>
Code Quality	Checkout (selected ref)	2025-09-26T11:38:56.3305343Z hint:
Code Quality	Checkout (selected ref)	2025-09-26T11:38:56.3305899Z hint: Disable this message with "git config set advice.defaultBranchName false"
Code Quality	Checkout (selected ref)	2025-09-26T11:38:56.3306902Z Initialized empty Git repository in /home/runner/work/athelete-ally/athelete-ally/.git/
Code Quality	Checkout (selected ref)	2025-09-26T11:38:56.3310984Z [command]/usr/bin/git remote add origin https://github.com/nathanku3-hue/athelete-ally
Code Quality	Checkout (selected ref)	2025-09-26T11:38:56.3344319Z ##[endgroup]
Code Quality	Checkout (selected ref)	2025-09-26T11:38:56.3345021Z ##[group]Disabling automatic garbage collection
Code Quality	Checkout (selected ref)	2025-09-26T11:38:56.3348254Z [command]/usr/bin/git config --local gc.auto 0
Code Quality	Checkout (selected ref)	2025-09-26T11:38:56.3376763Z ##[endgroup]
Code Quality	Checkout (selected ref)	2025-09-26T11:38:56.3377426Z ##[group]Setting up auth
Code Quality	Checkout (selected ref)	2025-09-26T11:38:56.3383856Z [command]/usr/bin/git config --local --name-only --get-regexp core\.sshCommand
Code Quality	Checkout (selected ref)	2025-09-26T11:38:56.3415434Z [command]/usr/bin/git submodule foreach --recursive sh -c "git config --local --name-only --get-regexp 'core\.sshCommand' && git config --local --unset-all 'core.sshCommand' || :"
Code Quality	Checkout (selected ref)	2025-09-26T11:38:56.3724037Z [command]/usr/bin/git config --local --name-only --get-regexp http\.https\:\/\/github\.com\/\.extraheader
Code Quality	Checkout (selected ref)	2025-09-26T11:38:56.3766752Z [command]/usr/bin/git submodule foreach --recursive sh -c "git config --local --name-only --get-regexp 'http\.https\:\/\/github\.com\/\.extraheader' && git config --local --unset-all 'http.https://github.com/.extraheader' || :"
Code Quality	Checkout (selected ref)	2025-09-26T11:38:56.4010640Z [command]/usr/bin/git config --local http.https://github.com/.extraheader AUTHORIZATION: basic ***
Code Quality	Checkout (selected ref)	2025-09-26T11:38:56.4050994Z ##[endgroup]
Code Quality	Checkout (selected ref)	2025-09-26T11:38:56.4051960Z ##[group]Fetching the repository
Code Quality	Checkout (selected ref)	2025-09-26T11:38:56.4065582Z [command]/usr/bin/git -c protocol.version=2 fetch --prune --no-recurse-submodules origin +refs/heads/*:refs/remotes/origin/* +refs/tags/*:refs/tags/* +refs/pull/1/merge:refs/remotes/pull/1/merge
Code Quality	Checkout (selected ref)	2025-09-26T11:38:59.1323343Z From https://github.com/nathanku3-hue/athelete-ally
Code Quality	Checkout (selected ref)	2025-09-26T11:38:59.1325622Z  * [new branch]      chore/lockfile-refresh-npm-overrides -> origin/chore/lockfile-refresh-npm-overrides
Code Quality	Checkout (selected ref)	2025-09-26T11:38:59.1327734Z  * [new branch]      chore/repo-hygiene     -> origin/chore/repo-hygiene
Code Quality	Checkout (selected ref)	2025-09-26T11:38:59.1329780Z  * [new branch]      feature/autonomous-hardening-20250919 -> origin/feature/autonomous-hardening-20250919
Code Quality	Checkout (selected ref)	2025-09-26T11:38:59.1332526Z  * [new branch]      feature/autonomous-hardening-20250923 -> origin/feature/autonomous-hardening-20250923
Code Quality	Checkout (selected ref)	2025-09-26T11:38:59.1334821Z  * [new branch]      feature/ci-polish      -> origin/feature/ci-polish
Code Quality	Checkout (selected ref)	2025-09-26T11:38:59.1336597Z  * [new branch]      feature/compose-profiles -> origin/feature/compose-profiles
Code Quality	Checkout (selected ref)	2025-09-26T11:38:59.1339023Z  * [new branch]      feature/dependency-hygiene -> origin/feature/dependency-hygiene
Code Quality	Checkout (selected ref)	2025-09-26T11:38:59.1341113Z  * [new branch]      feature/deploy-reliability -> origin/feature/deploy-reliability
Code Quality	Checkout (selected ref)	2025-09-26T11:38:59.1343450Z  * [new branch]      feature/docs-branch-protection -> origin/feature/docs-branch-protection
Code Quality	Checkout (selected ref)	2025-09-26T11:38:59.1347463Z  * [new branch]      feature/e2e-playwright-chromium -> origin/feature/e2e-playwright-chromium
Code Quality	Checkout (selected ref)	2025-09-26T11:38:59.1349409Z  * [new branch]      feature/harness-expansion -> origin/feature/harness-expansion
Code Quality	Checkout (selected ref)	2025-09-26T11:38:59.1351202Z  * [new branch]      feature/jest-layered-config -> origin/feature/jest-layered-config
Code Quality	Checkout (selected ref)	2025-09-26T11:38:59.1353290Z  * [new branch]      feature/minimal-ci-update -> origin/feature/minimal-ci-update
Code Quality	Checkout (selected ref)	2025-09-26T11:38:59.1355328Z  * [new branch]      feature/playwright-e2e -> origin/feature/playwright-e2e
Code Quality	Checkout (selected ref)	2025-09-26T11:38:59.1357668Z  * [new branch]      feature/vitest-to-jest-migration -> origin/feature/vitest-to-jest-migration
Code Quality	Checkout (selected ref)	2025-09-26T11:38:59.1359700Z  * [new branch]      fix/a11y-test          -> origin/fix/a11y-test
Code Quality	Checkout (selected ref)	2025-09-26T11:38:59.1361511Z  * [new branch]      fix/actionlint-quote-names -> origin/fix/actionlint-quote-names
Code Quality	Checkout (selected ref)	2025-09-26T11:38:59.1363503Z  * [new branch]      fix/ci-debug           -> origin/fix/ci-debug
Code Quality	Checkout (selected ref)	2025-09-26T11:38:59.1365157Z  * [new branch]      fix/deploy-reliability -> origin/fix/deploy-reliability
Code Quality	Checkout (selected ref)	2025-09-26T11:38:59.1367159Z  * [new branch]      fix/shellcheck-sanity-blocks -> origin/fix/shellcheck-sanity-blocks
Code Quality	Checkout (selected ref)	2025-09-26T11:38:59.1369027Z  * [new branch]      main                   -> origin/main
Code Quality	Checkout (selected ref)	2025-09-26T11:38:59.1370649Z  * [new branch]      trigger/v3-test-workflow -> origin/trigger/v3-test-workflow
Code Quality	Checkout (selected ref)	2025-09-26T11:38:59.1372287Z  * [new ref]         refs/pull/1/merge      -> pull/1/merge
Code Quality	Checkout (selected ref)	2025-09-26T11:38:59.1387478Z ##[endgroup]
Code Quality	Checkout (selected ref)	2025-09-26T11:38:59.1388640Z ##[group]Determining the checkout info
Code Quality	Checkout (selected ref)	2025-09-26T11:38:59.1389903Z ##[endgroup]
Code Quality	Checkout (selected ref)	2025-09-26T11:38:59.1396829Z [command]/usr/bin/git sparse-checkout disable
Code Quality	Checkout (selected ref)	2025-09-26T11:38:59.1440255Z [command]/usr/bin/git config --local --unset-all extensions.worktreeConfig
Code Quality	Checkout (selected ref)	2025-09-26T11:38:59.1470317Z ##[group]Checking out the ref
Code Quality	Checkout (selected ref)	2025-09-26T11:38:59.1477030Z [command]/usr/bin/git checkout --progress --force refs/remotes/pull/1/merge
Code Quality	Checkout (selected ref)	2025-09-26T11:38:59.2022049Z Note: switching to 'refs/remotes/pull/1/merge'.
Code Quality	Checkout (selected ref)	2025-09-26T11:38:59.2024868Z 
Code Quality	Checkout (selected ref)	2025-09-26T11:38:59.2025840Z You are in 'detached HEAD' state. You can look around, make experimental
Code Quality	Checkout (selected ref)	2025-09-26T11:38:59.2027942Z changes and commit them, and you can discard any commits you make in this
Code Quality	Checkout (selected ref)	2025-09-26T11:38:59.2029998Z state without impacting any branches by switching back to a branch.
Code Quality	Checkout (selected ref)	2025-09-26T11:38:59.2030778Z 
Code Quality	Checkout (selected ref)	2025-09-26T11:38:59.2031281Z If you want to create a new branch to retain commits you create, you may
Code Quality	Checkout (selected ref)	2025-09-26T11:38:59.2032432Z do so (now or later) by using -c with the switch command. Example:
Code Quality	Checkout (selected ref)	2025-09-26T11:38:59.2033413Z 
Code Quality	Checkout (selected ref)	2025-09-26T11:38:59.2033892Z   git switch -c <new-branch-name>
Code Quality	Checkout (selected ref)	2025-09-26T11:38:59.2034779Z 
Code Quality	Checkout (selected ref)	2025-09-26T11:38:59.2035266Z Or undo this operation with:
Code Quality	Checkout (selected ref)	2025-09-26T11:38:59.2036033Z 
Code Quality	Checkout (selected ref)	2025-09-26T11:38:59.2036461Z   git switch -
Code Quality	Checkout (selected ref)	2025-09-26T11:38:59.2037048Z 
Code Quality	Checkout (selected ref)	2025-09-26T11:38:59.2038056Z Turn off this advice by setting config variable advice.detachedHead to false
Code Quality	Checkout (selected ref)	2025-09-26T11:38:59.2039024Z 
Code Quality	Checkout (selected ref)	2025-09-26T11:38:59.2040156Z HEAD is now at b53aa0d Merge 92d1b01411355206f1738977489874367c5c625a into e29b8055cfb179301a2c9fe817546c91399ed1c4
Code Quality	Checkout (selected ref)	2025-09-26T11:38:59.2043726Z ##[endgroup]
Code Quality	Checkout (selected ref)	2025-09-26T11:38:59.2078665Z [command]/usr/bin/git log -1 --format=%H
Code Quality	Checkout (selected ref)	2025-09-26T11:38:59.2101870Z b53aa0db657b0b0b19c490f74be427821d92305c
Code Quality	Setup Node.js	﻿2025-09-26T11:38:59.2458080Z ##[group]Run actions/setup-node@v4
Code Quality	Setup Node.js	2025-09-26T11:38:59.2459136Z with:
Code Quality	Setup Node.js	2025-09-26T11:38:59.2459917Z   node-version: 20.18.0
Code Quality	Setup Node.js	2025-09-26T11:38:59.2460988Z   cache: npm
Code Quality	Setup Node.js	2025-09-26T11:38:59.2461901Z   cache-dependency-path: package-lock.json
Code Quality	Setup Node.js	2025-09-26T11:38:59.2463200Z   always-auth: false
Code Quality	Setup Node.js	2025-09-26T11:38:59.2464092Z   check-latest: false
Code Quality	Setup Node.js	2025-09-26T11:38:59.2465495Z   token: ***
Code Quality	Setup Node.js	2025-09-26T11:38:59.2466279Z env:
Code Quality	Setup Node.js	2025-09-26T11:38:59.2467051Z   NODE_VERSION: 20.18.0
Code Quality	Setup Node.js	2025-09-26T11:38:59.2467929Z   TURBO_TOKEN: 
Code Quality	Setup Node.js	2025-09-26T11:38:59.2468748Z   TURBO_TEAM: 
Code Quality	Setup Node.js	2025-09-26T11:38:59.2469555Z   NODE_ENV: test
Code Quality	Setup Node.js	2025-09-26T11:38:59.2470404Z   PROMETHEUS_PORT: 9090
Code Quality	Setup Node.js	2025-09-26T11:38:59.2471299Z   GRAFANA_PORT: 3001
Code Quality	Setup Node.js	2025-09-26T11:38:59.2472223Z   GF_SECURITY_ADMIN_PASSWORD: admin123
Code Quality	Setup Node.js	2025-09-26T11:38:59.2473405Z   JAEGER_PORT: 16686
Code Quality	Setup Node.js	2025-09-26T11:38:59.2474331Z   OPENAI_API_KEY: test_openai_key_for_ci
Code Quality	Setup Node.js	2025-09-26T11:38:59.2475443Z   JWT_SECRET: test_jwt_secret_for_ci
Code Quality	Setup Node.js	2025-09-26T11:38:59.2476545Z   ENCRYPTION_KEY: test_encryption_key_for_ci
Code Quality	Setup Node.js	2025-09-26T11:38:59.2477781Z   FRONTEND_URL: http://localhost:3000
Code Quality	Setup Node.js	2025-09-26T11:38:59.2478906Z   GATEWAY_BFF_URL: http://localhost:4000
Code Quality	Setup Node.js	2025-09-26T11:38:59.2480055Z   API_BASE_URL: http://localhost:4000
Code Quality	Setup Node.js	2025-09-26T11:38:59.2481109Z ##[endgroup]
Code Quality	Setup Node.js	2025-09-26T11:38:59.4201202Z Attempting to download 20.18.0...
Code Quality	Setup Node.js	2025-09-26T11:38:59.7646895Z Acquiring 20.18.0 - x64 from https://github.com/actions/node-versions/releases/download/20.18.0-11182621166/node-20.18.0-linux-x64.tar.gz
Code Quality	Setup Node.js	2025-09-26T11:39:00.1612174Z Extracting ...
Code Quality	Setup Node.js	2025-09-26T11:39:00.1713267Z [command]/usr/bin/tar xz --strip 1 --warning=no-unknown-keyword --overwrite -C /home/runner/work/_temp/957f3b8c-3914-4308-b8ee-7c5e234cca4c -f /home/runner/work/_temp/57ddf28d-d784-4595-841a-b552089478d7
Code Quality	Setup Node.js	2025-09-26T11:39:01.1538283Z Adding to the cache ...
Code Quality	Setup Node.js	2025-09-26T11:39:02.8302018Z ##[group]Environment details
Code Quality	Setup Node.js	2025-09-26T11:39:03.0541068Z node: v20.18.0
Code Quality	Setup Node.js	2025-09-26T11:39:03.0541694Z npm: 10.8.2
Code Quality	Setup Node.js	2025-09-26T11:39:03.0542047Z yarn: 1.22.22
Code Quality	Setup Node.js	2025-09-26T11:39:03.0543327Z ##[endgroup]
Code Quality	Setup Node.js	2025-09-26T11:39:03.0561925Z [command]/opt/hostedtoolcache/node/20.18.0/x64/bin/npm config get cache
Code Quality	Setup Node.js	2025-09-26T11:39:03.1583043Z /home/runner/.npm
Code Quality	Setup Node.js	2025-09-26T11:39:03.2274759Z Cache hit for: node-cache-Linux-x64-npm-cf2664d24e7d9789ba480a50d1c41588a5a72e0c9c3802dce7535ee781fa5829
Code Quality	Setup Node.js	2025-09-26T11:39:04.2725004Z Received 234881024 of 285091756 (82.4%), 224.0 MBs/sec
Code Quality	Setup Node.js	2025-09-26T11:39:04.6836459Z Received 285091756 of 285091756 (100.0%), 192.6 MBs/sec
Code Quality	Setup Node.js	2025-09-26T11:39:04.6837712Z Cache Size: ~272 MB (285091756 B)
Code Quality	Setup Node.js	2025-09-26T11:39:04.6888641Z [command]/usr/bin/tar -xf /home/runner/work/_temp/e700ff22-8509-48ea-88ab-7e81ebd1ac58/cache.tzst -P -C /home/runner/work/athelete-ally/athelete-ally --use-compress-program unzstd
Code Quality	Setup Node.js	2025-09-26T11:39:05.3021202Z Cache restored successfully
Code Quality	Setup Node.js	2025-09-26T11:39:05.3559927Z Cache restored from key: node-cache-Linux-x64-npm-cf2664d24e7d9789ba480a50d1c41588a5a72e0c9c3802dce7535ee781fa5829
Code Quality	Enable Corepack and Enforce Package Manager Version	﻿2025-09-26T11:39:05.3717057Z ##[group]Run corepack enable
Code Quality	Enable Corepack and Enforce Package Manager Version	2025-09-26T11:39:05.3717408Z [36;1mcorepack enable[0m
Code Quality	Enable Corepack and Enforce Package Manager Version	2025-09-26T11:39:05.3755931Z shell: /usr/bin/bash -e {0}
Code Quality	Enable Corepack and Enforce Package Manager Version	2025-09-26T11:39:05.3756189Z env:
Code Quality	Enable Corepack and Enforce Package Manager Version	2025-09-26T11:39:05.3756379Z   NODE_VERSION: 20.18.0
Code Quality	Enable Corepack and Enforce Package Manager Version	2025-09-26T11:39:05.3756575Z   TURBO_TOKEN: 
Code Quality	Enable Corepack and Enforce Package Manager Version	2025-09-26T11:39:05.3756763Z   TURBO_TEAM: 
Code Quality	Enable Corepack and Enforce Package Manager Version	2025-09-26T11:39:05.3756942Z   NODE_ENV: test
Code Quality	Enable Corepack and Enforce Package Manager Version	2025-09-26T11:39:05.3757140Z   PROMETHEUS_PORT: 9090
Code Quality	Enable Corepack and Enforce Package Manager Version	2025-09-26T11:39:05.3757340Z   GRAFANA_PORT: 3001
Code Quality	Enable Corepack and Enforce Package Manager Version	2025-09-26T11:39:05.3757557Z   GF_SECURITY_ADMIN_PASSWORD: admin123
Code Quality	Enable Corepack and Enforce Package Manager Version	2025-09-26T11:39:05.3757818Z   JAEGER_PORT: 16686
Code Quality	Enable Corepack and Enforce Package Manager Version	2025-09-26T11:39:05.3758028Z   OPENAI_API_KEY: test_openai_key_for_ci
Code Quality	Enable Corepack and Enforce Package Manager Version	2025-09-26T11:39:05.3758284Z   JWT_SECRET: test_jwt_secret_for_ci
Code Quality	Enable Corepack and Enforce Package Manager Version	2025-09-26T11:39:05.3758549Z   ENCRYPTION_KEY: test_encryption_key_for_ci
Code Quality	Enable Corepack and Enforce Package Manager Version	2025-09-26T11:39:05.3758845Z   FRONTEND_URL: http://localhost:3000
Code Quality	Enable Corepack and Enforce Package Manager Version	2025-09-26T11:39:05.3759149Z   GATEWAY_BFF_URL: http://localhost:4000
Code Quality	Enable Corepack and Enforce Package Manager Version	2025-09-26T11:39:05.3759416Z   API_BASE_URL: http://localhost:4000
Code Quality	Enable Corepack and Enforce Package Manager Version	2025-09-26T11:39:05.3759689Z ##[endgroup]
Code Quality	Install dependencies	﻿2025-09-26T11:39:05.4487646Z ##[group]Run npm ci
Code Quality	Install dependencies	2025-09-26T11:39:05.4487921Z [36;1mnpm ci[0m
Code Quality	Install dependencies	2025-09-26T11:39:05.4521174Z shell: /usr/bin/bash -e {0}
Code Quality	Install dependencies	2025-09-26T11:39:05.4521415Z env:
Code Quality	Install dependencies	2025-09-26T11:39:05.4521585Z   NODE_VERSION: 20.18.0
Code Quality	Install dependencies	2025-09-26T11:39:05.4521789Z   TURBO_TOKEN: 
Code Quality	Install dependencies	2025-09-26T11:39:05.4521981Z   TURBO_TEAM: 
Code Quality	Install dependencies	2025-09-26T11:39:05.4522150Z   NODE_ENV: test
Code Quality	Install dependencies	2025-09-26T11:39:05.4522586Z   PROMETHEUS_PORT: 9090
Code Quality	Install dependencies	2025-09-26T11:39:05.4523023Z   GRAFANA_PORT: 3001
Code Quality	Install dependencies	2025-09-26T11:39:05.4523351Z   GF_SECURITY_ADMIN_PASSWORD: admin123
Code Quality	Install dependencies	2025-09-26T11:39:05.4523602Z   JAEGER_PORT: 16686
Code Quality	Install dependencies	2025-09-26T11:39:05.4523808Z   OPENAI_API_KEY: test_openai_key_for_ci
Code Quality	Install dependencies	2025-09-26T11:39:05.4524065Z   JWT_SECRET: test_jwt_secret_for_ci
Code Quality	Install dependencies	2025-09-26T11:39:05.4524323Z   ENCRYPTION_KEY: test_encryption_key_for_ci
Code Quality	Install dependencies	2025-09-26T11:39:05.4524620Z   FRONTEND_URL: http://localhost:3000
Code Quality	Install dependencies	2025-09-26T11:39:05.4524889Z   GATEWAY_BFF_URL: http://localhost:4000
Code Quality	Install dependencies	2025-09-26T11:39:05.4525144Z   API_BASE_URL: http://localhost:4000
Code Quality	Install dependencies	2025-09-26T11:39:05.4525386Z ##[endgroup]
Code Quality	Install dependencies	2025-09-26T11:39:12.8535231Z npm warn deprecated inflight@1.0.6: This module is not supported, and leaks memory. Do not use it. Check out lru-cache if you want a good and tested way to coalesce async requests by a key value, which is much more comprehensive and powerful.
Code Quality	Install dependencies	2025-09-26T11:39:13.0483300Z npm warn deprecated supertest@6.3.4: Please upgrade to supertest v7.1.3+, see release notes at https://github.com/forwardemail/supertest/releases/tag/v7.1.3 - maintenance is supported by Forward Email @ https://forwardemail.net
Code Quality	Install dependencies	2025-09-26T11:39:13.0846592Z npm warn deprecated @humanwhocodes/config-array@0.13.0: Use @eslint/config-array instead
Code Quality	Install dependencies	2025-09-26T11:39:13.1028361Z npm warn deprecated rimraf@3.0.2: Rimraf versions prior to v4 are no longer supported
Code Quality	Install dependencies	2025-09-26T11:39:13.1163360Z npm warn deprecated abab@2.0.6: Use your platform's native atob() and btoa() methods instead
Code Quality	Install dependencies	2025-09-26T11:39:13.1680859Z npm warn deprecated acorn-import-assertions@1.9.0: package has been renamed to acorn-import-attributes
Code Quality	Install dependencies	2025-09-26T11:39:13.3833007Z npm warn deprecated @humanwhocodes/object-schema@2.0.3: Use @eslint/object-schema instead
Code Quality	Install dependencies	2025-09-26T11:39:13.3871409Z npm warn deprecated glob@7.2.3: Glob versions prior to v9 are no longer supported
Code Quality	Install dependencies	2025-09-26T11:39:13.3874864Z npm warn deprecated glob@7.2.3: Glob versions prior to v9 are no longer supported
Code Quality	Install dependencies	2025-09-26T11:39:13.3884148Z npm warn deprecated glob@7.2.3: Glob versions prior to v9 are no longer supported
Code Quality	Install dependencies	2025-09-26T11:39:13.3887618Z npm warn deprecated glob@7.2.3: Glob versions prior to v9 are no longer supported
Code Quality	Install dependencies	2025-09-26T11:39:13.3891280Z npm warn deprecated glob@7.2.3: Glob versions prior to v9 are no longer supported
Code Quality	Install dependencies	2025-09-26T11:39:13.3950289Z npm warn deprecated glob@8.1.0: Glob versions prior to v9 are no longer supported
Code Quality	Install dependencies	2025-09-26T11:39:13.3974930Z npm warn deprecated glob@7.2.3: Glob versions prior to v9 are no longer supported
Code Quality	Install dependencies	2025-09-26T11:39:13.5394870Z npm warn deprecated domexception@4.0.0: Use your platform's native DOMException instead
Code Quality	Install dependencies	2025-09-26T11:39:15.2370250Z npm warn deprecated node-domexception@1.0.0: Use your platform's native DOMException instead
Code Quality	Install dependencies	2025-09-26T11:39:16.0031908Z npm warn deprecated superagent@8.1.2: Please upgrade to superagent v10.2.2+, see release notes at https://github.com/forwardemail/superagent/releases/tag/v10.2.2 - maintenance is supported by Forward Email @ https://forwardemail.net
Code Quality	Install dependencies	2025-09-26T11:39:23.9625803Z npm warn deprecated @opentelemetry/otlp-proto-exporter-base@0.45.1: Package no longer supported. Contact Support at https://www.npmjs.com/support for more info.
Code Quality	Install dependencies	2025-09-26T11:39:23.9675782Z npm warn deprecated @opentelemetry/otlp-proto-exporter-base@0.46.0: Package no longer supported. Contact Support at https://www.npmjs.com/support for more info.
Code Quality	Install dependencies	2025-09-26T11:39:26.2632331Z npm warn deprecated eslint@8.57.1: This version is no longer supported. Please see https://eslint.org/version-support for other options.
Code Quality	Install dependencies	2025-09-26T11:39:32.2276891Z 
Code Quality	Install dependencies	2025-09-26T11:39:32.2278097Z > athlete-ally@0.1.0 preinstall
Code Quality	Install dependencies	2025-09-26T11:39:32.2279184Z > node scripts/check-node-version.js
Code Quality	Install dependencies	2025-09-26T11:39:32.2279504Z 
Code Quality	Install dependencies	2025-09-26T11:39:32.2845096Z ✅ Node.js version check passed: v20.18.0
Code Quality	Install dependencies	2025-09-26T11:39:32.3110773Z 
Code Quality	Install dependencies	2025-09-26T11:39:32.3111652Z added 1642 packages, and audited 1661 packages in 27s
Code Quality	Install dependencies	2025-09-26T11:39:32.3123782Z 
Code Quality	Install dependencies	2025-09-26T11:39:32.3124448Z 273 packages are looking for funding
Code Quality	Install dependencies	2025-09-26T11:39:32.3125485Z   run `npm fund` for details
Code Quality	Install dependencies	2025-09-26T11:39:32.3135824Z 
Code Quality	Install dependencies	2025-09-26T11:39:32.3136219Z found 0 vulnerabilities
Code Quality	Generate Prisma clients (all services)	﻿2025-09-26T11:39:32.4305112Z ##[group]Run set -euo pipefail
Code Quality	Generate Prisma clients (all services)	2025-09-26T11:39:32.4305416Z [36;1mset -euo pipefail[0m
Code Quality	Generate Prisma clients (all services)	2025-09-26T11:39:32.4305709Z [36;1mbash ./scripts/generate-prisma-clients.sh[0m
Code Quality	Generate Prisma clients (all services)	2025-09-26T11:39:32.4340603Z shell: /usr/bin/bash -e {0}
Code Quality	Generate Prisma clients (all services)	2025-09-26T11:39:32.4340842Z env:
Code Quality	Generate Prisma clients (all services)	2025-09-26T11:39:32.4341013Z   NODE_VERSION: 20.18.0
Code Quality	Generate Prisma clients (all services)	2025-09-26T11:39:32.4341209Z   TURBO_TOKEN: 
Code Quality	Generate Prisma clients (all services)	2025-09-26T11:39:32.4341383Z   TURBO_TEAM: 
Code Quality	Generate Prisma clients (all services)	2025-09-26T11:39:32.4341551Z   NODE_ENV: test
Code Quality	Generate Prisma clients (all services)	2025-09-26T11:39:32.4341726Z   PROMETHEUS_PORT: 9090
Code Quality	Generate Prisma clients (all services)	2025-09-26T11:39:32.4341923Z   GRAFANA_PORT: 3001
Code Quality	Generate Prisma clients (all services)	2025-09-26T11:39:32.4342127Z   GF_SECURITY_ADMIN_PASSWORD: admin123
Code Quality	Generate Prisma clients (all services)	2025-09-26T11:39:32.4342369Z   JAEGER_PORT: 16686
Code Quality	Generate Prisma clients (all services)	2025-09-26T11:39:32.4342577Z   OPENAI_API_KEY: test_openai_key_for_ci
Code Quality	Generate Prisma clients (all services)	2025-09-26T11:39:32.4343047Z   JWT_SECRET: test_jwt_secret_for_ci
Code Quality	Generate Prisma clients (all services)	2025-09-26T11:39:32.4343299Z   ENCRYPTION_KEY: test_encryption_key_for_ci
Code Quality	Generate Prisma clients (all services)	2025-09-26T11:39:32.4343600Z   FRONTEND_URL: http://localhost:3000
Code Quality	Generate Prisma clients (all services)	2025-09-26T11:39:32.4343862Z   GATEWAY_BFF_URL: http://localhost:4000
Code Quality	Generate Prisma clients (all services)	2025-09-26T11:39:32.4344139Z   API_BASE_URL: http://localhost:4000
Code Quality	Generate Prisma clients (all services)	2025-09-26T11:39:32.4344372Z ##[endgroup]
Code Quality	Generate Prisma clients (all services)	2025-09-26T11:39:32.4426711Z 🔧 Generating Prisma clients for all services...
Code Quality	Generate Prisma clients (all services)	2025-09-26T11:39:32.4439783Z Generating Prisma client for exercises...
Code Quality	Generate Prisma clients (all services)	2025-09-26T11:39:33.1333265Z Prisma schema loaded from prisma/schema.prisma
Code Quality	Generate Prisma clients (all services)	2025-09-26T11:39:33.4549994Z 
Code Quality	Generate Prisma clients (all services)	2025-09-26T11:39:33.4552069Z ✔ Generated Prisma Client (v5.22.0) to ./prisma/generated/client in 79ms
Code Quality	Generate Prisma clients (all services)	2025-09-26T11:39:33.4552587Z 
Code Quality	Generate Prisma clients (all services)	2025-09-26T11:39:33.4555949Z Start by importing your Prisma Client (See: https://pris.ly/d/importing-client)
Code Quality	Generate Prisma clients (all services)	2025-09-26T11:39:33.4556528Z 
Code Quality	Generate Prisma clients (all services)	2025-09-26T11:39:33.4566283Z Tip: Want to react to database changes in your app as they happen? Discover how with Pulse: https://pris.ly/tip-1-pulse
Code Quality	Generate Prisma clients (all services)	2025-09-26T11:39:33.4567039Z 
Code Quality	Generate Prisma clients (all services)	2025-09-26T11:39:33.6750645Z ✅ exercises Prisma client generated successfully
Code Quality	Generate Prisma clients (all services)	2025-09-26T11:39:33.6764553Z Generating Prisma client for fatigue...
Code Quality	Generate Prisma clients (all services)	2025-09-26T11:39:34.3823222Z Prisma schema loaded from prisma/schema.prisma
Code Quality	Generate Prisma clients (all services)	2025-09-26T11:39:34.6789252Z 
Code Quality	Generate Prisma clients (all services)	2025-09-26T11:39:34.6790821Z ✔ Generated Prisma Client (v5.22.0) to ./prisma/generated/client in 72ms
Code Quality	Generate Prisma clients (all services)	2025-09-26T11:39:34.6791507Z 
Code Quality	Generate Prisma clients (all services)	2025-09-26T11:39:34.6792232Z Start by importing your Prisma Client (See: https://pris.ly/d/importing-client)
Code Quality	Generate Prisma clients (all services)	2025-09-26T11:39:34.6793361Z 
Code Quality	Generate Prisma clients (all services)	2025-09-26T11:39:34.6794312Z Tip: Want to react to database changes in your app as they happen? Discover how with Pulse: https://pris.ly/tip-1-pulse
Code Quality	Generate Prisma clients (all services)	2025-09-26T11:39:34.6795015Z 
Code Quality	Generate Prisma clients (all services)	2025-09-26T11:39:34.7026359Z ┌─────────────────────────────────────────────────────────┐
Code Quality	Generate Prisma clients (all services)	2025-09-26T11:39:34.7027159Z │  Update available 5.22.0 -> 6.16.2                      │
Code Quality	Generate Prisma clients (all services)	2025-09-26T11:39:34.7027843Z │                                                         │
Code Quality	Generate Prisma clients (all services)	2025-09-26T11:39:34.7028601Z │  This is a major update - please follow the guide at    │
Code Quality	Generate Prisma clients (all services)	2025-09-26T11:39:34.7029474Z │  https://pris.ly/d/major-version-upgrade                │
Code Quality	Generate Prisma clients (all services)	2025-09-26T11:39:34.7030247Z │                                                         │
Code Quality	Generate Prisma clients (all services)	2025-09-26T11:39:34.7030966Z │  Run the following to update                            │
Code Quality	Generate Prisma clients (all services)	2025-09-26T11:39:34.7031708Z │    npm i --save-dev prisma@latest                       │
Code Quality	Generate Prisma clients (all services)	2025-09-26T11:39:34.7032161Z │    npm i @prisma/client@latest                          │
Code Quality	Generate Prisma clients (all services)	2025-09-26T11:39:34.7032622Z └─────────────────────────────────────────────────────────┘
Code Quality	Generate Prisma clients (all services)	2025-09-26T11:39:34.8987468Z ✅ fatigue Prisma client generated successfully
Code Quality	Generate Prisma clients (all services)	2025-09-26T11:39:34.9001626Z Generating Prisma client for planning-engine...
Code Quality	Generate Prisma clients (all services)	2025-09-26T11:39:35.5879033Z Prisma schema loaded from prisma/schema.prisma
Code Quality	Generate Prisma clients (all services)	2025-09-26T11:39:36.2710201Z 
Code Quality	Generate Prisma clients (all services)	2025-09-26T11:39:36.2715080Z ✔ Generated Prisma Client (v5.22.0) to ./prisma/generated/client in 129ms
Code Quality	Generate Prisma clients (all services)	2025-09-26T11:39:36.2717793Z 
Code Quality	Generate Prisma clients (all services)	2025-09-26T11:39:36.2718367Z Start by importing your Prisma Client (See: https://pris.ly/d/importing-client)
Code Quality	Generate Prisma clients (all services)	2025-09-26T11:39:36.2719231Z 
Code Quality	Generate Prisma clients (all services)	2025-09-26T11:39:36.2720010Z Tip: Want to react to database changes in your app as they happen? Discover how with Pulse: https://pris.ly/tip-1-pulse
Code Quality	Generate Prisma clients (all services)	2025-09-26T11:39:36.2721013Z 
Code Quality	Generate Prisma clients (all services)	2025-09-26T11:39:36.4946222Z ✅ planning-engine Prisma client generated successfully
Code Quality	Generate Prisma clients (all services)	2025-09-26T11:39:36.4959446Z Generating Prisma client for profile-onboarding...
Code Quality	Generate Prisma clients (all services)	2025-09-26T11:39:37.1823795Z Prisma schema loaded from prisma/schema.prisma
Code Quality	Generate Prisma clients (all services)	2025-09-26T11:39:37.4952353Z 
Code Quality	Generate Prisma clients (all services)	2025-09-26T11:39:37.4953736Z ✔ Generated Prisma Client (v5.22.0) to ./prisma/generated/client in 73ms
Code Quality	Generate Prisma clients (all services)	2025-09-26T11:39:37.4954281Z 
Code Quality	Generate Prisma clients (all services)	2025-09-26T11:39:37.4954849Z Start by importing your Prisma Client (See: https://pris.ly/d/importing-client)
Code Quality	Generate Prisma clients (all services)	2025-09-26T11:39:37.4955419Z 
Code Quality	Generate Prisma clients (all services)	2025-09-26T11:39:37.4956113Z Tip: Want real-time updates to your database without manual polling? Discover how with Pulse: https://pris.ly/tip-0-pulse
Code Quality	Generate Prisma clients (all services)	2025-09-26T11:39:37.4956670Z 
Code Quality	Generate Prisma clients (all services)	2025-09-26T11:39:37.7154659Z ✅ profile-onboarding Prisma client generated successfully
Code Quality	Generate Prisma clients (all services)	2025-09-26T11:39:37.7168863Z Generating Prisma client for protocol-engine...
Code Quality	Generate Prisma clients (all services)	2025-09-26T11:39:38.4101937Z Prisma schema loaded from prisma/schema.prisma
Code Quality	Generate Prisma clients (all services)	2025-09-26T11:39:38.9585404Z 
Code Quality	Generate Prisma clients (all services)	2025-09-26T11:39:38.9587685Z ✔ Generated Prisma Client (v5.22.0) to ./prisma/generated/client in 228ms
Code Quality	Generate Prisma clients (all services)	2025-09-26T11:39:38.9588197Z 
Code Quality	Generate Prisma clients (all services)	2025-09-26T11:39:38.9588734Z Start by importing your Prisma Client (See: https://pris.ly/d/importing-client)
Code Quality	Generate Prisma clients (all services)	2025-09-26T11:39:38.9589250Z 
Code Quality	Generate Prisma clients (all services)	2025-09-26T11:39:38.9590114Z Tip: Easily identify and fix slow SQL queries in your app. Optimize helps you enhance your visibility: https://pris.ly/--optimize
Code Quality	Generate Prisma clients (all services)	2025-09-26T11:39:38.9590814Z 
Code Quality	Generate Prisma clients (all services)	2025-09-26T11:39:39.1798665Z ✅ protocol-engine Prisma client generated successfully
Code Quality	Generate Prisma clients (all services)	2025-09-26T11:39:39.1811898Z Generating Prisma client for workouts...
Code Quality	Generate Prisma clients (all services)	2025-09-26T11:39:39.8725108Z Prisma schema loaded from prisma/schema.prisma
Code Quality	Generate Prisma clients (all services)	2025-09-26T11:39:40.2757324Z 
Code Quality	Generate Prisma clients (all services)	2025-09-26T11:39:40.2758506Z ✔ Generated Prisma Client (v5.22.0) to ./prisma/generated/client in 143ms
Code Quality	Generate Prisma clients (all services)	2025-09-26T11:39:40.2759077Z 
Code Quality	Generate Prisma clients (all services)	2025-09-26T11:39:40.2759598Z Start by importing your Prisma Client (See: https://pris.ly/d/importing-client)
Code Quality	Generate Prisma clients (all services)	2025-09-26T11:39:40.2760107Z 
Code Quality	Generate Prisma clients (all services)	2025-09-26T11:39:40.2760860Z Tip: Interested in query caching in just a few lines of code? Try Accelerate today! https://pris.ly/tip-3-accelerate
Code Quality	Generate Prisma clients (all services)	2025-09-26T11:39:40.2761523Z 
Code Quality	Generate Prisma clients (all services)	2025-09-26T11:39:40.4958243Z ✅ workouts Prisma client generated successfully
Code Quality	Generate Prisma clients (all services)	2025-09-26T11:39:40.4958854Z ✅ All Prisma clients generated
Code Quality	Verify Prisma clients (per service)	﻿2025-09-26T11:39:40.4991405Z ##[group]Run set -euo pipefail
Code Quality	Verify Prisma clients (per service)	2025-09-26T11:39:40.4991727Z [36;1mset -euo pipefail[0m
Code Quality	Verify Prisma clients (per service)	2025-09-26T11:39:40.4992011Z [36;1mecho "🔎 Verifying per-service Prisma clients..."[0m
Code Quality	Verify Prisma clients (per service)	2025-09-26T11:39:40.4992317Z [36;1mmissing=0[0m
Code Quality	Verify Prisma clients (per service)	2025-09-26T11:39:40.4992515Z [36;1mfor svc in services/*; do[0m
Code Quality	Verify Prisma clients (per service)	2025-09-26T11:39:40.4993045Z [36;1m  if [ -f "$svc/prisma/schema.prisma" ]; then[0m
Code Quality	Verify Prisma clients (per service)	2025-09-26T11:39:40.4993380Z [36;1m    echo "• $svc: expect $svc/prisma/generated/client"[0m
Code Quality	Verify Prisma clients (per service)	2025-09-26T11:39:40.4993722Z [36;1m    if [ -d "$svc/prisma/generated/client" ]; then[0m
Code Quality	Verify Prisma clients (per service)	2025-09-26T11:39:40.4994032Z [36;1m      echo "  ✅ found"[0m
Code Quality	Verify Prisma clients (per service)	2025-09-26T11:39:40.4994240Z [36;1m    else[0m
Code Quality	Verify Prisma clients (per service)	2025-09-26T11:39:40.4994466Z [36;1m      echo "  ❌ missing $svc/prisma/generated/client"[0m
Code Quality	Verify Prisma clients (per service)	2025-09-26T11:39:40.4994766Z [36;1m      ls -la "$svc/prisma" || true[0m
Code Quality	Verify Prisma clients (per service)	2025-09-26T11:39:40.4995005Z [36;1m      missing=1[0m
Code Quality	Verify Prisma clients (per service)	2025-09-26T11:39:40.4995200Z [36;1m    fi[0m
Code Quality	Verify Prisma clients (per service)	2025-09-26T11:39:40.4995373Z [36;1m  fi[0m
Code Quality	Verify Prisma clients (per service)	2025-09-26T11:39:40.4995576Z [36;1mdone[0m
Code Quality	Verify Prisma clients (per service)	2025-09-26T11:39:40.4995824Z [36;1m[ "$missing" -eq 0 ] || { echo "❌ Prisma client missing"; exit 1; }[0m
Code Quality	Verify Prisma clients (per service)	2025-09-26T11:39:40.5030065Z shell: /usr/bin/bash -e {0}
Code Quality	Verify Prisma clients (per service)	2025-09-26T11:39:40.5030293Z env:
Code Quality	Verify Prisma clients (per service)	2025-09-26T11:39:40.5030460Z   NODE_VERSION: 20.18.0
Code Quality	Verify Prisma clients (per service)	2025-09-26T11:39:40.5030651Z   TURBO_TOKEN: 
Code Quality	Verify Prisma clients (per service)	2025-09-26T11:39:40.5030823Z   TURBO_TEAM: 
Code Quality	Verify Prisma clients (per service)	2025-09-26T11:39:40.5030986Z   NODE_ENV: test
Code Quality	Verify Prisma clients (per service)	2025-09-26T11:39:40.5031170Z   PROMETHEUS_PORT: 9090
Code Quality	Verify Prisma clients (per service)	2025-09-26T11:39:40.5031369Z   GRAFANA_PORT: 3001
Code Quality	Verify Prisma clients (per service)	2025-09-26T11:39:40.5031740Z   GF_SECURITY_ADMIN_PASSWORD: admin123
Code Quality	Verify Prisma clients (per service)	2025-09-26T11:39:40.5031978Z   JAEGER_PORT: 16686
Code Quality	Verify Prisma clients (per service)	2025-09-26T11:39:40.5032186Z   OPENAI_API_KEY: test_openai_key_for_ci
Code Quality	Verify Prisma clients (per service)	2025-09-26T11:39:40.5032436Z   JWT_SECRET: test_jwt_secret_for_ci
Code Quality	Verify Prisma clients (per service)	2025-09-26T11:39:40.5032683Z   ENCRYPTION_KEY: test_encryption_key_for_ci
Code Quality	Verify Prisma clients (per service)	2025-09-26T11:39:40.5033166Z   FRONTEND_URL: http://localhost:3000
Code Quality	Verify Prisma clients (per service)	2025-09-26T11:39:40.5033427Z   GATEWAY_BFF_URL: http://localhost:4000
Code Quality	Verify Prisma clients (per service)	2025-09-26T11:39:40.5033696Z   API_BASE_URL: http://localhost:4000
Code Quality	Verify Prisma clients (per service)	2025-09-26T11:39:40.5033936Z ##[endgroup]
Code Quality	Verify Prisma clients (per service)	2025-09-26T11:39:40.5088424Z 🔎 Verifying per-service Prisma clients...
Code Quality	Verify Prisma clients (per service)	2025-09-26T11:39:40.5089715Z • services/exercises: expect services/exercises/prisma/generated/client
Code Quality	Verify Prisma clients (per service)	2025-09-26T11:39:40.5090389Z   ✅ found
Code Quality	Verify Prisma clients (per service)	2025-09-26T11:39:40.5091237Z • services/fatigue: expect services/fatigue/prisma/generated/client
Code Quality	Verify Prisma clients (per service)	2025-09-26T11:39:40.5091788Z   ✅ found
Code Quality	Verify Prisma clients (per service)	2025-09-26T11:39:40.5092284Z • services/planning-engine: expect services/planning-engine/prisma/generated/client
Code Quality	Verify Prisma clients (per service)	2025-09-26T11:39:40.5092906Z   ✅ found
Code Quality	Verify Prisma clients (per service)	2025-09-26T11:39:40.5093442Z • services/profile-onboarding: expect services/profile-onboarding/prisma/generated/client
Code Quality	Verify Prisma clients (per service)	2025-09-26T11:39:40.5093941Z   ✅ found
Code Quality	Verify Prisma clients (per service)	2025-09-26T11:39:40.5094950Z • services/protocol-engine: expect services/protocol-engine/prisma/generated/client
Code Quality	Verify Prisma clients (per service)	2025-09-26T11:39:40.5095650Z   ✅ found
Code Quality	Verify Prisma clients (per service)	2025-09-26T11:39:40.5096150Z • services/workouts: expect services/workouts/prisma/generated/client
Code Quality	Verify Prisma clients (per service)	2025-09-26T11:39:40.5096509Z   ✅ found
Code Quality	Verify tsx availability	﻿2025-09-26T11:39:40.5138742Z ##[group]Run npx tsx --version
Code Quality	Verify tsx availability	2025-09-26T11:39:40.5139035Z [36;1mnpx tsx --version[0m
Code Quality	Verify tsx availability	2025-09-26T11:39:40.5169658Z shell: /usr/bin/bash -e {0}
Code Quality	Verify tsx availability	2025-09-26T11:39:40.5169890Z env:
Code Quality	Verify tsx availability	2025-09-26T11:39:40.5170066Z   NODE_VERSION: 20.18.0
Code Quality	Verify tsx availability	2025-09-26T11:39:40.5170260Z   TURBO_TOKEN: 
Code Quality	Verify tsx availability	2025-09-26T11:39:40.5170432Z   TURBO_TEAM: 
Code Quality	Verify tsx availability	2025-09-26T11:39:40.5170598Z   NODE_ENV: test
Code Quality	Verify tsx availability	2025-09-26T11:39:40.5170777Z   PROMETHEUS_PORT: 9090
Code Quality	Verify tsx availability	2025-09-26T11:39:40.5170979Z   GRAFANA_PORT: 3001
Code Quality	Verify tsx availability	2025-09-26T11:39:40.5171188Z   GF_SECURITY_ADMIN_PASSWORD: admin123
Code Quality	Verify tsx availability	2025-09-26T11:39:40.5171440Z   JAEGER_PORT: 16686
Code Quality	Verify tsx availability	2025-09-26T11:39:40.5171654Z   OPENAI_API_KEY: test_openai_key_for_ci
Code Quality	Verify tsx availability	2025-09-26T11:39:40.5171907Z   JWT_SECRET: test_jwt_secret_for_ci
Code Quality	Verify tsx availability	2025-09-26T11:39:40.5172157Z   ENCRYPTION_KEY: test_encryption_key_for_ci
Code Quality	Verify tsx availability	2025-09-26T11:39:40.5172443Z   FRONTEND_URL: http://localhost:3000
Code Quality	Verify tsx availability	2025-09-26T11:39:40.5172826Z   GATEWAY_BFF_URL: http://localhost:4000
Code Quality	Verify tsx availability	2025-09-26T11:39:40.5173092Z   API_BASE_URL: http://localhost:4000
Code Quality	Verify tsx availability	2025-09-26T11:39:40.5173349Z ##[endgroup]
Code Quality	Verify tsx availability	2025-09-26T11:39:40.8745090Z tsx v4.20.5
Code Quality	Verify tsx availability	2025-09-26T11:39:40.8823782Z node v20.18.0
Code Quality	Lint check	﻿2025-09-26T11:39:40.8964429Z ##[group]Run npx turbo run lint
Code Quality	Lint check	2025-09-26T11:39:40.8964726Z [36;1mnpx turbo run lint[0m
Code Quality	Lint check	2025-09-26T11:39:40.8997934Z shell: /usr/bin/bash -e {0}
Code Quality	Lint check	2025-09-26T11:39:40.8998165Z env:
Code Quality	Lint check	2025-09-26T11:39:40.8998335Z   NODE_VERSION: 20.18.0
Code Quality	Lint check	2025-09-26T11:39:40.8998529Z   TURBO_TOKEN: 
Code Quality	Lint check	2025-09-26T11:39:40.8998695Z   TURBO_TEAM: 
Code Quality	Lint check	2025-09-26T11:39:40.8998862Z   NODE_ENV: test
Code Quality	Lint check	2025-09-26T11:39:40.8999061Z   PROMETHEUS_PORT: 9090
Code Quality	Lint check	2025-09-26T11:39:40.8999252Z   GRAFANA_PORT: 3001
Code Quality	Lint check	2025-09-26T11:39:40.8999458Z   GF_SECURITY_ADMIN_PASSWORD: admin123
Code Quality	Lint check	2025-09-26T11:39:40.8999708Z   JAEGER_PORT: 16686
Code Quality	Lint check	2025-09-26T11:39:40.8999905Z   OPENAI_API_KEY: test_openai_key_for_ci
Code Quality	Lint check	2025-09-26T11:39:40.9000156Z   JWT_SECRET: test_jwt_secret_for_ci
Code Quality	Lint check	2025-09-26T11:39:40.9000410Z   ENCRYPTION_KEY: test_encryption_key_for_ci
Code Quality	Lint check	2025-09-26T11:39:40.9000682Z   FRONTEND_URL: http://localhost:3000
Code Quality	Lint check	2025-09-26T11:39:40.9000960Z   GATEWAY_BFF_URL: http://localhost:4000
Code Quality	Lint check	2025-09-26T11:39:40.9001237Z   API_BASE_URL: http://localhost:4000
Code Quality	Lint check	2025-09-26T11:39:40.9001500Z ##[endgroup]
Code Quality	Lint check	2025-09-26T11:39:41.2492168Z 
Code Quality	Lint check	2025-09-26T11:39:41.2493689Z Attention:
Code Quality	Lint check	2025-09-26T11:39:41.2495182Z Turborepo now collects completely anonymous telemetry regarding usage.
Code Quality	Lint check	2025-09-26T11:39:41.2496741Z This information is used to shape the Turborepo roadmap and prioritize features.
Code Quality	Lint check	2025-09-26T11:39:41.2500039Z You can learn more, including how to opt-out if you'd not like to participate in this anonymous program, by visiting the following URL:
Code Quality	Lint check	2025-09-26T11:39:41.2501437Z https://turborepo.com/docs/telemetry
Code Quality	Lint check	2025-09-26T11:39:41.2501763Z 
Code Quality	Lint check	2025-09-26T11:39:41.3657704Z • Packages in scope: @athlete-ally/adaptive-engine, @athlete-ally/analytics, @athlete-ally/contracts, @athlete-ally/event-bus, @athlete-ally/exercises, @athlete-ally/fatigue, @athlete-ally/gateway-bff, @athlete-ally/health-schema, @athlete-ally/job-scheduler, @athlete-ally/notification-service, @athlete-ally/otel-preset, @athlete-ally/planning-engine, @athlete-ally/profile-onboarding, @athlete-ally/protocol-engine, @athlete-ally/protocol-types, @athlete-ally/shared, @athlete-ally/shared-types, @athlete-ally/workouts
Code Quality	Lint check	2025-09-26T11:39:41.3659818Z • Running lint in 18 packages
Code Quality	Lint check	2025-09-26T11:39:41.3660276Z • Remote caching disabled
Code Quality	Lint check	2025-09-26T11:39:49.3292637Z ##[group]@athlete-ally/contracts:build
Code Quality	Lint check	2025-09-26T11:39:49.3293981Z cache miss, executing 7a8693a864781383
Code Quality	Lint check	2025-09-26T11:39:49.3294516Z 
Code Quality	Lint check	2025-09-26T11:39:49.3295087Z > @athlete-ally/contracts@0.1.0 build
Code Quality	Lint check	2025-09-26T11:39:49.3295722Z > tsc -p tsconfig.json
Code Quality	Lint check	2025-09-26T11:39:49.3296122Z 
Code Quality	Lint check	2025-09-26T11:39:49.3296637Z ##[endgroup]
Code Quality	Lint check	2025-09-26T11:39:50.1493007Z ##[group]@athlete-ally/notification-service:lint
Code Quality	Lint check	2025-09-26T11:39:50.1497800Z cache miss, executing 9802ffef36228982
Code Quality	Lint check	2025-09-26T11:39:50.1502038Z 
Code Quality	Lint check	2025-09-26T11:39:50.1506367Z > @athlete-ally/notification-service@1.0.0 lint
Code Quality	Lint check	2025-09-26T11:39:50.1510683Z > eslint -c ../../eslint.config.mjs src
Code Quality	Lint check	2025-09-26T11:39:50.1516573Z 
Code Quality	Lint check	2025-09-26T11:39:50.1522927Z Pages directory cannot be found at /home/runner/work/athelete-ally/athelete-ally/services/notification-service/pages or /home/runner/work/athelete-ally/athelete-ally/services/notification-service/src/pages. If using a custom path, please configure with the `no-html-link-for-pages` rule in your eslint config file.
Code Quality	Lint check	2025-09-26T11:39:50.1529373Z ##[endgroup]
Code Quality	Lint check	2025-09-26T11:39:50.5859478Z ##[group]@athlete-ally/shared-types:lint
Code Quality	Lint check	2025-09-26T11:39:50.5860239Z cache miss, executing d27a4618df1314ef
Code Quality	Lint check	2025-09-26T11:39:50.5860609Z 
Code Quality	Lint check	2025-09-26T11:39:50.5860878Z > @athlete-ally/shared-types@0.1.0 lint
Code Quality	Lint check	2025-09-26T11:39:50.5861447Z > eslint -c ../../eslint.config.mjs src
Code Quality	Lint check	2025-09-26T11:39:50.5861769Z 
Code Quality	Lint check	2025-09-26T11:39:50.5864249Z Pages directory cannot be found at /home/runner/work/athelete-ally/athelete-ally/packages/shared-types/pages or /home/runner/work/athelete-ally/athelete-ally/packages/shared-types/src/pages. If using a custom path, please configure with the `no-html-link-for-pages` rule in your eslint config file.
Code Quality	Lint check	2025-09-26T11:39:50.5866203Z 
Code Quality	Lint check	2025-09-26T11:39:50.5866753Z /home/runner/work/athelete-ally/athelete-ally/packages/shared-types/src/index.ts
Code Quality	Lint check	2025-09-26T11:39:50.5911366Z ##[warning]  126:15  warning  Reaching to "./schemas/onboarding" is not allowed     import/no-internal-modules
Code Quality	Lint check	2025-09-26T11:39:50.5922145Z ##[warning]  129:15  warning  Reaching to "./schemas/rpe" is not allowed            import/no-internal-modules
Code Quality	Lint check	2025-09-26T11:39:50.6116126Z ##[warning]  129:45  warning  Reaching to "./schemas/enhanced-plan" is not allowed  import/no-internal-modules
Code Quality	Lint check	2025-09-26T11:39:50.6118355Z ##[warning]  130:15  warning  Reaching to "./schemas/feedback" is not allowed       import/no-internal-modules
Code Quality	Lint check	2025-09-26T11:39:50.6120563Z ##[warning]  131:15  warning  Reaching to "./schemas/api" is not allowed            import/no-internal-modules
Code Quality	Lint check	2025-09-26T11:39:50.6121803Z 
Code Quality	Lint check	2025-09-26T11:39:50.6122343Z ✖ 5 problems (0 errors, 5 warnings)
Code Quality	Lint check	2025-09-26T11:39:50.6122638Z 
Code Quality	Lint check	2025-09-26T11:39:50.6123250Z ##[endgroup]
Code Quality	Lint check	2025-09-26T11:39:50.9788999Z ##[group]@athlete-ally/gateway-bff:lint
Code Quality	Lint check	2025-09-26T11:39:51.0014238Z cache miss, executing 85df5ce6a326f8d9
Code Quality	Lint check	2025-09-26T11:39:51.0035974Z 
Code Quality	Lint check	2025-09-26T11:39:51.0036654Z > @athlete-ally/gateway-bff@0.1.0 lint
Code Quality	Lint check	2025-09-26T11:39:51.0037642Z > eslint src/**/*.ts
Code Quality	Lint check	2025-09-26T11:39:51.0038107Z 
Code Quality	Lint check	2025-09-26T11:39:51.0040385Z Pages directory cannot be found at /home/runner/work/athelete-ally/athelete-ally/apps/gateway-bff/pages or /home/runner/work/athelete-ally/athelete-ally/apps/gateway-bff/src/pages. If using a custom path, please configure with the `no-html-link-for-pages` rule in your eslint config file.
Code Quality	Lint check	2025-09-26T11:39:51.0042559Z 
Code Quality	Lint check	2025-09-26T11:39:51.0043314Z /home/runner/work/athelete-ally/athelete-ally/apps/gateway-bff/src/lib/proxy.ts
Code Quality	Lint check	2025-09-26T11:39:51.0045582Z ##[warning]  15:9   warning  Unexpected any. Specify a different type  @typescript-eslint/no-explicit-any
Code Quality	Lint check	2025-09-26T11:39:51.0048214Z ##[warning]  25:10  warning  Unexpected any. Specify a different type  @typescript-eslint/no-explicit-any
Code Quality	Lint check	2025-09-26T11:39:51.0050462Z ##[warning]  31:10  warning  Unexpected any. Specify a different type  @typescript-eslint/no-explicit-any
Code Quality	Lint check	2025-09-26T11:39:51.0052647Z ##[warning]  39:10  warning  Unexpected any. Specify a different type  @typescript-eslint/no-explicit-any
Code Quality	Lint check	2025-09-26T11:39:51.0055118Z ##[warning]  46:12  warning  Unexpected any. Specify a different type  @typescript-eslint/no-explicit-any
Code Quality	Lint check	2025-09-26T11:39:51.0057436Z ##[warning]  57:10  warning  Unexpected any. Specify a different type  @typescript-eslint/no-explicit-any
Code Quality	Lint check	2025-09-26T11:39:51.0059830Z ##[warning]  61:10  warning  Unexpected any. Specify a different type  @typescript-eslint/no-explicit-any
Code Quality	Lint check	2025-09-26T11:39:51.0061391Z 
Code Quality	Lint check	2025-09-26T11:39:51.0062110Z /home/runner/work/athelete-ally/athelete-ally/apps/gateway-bff/src/middleware/rateLimiter.ts
Code Quality	Lint check	2025-09-26T11:39:51.0064162Z ##[warning]   32:28  warning  Unexpected any. Specify a different type  @typescript-eslint/no-explicit-any
Code Quality	Lint check	2025-09-26T11:39:51.0066335Z ##[warning]   85:5   warning  Unexpected console statement              no-console
Code Quality	Lint check	2025-09-26T11:39:51.0068457Z ##[warning]  114:5   warning  Unexpected console statement              no-console
Code Quality	Lint check	2025-09-26T11:39:51.0070657Z ##[warning]  164:5   warning  Unexpected console statement              no-console
Code Quality	Lint check	2025-09-26T11:39:51.0071951Z 
Code Quality	Lint check	2025-09-26T11:39:51.0072518Z ✖ 11 problems (0 errors, 11 warnings)
Code Quality	Lint check	2025-09-26T11:39:51.0073050Z 
Code Quality	Lint check	2025-09-26T11:39:51.0073491Z ##[endgroup]
Code Quality	Lint check	2025-09-26T11:39:51.4699092Z ##[group]@athlete-ally/analytics:lint
Code Quality	Lint check	2025-09-26T11:39:51.4700223Z cache miss, executing 5a1e2320df1a57e1
Code Quality	Lint check	2025-09-26T11:39:51.4700805Z 
Code Quality	Lint check	2025-09-26T11:39:51.4701310Z > @athlete-ally/analytics@1.0.0 lint
Code Quality	Lint check	2025-09-26T11:39:51.4702045Z > eslint -c ../../eslint.config.mjs src
Code Quality	Lint check	2025-09-26T11:39:51.4702533Z 
Code Quality	Lint check	2025-09-26T11:39:51.4705064Z Pages directory cannot be found at /home/runner/work/athelete-ally/athelete-ally/services/analytics/pages or /home/runner/work/athelete-ally/athelete-ally/services/analytics/src/pages. If using a custom path, please configure with the `no-html-link-for-pages` rule in your eslint config file.
Code Quality	Lint check	2025-09-26T11:39:51.4707832Z ##[endgroup]
Code Quality	Lint check	2025-09-26T11:39:51.4857928Z ##[group]@athlete-ally/exercises:lint
Code Quality	Lint check	2025-09-26T11:39:51.4862015Z cache miss, executing e0d31b391d23d4f1
Code Quality	Lint check	2025-09-26T11:39:51.4869547Z 
Code Quality	Lint check	2025-09-26T11:39:51.4873777Z > @athlete-ally/exercises@1.0.0 lint
Code Quality	Lint check	2025-09-26T11:39:51.4878127Z > eslint -c ../../eslint.config.mjs src
Code Quality	Lint check	2025-09-26T11:39:51.4882239Z 
Code Quality	Lint check	2025-09-26T11:39:51.4888631Z Pages directory cannot be found at /home/runner/work/athelete-ally/athelete-ally/services/exercises/pages or /home/runner/work/athelete-ally/athelete-ally/services/exercises/src/pages. If using a custom path, please configure with the `no-html-link-for-pages` rule in your eslint config file.
Code Quality	Lint check	2025-09-26T11:39:51.4894090Z 
Code Quality	Lint check	2025-09-26T11:39:51.4897941Z /home/runner/work/athelete-ally/athelete-ally/services/exercises/src/index.ts
Code Quality	Lint check	2025-09-26T11:39:51.4904190Z ##[warning]   40:60  warning  Unexpected any. Specify a different type  @typescript-eslint/no-explicit-any
Code Quality	Lint check	2025-09-26T11:39:51.4911125Z ##[warning]  105:34  warning  Unexpected any. Specify a different type  @typescript-eslint/no-explicit-any
Code Quality	Lint check	2025-09-26T11:39:51.4914098Z ##[warning]  120:28  warning  Unexpected any. Specify a different type  @typescript-eslint/no-explicit-any
Code Quality	Lint check	2025-09-26T11:39:51.4916775Z ##[warning]  128:18  warning  Unexpected any. Specify a different type  @typescript-eslint/no-explicit-any
Code Quality	Lint check	2025-09-26T11:39:51.4919258Z ##[warning]  347:15  warning  Unexpected console statement              no-console
Code Quality	Lint check	2025-09-26T11:39:51.4921713Z ##[warning]  349:5   warning  Unexpected console statement              no-console
Code Quality	Lint check	2025-09-26T11:39:51.4923364Z 
Code Quality	Lint check	2025-09-26T11:39:51.5005420Z /home/runner/work/athelete-ally/athelete-ally/services/exercises/src/telemetry.ts
Code Quality	Lint check	2025-09-26T11:39:51.5007635Z ##[warning]   62:77  warning  Unexpected any. Specify a different type  @typescript-eslint/no-explicit-any
Code Quality	Lint check	2025-09-26T11:39:51.5010245Z ##[warning]   71:61  warning  Unexpected any. Specify a different type  @typescript-eslint/no-explicit-any
Code Quality	Lint check	2025-09-26T11:39:51.5012631Z ##[warning]  137:17  warning  Unexpected console statement              no-console
Code Quality	Lint check	2025-09-26T11:39:51.5015154Z ##[warning]  138:23  warning  Unexpected console statement              no-console
Code Quality	Lint check	2025-09-26T11:39:51.5016516Z 
Code Quality	Lint check	2025-09-26T11:39:51.5017395Z ✖ 10 problems (0 errors, 10 warnings)
Code Quality	Lint check	2025-09-26T11:39:51.5017929Z 
Code Quality	Lint check	2025-09-26T11:39:51.5018635Z ##[endgroup]
Code Quality	Lint check	2025-09-26T11:39:52.1378801Z ##[group]@athlete-ally/shared:lint
Code Quality	Lint check	2025-09-26T11:39:52.1383353Z cache miss, executing 6c60813ba31e13ba
Code Quality	Lint check	2025-09-26T11:39:52.1383968Z 
Code Quality	Lint check	2025-09-26T11:39:52.1384528Z > @athlete-ally/shared@0.1.0 lint
Code Quality	Lint check	2025-09-26T11:39:52.1385138Z > eslint -c ../../eslint.config.mjs src
Code Quality	Lint check	2025-09-26T11:39:52.1385448Z 
Code Quality	Lint check	2025-09-26T11:39:52.1387635Z Pages directory cannot be found at /home/runner/work/athelete-ally/athelete-ally/packages/shared/pages or /home/runner/work/athelete-ally/athelete-ally/packages/shared/src/pages. If using a custom path, please configure with the `no-html-link-for-pages` rule in your eslint config file.
Code Quality	Lint check	2025-09-26T11:39:52.1389410Z 
Code Quality	Lint check	2025-09-26T11:39:52.1389971Z /home/runner/work/athelete-ally/athelete-ally/packages/shared/src/auth/jwt.ts
Code Quality	Lint check	2025-09-26T11:39:52.1391761Z ##[warning]  10:3   warning  Unexpected console statement              no-console
Code Quality	Lint check	2025-09-26T11:39:52.1394123Z ##[warning]  47:13  warning  Unexpected any. Specify a different type  @typescript-eslint/no-explicit-any
Code Quality	Lint check	2025-09-26T11:39:52.1396215Z ##[warning]  74:38  warning  Unexpected any. Specify a different type  @typescript-eslint/no-explicit-any
Code Quality	Lint check	2025-09-26T11:39:52.1397403Z 
Code Quality	Lint check	2025-09-26T11:39:52.1397984Z /home/runner/work/athelete-ally/athelete-ally/packages/shared/src/auth/middleware.ts
Code Quality	Lint check	2025-09-26T11:39:52.1399357Z ##[warning]  24:17  warning  Unexpected any. Specify a different type  @typescript-eslint/no-explicit-any
Code Quality	Lint check	2025-09-26T11:39:52.1401365Z ##[warning]  25:17  warning  Unexpected any. Specify a different type  @typescript-eslint/no-explicit-any
Code Quality	Lint check	2025-09-26T11:39:52.1403527Z ##[warning]  39:37  warning  Unexpected any. Specify a different type  @typescript-eslint/no-explicit-any
Code Quality	Lint check	2025-09-26T11:39:52.1405807Z ##[warning]  49:14  warning  'error' is defined but never used         @typescript-eslint/no-unused-vars
Code Quality	Lint check	2025-09-26T11:39:52.1407771Z ##[warning]  62:32  warning  Unexpected any. Specify a different type  @typescript-eslint/no-explicit-any
Code Quality	Lint check	2025-09-26T11:39:52.1409732Z ##[warning]  71:14  warning  'error' is defined but never used         @typescript-eslint/no-unused-vars
Code Quality	Lint check	2025-09-26T11:39:52.1411648Z ##[warning]  81:66  warning  'reply' is defined but never used         @typescript-eslint/no-unused-vars
Code Quality	Lint check	2025-09-26T11:39:52.1414071Z ##[warning]  82:33  warning  Unexpected any. Specify a different type  @typescript-eslint/no-explicit-any
Code Quality	Lint check	2025-09-26T11:39:52.1415272Z 
Code Quality	Lint check	2025-09-26T11:39:52.1415850Z /home/runner/work/athelete-ally/athelete-ally/packages/shared/src/error-handler.ts
Code Quality	Lint check	2025-09-26T11:39:52.1417297Z ##[warning]   44:13  warning  Unexpected any. Specify a different type  @typescript-eslint/no-explicit-any
Code Quality	Lint check	2025-09-26T11:39:52.1419328Z ##[warning]   67:36  warning  Unexpected any. Specify a different type  @typescript-eslint/no-explicit-any
Code Quality	Lint check	2025-09-26T11:39:52.1421473Z ##[warning]  156:27  warning  Unexpected any. Specify a different type  @typescript-eslint/no-explicit-any
Code Quality	Lint check	2025-09-26T11:39:52.1423731Z ##[warning]  177:27  warning  Unexpected any. Specify a different type  @typescript-eslint/no-explicit-any
Code Quality	Lint check	2025-09-26T11:39:52.1425604Z ##[warning]  223:9   warning  Unexpected console statement              no-console
Code Quality	Lint check	2025-09-26T11:39:52.1427596Z ##[warning]  226:9   warning  Unexpected console statement              no-console
Code Quality	Lint check	2025-09-26T11:39:52.1429343Z ##[warning]  229:9   warning  Unexpected console statement              no-console
Code Quality	Lint check	2025-09-26T11:39:52.1431137Z ##[warning]  232:9   warning  Unexpected console statement              no-console
Code Quality	Lint check	2025-09-26T11:39:52.1433075Z ##[warning]  316:5   warning  Unexpected console statement              no-console
Code Quality	Lint check	2025-09-26T11:39:52.1434363Z 
Code Quality	Lint check	2025-09-26T11:39:52.1434904Z /home/runner/work/athelete-ally/athelete-ally/packages/shared/src/index.ts
Code Quality	Lint check	2025-09-26T11:39:52.1436344Z ##[warning]   7:15  warning  Reaching to "./config/ports.js" is not allowed        import/no-internal-modules
Code Quality	Lint check	2025-09-26T11:39:52.1438412Z ##[warning]  10:15  warning  Reaching to "./auth/jwt.js" is not allowed            import/no-internal-modules
Code Quality	Lint check	2025-09-26T11:39:52.1440372Z ##[warning]  11:15  warning  Reaching to "./auth/test-utils.js" is not allowed     import/no-internal-modules
Code Quality	Lint check	2025-09-26T11:39:52.1442245Z ##[warning]  17:8   warning  Reaching to "./auth/middleware.js" is not allowed     import/no-internal-modules
Code Quality	Lint check	2025-09-26T11:39:52.1575027Z ##[warning]  20:15  warning  Reaching to "./security/secure-id.js" is not allowed  import/no-internal-modules
Code Quality	Lint check	2025-09-26T11:39:52.1576168Z 
Code Quality	Lint check	2025-09-26T11:39:52.1576678Z /home/runner/work/athelete-ally/athelete-ally/packages/shared/src/logger.ts
Code Quality	Lint check	2025-09-26T11:39:52.1577969Z ##[warning]   37:34  warning  Unexpected any. Specify a different type  @typescript-eslint/no-explicit-any
Code Quality	Lint check	2025-09-26T11:39:52.1579827Z ##[warning]   37:40  warning  Unexpected any. Specify a different type  @typescript-eslint/no-explicit-any
Code Quality	Lint check	2025-09-26T11:39:52.1581706Z ##[warning]   47:21  warning  Unexpected any. Specify a different type  @typescript-eslint/no-explicit-any
Code Quality	Lint check	2025-09-26T11:39:52.1583780Z ##[warning]   96:35  warning  Unexpected any. Specify a different type  @typescript-eslint/no-explicit-any
Code Quality	Lint check	2025-09-26T11:39:52.1585769Z ##[warning]  117:41  warning  Unexpected any. Specify a different type  @typescript-eslint/no-explicit-any
Code Quality	Lint check	2025-09-26T11:39:52.1587719Z ##[warning]  117:56  warning  Unexpected any. Specify a different type  @typescript-eslint/no-explicit-any
Code Quality	Lint check	2025-09-26T11:39:52.1589454Z ##[warning]  123:7   warning  Unexpected console statement              no-console
Code Quality	Lint check	2025-09-26T11:39:52.1591057Z ##[warning]  130:7   warning  Unexpected console statement              no-console
Code Quality	Lint check	2025-09-26T11:39:52.1593055Z ##[warning]  137:42  warning  Unexpected any. Specify a different type  @typescript-eslint/no-explicit-any
Code Quality	Lint check	2025-09-26T11:39:52.1594849Z ##[warning]  141:7   warning  Unexpected console statement              no-console
Code Quality	Lint check	2025-09-26T11:39:52.1596832Z ##[warning]  146:7   warning  Unexpected console statement              no-console
Code Quality	Lint check	2025-09-26T11:39:52.1598658Z ##[warning]  153:42  warning  Unexpected any. Specify a different type  @typescript-eslint/no-explicit-any
Code Quality	Lint check	2025-09-26T11:39:52.1600427Z ##[warning]  157:7   warning  Unexpected console statement              no-console
Code Quality	Lint check	2025-09-26T11:39:52.1602049Z ##[warning]  162:7   warning  Unexpected console statement              no-console
Code Quality	Lint check	2025-09-26T11:39:52.1734700Z ##[warning]  169:39  warning  Unexpected any. Specify a different type  @typescript-eslint/no-explicit-any
Code Quality	Lint check	2025-09-26T11:39:52.1736893Z ##[warning]  169:45  warning  Unexpected any. Specify a different type  @typescript-eslint/no-explicit-any
Code Quality	Lint check	2025-09-26T11:39:52.1739274Z ##[warning]  183:43  warning  Unexpected any. Specify a different type  @typescript-eslint/no-explicit-any
Code Quality	Lint check	2025-09-26T11:39:52.1741660Z ##[warning]  183:49  warning  Unexpected any. Specify a different type  @typescript-eslint/no-explicit-any
Code Quality	Lint check	2025-09-26T11:39:52.1743373Z 
Code Quality	Lint check	2025-09-26T11:39:52.1743946Z ✖ 43 problems (0 errors, 43 warnings)
Code Quality	Lint check	2025-09-26T11:39:52.1744285Z 
Code Quality	Lint check	2025-09-26T11:39:52.1744710Z ##[endgroup]
Code Quality	Lint check	2025-09-26T11:39:54.1324672Z ##[group]@athlete-ally/event-bus:build
Code Quality	Lint check	2025-09-26T11:39:54.1403868Z cache miss, executing 03f2cf0f1fa9ce00
Code Quality	Lint check	2025-09-26T11:39:54.1603714Z 
Code Quality	Lint check	2025-09-26T11:39:54.1628347Z > @athlete-ally/event-bus@0.1.0 build
Code Quality	Lint check	2025-09-26T11:39:54.1628918Z > tsc -p tsconfig.json
Code Quality	Lint check	2025-09-26T11:39:54.1629174Z 
Code Quality	Lint check	2025-09-26T11:39:54.1629642Z ##[endgroup]
Code Quality	Lint check	2025-09-26T11:39:54.4114482Z ##[group]@athlete-ally/shared:build
Code Quality	Lint check	2025-09-26T11:39:54.4115105Z cache miss, executing cd740267cee76e4a
Code Quality	Lint check	2025-09-26T11:39:54.4115413Z 
Code Quality	Lint check	2025-09-26T11:39:54.4115635Z > @athlete-ally/shared@0.1.0 build
Code Quality	Lint check	2025-09-26T11:39:54.4116054Z > tsc -p tsconfig.json
Code Quality	Lint check	2025-09-26T11:39:54.4116258Z 
Code Quality	Lint check	2025-09-26T11:39:54.4116595Z ##[endgroup]
Code Quality	Lint check	2025-09-26T11:39:54.4596057Z ##[group]@athlete-ally/shared-types:build
Code Quality	Lint check	2025-09-26T11:39:54.4596852Z cache miss, executing 0f782bf20a22b393
Code Quality	Lint check	2025-09-26T11:39:54.4597197Z 
Code Quality	Lint check	2025-09-26T11:39:54.4597475Z > @athlete-ally/shared-types@0.1.0 build
Code Quality	Lint check	2025-09-26T11:39:54.4597979Z > tsc -p tsconfig.json
Code Quality	Lint check	2025-09-26T11:39:54.4598216Z 
Code Quality	Lint check	2025-09-26T11:39:54.4598594Z ##[endgroup]
Code Quality	Lint check	2025-09-26T11:39:59.4057054Z ##[group]@athlete-ally/adaptive-engine:lint
Code Quality	Lint check	2025-09-26T11:39:59.4093010Z cache miss, executing 135450b6862ccb29
Code Quality	Lint check	2025-09-26T11:39:59.4105895Z 
Code Quality	Lint check	2025-09-26T11:39:59.4106540Z > @athlete-ally/adaptive-engine@1.0.0 lint
Code Quality	Lint check	2025-09-26T11:39:59.4107419Z > eslint -c ../../eslint.config.mjs src
Code Quality	Lint check	2025-09-26T11:39:59.4108042Z 
Code Quality	Lint check	2025-09-26T11:39:59.4110612Z Pages directory cannot be found at /home/runner/work/athelete-ally/athelete-ally/services/adaptive-engine/pages or /home/runner/work/athelete-ally/athelete-ally/services/adaptive-engine/src/pages. If using a custom path, please configure with the `no-html-link-for-pages` rule in your eslint config file.
Code Quality	Lint check	2025-09-26T11:39:59.4113430Z ##[endgroup]
Code Quality	Lint check	2025-09-26T11:39:59.5564579Z ##[group]@athlete-ally/job-scheduler:lint
Code Quality	Lint check	2025-09-26T11:39:59.5588950Z cache miss, executing ecb1be06704353c1
Code Quality	Lint check	2025-09-26T11:39:59.5592497Z 
Code Quality	Lint check	2025-09-26T11:39:59.5596091Z > @athlete-ally/job-scheduler@1.0.0 lint
Code Quality	Lint check	2025-09-26T11:39:59.5599728Z > eslint -c ../../eslint.config.mjs src
Code Quality	Lint check	2025-09-26T11:39:59.5603364Z 
Code Quality	Lint check	2025-09-26T11:39:59.5608529Z Pages directory cannot be found at /home/runner/work/athelete-ally/athelete-ally/services/job-scheduler/pages or /home/runner/work/athelete-ally/athelete-ally/services/job-scheduler/src/pages. If using a custom path, please configure with the `no-html-link-for-pages` rule in your eslint config file.
Code Quality	Lint check	2025-09-26T11:39:59.5613919Z ##[endgroup]
Code Quality	Lint check	2025-09-26T11:39:59.8305079Z ##[group]@athlete-ally/contracts:lint
Code Quality	Lint check	2025-09-26T11:39:59.8309984Z cache miss, executing 089b37372436a10c
Code Quality	Lint check	2025-09-26T11:39:59.8310671Z 
Code Quality	Lint check	2025-09-26T11:39:59.8311262Z > @athlete-ally/contracts@0.1.0 lint
Code Quality	Lint check	2025-09-26T11:39:59.8315672Z > eslint -c ../../eslint.config.mjs .
Code Quality	Lint check	2025-09-26T11:39:59.8317231Z 
Code Quality	Lint check	2025-09-26T11:39:59.8323527Z Pages directory cannot be found at /home/runner/work/athelete-ally/athelete-ally/packages/contracts/pages or /home/runner/work/athelete-ally/athelete-ally/packages/contracts/src/pages. If using a custom path, please configure with the `no-html-link-for-pages` rule in your eslint config file.
Code Quality	Lint check	2025-09-26T11:39:59.8327036Z ##[endgroup]
Code Quality	Lint check	2025-09-26T11:40:00.4089545Z ##[group]@athlete-ally/event-bus:lint
Code Quality	Lint check	2025-09-26T11:40:00.4091557Z cache miss, executing 4cd76d1c0472880f
Code Quality	Lint check	2025-09-26T11:40:00.4093248Z 
Code Quality	Lint check	2025-09-26T11:40:00.4094647Z > @athlete-ally/event-bus@0.1.0 lint
Code Quality	Lint check	2025-09-26T11:40:00.4096434Z > eslint -c ../../eslint.config.mjs src/**/*.ts
Code Quality	Lint check	2025-09-26T11:40:00.4097931Z 
Code Quality	Lint check	2025-09-26T11:40:00.4101238Z Pages directory cannot be found at /home/runner/work/athelete-ally/athelete-ally/packages/event-bus/pages or /home/runner/work/athelete-ally/athelete-ally/packages/event-bus/src/pages. If using a custom path, please configure with the `no-html-link-for-pages` rule in your eslint config file.
Code Quality	Lint check	2025-09-26T11:40:00.4104779Z 
Code Quality	Lint check	2025-09-26T11:40:00.4108890Z /home/runner/work/athelete-ally/athelete-ally/packages/event-bus/src/config.ts
Code Quality	Lint check	2025-09-26T11:40:00.4115455Z ##[warning]  15:5  warning  Unexpected console statement  no-console
Code Quality	Lint check	2025-09-26T11:40:00.4120450Z 
Code Quality	Lint check	2025-09-26T11:40:00.4124951Z /home/runner/work/athelete-ally/athelete-ally/packages/event-bus/src/index.ts
Code Quality	Lint check	2025-09-26T11:40:00.4130593Z ##[warning]    3:26  warning  'ValidationResult' is defined but never used  @typescript-eslint/no-unused-vars
Code Quality	Lint check	2025-09-26T11:40:00.4136437Z ##[warning]    4:10  warning  'config' is defined but never used            @typescript-eslint/no-unused-vars
Code Quality	Lint check	2025-09-26T11:40:00.4141998Z ##[warning]   64:52  warning  Unexpected any. Specify a different type      @typescript-eslint/no-explicit-any
Code Quality	Lint check	2025-09-26T11:40:00.4147768Z ##[warning]   81:9   warning  Unexpected console statement                  no-console
Code Quality	Lint check	2025-09-26T11:40:00.4152092Z ##[warning]   98:7   warning  Unexpected console statement                  no-console
Code Quality	Lint check	2025-09-26T11:40:00.4165929Z ##[warning]  129:32  warning  Unexpected any. Specify a different type      @typescript-eslint/no-explicit-any
Code Quality	Lint check	2025-09-26T11:40:00.4168530Z ##[warning]  138:16  warning  'error' is defined but never used             @typescript-eslint/no-unused-vars
Code Quality	Lint check	2025-09-26T11:40:00.4171072Z ##[warning]  140:9   warning  Unexpected console statement                  no-console
Code Quality	Lint check	2025-09-26T11:40:00.4174487Z ##[warning]  168:10  warning  Unexpected any. Specify a different type      @typescript-eslint/no-explicit-any
Code Quality	Lint check	2025-09-26T11:40:00.4180580Z ##[warning]  177:43  warning  Unexpected any. Specify a different type      @typescript-eslint/no-explicit-any
Code Quality	Lint check	2025-09-26T11:40:00.4183233Z ##[warning]  185:11  warning  Unexpected console statement                  no-console
Code Quality	Lint check	2025-09-26T11:40:00.4185702Z ##[warning]  188:61  warning  Unexpected any. Specify a different type      @typescript-eslint/no-explicit-any
Code Quality	Lint check	2025-09-26T11:40:00.4187933Z ##[warning]  205:17  warning  Unexpected console statement                  no-console
Code Quality	Lint check	2025-09-26T11:40:00.4189898Z ##[warning]  234:15  warning  Unexpected console statement                  no-console
Code Quality	Lint check	2025-09-26T11:40:00.4191839Z ##[warning]  249:11  warning  Unexpected console statement                  no-console
Code Quality	Lint check	2025-09-26T11:40:00.4194323Z ##[warning]  257:30  warning  Unexpected any. Specify a different type      @typescript-eslint/no-explicit-any
Code Quality	Lint check	2025-09-26T11:40:00.4200596Z ##[warning]  279:10  warning  Unexpected any. Specify a different type      @typescript-eslint/no-explicit-any
Code Quality	Lint check	2025-09-26T11:40:00.4203156Z ##[warning]  288:43  warning  Unexpected any. Specify a different type      @typescript-eslint/no-explicit-any
Code Quality	Lint check	2025-09-26T11:40:00.4205442Z ##[warning]  296:11  warning  Unexpected console statement                  no-console
Code Quality	Lint check	2025-09-26T11:40:00.4207867Z ##[warning]  299:61  warning  Unexpected any. Specify a different type      @typescript-eslint/no-explicit-any
Code Quality	Lint check	2025-09-26T11:40:00.4210144Z ##[warning]  316:17  warning  Unexpected console statement                  no-console
Code Quality	Lint check	2025-09-26T11:40:00.4212532Z ##[warning]  345:15  warning  Unexpected console statement                  no-console
Code Quality	Lint check	2025-09-26T11:40:00.4214845Z ##[warning]  360:11  warning  Unexpected console statement                  no-console
Code Quality	Lint check	2025-09-26T11:40:00.4216159Z 
Code Quality	Lint check	2025-09-26T11:40:00.4216898Z /home/runner/work/athelete-ally/athelete-ally/packages/event-bus/src/validator.ts
Code Quality	Lint check	2025-09-26T11:40:00.4218643Z ##[warning]  14:36  warning  Unexpected any. Specify a different type  @typescript-eslint/no-explicit-any
Code Quality	Lint check	2025-09-26T11:40:00.4221042Z ##[warning]  33:45  warning  Unexpected any. Specify a different type  @typescript-eslint/no-explicit-any
Code Quality	Lint check	2025-09-26T11:40:00.4237164Z ##[warning]  61:7   warning  Unexpected console statement              no-console
Code Quality	Lint check	2025-09-26T11:40:00.4239429Z ##[warning]  70:51  warning  Unexpected any. Specify a different type  @typescript-eslint/no-explicit-any
Code Quality	Lint check	2025-09-26T11:40:00.4241862Z ##[warning]  99:42  warning  Unexpected any. Specify a different type  @typescript-eslint/no-explicit-any
Code Quality	Lint check	2025-09-26T11:40:00.4243560Z 
Code Quality	Lint check	2025-09-26T11:40:00.4244370Z ✖ 29 problems (0 errors, 29 warnings)
Code Quality	Lint check	2025-09-26T11:40:00.4244796Z 
Code Quality	Lint check	2025-09-26T11:40:00.4245403Z ##[endgroup]
Code Quality	Lint check	2025-09-26T11:40:00.5934040Z ##[group]@athlete-ally/health-schema:build
Code Quality	Lint check	2025-09-26T11:40:00.5952372Z cache miss, executing e00b56782e83b235
Code Quality	Lint check	2025-09-26T11:40:00.5953189Z 
Code Quality	Lint check	2025-09-26T11:40:00.5953934Z > @athlete-ally/health-schema@1.0.0 build
Code Quality	Lint check	2025-09-26T11:40:00.5954517Z > tsc
Code Quality	Lint check	2025-09-26T11:40:00.5954827Z 
Code Quality	Lint check	2025-09-26T11:40:00.5955335Z ##[endgroup]
Code Quality	Lint check	2025-09-26T11:40:01.0071230Z ##[group]@athlete-ally/otel-preset:build
Code Quality	Lint check	2025-09-26T11:40:01.0072484Z cache miss, executing 88ed5655039c3e1f
Code Quality	Lint check	2025-09-26T11:40:01.0073329Z 
Code Quality	Lint check	2025-09-26T11:40:01.0077485Z > @athlete-ally/otel-preset@1.0.0 build
Code Quality	Lint check	2025-09-26T11:40:01.0078162Z > tsc
Code Quality	Lint check	2025-09-26T11:40:01.0078621Z 
Code Quality	Lint check	2025-09-26T11:40:01.0081954Z ##[endgroup]
Code Quality	Lint check	2025-09-26T11:40:01.2232919Z ##[group]@athlete-ally/protocol-engine:lint
Code Quality	Lint check	2025-09-26T11:40:01.2237622Z cache miss, executing ff8d40d3d7060a5c
Code Quality	Lint check	2025-09-26T11:40:01.2242080Z 
Code Quality	Lint check	2025-09-26T11:40:01.2246484Z > @athlete-ally/protocol-engine@2.0.0 lint
Code Quality	Lint check	2025-09-26T11:40:01.2250906Z > eslint -c ../../eslint.config.mjs src
Code Quality	Lint check	2025-09-26T11:40:01.2255498Z 
Code Quality	Lint check	2025-09-26T11:40:01.2261773Z Pages directory cannot be found at /home/runner/work/athelete-ally/athelete-ally/services/protocol-engine/pages or /home/runner/work/athelete-ally/athelete-ally/services/protocol-engine/src/pages. If using a custom path, please configure with the `no-html-link-for-pages` rule in your eslint config file.
Code Quality	Lint check	2025-09-26T11:40:01.2267752Z 
Code Quality	Lint check	2025-09-26T11:40:01.2272115Z /home/runner/work/athelete-ally/athelete-ally/services/protocol-engine/src/index.ts
Code Quality	Lint check	2025-09-26T11:40:01.2278380Z ##[warning]    5:30  warning  Reaching to "../prisma/generated/client/index.js" is not allowed  import/no-internal-modules
Code Quality	Lint check	2025-09-26T11:40:01.2284509Z ##[warning]    6:29  warning  Reaching to "./routes/protocols" is not allowed                   import/no-internal-modules
Code Quality	Lint check	2025-09-26T11:40:01.2288249Z ##[warning]    7:58  warning  Reaching to "./services/audit" is not allowed                     import/no-internal-modules
Code Quality	Lint check	2025-09-26T11:40:01.2292042Z ##[warning]   45:20  warning  Unexpected any. Specify a different type                          @typescript-eslint/no-explicit-any
Code Quality	Lint check	2025-09-26T11:40:01.2305328Z ##[warning]   57:5   warning  Unexpected console statement                                      no-console
Code Quality	Lint check	2025-09-26T11:40:01.2308901Z ##[warning]   70:13  warning  Unexpected any. Specify a different type                          @typescript-eslint/no-explicit-any
Code Quality	Lint check	2025-09-26T11:40:01.2332055Z ##[warning]   93:5   warning  Unexpected console statement                                      no-console
Code Quality	Lint check	2025-09-26T11:40:01.2334652Z ##[warning]  111:28  warning  Unexpected any. Specify a different type                          @typescript-eslint/no-explicit-any
Code Quality	Lint check	2025-09-26T11:40:01.2336981Z ##[warning]  131:18  warning  Unexpected any. Specify a different type                          @typescript-eslint/no-explicit-any
Code Quality	Lint check	2025-09-26T11:40:01.2339406Z ##[warning]  151:5   warning  Unexpected console statement                                      no-console
Code Quality	Lint check	2025-09-26T11:40:01.2341556Z ##[warning]  162:28  warning  Unexpected any. Specify a different type                          @typescript-eslint/no-explicit-any
Code Quality	Lint check	2025-09-26T11:40:01.2343914Z ##[warning]  182:5   warning  Unexpected console statement                                      no-console
Code Quality	Lint check	2025-09-26T11:40:01.2346057Z ##[warning]  199:17  warning  Unexpected any. Specify a different type                          @typescript-eslint/no-explicit-any
Code Quality	Lint check	2025-09-26T11:40:01.2348149Z ##[warning]  199:67  warning  'next' is defined but never used                                  @typescript-eslint/no-unused-vars
Code Quality	Lint check	2025-09-26T11:40:01.2350108Z ##[warning]  200:3   warning  Unexpected console statement                                      no-console
Code Quality	Lint check	2025-09-26T11:40:01.2352257Z ##[warning]  203:15  warning  Unexpected any. Specify a different type                          @typescript-eslint/no-explicit-any
Code Quality	Lint check	2025-09-26T11:40:01.2354712Z ##[warning]  206:23  warning  Unexpected any. Specify a different type                          @typescript-eslint/no-explicit-any
Code Quality	Lint check	2025-09-26T11:40:01.2356947Z ##[warning]  218:25  warning  Unexpected any. Specify a different type                          @typescript-eslint/no-explicit-any
Code Quality	Lint check	2025-09-26T11:40:01.2359098Z ##[warning]  230:3   warning  Unexpected console statement                                      no-console
Code Quality	Lint check	2025-09-26T11:40:01.2361346Z ##[warning]  231:3   warning  Unexpected console statement                                      no-console
Code Quality	Lint check	2025-09-26T11:40:01.2397054Z ##[warning]  232:3   warning  Unexpected console statement                                      no-console
Code Quality	Lint check	2025-09-26T11:40:01.2399214Z ##[warning]  233:3   warning  Unexpected console statement                                      no-console
Code Quality	Lint check	2025-09-26T11:40:01.2401278Z ##[warning]  234:3   warning  Unexpected console statement                                      no-console
Code Quality	Lint check	2025-09-26T11:40:01.2413778Z ##[warning]  239:3   warning  Unexpected console statement                                      no-console
Code Quality	Lint check	2025-09-26T11:40:01.2415959Z ##[warning]  242:5   warning  Unexpected console statement                                      no-console
Code Quality	Lint check	2025-09-26T11:40:01.2417967Z ##[warning]  246:7   warning  Unexpected console statement                                      no-console
Code Quality	Lint check	2025-09-26T11:40:01.2419973Z ##[warning]  249:7   warning  Unexpected console statement                                      no-console
Code Quality	Lint check	2025-09-26T11:40:01.2442032Z ##[warning]  256:3   warning  Unexpected console statement                                      no-console
Code Quality	Lint check	2025-09-26T11:40:01.2533245Z ##[warning]  259:5   warning  Unexpected console statement                                      no-console
Code Quality	Lint check	2025-09-26T11:40:01.2535543Z ##[warning]  263:7   warning  Unexpected console statement                                      no-console
Code Quality	Lint check	2025-09-26T11:40:01.2537811Z ##[warning]  266:7   warning  Unexpected console statement                                      no-console
Code Quality	Lint check	2025-09-26T11:40:01.2539045Z 
Code Quality	Lint check	2025-09-26T11:40:01.2539824Z /home/runner/work/athelete-ally/athelete-ally/services/protocol-engine/src/middleware/permissions.ts
Code Quality	Lint check	2025-09-26T11:40:01.2541656Z ##[warning]    2:47  warning  Reaching to "../services/permissions" is not allowed  import/no-internal-modules
Code Quality	Lint check	2025-09-26T11:40:01.2544056Z ##[warning]   53:7   warning  Unexpected console statement                          no-console
Code Quality	Lint check	2025-09-26T11:40:01.2546249Z ##[warning]   97:5   warning  Unexpected console statement                          no-console
Code Quality	Lint check	2025-09-26T11:40:01.2548343Z ##[warning]  152:7   warning  Unexpected console statement                          no-console
Code Quality	Lint check	2025-09-26T11:40:01.2550502Z ##[warning]  182:5   warning  Unexpected console statement                          no-console
Code Quality	Lint check	2025-09-26T11:40:01.2553054Z ##[warning]  201:15  warning  Unexpected any. Specify a different type              @typescript-eslint/no-explicit-any
Code Quality	Lint check	2025-09-26T11:40:01.2573740Z ##[warning]  206:5   warning  Unexpected console statement                          no-console
Code Quality	Lint check	2025-09-26T11:40:01.2574869Z 
Code Quality	Lint check	2025-09-26T11:40:01.2575555Z /home/runner/work/athelete-ally/athelete-ally/services/protocol-engine/src/routes/protocols.ts
Code Quality	Lint check	2025-09-26T11:40:01.2577174Z ##[warning]    1:18  warning  'Request' is defined but never used                     @typescript-eslint/no-unused-vars
Code Quality	Lint check	2025-09-26T11:40:01.2579221Z ##[warning]    3:47  warning  Reaching to "../services/permissions" is not allowed    import/no-internal-modules
Code Quality	Lint check	2025-09-26T11:40:01.2581314Z ##[warning]    4:29  warning  'DataClassification' is defined but never used          @typescript-eslint/no-unused-vars
Code Quality	Lint check	2025-09-26T11:40:01.2583513Z ##[warning]    4:55  warning  Reaching to "../services/encryption" is not allowed     import/no-internal-modules
Code Quality	Lint check	2025-09-26T11:40:01.2585494Z ##[warning]    5:58  warning  Reaching to "../services/audit" is not allowed          import/no-internal-modules
Code Quality	Lint check	2025-09-26T11:40:01.2587471Z ##[warning]    6:75  warning  Reaching to "../middleware/permissions" is not allowed  import/no-internal-modules
Code Quality	Lint check	2025-09-26T11:40:01.2589557Z ##[warning]   59:44  warning  Unexpected any. Specify a different type                @typescript-eslint/no-explicit-any
Code Quality	Lint check	2025-09-26T11:40:01.2591646Z ##[warning]   60:46  warning  Unexpected any. Specify a different type                @typescript-eslint/no-explicit-any
Code Quality	Lint check	2025-09-26T11:40:01.2594191Z ##[warning]   61:35  warning  Unexpected any. Specify a different type                @typescript-eslint/no-explicit-any
Code Quality	Lint check	2025-09-26T11:40:01.2596297Z ##[warning]   62:51  warning  Unexpected any. Specify a different type                @typescript-eslint/no-explicit-any
Code Quality	Lint check	2025-09-26T11:40:01.2598393Z ##[warning]   73:18  warning  Unexpected any. Specify a different type                @typescript-eslint/no-explicit-any
Code Quality	Lint check	2025-09-26T11:40:01.2600455Z ##[warning]   74:81  warning  Unexpected any. Specify a different type                @typescript-eslint/no-explicit-any
Code Quality	Lint check	2025-09-26T11:40:01.2602388Z ##[warning]  105:5   warning  Unexpected console statement                            no-console
Code Quality	Lint check	2025-09-26T11:40:01.2604535Z ##[warning]  130:18  warning  Unexpected any. Specify a different type                @typescript-eslint/no-explicit-any
Code Quality	Lint check	2025-09-26T11:40:01.2606461Z ##[warning]  176:5   warning  Unexpected console statement                            no-console
Code Quality	Lint check	2025-09-26T11:40:01.2608710Z ##[warning]  235:5   warning  Unexpected console statement                            no-console
Code Quality	Lint check	2025-09-26T11:40:01.2610743Z ##[warning]  262:23  warning  Unexpected any. Specify a different type                @typescript-eslint/no-explicit-any
Code Quality	Lint check	2025-09-26T11:40:01.2698142Z ##[warning]  273:90  warning  Unexpected any. Specify a different type                @typescript-eslint/no-explicit-any
Code Quality	Lint check	2025-09-26T11:40:01.2709376Z ##[warning]  277:68  warning  Unexpected any. Specify a different type                @typescript-eslint/no-explicit-any
Code Quality	Lint check	2025-09-26T11:40:01.2711505Z ##[warning]  315:5   warning  Unexpected console statement                            no-console
Code Quality	Lint check	2025-09-26T11:40:01.2713635Z ##[warning]  359:5   warning  Unexpected console statement                            no-console
Code Quality	Lint check	2025-09-26T11:40:01.2715444Z ##[warning]  382:5   warning  Unexpected console statement                            no-console
Code Quality	Lint check	2025-09-26T11:40:01.2717290Z ##[warning]  440:5   warning  Unexpected console statement                            no-console
Code Quality	Lint check	2025-09-26T11:40:01.2719276Z ##[warning]  481:5   warning  Unexpected console statement                            no-console
Code Quality	Lint check	2025-09-26T11:40:01.2720498Z 
Code Quality	Lint check	2025-09-26T11:40:01.2721185Z /home/runner/work/athelete-ally/athelete-ally/services/protocol-engine/src/services/audit.ts
Code Quality	Lint check	2025-09-26T11:40:01.2723139Z ##[warning]   48:28  warning  Unexpected any. Specify a different type  @typescript-eslint/no-explicit-any
Code Quality	Lint check	2025-09-26T11:40:01.2725045Z ##[warning]   96:7   warning  Unexpected console statement              no-console
Code Quality	Lint check	2025-09-26T11:40:01.2726933Z ##[warning]  110:14  warning  Unexpected any. Specify a different type  @typescript-eslint/no-explicit-any
Code Quality	Lint check	2025-09-26T11:40:01.2729322Z ##[warning]  118:20  warning  Unexpected any. Specify a different type  @typescript-eslint/no-explicit-any
Code Quality	Lint check	2025-09-26T11:40:01.2731353Z ##[warning]  140:29  warning  Unexpected any. Specify a different type  @typescript-eslint/no-explicit-any
Code Quality	Lint check	2025-09-26T11:40:01.2752181Z ##[warning]  154:7   warning  Unexpected console statement              no-console
Code Quality	Lint check	2025-09-26T11:40:01.2754460Z ##[warning]  316:29  warning  Unexpected any. Specify a different type  @typescript-eslint/no-explicit-any
Code Quality	Lint check	2025-09-26T11:40:01.2756430Z ##[warning]  376:7   warning  Unexpected console statement              no-console
Code Quality	Lint check	2025-09-26T11:40:01.2758310Z ##[warning]  403:7   warning  Unexpected console statement              no-console
Code Quality	Lint check	2025-09-26T11:40:01.2759392Z 
Code Quality	Lint check	2025-09-26T11:40:01.2760132Z /home/runner/work/athelete-ally/athelete-ally/services/protocol-engine/src/services/encryption.ts
Code Quality	Lint check	2025-09-26T11:40:01.2761508Z ##[warning]   43:7   warning  Unexpected console statement              no-console
Code Quality	Lint check	2025-09-26T11:40:01.2763696Z ##[warning]   50:30  warning  Unexpected any. Specify a different type  @typescript-eslint/no-explicit-any
Code Quality	Lint check	2025-09-26T11:40:01.2765571Z ##[warning]   66:7   warning  Unexpected console statement              no-console
Code Quality	Lint check	2025-09-26T11:40:01.2767479Z ##[warning]   74:55  warning  Unexpected any. Specify a different type  @typescript-eslint/no-explicit-any
Code Quality	Lint check	2025-09-26T11:40:01.2769912Z ##[warning]   77:13  warning  'iv' is assigned a value but never used   @typescript-eslint/no-unused-vars
Code Quality	Lint check	2025-09-26T11:40:01.2771723Z ##[warning]   86:7   warning  Unexpected console statement              no-console
Code Quality	Lint check	2025-09-26T11:40:01.2773848Z ##[warning]  115:41  warning  Unexpected any. Specify a different type  @typescript-eslint/no-explicit-any
Code Quality	Lint check	2025-09-26T11:40:01.2775875Z ##[warning]  122:60  warning  Unexpected any. Specify a different type  @typescript-eslint/no-explicit-any
Code Quality	Lint check	2025-09-26T11:40:01.2777888Z ##[warning]  129:39  warning  Unexpected any. Specify a different type  @typescript-eslint/no-explicit-any
Code Quality	Lint check	2025-09-26T11:40:01.2780035Z ##[warning]  136:57  warning  Unexpected any. Specify a different type  @typescript-eslint/no-explicit-any
Code Quality	Lint check	2025-09-26T11:40:01.2782055Z ##[warning]  200:65  warning  Unexpected any. Specify a different type  @typescript-eslint/no-explicit-any
Code Quality	Lint check	2025-09-26T11:40:01.2819923Z ##[warning]  231:7   warning  Unexpected console statement              no-console
Code Quality	Lint check	2025-09-26T11:40:01.2821036Z 
Code Quality	Lint check	2025-09-26T11:40:01.2821791Z /home/runner/work/athelete-ally/athelete-ally/services/protocol-engine/src/services/permissions.ts
Code Quality	Lint check	2025-09-26T11:40:01.2823393Z ##[warning]   71:7   warning  Unexpected console statement              no-console
Code Quality	Lint check	2025-09-26T11:40:01.2825342Z ##[warning]  100:7   warning  Unexpected console statement              no-console
Code Quality	Lint check	2025-09-26T11:40:01.2827115Z ##[warning]  146:7   warning  Unexpected console statement              no-console
Code Quality	Lint check	2025-09-26T11:40:01.2828833Z ##[warning]  169:7   warning  Unexpected console statement              no-console
Code Quality	Lint check	2025-09-26T11:40:01.2830549Z ##[warning]  216:7   warning  Unexpected console statement              no-console
Code Quality	Lint check	2025-09-26T11:40:01.2832482Z ##[warning]  247:34  warning  Unexpected any. Specify a different type  @typescript-eslint/no-explicit-any
Code Quality	Lint check	2025-09-26T11:40:01.2834566Z ##[warning]  257:7   warning  Unexpected console statement              no-console
Code Quality	Lint check	2025-09-26T11:40:01.2835643Z 
Code Quality	Lint check	2025-09-26T11:40:01.2836169Z ✖ 90 problems (0 errors, 90 warnings)
Code Quality	Lint check	2025-09-26T11:40:01.2836489Z 
Code Quality	Lint check	2025-09-26T11:40:01.2836896Z ##[endgroup]
Code Quality	Lint check	2025-09-26T11:40:01.6845239Z ##[group]@athlete-ally/profile-onboarding:lint
Code Quality	Lint check	2025-09-26T11:40:01.6849931Z cache miss, executing 6abb5ebac1edc1e8
Code Quality	Lint check	2025-09-26T11:40:01.6855543Z 
Code Quality	Lint check	2025-09-26T11:40:01.6859618Z > @athlete-ally/profile-onboarding@0.1.0 lint
Code Quality	Lint check	2025-09-26T11:40:01.6871269Z > eslint -c ../../eslint.config.mjs src
Code Quality	Lint check	2025-09-26T11:40:01.6875678Z 
Code Quality	Lint check	2025-09-26T11:40:01.6881909Z Pages directory cannot be found at /home/runner/work/athelete-ally/athelete-ally/services/profile-onboarding/pages or /home/runner/work/athelete-ally/athelete-ally/services/profile-onboarding/src/pages. If using a custom path, please configure with the `no-html-link-for-pages` rule in your eslint config file.
Code Quality	Lint check	2025-09-26T11:40:01.6890016Z 
Code Quality	Lint check	2025-09-26T11:40:01.6890673Z /home/runner/work/athelete-ally/athelete-ally/services/profile-onboarding/src/index.ts
Code Quality	Lint check	2025-09-26T11:40:01.6892343Z ##[warning]    8:10  warning  'prisma' is defined but never used        @typescript-eslint/no-unused-vars
Code Quality	Lint check	2025-09-26T11:40:01.6894574Z ##[warning]    9:10  warning  'z' is defined but never used             @typescript-eslint/no-unused-vars
Code Quality	Lint check	2025-09-26T11:40:01.6896526Z ##[warning]   52:57  warning  Unexpected any. Specify a different type  @typescript-eslint/no-explicit-any
Code Quality	Lint check	2025-09-26T11:40:01.6898487Z ##[warning]  130:18  warning  Unexpected any. Specify a different type  @typescript-eslint/no-explicit-any
Code Quality	Lint check	2025-09-26T11:40:01.6900379Z ##[warning]  175:30  warning  Unexpected any. Specify a different type  @typescript-eslint/no-explicit-any
Code Quality	Lint check	2025-09-26T11:40:01.6902089Z ##[warning]  189:15  warning  Unexpected console statement              no-console
Code Quality	Lint check	2025-09-26T11:40:01.6903340Z 
Code Quality	Lint check	2025-09-26T11:40:01.6903982Z /home/runner/work/athelete-ally/athelete-ally/services/profile-onboarding/src/telemetry.ts
Code Quality	Lint check	2025-09-26T11:40:01.6905315Z ##[warning]  31:17  warning  Unexpected console statement  no-console
Code Quality	Lint check	2025-09-26T11:40:01.6907342Z ##[warning]  32:23  warning  Unexpected console statement  no-console
Code Quality	Lint check	2025-09-26T11:40:01.6908398Z 
Code Quality	Lint check	2025-09-26T11:40:01.6932974Z ✖ 8 problems (0 errors, 8 warnings)
Code Quality	Lint check	2025-09-26T11:40:01.6933323Z 
Code Quality	Lint check	2025-09-26T11:40:01.6933733Z ##[endgroup]
Code Quality	Lint check	2025-09-26T11:40:04.2786568Z ##[group]@athlete-ally/fatigue:lint
Code Quality	Lint check	2025-09-26T11:40:04.2791388Z cache miss, executing 97811bc90ccc3ca2
Code Quality	Lint check	2025-09-26T11:40:04.2795845Z 
Code Quality	Lint check	2025-09-26T11:40:04.2799957Z > @athlete-ally/fatigue@1.0.0 lint
Code Quality	Lint check	2025-09-26T11:40:04.2804933Z > eslint -c ../../eslint.config.mjs src
Code Quality	Lint check	2025-09-26T11:40:04.2809076Z 
Code Quality	Lint check	2025-09-26T11:40:04.2828757Z Pages directory cannot be found at /home/runner/work/athelete-ally/athelete-ally/services/fatigue/pages or /home/runner/work/athelete-ally/athelete-ally/services/fatigue/src/pages. If using a custom path, please configure with the `no-html-link-for-pages` rule in your eslint config file.
Code Quality	Lint check	2025-09-26T11:40:04.2834371Z 
Code Quality	Lint check	2025-09-26T11:40:04.2836297Z /home/runner/work/athelete-ally/athelete-ally/services/fatigue/src/adjustment-engine.ts
Code Quality	Lint check	2025-09-26T11:40:04.2839271Z ##[warning]   30:18  warning  Unexpected any. Specify a different type  @typescript-eslint/no-explicit-any
Code Quality	Lint check	2025-09-26T11:40:04.2845183Z ##[warning]   31:18  warning  Unexpected any. Specify a different type  @typescript-eslint/no-explicit-any
Code Quality	Lint check	2025-09-26T11:40:04.2850763Z ##[warning]  204:5   warning  'fatigueData' is defined but never used   @typescript-eslint/no-unused-vars
Code Quality	Lint check	2025-09-26T11:40:04.2856479Z ##[warning]  205:5   warning  'session' is defined but never used       @typescript-eslint/no-unused-vars
Code Quality	Lint check	2025-09-26T11:40:04.2861217Z ##[warning]  231:5   warning  'fatigueData' is defined but never used   @typescript-eslint/no-unused-vars
Code Quality	Lint check	2025-09-26T11:40:04.2864544Z ##[warning]  232:5   warning  'session' is defined but never used       @typescript-eslint/no-unused-vars
Code Quality	Lint check	2025-09-26T11:40:04.2867556Z ##[warning]  258:5   warning  'fatigueData' is defined but never used   @typescript-eslint/no-unused-vars
Code Quality	Lint check	2025-09-26T11:40:04.2870661Z ##[warning]  259:5   warning  'session' is defined but never used       @typescript-eslint/no-unused-vars
Code Quality	Lint check	2025-09-26T11:40:04.2904266Z 
Code Quality	Lint check	2025-09-26T11:40:04.2905141Z /home/runner/work/athelete-ally/athelete-ally/services/fatigue/src/index.ts
Code Quality	Lint check	2025-09-26T11:40:04.2907124Z ##[warning]   30:7   warning  'TrainingSessionSchema' is assigned a value but never used  @typescript-eslint/no-unused-vars
Code Quality	Lint check	2025-09-26T11:40:04.2909763Z ##[warning]  120:37  warning  Unexpected any. Specify a different type                    @typescript-eslint/no-explicit-any
Code Quality	Lint check	2025-09-26T11:40:04.2912332Z ##[warning]  168:11  warning  'updatedAdjustment' is assigned a value but never used      @typescript-eslint/no-unused-vars
Code Quality	Lint check	2025-09-26T11:40:04.2915523Z ##[warning]  267:38  warning  Unexpected any. Specify a different type                    @typescript-eslint/no-explicit-any
Code Quality	Lint check	2025-09-26T11:40:04.2917840Z ##[warning]  324:15  warning  Unexpected console statement                                no-console
Code Quality	Lint check	2025-09-26T11:40:04.2920011Z ##[warning]  326:5   warning  Unexpected console statement                                no-console
Code Quality	Lint check	2025-09-26T11:40:04.2921412Z 
Code Quality	Lint check	2025-09-26T11:40:04.2922156Z /home/runner/work/athelete-ally/athelete-ally/services/fatigue/src/telemetry.ts
Code Quality	Lint check	2025-09-26T11:40:04.2923958Z ##[warning]  67:76  warning  Unexpected any. Specify a different type  @typescript-eslint/no-explicit-any
Code Quality	Lint check	2025-09-26T11:40:04.2925376Z 
Code Quality	Lint check	2025-09-26T11:40:04.2926076Z ✖ 15 problems (0 errors, 15 warnings)
Code Quality	Lint check	2025-09-26T11:40:04.2926579Z 
Code Quality	Lint check	2025-09-26T11:40:04.2927207Z ##[endgroup]
Code Quality	Lint check	2025-09-26T11:40:04.6376036Z ##[group]@athlete-ally/workouts:lint
Code Quality	Lint check	2025-09-26T11:40:04.6384413Z cache miss, executing b7e1eb6e55fbdce4
Code Quality	Lint check	2025-09-26T11:40:04.6384811Z 
Code Quality	Lint check	2025-09-26T11:40:04.6385049Z > @athlete-ally/workouts@1.0.0 lint
Code Quality	Lint check	2025-09-26T11:40:04.6385567Z > eslint -c ../../eslint.config.mjs src
Code Quality	Lint check	2025-09-26T11:40:04.6385789Z 
Code Quality	Lint check	2025-09-26T11:40:04.6387009Z Pages directory cannot be found at /home/runner/work/athelete-ally/athelete-ally/services/workouts/pages or /home/runner/work/athelete-ally/athelete-ally/services/workouts/src/pages. If using a custom path, please configure with the `no-html-link-for-pages` rule in your eslint config file.
Code Quality	Lint check	2025-09-26T11:40:04.6388297Z 
Code Quality	Lint check	2025-09-26T11:40:04.6388659Z /home/runner/work/athelete-ally/athelete-ally/services/workouts/src/achievement-engine.ts
Code Quality	Lint check	2025-09-26T11:40:04.6389816Z ##[warning]   61:18  warning  Unexpected any. Specify a different type  @typescript-eslint/no-explicit-any
Code Quality	Lint check	2025-09-26T11:40:04.6391089Z ##[warning]   96:18  warning  Unexpected any. Specify a different type  @typescript-eslint/no-explicit-any
Code Quality	Lint check	2025-09-26T11:40:04.6392251Z ##[warning]  307:18  warning  Unexpected any. Specify a different type  @typescript-eslint/no-explicit-any
Code Quality	Lint check	2025-09-26T11:40:04.6393173Z 
Code Quality	Lint check	2025-09-26T11:40:04.6393502Z /home/runner/work/athelete-ally/athelete-ally/services/workouts/src/index.ts
Code Quality	Lint check	2025-09-26T11:40:04.6394309Z ##[warning]  215:54  warning  Unexpected any. Specify a different type  @typescript-eslint/no-explicit-any
Code Quality	Lint check	2025-09-26T11:40:04.6395440Z ##[warning]  389:76  warning  Unexpected any. Specify a different type  @typescript-eslint/no-explicit-any
Code Quality	Lint check	2025-09-26T11:40:04.6396559Z ##[warning]  417:74  warning  Unexpected any. Specify a different type  @typescript-eslint/no-explicit-any
Code Quality	Lint check	2025-09-26T11:40:04.6397570Z ##[warning]  693:15  warning  Unexpected console statement              no-console
Code Quality	Lint check	2025-09-26T11:40:04.6398492Z ##[warning]  695:5   warning  Unexpected console statement              no-console
Code Quality	Lint check	2025-09-26T11:40:04.6399067Z 
Code Quality	Lint check	2025-09-26T11:40:04.6399421Z /home/runner/work/athelete-ally/athelete-ally/services/workouts/src/summary-aggregator.ts
Code Quality	Lint check	2025-09-26T11:40:04.6400202Z ##[warning]    4:30  warning  'EVENT_TOPICS' is defined but never used  @typescript-eslint/no-unused-vars
Code Quality	Lint check	2025-09-26T11:40:04.6401191Z ##[warning]   40:7   warning  Unexpected console statement              no-console
Code Quality	Lint check	2025-09-26T11:40:04.6402092Z ##[warning]   45:5   warning  Unexpected console statement              no-console
Code Quality	Lint check	2025-09-26T11:40:04.6403303Z ##[warning]   55:39  warning  Unexpected console statement              no-console
Code Quality	Lint check	2025-09-26T11:40:04.6404274Z ##[warning]   61:5   warning  Unexpected console statement              no-console
Code Quality	Lint check	2025-09-26T11:40:04.6405196Z ##[warning]   71:5   warning  Unexpected console statement              no-console
Code Quality	Lint check	2025-09-26T11:40:04.6406103Z ##[warning]   75:5   warning  Unexpected console statement              no-console
Code Quality	Lint check	2025-09-26T11:40:04.6407019Z ##[warning]   80:5   warning  Unexpected console statement              no-console
Code Quality	Lint check	2025-09-26T11:40:04.6408558Z ##[warning]   97:7   warning  Unexpected console statement              no-console
Code Quality	Lint check	2025-09-26T11:40:04.6410369Z ##[warning]   99:7   warning  Unexpected console statement              no-console
Code Quality	Lint check	2025-09-26T11:40:04.6412551Z ##[warning]  168:7   warning  Unexpected console statement              no-console
Code Quality	Lint check	2025-09-26T11:40:04.6414178Z ##[warning]  170:7   warning  Unexpected console statement              no-console
Code Quality	Lint check	2025-09-26T11:40:04.6415879Z ##[warning]  174:42  warning  Unexpected any. Specify a different type  @typescript-eslint/no-explicit-any
Code Quality	Lint check	2025-09-26T11:40:04.6417996Z ##[warning]  176:81  warning  Unexpected any. Specify a different type  @typescript-eslint/no-explicit-any
Code Quality	Lint check	2025-09-26T11:40:04.6420115Z ##[warning]  177:86  warning  Unexpected any. Specify a different type  @typescript-eslint/no-explicit-any
Code Quality	Lint check	2025-09-26T11:40:04.6422190Z ##[warning]  184:46  warning  Unexpected any. Specify a different type  @typescript-eslint/no-explicit-any
Code Quality	Lint check	2025-09-26T11:40:04.6424540Z ##[warning]  194:42  warning  Unexpected any. Specify a different type  @typescript-eslint/no-explicit-any
Code Quality	Lint check	2025-09-26T11:40:04.6426574Z ##[warning]  196:81  warning  Unexpected any. Specify a different type  @typescript-eslint/no-explicit-any
Code Quality	Lint check	2025-09-26T11:40:04.6428589Z ##[warning]  197:65  warning  Unexpected any. Specify a different type  @typescript-eslint/no-explicit-any
Code Quality	Lint check	2025-09-26T11:40:04.6430570Z ##[warning]  202:43  warning  Unexpected any. Specify a different type  @typescript-eslint/no-explicit-any
Code Quality	Lint check	2025-09-26T11:40:04.6433176Z ##[warning]  206:44  warning  Unexpected any. Specify a different type  @typescript-eslint/no-explicit-any
Code Quality	Lint check	2025-09-26T11:40:04.6435230Z ##[warning]  207:43  warning  Unexpected any. Specify a different type  @typescript-eslint/no-explicit-any
Code Quality	Lint check	2025-09-26T11:40:04.6437201Z ##[warning]  218:32  warning  'userId' is defined but never used        @typescript-eslint/no-unused-vars
Code Quality	Lint check	2025-09-26T11:40:04.6439160Z ##[warning]  218:48  warning  'weekStart' is defined but never used     @typescript-eslint/no-unused-vars
Code Quality	Lint check	2025-09-26T11:40:04.6441082Z ##[warning]  218:65  warning  'weekEnd' is defined but never used       @typescript-eslint/no-unused-vars
Code Quality	Lint check	2025-09-26T11:40:04.6443073Z ##[warning]  255:5   warning  Unexpected console statement              no-console
Code Quality	Lint check	2025-09-26T11:40:04.6444176Z 
Code Quality	Lint check	2025-09-26T11:40:04.6444781Z /home/runner/work/athelete-ally/athelete-ally/services/workouts/src/telemetry.ts
Code Quality	Lint check	2025-09-26T11:40:04.6446244Z ##[warning]  80:76  warning  Unexpected any. Specify a different type  @typescript-eslint/no-explicit-any
Code Quality	Lint check	2025-09-26T11:40:04.6447543Z 
Code Quality	Lint check	2025-09-26T11:40:04.6448099Z ✖ 35 problems (0 errors, 35 warnings)
Code Quality	Lint check	2025-09-26T11:40:04.6448415Z 
Code Quality	Lint check	2025-09-26T11:40:04.6448838Z ##[endgroup]
Code Quality	Lint check	2025-09-26T11:40:05.4064282Z ##[group]@athlete-ally/planning-engine:lint
Code Quality	Lint check	2025-09-26T11:40:05.4065023Z cache miss, executing 67793d630b577dd0
Code Quality	Lint check	2025-09-26T11:40:05.4065340Z 
Code Quality	Lint check	2025-09-26T11:40:05.4065618Z > @athlete-ally/planning-engine@0.1.0 lint
Code Quality	Lint check	2025-09-26T11:40:05.4066198Z > eslint -c eslint.config.mjs src
Code Quality	Lint check	2025-09-26T11:40:05.4066481Z 
Code Quality	Lint check	2025-09-26T11:40:05.4066492Z 
Code Quality	Lint check	2025-09-26T11:40:05.4067167Z /home/runner/work/athelete-ally/athelete-ally/services/planning-engine/src/adaptation-engine.ts
Code Quality	Lint check	2025-09-26T11:40:05.4069158Z ##[warning]  118:18   warning  Unexpected any. Specify a different type                 @typescript-eslint/no-explicit-any
Code Quality	Lint check	2025-09-26T11:40:05.4071342Z ##[warning]  120:5    warning  'userProfile' is defined but never used                  @typescript-eslint/no-unused-vars
Code Quality	Lint check	2025-09-26T11:40:05.4073720Z ##[warning]  120:18   warning  Unexpected any. Specify a different type                 @typescript-eslint/no-explicit-any
Code Quality	Lint check	2025-09-26T11:40:05.4075209Z ##[warning]  156:18   warning  Unexpected any. Specify a different type                 @typescript-eslint/no-explicit-any
Code Quality	Lint check	2025-09-26T11:40:05.4076791Z ##[warning]  158:14   warning  Unexpected any. Specify a different type                 @typescript-eslint/no-explicit-any
Code Quality	Lint check	2025-09-26T11:40:05.4078188Z ##[warning]  343:49   warning  Unexpected any. Specify a different type                 @typescript-eslint/no-explicit-any
Code Quality	Lint check	2025-09-26T11:40:05.4079457Z ##[warning]  344:11   warning  'intensityReduction' is assigned a value but never used  @typescript-eslint/no-unused-vars
Code Quality	Lint check	2025-09-26T11:40:05.4080982Z ##[warning]  345:11   warning  'volumeReduction' is assigned a value but never used     @typescript-eslint/no-unused-vars
Code Quality	Lint check	2025-09-26T11:40:05.4082228Z ##[warning]  368:49   warning  Unexpected any. Specify a different type                 @typescript-eslint/no-explicit-any
Code Quality	Lint check	2025-09-26T11:40:05.4089954Z ##[warning]  390:46   warning  Unexpected any. Specify a different type                 @typescript-eslint/no-explicit-any
Code Quality	Lint check	2025-09-26T11:40:05.4091195Z ##[warning]  412:55   warning  Unexpected any. Specify a different type                 @typescript-eslint/no-explicit-any
Code Quality	Lint check	2025-09-26T11:40:05.4092391Z ##[warning]  434:52   warning  Unexpected any. Specify a different type                 @typescript-eslint/no-explicit-any
Code Quality	Lint check	2025-09-26T11:40:05.4094013Z ##[warning]  483:41   warning  Unexpected any. Specify a different type                 @typescript-eslint/no-explicit-any
Code Quality	Lint check	2025-09-26T11:40:05.4095210Z ##[warning]  483:46   warning  'adaptation' is defined but never used                   @typescript-eslint/no-unused-vars
Code Quality	Lint check	2025-09-26T11:40:05.4096419Z ##[warning]  483:77   warning  Unexpected any. Specify a different type                 @typescript-eslint/no-explicit-any
Code Quality	Lint check	2025-09-26T11:40:05.4097638Z ##[warning]  495:41   warning  Unexpected any. Specify a different type                 @typescript-eslint/no-explicit-any
Code Quality	Lint check	2025-09-26T11:40:05.4099054Z ##[warning]  495:46   warning  'adaptation' is defined but never used                   @typescript-eslint/no-unused-vars
Code Quality	Lint check	2025-09-26T11:40:05.4100247Z ##[warning]  495:77   warning  Unexpected any. Specify a different type                 @typescript-eslint/no-explicit-any
Code Quality	Lint check	2025-09-26T11:40:05.4101427Z ##[warning]  505:38   warning  Unexpected any. Specify a different type                 @typescript-eslint/no-explicit-any
Code Quality	Lint check	2025-09-26T11:40:05.4102597Z ##[warning]  505:43   warning  'adaptation' is defined but never used                   @typescript-eslint/no-unused-vars
Code Quality	Lint check	2025-09-26T11:40:05.4104175Z ##[warning]  505:74   warning  Unexpected any. Specify a different type                 @typescript-eslint/no-explicit-any
Code Quality	Lint check	2025-09-26T11:40:05.4105379Z ##[warning]  515:42   warning  Unexpected any. Specify a different type                 @typescript-eslint/no-explicit-any
Code Quality	Lint check	2025-09-26T11:40:05.4106561Z ##[warning]  515:47   warning  'adaptation' is defined but never used                   @typescript-eslint/no-unused-vars
Code Quality	Lint check	2025-09-26T11:40:05.4107762Z ##[warning]  515:78   warning  Unexpected any. Specify a different type                 @typescript-eslint/no-explicit-any
Code Quality	Lint check	2025-09-26T11:40:05.4109281Z ##[warning]  523:43   warning  Unexpected any. Specify a different type                 @typescript-eslint/no-explicit-any
Code Quality	Lint check	2025-09-26T11:40:05.4110509Z ##[warning]  523:48   warning  'adaptation' is defined but never used                   @typescript-eslint/no-unused-vars
Code Quality	Lint check	2025-09-26T11:40:05.4111714Z ##[warning]  523:79   warning  Unexpected any. Specify a different type                 @typescript-eslint/no-explicit-any
Code Quality	Lint check	2025-09-26T11:40:05.4113782Z ##[warning]  531:46   warning  Unexpected any. Specify a different type                 @typescript-eslint/no-explicit-any
Code Quality	Lint check	2025-09-26T11:40:05.4115047Z ##[warning]  531:51   warning  'adaptation' is defined but never used                   @typescript-eslint/no-unused-vars
Code Quality	Lint check	2025-09-26T11:40:05.4116234Z ##[warning]  531:82   warning  Unexpected any. Specify a different type                 @typescript-eslint/no-explicit-any
Code Quality	Lint check	2025-09-26T11:40:05.4117446Z ##[warning]  540:104  warning  Unexpected any. Specify a different type                 @typescript-eslint/no-explicit-any
Code Quality	Lint check	2025-09-26T11:40:05.4118649Z ##[warning]  540:131  warning  Unexpected any. Specify a different type                 @typescript-eslint/no-explicit-any
Code Quality	Lint check	2025-09-26T11:40:05.4119828Z ##[warning]  541:103  warning  Unexpected any. Specify a different type                 @typescript-eslint/no-explicit-any
Code Quality	Lint check	2025-09-26T11:40:05.4121021Z ##[warning]  541:130  warning  Unexpected any. Specify a different type                 @typescript-eslint/no-explicit-any
Code Quality	Lint check	2025-09-26T11:40:05.4122449Z ##[warning]  542:100  warning  Unexpected any. Specify a different type                 @typescript-eslint/no-explicit-any
Code Quality	Lint check	2025-09-26T11:40:05.4123884Z ##[warning]  542:127  warning  Unexpected any. Specify a different type                 @typescript-eslint/no-explicit-any
Code Quality	Lint check	2025-09-26T11:40:05.4124583Z 
Code Quality	Lint check	2025-09-26T11:40:05.4124983Z /home/runner/work/athelete-ally/athelete-ally/services/planning-engine/src/adaptive-adjuster.ts
Code Quality	Lint check	2025-09-26T11:40:05.4125881Z ##[warning]   13:32  warning  'EnhancedSessionSchema' is defined but never used  @typescript-eslint/no-unused-vars
Code Quality	Lint check	2025-09-26T11:40:05.4127009Z ##[warning]   14:10  warning  'z' is defined but never used                      @typescript-eslint/no-unused-vars
Code Quality	Lint check	2025-09-26T11:40:05.4128115Z ##[warning]   58:20  warning  'plan' is defined but never used                   @typescript-eslint/no-unused-vars
Code Quality	Lint check	2025-09-26T11:40:05.4129267Z ##[warning]  134:44  warning  Unexpected any. Specify a different type           @typescript-eslint/no-explicit-any
Code Quality	Lint check	2025-09-26T11:40:05.4130437Z ##[warning]  161:60  warning  Unexpected any. Specify a different type           @typescript-eslint/no-explicit-any
Code Quality	Lint check	2025-09-26T11:40:05.4131598Z ##[warning]  190:55  warning  Unexpected any. Specify a different type           @typescript-eslint/no-explicit-any
Code Quality	Lint check	2025-09-26T11:40:05.4132441Z 
Code Quality	Lint check	2025-09-26T11:40:05.4133160Z /home/runner/work/athelete-ally/athelete-ally/services/planning-engine/src/cache/cache-manager.ts
Code Quality	Lint check	2025-09-26T11:40:05.4134240Z ##[warning]  11:43  warning  Unexpected any. Specify a different type  @typescript-eslint/no-explicit-any
Code Quality	Lint check	2025-09-26T11:40:05.4135372Z ##[warning]  44:32  warning  Unexpected any. Specify a different type  @typescript-eslint/no-explicit-any
Code Quality	Lint check	2025-09-26T11:40:05.4136035Z 
Code Quality	Lint check	2025-09-26T11:40:05.4136414Z /home/runner/work/athelete-ally/athelete-ally/services/planning-engine/src/cache/redis-cache.ts
Code Quality	Lint check	2025-09-26T11:40:05.4137255Z ##[warning]   49:33  warning  Unexpected any. Specify a different type  @typescript-eslint/no-explicit-any
Code Quality	Lint check	2025-09-26T11:40:05.4138375Z ##[warning]  154:49  warning  Unexpected any. Specify a different type  @typescript-eslint/no-explicit-any
Code Quality	Lint check	2025-09-26T11:40:05.4139526Z ##[warning]  210:39  warning  Unexpected any. Specify a different type  @typescript-eslint/no-explicit-any
Code Quality	Lint check	2025-09-26T11:40:05.4140636Z ##[warning]  254:50  warning  Unexpected any. Specify a different type  @typescript-eslint/no-explicit-any
Code Quality	Lint check	2025-09-26T11:40:05.4141740Z ##[warning]  291:13  warning  Unexpected any. Specify a different type  @typescript-eslint/no-explicit-any
Code Quality	Lint check	2025-09-26T11:40:05.4143048Z ##[warning]  293:11  warning  Unexpected any. Specify a different type  @typescript-eslint/no-explicit-any
Code Quality	Lint check	2025-09-26T11:40:05.4144185Z ##[warning]  317:59  warning  Unexpected any. Specify a different type  @typescript-eslint/no-explicit-any
Code Quality	Lint check	2025-09-26T11:40:05.4145282Z ##[warning]  319:19  warning  Unexpected any. Specify a different type  @typescript-eslint/no-explicit-any
Code Quality	Lint check	2025-09-26T11:40:05.4146386Z ##[warning]  376:28  warning  Unexpected any. Specify a different type  @typescript-eslint/no-explicit-any
Code Quality	Lint check	2025-09-26T11:40:05.4147475Z ##[warning]  380:49  warning  Unexpected any. Specify a different type  @typescript-eslint/no-explicit-any
Code Quality	Lint check	2025-09-26T11:40:05.4148128Z 
Code Quality	Lint check	2025-09-26T11:40:05.4148500Z /home/runner/work/athelete-ally/athelete-ally/services/planning-engine/src/enhanced-server.ts
Code Quality	Lint check	2025-09-26T11:40:05.4149355Z ##[warning]   13:10  warning  'ErrorHandler' is defined but never used        @typescript-eslint/no-unused-vars
Code Quality	Lint check	2025-09-26T11:40:05.4150489Z ##[warning]   14:10  warning  'PerformanceMonitor' is defined but never used  @typescript-eslint/no-unused-vars
Code Quality	Lint check	2025-09-26T11:40:05.4151647Z ##[warning]  178:53  warning  Unexpected any. Specify a different type        @typescript-eslint/no-explicit-any
Code Quality	Lint check	2025-09-26T11:40:05.4153055Z ##[warning]  291:38  warning  Unexpected any. Specify a different type        @typescript-eslint/no-explicit-any
Code Quality	Lint check	2025-09-26T11:40:05.4154478Z ##[warning]  389:37  warning  Unexpected any. Specify a different type        @typescript-eslint/no-explicit-any
Code Quality	Lint check	2025-09-26T11:40:05.4155633Z ##[warning]  459:42  warning  Unexpected any. Specify a different type        @typescript-eslint/no-explicit-any
Code Quality	Lint check	2025-09-26T11:40:05.4156777Z ##[warning]  543:42  warning  Unexpected any. Specify a different type        @typescript-eslint/no-explicit-any
Code Quality	Lint check	2025-09-26T11:40:05.4157914Z ##[warning]  544:45  warning  Unexpected any. Specify a different type        @typescript-eslint/no-explicit-any
Code Quality	Lint check	2025-09-26T11:40:05.4158582Z 
Code Quality	Lint check	2025-09-26T11:40:05.4158997Z /home/runner/work/athelete-ally/athelete-ally/services/planning-engine/src/events/jetstream-consumer.ts
Code Quality	Lint check	2025-09-26T11:40:05.4159948Z ##[warning]   66:39  warning  Unexpected any. Specify a different type  @typescript-eslint/no-explicit-any
Code Quality	Lint check	2025-09-26T11:40:05.4161048Z ##[warning]   86:14  warning  'error' is defined but never used         @typescript-eslint/no-unused-vars
Code Quality	Lint check	2025-09-26T11:40:05.4162143Z ##[warning]   90:35  warning  Unexpected any. Specify a different type  @typescript-eslint/no-explicit-any
Code Quality	Lint check	2025-09-26T11:40:05.4163642Z ##[warning]   94:34  warning  Unexpected any. Specify a different type  @typescript-eslint/no-explicit-any
Code Quality	Lint check	2025-09-26T11:40:05.4164763Z ##[warning]   95:37  warning  Unexpected any. Specify a different type  @typescript-eslint/no-explicit-any
Code Quality	Lint check	2025-09-26T11:40:05.4166091Z ##[warning]  128:12  warning  Unexpected any. Specify a different type  @typescript-eslint/no-explicit-any
Code Quality	Lint check	2025-09-26T11:40:05.4167198Z ##[warning]  155:11  warning  Unexpected any. Specify a different type  @typescript-eslint/no-explicit-any
Code Quality	Lint check	2025-09-26T11:40:05.4168308Z ##[warning]  185:59  warning  Unexpected any. Specify a different type  @typescript-eslint/no-explicit-any
Code Quality	Lint check	2025-09-26T11:40:05.4169409Z ##[warning]  278:30  warning  Unexpected any. Specify a different type  @typescript-eslint/no-explicit-any
Code Quality	Lint check	2025-09-26T11:40:05.4170496Z ##[warning]  347:31  warning  Unexpected any. Specify a different type  @typescript-eslint/no-explicit-any
Code Quality	Lint check	2025-09-26T11:40:05.4171151Z 
Code Quality	Lint check	2025-09-26T11:40:05.4171529Z /home/runner/work/athelete-ally/athelete-ally/services/planning-engine/src/events/processor.ts
Code Quality	Lint check	2025-09-26T11:40:05.4172343Z ##[warning]   46:49  warning  Unexpected any. Specify a different type  @typescript-eslint/no-explicit-any
Code Quality	Lint check	2025-09-26T11:40:05.4173857Z ##[warning]  129:76  warning  Unexpected any. Specify a different type  @typescript-eslint/no-explicit-any
Code Quality	Lint check	2025-09-26T11:40:05.4174998Z ##[warning]  131:80  warning  Unexpected any. Specify a different type  @typescript-eslint/no-explicit-any
Code Quality	Lint check	2025-09-26T11:40:05.4175649Z 
Code Quality	Lint check	2025-09-26T11:40:05.4176019Z /home/runner/work/athelete-ally/athelete-ally/services/planning-engine/src/events/publisher.ts
Code Quality	Lint check	2025-09-26T11:40:05.4176804Z ##[warning]   54:36  warning  'T' is defined but never used             @typescript-eslint/no-unused-vars
Code Quality	Lint check	2025-09-26T11:40:05.4178276Z ##[warning]   91:43  warning  Unexpected any. Specify a different type  @typescript-eslint/no-explicit-any
Code Quality	Lint check	2025-09-26T11:40:05.4179863Z ##[warning]   97:47  warning  Unexpected any. Specify a different type  @typescript-eslint/no-explicit-any
Code Quality	Lint check	2025-09-26T11:40:05.4180966Z ##[warning]  103:37  warning  Unexpected any. Specify a different type  @typescript-eslint/no-explicit-any
Code Quality	Lint check	2025-09-26T11:40:05.4182074Z ##[warning]  109:44  warning  Unexpected any. Specify a different type  @typescript-eslint/no-explicit-any
Code Quality	Lint check	2025-09-26T11:40:05.4182926Z 
Code Quality	Lint check	2025-09-26T11:40:05.4183259Z /home/runner/work/athelete-ally/athelete-ally/services/planning-engine/src/health.ts
Code Quality	Lint check	2025-09-26T11:40:05.4184065Z ##[warning]   43:13  warning  Unexpected any. Specify a different type  @typescript-eslint/no-explicit-any
Code Quality	Lint check	2025-09-26T11:40:05.4185083Z ##[warning]  239:21  warning  Unreachable code                          no-unreachable
Code Quality	Lint check	2025-09-26T11:40:05.4185678Z 
Code Quality	Lint check	2025-09-26T11:40:05.4186030Z /home/runner/work/athelete-ally/athelete-ally/services/planning-engine/src/llm-enhanced.ts
Code Quality	Lint check	2025-09-26T11:40:05.4186846Z ##[warning]  172:11  warning  Unexpected any. Specify a different type  @typescript-eslint/no-explicit-any
Code Quality	Lint check	2025-09-26T11:40:05.4188168Z ##[warning]  349:63  warning  'week' is defined but never used          @typescript-eslint/no-unused-vars
Code Quality	Lint check	2025-09-26T11:40:05.4189224Z ##[warning]  369:64  warning  'day' is defined but never used           @typescript-eslint/no-unused-vars
Code Quality	Lint check	2025-09-26T11:40:05.4189853Z 
Code Quality	Lint check	2025-09-26T11:40:05.4190179Z /home/runner/work/athelete-ally/athelete-ally/services/planning-engine/src/llm.ts
Code Quality	Lint check	2025-09-26T11:40:05.4190951Z ##[warning]  39:44  warning  'request' is defined but never used  @typescript-eslint/no-unused-vars
Code Quality	Lint check	2025-09-26T11:40:05.4191593Z 
Code Quality	Lint check	2025-09-26T11:40:05.4192002Z /home/runner/work/athelete-ally/athelete-ally/services/planning-engine/src/middleware/error-handler.ts
Code Quality	Lint check	2025-09-26T11:40:05.4193195Z ##[warning]   37:15  warning  Unexpected any. Specify a different type  @typescript-eslint/no-explicit-any
Code Quality	Lint check	2025-09-26T11:40:05.4194352Z ##[warning]  101:59  warning  Unexpected any. Specify a different type  @typescript-eslint/no-explicit-any
Code Quality	Lint check	2025-09-26T11:40:05.4195470Z ##[warning]  246:49  warning  Unexpected any. Specify a different type  @typescript-eslint/no-explicit-any
Code Quality	Lint check	2025-09-26T11:40:05.4196577Z ##[warning]  279:57  warning  Unexpected any. Specify a different type  @typescript-eslint/no-explicit-any
Code Quality	Lint check	2025-09-26T11:40:05.4197674Z ##[warning]  295:40  warning  Unexpected any. Specify a different type  @typescript-eslint/no-explicit-any
Code Quality	Lint check	2025-09-26T11:40:05.4198953Z ##[warning]  311:37  warning  Unexpected any. Specify a different type  @typescript-eslint/no-explicit-any
Code Quality	Lint check	2025-09-26T11:40:05.4200056Z ##[warning]  327:61  warning  Unexpected any. Specify a different type  @typescript-eslint/no-explicit-any
Code Quality	Lint check	2025-09-26T11:40:05.4201162Z ##[warning]  364:38  warning  Unexpected any. Specify a different type  @typescript-eslint/no-explicit-any
Code Quality	Lint check	2025-09-26T11:40:05.4202268Z ##[warning]  367:47  warning  Unexpected any. Specify a different type  @typescript-eslint/no-explicit-any
Code Quality	Lint check	2025-09-26T11:40:05.4203911Z 
Code Quality	Lint check	2025-09-26T11:40:05.4204663Z /home/runner/work/athelete-ally/athelete-ally/services/planning-engine/src/middleware/performance.ts
Code Quality	Lint check	2025-09-26T11:40:05.4206239Z ##[warning]   47:19  warning  Unexpected any. Specify a different type  @typescript-eslint/no-explicit-any
Code Quality	Lint check	2025-09-26T11:40:05.4208337Z ##[warning]   48:19  warning  Unexpected any. Specify a different type  @typescript-eslint/no-explicit-any
Code Quality	Lint check	2025-09-26T11:40:05.4210438Z ##[warning]   49:52  warning  Unexpected any. Specify a different type  @typescript-eslint/no-explicit-any
Code Quality	Lint check	2025-09-26T11:40:05.4212506Z ##[warning]   54:53  warning  Unexpected any. Specify a different type  @typescript-eslint/no-explicit-any
Code Quality	Lint check	2025-09-26T11:40:05.4214892Z ##[warning]   56:37  warning  Unexpected any. Specify a different type  @typescript-eslint/no-explicit-any
Code Quality	Lint check	2025-09-26T11:40:05.4216972Z ##[warning]   66:64  warning  'reply' is defined but never used         @typescript-eslint/no-unused-vars
Code Quality	Lint check	2025-09-26T11:40:05.4218940Z ##[warning]   66:85  warning  'error' is defined but never used         @typescript-eslint/no-unused-vars
Code Quality	Lint check	2025-09-26T11:40:05.4220950Z ##[warning]  105:29  warning  'request' is defined but never used       @typescript-eslint/no-unused-vars
Code Quality	Lint check	2025-09-26T11:40:05.4223262Z ##[warning]  146:32  warning  Unexpected any. Specify a different type  @typescript-eslint/no-explicit-any
Code Quality	Lint check	2025-09-26T11:40:05.4225356Z ##[warning]  190:40  warning  Unexpected any. Specify a different type  @typescript-eslint/no-explicit-any
Code Quality	Lint check	2025-09-26T11:40:05.4227519Z ##[warning]  202:35  warning  Unexpected any. Specify a different type  @typescript-eslint/no-explicit-any
Code Quality	Lint check	2025-09-26T11:40:05.4228744Z 
Code Quality	Lint check	2025-09-26T11:40:05.4229599Z /home/runner/work/athelete-ally/athelete-ally/services/planning-engine/src/optimization/async-plan-generator.ts
Code Quality	Lint check	2025-09-26T11:40:05.4231386Z ##[warning]    7:10  warning  'Prisma' is defined but never used        @typescript-eslint/no-unused-vars
Code Quality	Lint check	2025-09-26T11:40:05.4233612Z ##[warning]   20:30  warning  Unexpected any. Specify a different type  @typescript-eslint/no-explicit-any
Code Quality	Lint check	2025-09-26T11:40:05.4235662Z ##[warning]   94:12  warning  Unexpected any. Specify a different type  @typescript-eslint/no-explicit-any
Code Quality	Lint check	2025-09-26T11:40:05.4238022Z ##[warning]  197:16  warning  'task' is defined but never used          @typescript-eslint/no-unused-vars
Code Quality	Lint check	2025-09-26T11:40:05.4240016Z ##[warning]  264:30  warning  Unexpected any. Specify a different type  @typescript-eslint/no-explicit-any
Code Quality	Lint check	2025-09-26T11:40:05.4242159Z ##[warning]  266:49  warning  Unexpected any. Specify a different type  @typescript-eslint/no-explicit-any
Code Quality	Lint check	2025-09-26T11:40:05.4244450Z ##[warning]  271:49  warning  Unexpected any. Specify a different type  @typescript-eslint/no-explicit-any
Code Quality	Lint check	2025-09-26T11:40:05.4246512Z ##[warning]  276:60  warning  Unexpected any. Specify a different type  @typescript-eslint/no-explicit-any
Code Quality	Lint check	2025-09-26T11:40:05.4247695Z 
Code Quality	Lint check	2025-09-26T11:40:05.4248527Z /home/runner/work/athelete-ally/athelete-ally/services/planning-engine/src/optimization/database-optimizer.ts
Code Quality	Lint check	2025-09-26T11:40:05.4250150Z ##[warning]    9:11  warning  'BatchOperation' is defined but never used  @typescript-eslint/no-unused-vars
Code Quality	Lint check	2025-09-26T11:40:05.4252176Z ##[warning]   37:59  warning  Unexpected any. Specify a different type    @typescript-eslint/no-explicit-any
Code Quality	Lint check	2025-09-26T11:40:05.4254544Z ##[warning]   50:62  warning  Unexpected any. Specify a different type    @typescript-eslint/no-explicit-any
Code Quality	Lint check	2025-09-26T11:40:05.4256630Z ##[warning]   52:30  warning  Unexpected any. Specify a different type    @typescript-eslint/no-explicit-any
Code Quality	Lint check	2025-09-26T11:40:05.4259498Z ##[warning]   53:24  warning  Unexpected any. Specify a different type    @typescript-eslint/no-explicit-any
Code Quality	Lint check	2025-09-26T11:40:05.4262097Z ##[warning]   54:25  warning  Unexpected any. Specify a different type    @typescript-eslint/no-explicit-any
Code Quality	Lint check	2025-09-26T11:40:05.4264774Z ##[warning]   68:28  warning  Unexpected any. Specify a different type    @typescript-eslint/no-explicit-any
Code Quality	Lint check	2025-09-26T11:40:05.4267444Z ##[warning]   71:19  warning  Unexpected any. Specify a different type    @typescript-eslint/no-explicit-any
Code Quality	Lint check	2025-09-26T11:40:05.4269909Z ##[warning]   71:53  warning  Unexpected any. Specify a different type    @typescript-eslint/no-explicit-any
Code Quality	Lint check	2025-09-26T11:40:05.4272326Z ##[warning]   74:42  warning  Unexpected any. Specify a different type    @typescript-eslint/no-explicit-any
Code Quality	Lint check	2025-09-26T11:40:05.4275000Z ##[warning]   96:29  warning  Unexpected any. Specify a different type    @typescript-eslint/no-explicit-any
Code Quality	Lint check	2025-09-26T11:40:05.4302673Z ##[warning]   99:19  warning  Unexpected any. Specify a different type    @typescript-eslint/no-explicit-any
Code Quality	Lint check	2025-09-26T11:40:05.4305741Z ##[warning]   99:53  warning  Unexpected any. Specify a different type    @typescript-eslint/no-explicit-any
Code Quality	Lint check	2025-09-26T11:40:05.4307964Z ##[warning]  102:42  warning  Unexpected any. Specify a different type    @typescript-eslint/no-explicit-any
Code Quality	Lint check	2025-09-26T11:40:05.4310185Z ##[warning]  104:22  warning  Unexpected any. Specify a different type    @typescript-eslint/no-explicit-any
Code Quality	Lint check	2025-09-26T11:40:05.4312508Z ##[warning]  255:12  warning  Unexpected any. Specify a different type    @typescript-eslint/no-explicit-any
Code Quality	Lint check	2025-09-26T11:40:05.4314931Z ##[warning]  340:58  warning  Unexpected any. Specify a different type    @typescript-eslint/no-explicit-any
Code Quality	Lint check	2025-09-26T11:40:05.4316918Z ##[warning]  443:21  warning  Unreachable code                            no-unreachable
Code Quality	Lint check	2025-09-26T11:40:05.4318042Z 
Code Quality	Lint check	2025-09-26T11:40:05.4318831Z /home/runner/work/athelete-ally/athelete-ally/services/planning-engine/src/routes/enhanced-plans.ts
Code Quality	Lint check	2025-09-26T11:40:05.4320666Z ##[warning]   93:47  warning  Unexpected any. Specify a different type  @typescript-eslint/no-explicit-any
Code Quality	Lint check	2025-09-26T11:40:05.4323037Z ##[warning]  101:51  warning  Unexpected any. Specify a different type  @typescript-eslint/no-explicit-any
Code Quality	Lint check	2025-09-26T11:40:05.4325208Z ##[warning]  111:62  warning  Unexpected any. Specify a different type  @typescript-eslint/no-explicit-any
Code Quality	Lint check	2025-09-26T11:40:05.4327268Z ##[warning]  304:65  warning  Unexpected any. Specify a different type  @typescript-eslint/no-explicit-any
Code Quality	Lint check	2025-09-26T11:40:05.4329585Z ##[warning]  304:93  warning  Unexpected any. Specify a different type  @typescript-eslint/no-explicit-any
Code Quality	Lint check	2025-09-26T11:40:05.4331614Z ##[warning]  310:65  warning  Unexpected any. Specify a different type  @typescript-eslint/no-explicit-any
Code Quality	Lint check	2025-09-26T11:40:05.4333952Z ##[warning]  310:93  warning  Unexpected any. Specify a different type  @typescript-eslint/no-explicit-any
Code Quality	Lint check	2025-09-26T11:40:05.4336004Z ##[warning]  319:50  warning  Unexpected any. Specify a different type  @typescript-eslint/no-explicit-any
Code Quality	Lint check	2025-09-26T11:40:05.4338002Z ##[warning]  328:64  warning  Unexpected any. Specify a different type  @typescript-eslint/no-explicit-any
Code Quality	Lint check	2025-09-26T11:40:05.4339963Z ##[warning]  342:25  warning  Unexpected any. Specify a different type  @typescript-eslint/no-explicit-any
Code Quality	Lint check	2025-09-26T11:40:05.4342051Z ##[warning]  406:62  warning  Unexpected any. Specify a different type  @typescript-eslint/no-explicit-any
Code Quality	Lint check	2025-09-26T11:40:05.4344360Z ##[warning]  433:84  warning  Unexpected any. Specify a different type  @typescript-eslint/no-explicit-any
Code Quality	Lint check	2025-09-26T11:40:05.4345558Z 
Code Quality	Lint check	2025-09-26T11:40:05.4346173Z /home/runner/work/athelete-ally/athelete-ally/services/planning-engine/src/server.ts
Code Quality	Lint check	2025-09-26T11:40:05.4347623Z ##[warning]   11:10  warning  'Prisma' is defined but never used                  @typescript-eslint/no-unused-vars
Code Quality	Lint check	2025-09-26T11:40:05.4350144Z ##[warning]   12:66  warning  'PlanGeneratedEvent' is defined but never used      @typescript-eslint/no-unused-vars
Code Quality	Lint check	2025-09-26T11:40:05.4352239Z ##[warning]   14:48  warning  'traceLLMCall' is defined but never used            @typescript-eslint/no-unused-vars
Code Quality	Lint check	2025-09-26T11:40:05.4354599Z ##[warning]   14:62  warning  'traceDatabaseOperation' is defined but never used  @typescript-eslint/no-unused-vars
Code Quality	Lint check	2025-09-26T11:40:05.4356858Z ##[warning]   26:10  warning  'SecureIdGenerator' is defined but never used       @typescript-eslint/no-unused-vars
Code Quality	Lint check	2025-09-26T11:40:05.4359158Z ##[warning]  122:30  warning  Unexpected any. Specify a different type            @typescript-eslint/no-explicit-any
Code Quality	Lint check	2025-09-26T11:40:05.4361299Z ##[warning]  124:49  warning  Unexpected any. Specify a different type            @typescript-eslint/no-explicit-any
Code Quality	Lint check	2025-09-26T11:40:05.4363631Z ##[warning]  129:49  warning  Unexpected any. Specify a different type            @typescript-eslint/no-explicit-any
Code Quality	Lint check	2025-09-26T11:40:05.4365856Z ##[warning]  134:60  warning  Unexpected any. Specify a different type            @typescript-eslint/no-explicit-any
Code Quality	Lint check	2025-09-26T11:40:05.4368069Z ##[warning]  151:31  warning  Unexpected any. Specify a different type            @typescript-eslint/no-explicit-any
Code Quality	Lint check	2025-09-26T11:40:05.4370155Z ##[warning]  176:11  warning  'planJob' is assigned a value but never used        @typescript-eslint/no-unused-vars
Code Quality	Lint check	2025-09-26T11:40:05.4372426Z ##[warning]  182:31  warning  Unexpected any. Specify a different type            @typescript-eslint/no-explicit-any
Code Quality	Lint check	2025-09-26T11:40:05.4374994Z ##[warning]  222:28  warning  Unexpected any. Specify a different type            @typescript-eslint/no-explicit-any
Code Quality	Lint check	2025-09-26T11:40:05.4377178Z ##[warning]  357:42  warning  'request' is defined but never used                 @typescript-eslint/no-unused-vars
Code Quality	Lint check	2025-09-26T11:40:05.4379325Z ##[warning]  357:51  warning  'reply' is defined but never used                   @typescript-eslint/no-unused-vars
Code Quality	Lint check	2025-09-26T11:40:05.4381530Z ##[warning]  412:30  warning  Unexpected any. Specify a different type            @typescript-eslint/no-explicit-any
Code Quality	Lint check	2025-09-26T11:40:05.4382977Z 
Code Quality	Lint check	2025-09-26T11:40:05.4383807Z /home/runner/work/athelete-ally/athelete-ally/services/planning-engine/src/standalone-enhanced-server.ts
Code Quality	Lint check	2025-09-26T11:40:05.4385368Z ##[warning]   73:11  warning  'request' is defined but never used       @typescript-eslint/no-unused-vars
Code Quality	Lint check	2025-09-26T11:40:05.4387424Z ##[warning]   73:20  warning  'reply' is defined but never used         @typescript-eslint/no-unused-vars
Code Quality	Lint check	2025-09-26T11:40:05.4389466Z ##[warning]  103:11  warning  'request' is defined but never used       @typescript-eslint/no-unused-vars
Code Quality	Lint check	2025-09-26T11:40:05.4393058Z ##[warning]  103:20  warning  'reply' is defined but never used         @typescript-eslint/no-unused-vars
Code Quality	Lint check	2025-09-26T11:40:05.4395217Z ##[warning]  159:11  warning  'request' is defined but never used       @typescript-eslint/no-unused-vars
Code Quality	Lint check	2025-09-26T11:40:05.4397326Z ##[warning]  159:20  warning  'reply' is defined but never used         @typescript-eslint/no-unused-vars
Code Quality	Lint check	2025-09-26T11:40:05.4399446Z ##[warning]  181:11  warning  'request' is defined but never used       @typescript-eslint/no-unused-vars
Code Quality	Lint check	2025-09-26T11:40:05.4401536Z ##[warning]  181:20  warning  'reply' is defined but never used         @typescript-eslint/no-unused-vars
Code Quality	Lint check	2025-09-26T11:40:05.4403792Z ##[warning]  200:11  warning  'request' is defined but never used       @typescript-eslint/no-unused-vars
Code Quality	Lint check	2025-09-26T11:40:05.4405832Z ##[warning]  200:20  warning  'reply' is defined but never used         @typescript-eslint/no-unused-vars
Code Quality	Lint check	2025-09-26T11:40:05.4407897Z ##[warning]  289:53  warning  Unexpected any. Specify a different type  @typescript-eslint/no-explicit-any
Code Quality	Lint check	2025-09-26T11:40:05.4409948Z ##[warning]  397:38  warning  Unexpected any. Specify a different type  @typescript-eslint/no-explicit-any
Code Quality	Lint check	2025-09-26T11:40:05.4412055Z ##[warning]  488:37  warning  Unexpected any. Specify a different type  @typescript-eslint/no-explicit-any
Code Quality	Lint check	2025-09-26T11:40:05.4414618Z ##[warning]  557:42  warning  Unexpected any. Specify a different type  @typescript-eslint/no-explicit-any
Code Quality	Lint check	2025-09-26T11:40:05.4416599Z ##[warning]  640:42  warning  Unexpected any. Specify a different type  @typescript-eslint/no-explicit-any
Code Quality	Lint check	2025-09-26T11:40:05.4418622Z ##[warning]  641:45  warning  Unexpected any. Specify a different type  @typescript-eslint/no-explicit-any
Code Quality	Lint check	2025-09-26T11:40:05.4419819Z 
Code Quality	Lint check	2025-09-26T11:40:05.4420621Z /home/runner/work/athelete-ally/athelete-ally/services/planning-engine/src/standalone-health-server.ts
Code Quality	Lint check	2025-09-26T11:40:05.4422157Z ##[warning]   23:30  warning  'request' is defined but never used  @typescript-eslint/no-unused-vars
Code Quality	Lint check	2025-09-26T11:40:05.4424235Z ##[warning]   23:39  warning  'reply' is defined but never used    @typescript-eslint/no-unused-vars
Code Quality	Lint check	2025-09-26T11:40:05.4426110Z ##[warning]   66:39  warning  'request' is defined but never used  @typescript-eslint/no-unused-vars
Code Quality	Lint check	2025-09-26T11:40:05.4427993Z ##[warning]   66:48  warning  'reply' is defined but never used    @typescript-eslint/no-unused-vars
Code Quality	Lint check	2025-09-26T11:40:05.4429893Z ##[warning]  130:36  warning  'request' is defined but never used  @typescript-eslint/no-unused-vars
Code Quality	Lint check	2025-09-26T11:40:05.4431780Z ##[warning]  130:45  warning  'reply' is defined but never used    @typescript-eslint/no-unused-vars
Code Quality	Lint check	2025-09-26T11:40:05.4433932Z ##[warning]  147:35  warning  'request' is defined but never used  @typescript-eslint/no-unused-vars
Code Quality	Lint check	2025-09-26T11:40:05.4435832Z ##[warning]  147:44  warning  'reply' is defined but never used    @typescript-eslint/no-unused-vars
Code Quality	Lint check	2025-09-26T11:40:05.4437940Z ##[warning]  156:37  warning  'request' is defined but never used  @typescript-eslint/no-unused-vars
Code Quality	Lint check	2025-09-26T11:40:05.4439852Z ##[warning]  156:46  warning  'reply' is defined but never used    @typescript-eslint/no-unused-vars
Code Quality	Lint check	2025-09-26T11:40:05.4441787Z ##[warning]  189:24  warning  'request' is defined but never used  @typescript-eslint/no-unused-vars
Code Quality	Lint check	2025-09-26T11:40:05.4444042Z ##[warning]  189:33  warning  'reply' is defined but never used    @typescript-eslint/no-unused-vars
Code Quality	Lint check	2025-09-26T11:40:05.4445224Z 
Code Quality	Lint check	2025-09-26T11:40:05.4445811Z /home/runner/work/athelete-ally/athelete-ally/services/planning-engine/src/startup.ts
Code Quality	Lint check	2025-09-26T11:40:05.4447325Z ##[warning]   19:17  warning  Unexpected any. Specify a different type  @typescript-eslint/no-explicit-any
Code Quality	Lint check	2025-09-26T11:40:05.4449462Z ##[warning]   99:27  warning  Unexpected any. Specify a different type  @typescript-eslint/no-explicit-any
Code Quality	Lint check	2025-09-26T11:40:05.4451550Z ##[warning]  102:33  warning  Unexpected any. Specify a different type  @typescript-eslint/no-explicit-any
Code Quality	Lint check	2025-09-26T11:40:05.4453305Z 
Code Quality	Lint check	2025-09-26T11:40:05.4453960Z /home/runner/work/athelete-ally/athelete-ally/services/planning-engine/src/telemetry.ts
Code Quality	Lint check	2025-09-26T11:40:05.4455443Z ##[warning]   63:77  warning  Unexpected any. Specify a different type  @typescript-eslint/no-explicit-any
Code Quality	Lint check	2025-09-26T11:40:05.4457596Z ##[warning]   72:63  warning  Unexpected any. Specify a different type  @typescript-eslint/no-explicit-any
Code Quality	Lint check	2025-09-26T11:40:05.4459796Z ##[warning]  113:29  warning  Unexpected any. Specify a different type  @typescript-eslint/no-explicit-any
Code Quality	Lint check	2025-09-26T11:40:05.4461902Z ##[warning]  113:43  warning  Unexpected any. Specify a different type  @typescript-eslint/no-explicit-any
Code Quality	Lint check	2025-09-26T11:40:05.4463391Z 
Code Quality	Lint check	2025-09-26T11:40:05.4464176Z /home/runner/work/athelete-ally/athelete-ally/services/planning-engine/src/validation/plan-request.ts
Code Quality	Lint check	2025-09-26T11:40:05.4466040Z ##[warning]  28:6  warning  'PlanRequestInput' is defined but never used   @typescript-eslint/no-unused-vars
Code Quality	Lint check	2025-09-26T11:40:05.4468331Z ##[warning]  29:6  warning  'PlanRequestOutput' is defined but never used  @typescript-eslint/no-unused-vars
Code Quality	Lint check	2025-09-26T11:40:05.4469616Z 
Code Quality	Lint check	2025-09-26T11:40:05.4470173Z ✖ 197 problems (0 errors, 197 warnings)
Code Quality	Lint check	2025-09-26T11:40:05.4470502Z 
Code Quality	Lint check	2025-09-26T11:40:05.4470951Z ##[endgroup]
Code Quality	Lint check	2025-09-26T11:40:05.4471153Z 
Code Quality	Lint check	2025-09-26T11:40:05.4471380Z  Tasks:    21 successful, 21 total
Code Quality	Lint check	2025-09-26T11:40:05.4472154Z Cached:    0 cached, 21 total
Code Quality	Lint check	2025-09-26T11:40:05.4472561Z   Time:    24.14s 
Code Quality	Lint check	2025-09-26T11:40:05.4472968Z 
Code Quality	Generate ESLint Boundaries Report	﻿2025-09-26T11:40:05.4522166Z ##[group]Run mkdir -p reports/deps
Code Quality	Generate ESLint Boundaries Report	2025-09-26T11:40:05.4522569Z [36;1mmkdir -p reports/deps[0m
Code Quality	Generate ESLint Boundaries Report	2025-09-26T11:40:05.4523288Z [36;1mnpx eslint . -f json > reports/deps/eslint-boundaries.json || echo "ESLint boundaries report generated with warnings"[0m
Code Quality	Generate ESLint Boundaries Report	2025-09-26T11:40:05.4555590Z shell: /usr/bin/bash -e {0}
Code Quality	Generate ESLint Boundaries Report	2025-09-26T11:40:05.4555814Z env:
Code Quality	Generate ESLint Boundaries Report	2025-09-26T11:40:05.4555986Z   NODE_VERSION: 20.18.0
Code Quality	Generate ESLint Boundaries Report	2025-09-26T11:40:05.4556183Z   TURBO_TOKEN: 
Code Quality	Generate ESLint Boundaries Report	2025-09-26T11:40:05.4556350Z   TURBO_TEAM: 
Code Quality	Generate ESLint Boundaries Report	2025-09-26T11:40:05.4556518Z   NODE_ENV: test
Code Quality	Generate ESLint Boundaries Report	2025-09-26T11:40:05.4556703Z   PROMETHEUS_PORT: 9090
Code Quality	Generate ESLint Boundaries Report	2025-09-26T11:40:05.4556896Z   GRAFANA_PORT: 3001
Code Quality	Generate ESLint Boundaries Report	2025-09-26T11:40:05.4557103Z   GF_SECURITY_ADMIN_PASSWORD: admin123
Code Quality	Generate ESLint Boundaries Report	2025-09-26T11:40:05.4557342Z   JAEGER_PORT: 16686
Code Quality	Generate ESLint Boundaries Report	2025-09-26T11:40:05.4557539Z   OPENAI_API_KEY: test_openai_key_for_ci
Code Quality	Generate ESLint Boundaries Report	2025-09-26T11:40:05.4557791Z   JWT_SECRET: test_jwt_secret_for_ci
Code Quality	Generate ESLint Boundaries Report	2025-09-26T11:40:05.4558066Z   ENCRYPTION_KEY: test_encryption_key_for_ci
Code Quality	Generate ESLint Boundaries Report	2025-09-26T11:40:05.4558333Z   FRONTEND_URL: http://localhost:3000
Code Quality	Generate ESLint Boundaries Report	2025-09-26T11:40:05.4558620Z   GATEWAY_BFF_URL: http://localhost:4000
Code Quality	Generate ESLint Boundaries Report	2025-09-26T11:40:05.4558876Z   API_BASE_URL: http://localhost:4000
Code Quality	Generate ESLint Boundaries Report	2025-09-26T11:40:05.4559105Z ##[endgroup]
Code Quality	Generate ESLint Boundaries Report	2025-09-26T11:40:07.3013501Z Pages directory cannot be found at /home/runner/work/athelete-ally/athelete-ally/pages or /home/runner/work/athelete-ally/athelete-ally/src/pages. If using a custom path, please configure with the `no-html-link-for-pages` rule in your eslint config file.
Code Quality	Generate ESLint Boundaries Report	2025-09-26T11:40:35.8031212Z ESLint boundaries report generated with warnings
Code Quality	Upload Boundaries Report	﻿2025-09-26T11:40:35.8105021Z ##[group]Run actions/upload-artifact@v4
Code Quality	Upload Boundaries Report	2025-09-26T11:40:35.8105313Z with:
Code Quality	Upload Boundaries Report	2025-09-26T11:40:35.8105520Z   name: eslint-boundaries-report-18036668211
Code Quality	Upload Boundaries Report	2025-09-26T11:40:35.8105811Z   path: reports/deps/eslint-boundaries.json
Code Quality	Upload Boundaries Report	2025-09-26T11:40:35.8106068Z   retention-days: 7
Code Quality	Upload Boundaries Report	2025-09-26T11:40:35.8106277Z   if-no-files-found: warn
Code Quality	Upload Boundaries Report	2025-09-26T11:40:35.8106478Z   compression-level: 6
Code Quality	Upload Boundaries Report	2025-09-26T11:40:35.8106667Z   overwrite: false
Code Quality	Upload Boundaries Report	2025-09-26T11:40:35.8106855Z   include-hidden-files: false
Code Quality	Upload Boundaries Report	2025-09-26T11:40:35.8107055Z env:
Code Quality	Upload Boundaries Report	2025-09-26T11:40:35.8107214Z   NODE_VERSION: 20.18.0
Code Quality	Upload Boundaries Report	2025-09-26T11:40:35.8107402Z   TURBO_TOKEN: 
Code Quality	Upload Boundaries Report	2025-09-26T11:40:35.8107566Z   TURBO_TEAM: 
Code Quality	Upload Boundaries Report	2025-09-26T11:40:35.8107731Z   NODE_ENV: test
Code Quality	Upload Boundaries Report	2025-09-26T11:40:35.8107906Z   PROMETHEUS_PORT: 9090
Code Quality	Upload Boundaries Report	2025-09-26T11:40:35.8108089Z   GRAFANA_PORT: 3001
Code Quality	Upload Boundaries Report	2025-09-26T11:40:35.8108290Z   GF_SECURITY_ADMIN_PASSWORD: admin123
Code Quality	Upload Boundaries Report	2025-09-26T11:40:35.8108521Z   JAEGER_PORT: 16686
Code Quality	Upload Boundaries Report	2025-09-26T11:40:35.8108717Z   OPENAI_API_KEY: test_openai_key_for_ci
Code Quality	Upload Boundaries Report	2025-09-26T11:40:35.8108993Z   JWT_SECRET: test_jwt_secret_for_ci
Code Quality	Upload Boundaries Report	2025-09-26T11:40:35.8109236Z   ENCRYPTION_KEY: test_encryption_key_for_ci
Code Quality	Upload Boundaries Report	2025-09-26T11:40:35.8109508Z   FRONTEND_URL: http://localhost:3000
Code Quality	Upload Boundaries Report	2025-09-26T11:40:35.8109772Z   GATEWAY_BFF_URL: http://localhost:4000
Code Quality	Upload Boundaries Report	2025-09-26T11:40:35.8110031Z   API_BASE_URL: http://localhost:4000
Code Quality	Upload Boundaries Report	2025-09-26T11:40:35.8110268Z ##[endgroup]
Code Quality	Upload Boundaries Report	2025-09-26T11:40:36.0347654Z With the provided path, there will be 1 file uploaded
Code Quality	Upload Boundaries Report	2025-09-26T11:40:36.0353921Z Artifact name is valid!
Code Quality	Upload Boundaries Report	2025-09-26T11:40:36.0355514Z Root directory input is valid!
Code Quality	Upload Boundaries Report	2025-09-26T11:40:36.1408423Z Beginning upload of artifact content to blob storage
Code Quality	Upload Boundaries Report	2025-09-26T11:40:36.5213319Z Uploaded bytes 2857521
Code Quality	Upload Boundaries Report	2025-09-26T11:40:36.5387005Z Finished uploading artifact content to blob storage!
Code Quality	Upload Boundaries Report	2025-09-26T11:40:36.5390224Z SHA256 digest of uploaded artifact zip is f4d6d81f4b50ce7d4bacfa64d96e8c5302b5190258d0237c75b74878ed485cd0
Code Quality	Upload Boundaries Report	2025-09-26T11:40:36.5391620Z Finalizing artifact upload
Code Quality	Upload Boundaries Report	2025-09-26T11:40:36.6166313Z Artifact eslint-boundaries-report-18036668211.zip successfully finalized. Artifact ID 4114475499
Code Quality	Upload Boundaries Report	2025-09-26T11:40:36.6168389Z Artifact eslint-boundaries-report-18036668211 has been successfully uploaded! Final size is 2857521 bytes. Artifact ID is 4114475499
Code Quality	Upload Boundaries Report	2025-09-26T11:40:36.6174003Z Artifact download URL: https://github.com/nathanku3-hue/athelete-ally/actions/runs/18036668211/artifacts/4114475499
Code Quality	Type check (force no stale cache)	﻿2025-09-26T11:40:36.6284377Z ##[group]Run npx turbo run type-check
Code Quality	Type check (force no stale cache)	2025-09-26T11:40:36.6284692Z [36;1mnpx turbo run type-check[0m
Code Quality	Type check (force no stale cache)	2025-09-26T11:40:36.6316650Z shell: /usr/bin/bash -e {0}
Code Quality	Type check (force no stale cache)	2025-09-26T11:40:36.6316882Z env:
Code Quality	Type check (force no stale cache)	2025-09-26T11:40:36.6317048Z   NODE_VERSION: 20.18.0
Code Quality	Type check (force no stale cache)	2025-09-26T11:40:36.6317247Z   TURBO_TOKEN: 
Code Quality	Type check (force no stale cache)	2025-09-26T11:40:36.6317427Z   TURBO_TEAM: 
Code Quality	Type check (force no stale cache)	2025-09-26T11:40:36.6317600Z   NODE_ENV: test
Code Quality	Type check (force no stale cache)	2025-09-26T11:40:36.6317789Z   PROMETHEUS_PORT: 9090
Code Quality	Type check (force no stale cache)	2025-09-26T11:40:36.6317995Z   GRAFANA_PORT: 3001
Code Quality	Type check (force no stale cache)	2025-09-26T11:40:36.6318203Z   GF_SECURITY_ADMIN_PASSWORD: admin123
Code Quality	Type check (force no stale cache)	2025-09-26T11:40:36.6318450Z   JAEGER_PORT: 16686
Code Quality	Type check (force no stale cache)	2025-09-26T11:40:36.6318657Z   OPENAI_API_KEY: test_openai_key_for_ci
Code Quality	Type check (force no stale cache)	2025-09-26T11:40:36.6318917Z   JWT_SECRET: test_jwt_secret_for_ci
Code Quality	Type check (force no stale cache)	2025-09-26T11:40:36.6319178Z   ENCRYPTION_KEY: test_encryption_key_for_ci
Code Quality	Type check (force no stale cache)	2025-09-26T11:40:36.6319466Z   FRONTEND_URL: http://localhost:3000
Code Quality	Type check (force no stale cache)	2025-09-26T11:40:36.6319732Z   GATEWAY_BFF_URL: http://localhost:4000
Code Quality	Type check (force no stale cache)	2025-09-26T11:40:36.6320007Z   API_BASE_URL: http://localhost:4000
Code Quality	Type check (force no stale cache)	2025-09-26T11:40:36.6320270Z   TURBO_FORCE: true
Code Quality	Type check (force no stale cache)	2025-09-26T11:40:36.6320453Z ##[endgroup]
Code Quality	Type check (force no stale cache)	2025-09-26T11:40:37.0808714Z • Packages in scope: @athlete-ally/adaptive-engine, @athlete-ally/analytics, @athlete-ally/contracts, @athlete-ally/event-bus, @athlete-ally/exercises, @athlete-ally/fatigue, @athlete-ally/gateway-bff, @athlete-ally/health-schema, @athlete-ally/job-scheduler, @athlete-ally/notification-service, @athlete-ally/otel-preset, @athlete-ally/planning-engine, @athlete-ally/profile-onboarding, @athlete-ally/protocol-engine, @athlete-ally/protocol-types, @athlete-ally/shared, @athlete-ally/shared-types, @athlete-ally/workouts
Code Quality	Type check (force no stale cache)	2025-09-26T11:40:37.0812501Z • Running type-check in 18 packages
Code Quality	Type check (force no stale cache)	2025-09-26T11:40:37.0813228Z • Remote caching disabled
Code Quality	Type check (force no stale cache)	2025-09-26T11:40:47.7285052Z ##[group]@athlete-ally/health-schema:type-check
Code Quality	Type check (force no stale cache)	2025-09-26T11:40:47.7285907Z cache bypass, force executing f2a859edbd7bb089
Code Quality	Type check (force no stale cache)	2025-09-26T11:40:47.7286324Z 
Code Quality	Type check (force no stale cache)	2025-09-26T11:40:47.7286624Z > @athlete-ally/health-schema@1.0.0 type-check
Code Quality	Type check (force no stale cache)	2025-09-26T11:40:47.7287118Z > tsc --noEmit
Code Quality	Type check (force no stale cache)	2025-09-26T11:40:47.7287309Z 
Code Quality	Type check (force no stale cache)	2025-09-26T11:40:47.7287729Z ##[endgroup]
Code Quality	Type check (force no stale cache)	2025-09-26T11:40:48.5487532Z ##[group]@athlete-ally/contracts:type-check
Code Quality	Type check (force no stale cache)	2025-09-26T11:40:48.5544089Z cache bypass, force executing 244583b51a3d2333
Code Quality	Type check (force no stale cache)	2025-09-26T11:40:48.5544742Z 
Code Quality	Type check (force no stale cache)	2025-09-26T11:40:48.5545244Z > @athlete-ally/contracts@0.1.0 type-check
Code Quality	Type check (force no stale cache)	2025-09-26T11:40:48.5546008Z > tsc --noEmit
Code Quality	Type check (force no stale cache)	2025-09-26T11:40:48.5546375Z 
Code Quality	Type check (force no stale cache)	2025-09-26T11:40:48.5546953Z ##[endgroup]
Code Quality	Type check (force no stale cache)	2025-09-26T11:40:49.9415858Z [;31m@athlete-ally/protocol-engine:type-check[;0m
Code Quality	Type check (force no stale cache)	2025-09-26T11:40:49.9419486Z cache bypass, force executing 9b5c77f3e555d40c
Code Quality	Type check (force no stale cache)	2025-09-26T11:40:49.9420140Z 
Code Quality	Type check (force no stale cache)	2025-09-26T11:40:49.9420746Z > @athlete-ally/protocol-engine@2.0.0 type-check
Code Quality	Type check (force no stale cache)	2025-09-26T11:40:49.9421455Z > tsc --noEmit
Code Quality	Type check (force no stale cache)	2025-09-26T11:40:49.9421833Z 
Code Quality	Type check (force no stale cache)	2025-09-26T11:40:49.9429263Z ##[error]src/routes/protocols.ts(2,30): error TS2307: Cannot find module '../prisma/generated/client/index.js' or its corresponding type declarations.
Code Quality	Type check (force no stale cache)	2025-09-26T11:40:49.9432415Z ##[error]src/services/audit.ts(1,30): error TS2307: Cannot find module '../prisma/generated/client/index.js' or its corresponding type declarations.
Code Quality	Type check (force no stale cache)	2025-09-26T11:40:49.9435541Z ##[error]src/services/permissions.ts(1,30): error TS2307: Cannot find module '../prisma/generated/client/index.js' or its corresponding type declarations.
Code Quality	Type check (force no stale cache)	2025-09-26T11:40:49.9437170Z npm error Lifecycle script `type-check` failed with error:
Code Quality	Type check (force no stale cache)	2025-09-26T11:40:49.9437657Z npm error code 2
Code Quality	Type check (force no stale cache)	2025-09-26T11:40:49.9438355Z npm error path /home/runner/work/athelete-ally/athelete-ally/services/protocol-engine
Code Quality	Type check (force no stale cache)	2025-09-26T11:40:49.9439167Z npm error workspace @athlete-ally/protocol-engine@2.0.0
Code Quality	Type check (force no stale cache)	2025-09-26T11:40:49.9440044Z npm error location /home/runner/work/athelete-ally/athelete-ally/services/protocol-engine
Code Quality	Type check (force no stale cache)	2025-09-26T11:40:49.9440719Z npm error command failed
Code Quality	Type check (force no stale cache)	2025-09-26T11:40:49.9441147Z npm error command sh -c tsc --noEmit
Code Quality	Type check (force no stale cache)	2025-09-26T11:40:49.9443131Z [ERROR] command finished with error: command (/home/runner/work/athelete-ally/athelete-ally/services/protocol-engine) /opt/hostedtoolcache/node/20.18.0/x64/bin/npm run type-check exited (2)
Code Quality	Type check (force no stale cache)	2025-09-26T11:40:49.9490299Z ##[group]@athlete-ally/otel-preset:type-check
Code Quality	Type check (force no stale cache)	2025-09-26T11:40:49.9494598Z cache bypass, force executing ceb5127acb64d8dd
Code Quality	Type check (force no stale cache)	2025-09-26T11:40:49.9498612Z ##[endgroup]
Code Quality	Type check (force no stale cache)	2025-09-26T11:40:49.9537670Z ##[group]@athlete-ally/contracts:build
Code Quality	Type check (force no stale cache)	2025-09-26T11:40:49.9541438Z cache bypass, force executing 7a8693a864781383
Code Quality	Type check (force no stale cache)	2025-09-26T11:40:49.9546142Z ##[endgroup]
Code Quality	Type check (force no stale cache)	2025-09-26T11:40:49.9647319Z ##[group]@athlete-ally/protocol-types:type-check
Code Quality	Type check (force no stale cache)	2025-09-26T11:40:49.9652223Z cache bypass, force executing f63ac1c85f5f80a6
Code Quality	Type check (force no stale cache)	2025-09-26T11:40:49.9652978Z 
Code Quality	Type check (force no stale cache)	2025-09-26T11:40:49.9653516Z > @athlete-ally/protocol-types@1.0.0 type-check
Code Quality	Type check (force no stale cache)	2025-09-26T11:40:49.9656967Z > tsc --noEmit
Code Quality	Type check (force no stale cache)	2025-09-26T11:40:49.9658214Z 
Code Quality	Type check (force no stale cache)	2025-09-26T11:40:49.9658687Z ##[endgroup]
Code Quality	Type check (force no stale cache)	2025-09-26T11:40:49.9715192Z ##[group]@athlete-ally/notification-service:type-check
Code Quality	Type check (force no stale cache)	2025-09-26T11:40:49.9720182Z cache bypass, force executing 78cb943e9774e5a3
Code Quality	Type check (force no stale cache)	2025-09-26T11:40:49.9724706Z ##[endgroup]
Code Quality	Type check (force no stale cache)	2025-09-26T11:40:49.9887119Z ##[group]@athlete-ally/adaptive-engine:type-check
Code Quality	Type check (force no stale cache)	2025-09-26T11:40:49.9887860Z cache bypass, force executing 43ca619b8cd9e174
Code Quality	Type check (force no stale cache)	2025-09-26T11:40:49.9888509Z ##[endgroup]
Code Quality	Type check (force no stale cache)	2025-09-26T11:40:49.9940073Z ##[group]@athlete-ally/shared-types:type-check
Code Quality	Type check (force no stale cache)	2025-09-26T11:40:49.9940743Z cache bypass, force executing 4ec77ec057feaa1d
Code Quality	Type check (force no stale cache)	2025-09-26T11:40:49.9941085Z 
Code Quality	Type check (force no stale cache)	2025-09-26T11:40:49.9941362Z > @athlete-ally/shared-types@0.1.0 type-check
Code Quality	Type check (force no stale cache)	2025-09-26T11:40:49.9941809Z > tsc --noEmit
Code Quality	Type check (force no stale cache)	2025-09-26T11:40:49.9941994Z 
Code Quality	Type check (force no stale cache)	2025-09-26T11:40:49.9957753Z ##[endgroup]
Code Quality	Type check (force no stale cache)	2025-09-26T11:40:49.9959670Z ##[group]@athlete-ally/event-bus:build
Code Quality	Type check (force no stale cache)	2025-09-26T11:40:49.9985389Z cache bypass, force executing 03f2cf0f1fa9ce00
Code Quality	Type check (force no stale cache)	2025-09-26T11:40:49.9986316Z 
Code Quality	Type check (force no stale cache)	2025-09-26T11:40:49.9989417Z > @athlete-ally/event-bus@0.1.0 build
Code Quality	Type check (force no stale cache)	2025-09-26T11:40:49.9989870Z > tsc -p tsconfig.json
Code Quality	Type check (force no stale cache)	2025-09-26T11:40:49.9990129Z 
Code Quality	Type check (force no stale cache)	2025-09-26T11:40:49.9990481Z ##[endgroup]
Code Quality	Type check (force no stale cache)	2025-09-26T11:40:49.9990999Z ##[group]@athlete-ally/otel-preset:build
Code Quality	Type check (force no stale cache)	2025-09-26T11:40:49.9991580Z cache bypass, force executing 88ed5655039c3e1f
Code Quality	Type check (force no stale cache)	2025-09-26T11:40:49.9992206Z ##[endgroup]
Code Quality	Type check (force no stale cache)	2025-09-26T11:40:49.9992693Z ##[group]@athlete-ally/shared:type-check
Code Quality	Type check (force no stale cache)	2025-09-26T11:40:49.9993446Z cache bypass, force executing e1edb4df5602f5c6
Code Quality	Type check (force no stale cache)	2025-09-26T11:40:49.9994044Z ##[endgroup]
Code Quality	Type check (force no stale cache)	2025-09-26T11:40:49.9994603Z ##[group]@athlete-ally/gateway-bff:type-check
Code Quality	Type check (force no stale cache)	2025-09-26T11:40:49.9995215Z cache bypass, force executing c0b4dfe1f7cab801
Code Quality	Type check (force no stale cache)	2025-09-26T11:40:49.9995538Z 
Code Quality	Type check (force no stale cache)	2025-09-26T11:40:49.9995803Z > @athlete-ally/gateway-bff@0.1.0 type-check
Code Quality	Type check (force no stale cache)	2025-09-26T11:40:49.9996215Z > tsc --noEmit
Code Quality	Type check (force no stale cache)	2025-09-26T11:40:49.9996391Z 
Code Quality	Type check (force no stale cache)	2025-09-26T11:40:49.9996701Z ##[endgroup]
Code Quality	Type check (force no stale cache)	2025-09-26T11:40:49.9997202Z ##[group]@athlete-ally/health-schema:build
Code Quality	Type check (force no stale cache)	2025-09-26T11:40:49.9997756Z cache bypass, force executing e00b56782e83b235
Code Quality	Type check (force no stale cache)	2025-09-26T11:40:49.9998362Z ##[endgroup]
Code Quality	Type check (force no stale cache)	2025-09-26T11:40:50.0014415Z ##[group]@athlete-ally/shared:build
Code Quality	Type check (force no stale cache)	2025-09-26T11:40:50.0016161Z cache bypass, force executing cd740267cee76e4a
Code Quality	Type check (force no stale cache)	2025-09-26T11:40:50.0017607Z 
Code Quality	Type check (force no stale cache)	2025-09-26T11:40:50.0018898Z > @athlete-ally/shared@0.1.0 build
Code Quality	Type check (force no stale cache)	2025-09-26T11:40:50.0020422Z > tsc -p tsconfig.json
Code Quality	Type check (force no stale cache)	2025-09-26T11:40:50.0021729Z 
Code Quality	Type check (force no stale cache)	2025-09-26T11:40:50.0046040Z ##[endgroup]
Code Quality	Type check (force no stale cache)	2025-09-26T11:40:50.0047502Z ##[group]@athlete-ally/event-bus:type-check
Code Quality	Type check (force no stale cache)	2025-09-26T11:40:50.0048133Z cache bypass, force executing 1c7d78b18cddcfa8
Code Quality	Type check (force no stale cache)	2025-09-26T11:40:50.0048775Z ##[endgroup]
Code Quality	Type check (force no stale cache)	2025-09-26T11:40:50.0049302Z ##[group]@athlete-ally/shared-types:build
Code Quality	Type check (force no stale cache)	2025-09-26T11:40:50.0049895Z cache bypass, force executing 0f782bf20a22b393
Code Quality	Type check (force no stale cache)	2025-09-26T11:40:50.0050242Z 
Code Quality	Type check (force no stale cache)	2025-09-26T11:40:50.0050490Z > @athlete-ally/shared-types@0.1.0 build
Code Quality	Type check (force no stale cache)	2025-09-26T11:40:50.0050960Z > tsc -p tsconfig.json
Code Quality	Type check (force no stale cache)	2025-09-26T11:40:50.0051183Z 
Code Quality	Type check (force no stale cache)	2025-09-26T11:40:50.0051504Z ##[endgroup]
Code Quality	Type check (force no stale cache)	2025-09-26T11:40:50.0216047Z ##[group]@athlete-ally/analytics:type-check
Code Quality	Type check (force no stale cache)	2025-09-26T11:40:50.0216709Z cache bypass, force executing 5198fcdcb09cb065
Code Quality	Type check (force no stale cache)	2025-09-26T11:40:50.0217321Z 
Code Quality	Type check (force no stale cache)	2025-09-26T11:40:50.0217595Z > @athlete-ally/analytics@1.0.0 type-check
Code Quality	Type check (force no stale cache)	2025-09-26T11:40:50.0218223Z > tsc --noEmit
Code Quality	Type check (force no stale cache)	2025-09-26T11:40:50.0218418Z 
Code Quality	Type check (force no stale cache)	2025-09-26T11:40:50.0218751Z ##[endgroup]
Code Quality	Type check (force no stale cache)	2025-09-26T11:40:50.0222201Z ##[group]@athlete-ally/exercises:type-check
Code Quality	Type check (force no stale cache)	2025-09-26T11:40:50.0222995Z cache bypass, force executing ae5eaba13ae92da6
Code Quality	Type check (force no stale cache)	2025-09-26T11:40:50.0223343Z 
Code Quality	Type check (force no stale cache)	2025-09-26T11:40:50.0223601Z > @athlete-ally/exercises@1.0.0 type-check
Code Quality	Type check (force no stale cache)	2025-09-26T11:40:50.0224034Z > tsc --noEmit
Code Quality	Type check (force no stale cache)	2025-09-26T11:40:50.0224214Z 
Code Quality	Type check (force no stale cache)	2025-09-26T11:40:50.0224650Z ##[endgroup]
Code Quality	Type check (force no stale cache)	2025-09-26T11:40:50.0231468Z ##[group]@athlete-ally/job-scheduler:type-check
Code Quality	Type check (force no stale cache)	2025-09-26T11:40:50.0231902Z cache bypass, force executing 70108c32311001c9
Code Quality	Type check (force no stale cache)	2025-09-26T11:40:50.0232246Z 
Code Quality	Type check (force no stale cache)	2025-09-26T11:40:50.0232541Z > @athlete-ally/job-scheduler@1.0.0 type-check
Code Quality	Type check (force no stale cache)	2025-09-26T11:40:50.0233237Z > tsc --noEmit
Code Quality	Type check (force no stale cache)	2025-09-26T11:40:50.0233425Z 
Code Quality	Type check (force no stale cache)	2025-09-26T11:40:50.0233769Z ##[endgroup]
Code Quality	Type check (force no stale cache)	2025-09-26T11:40:50.0253330Z ##[error]@athlete-ally/protocol-engine#type-check: command (/home/runner/work/athelete-ally/athelete-ally/services/protocol-engine) /opt/hostedtoolcache/node/20.18.0/x64/bin/npm run type-check exited (2)
Code Quality	Type check (force no stale cache)	2025-09-26T11:40:50.0255244Z 
Code Quality	Type check (force no stale cache)	2025-09-26T11:40:50.0255476Z  Tasks:    2 successful, 20 total
Code Quality	Type check (force no stale cache)	2025-09-26T11:40:50.0255924Z Cached:    0 cached, 20 total
Code Quality	Type check (force no stale cache)	2025-09-26T11:40:50.0256306Z   Time:    13.042s 
Code Quality	Type check (force no stale cache)	2025-09-26T11:40:50.0256805Z Failed:    @athlete-ally/protocol-engine#type-check
Code Quality	Type check (force no stale cache)	2025-09-26T11:40:50.0257161Z 
Code Quality	Type check (force no stale cache)	2025-09-26T11:40:50.0329992Z  ERROR  run failed: command  exited (2)
Code Quality	Type check (force no stale cache)	2025-09-26T11:40:50.1036205Z ##[error]Process completed with exit code 2.
Code Quality	Upload Prisma client dirs (debug)	﻿2025-09-26T11:40:50.1082559Z ##[group]Run actions/upload-artifact@v4
Code Quality	Upload Prisma client dirs (debug)	2025-09-26T11:40:50.1084033Z with:
Code Quality	Upload Prisma client dirs (debug)	2025-09-26T11:40:50.1084244Z   name: prisma-clients-18036668211
Code Quality	Upload Prisma client dirs (debug)	2025-09-26T11:40:50.1084613Z   path: services/*/prisma/generated/client
Code Quality	Upload Prisma client dirs (debug)	services/*/prisma/schema.prisma
Code Quality	Upload Prisma client dirs (debug)	
Code Quality	Upload Prisma client dirs (debug)	2025-09-26T11:40:50.1084988Z   if-no-files-found: warn
Code Quality	Upload Prisma client dirs (debug)	2025-09-26T11:40:50.1085207Z   compression-level: 6
Code Quality	Upload Prisma client dirs (debug)	2025-09-26T11:40:50.1085423Z   overwrite: false
Code Quality	Upload Prisma client dirs (debug)	2025-09-26T11:40:50.1085618Z   include-hidden-files: false
Code Quality	Upload Prisma client dirs (debug)	2025-09-26T11:40:50.1085829Z env:
Code Quality	Upload Prisma client dirs (debug)	2025-09-26T11:40:50.1085986Z   NODE_VERSION: 20.18.0
Code Quality	Upload Prisma client dirs (debug)	2025-09-26T11:40:50.1086176Z   TURBO_TOKEN: 
Code Quality	Upload Prisma client dirs (debug)	2025-09-26T11:40:50.1086348Z   TURBO_TEAM: 
Code Quality	Upload Prisma client dirs (debug)	2025-09-26T11:40:50.1086516Z   NODE_ENV: test
Code Quality	Upload Prisma client dirs (debug)	2025-09-26T11:40:50.1086698Z   PROMETHEUS_PORT: 9090
Code Quality	Upload Prisma client dirs (debug)	2025-09-26T11:40:50.1086894Z   GRAFANA_PORT: 3001
Code Quality	Upload Prisma client dirs (debug)	2025-09-26T11:40:50.1087097Z   GF_SECURITY_ADMIN_PASSWORD: admin123
Code Quality	Upload Prisma client dirs (debug)	2025-09-26T11:40:50.1087339Z   JAEGER_PORT: 16686
Code Quality	Upload Prisma client dirs (debug)	2025-09-26T11:40:50.1087549Z   OPENAI_API_KEY: test_openai_key_for_ci
Code Quality	Upload Prisma client dirs (debug)	2025-09-26T11:40:50.1087807Z   JWT_SECRET: test_jwt_secret_for_ci
Code Quality	Upload Prisma client dirs (debug)	2025-09-26T11:40:50.1088095Z   ENCRYPTION_KEY: test_encryption_key_for_ci
Code Quality	Upload Prisma client dirs (debug)	2025-09-26T11:40:50.1088375Z   FRONTEND_URL: http://localhost:3000
Code Quality	Upload Prisma client dirs (debug)	2025-09-26T11:40:50.1088641Z   GATEWAY_BFF_URL: http://localhost:4000
Code Quality	Upload Prisma client dirs (debug)	2025-09-26T11:40:50.1088900Z   API_BASE_URL: http://localhost:4000
Code Quality	Upload Prisma client dirs (debug)	2025-09-26T11:40:50.1089136Z ##[endgroup]
Code Quality	Upload Prisma client dirs (debug)	2025-09-26T11:40:50.3548453Z With the provided path, there will be 129 files uploaded
Code Quality	Upload Prisma client dirs (debug)	2025-09-26T11:40:50.3553067Z Artifact name is valid!
Code Quality	Upload Prisma client dirs (debug)	2025-09-26T11:40:50.3554487Z Root directory input is valid!
Code Quality	Upload Prisma client dirs (debug)	2025-09-26T11:40:50.4841889Z Beginning upload of artifact content to blob storage
Code Quality	Upload Prisma client dirs (debug)	2025-09-26T11:40:51.3174025Z Uploaded bytes 8388608
Code Quality	Upload Prisma client dirs (debug)	2025-09-26T11:40:52.0426196Z Uploaded bytes 16777216
Code Quality	Upload Prisma client dirs (debug)	2025-09-26T11:40:52.5725509Z Uploaded bytes 25165824
Code Quality	Upload Prisma client dirs (debug)	2025-09-26T11:40:53.2773172Z Uploaded bytes 33554432
Code Quality	Upload Prisma client dirs (debug)	2025-09-26T11:40:53.9121103Z Uploaded bytes 41943040
Code Quality	Upload Prisma client dirs (debug)	2025-09-26T11:40:54.6420588Z Uploaded bytes 50331648
Code Quality	Upload Prisma client dirs (debug)	2025-09-26T11:40:55.1920718Z Uploaded bytes 58720256
Code Quality	Upload Prisma client dirs (debug)	2025-09-26T11:40:55.8508894Z Uploaded bytes 67108864
Code Quality	Upload Prisma client dirs (debug)	2025-09-26T11:40:55.9471236Z Uploaded bytes 70316180
Code Quality	Upload Prisma client dirs (debug)	2025-09-26T11:40:55.9608944Z Finished uploading artifact content to blob storage!
Code Quality	Upload Prisma client dirs (debug)	2025-09-26T11:40:55.9612669Z SHA256 digest of uploaded artifact zip is 6a90c687510788d60941becb10ad21bf6cbf21d9ebf10718d3f1b87dfacd6680
Code Quality	Upload Prisma client dirs (debug)	2025-09-26T11:40:55.9615125Z Finalizing artifact upload
Code Quality	Upload Prisma client dirs (debug)	2025-09-26T11:40:56.0867074Z Artifact prisma-clients-18036668211.zip successfully finalized. Artifact ID 4114477768
Code Quality	Upload Prisma client dirs (debug)	2025-09-26T11:40:56.0868071Z Artifact prisma-clients-18036668211 has been successfully uploaded! Final size is 70316180 bytes. Artifact ID is 4114477768
Code Quality	Upload Prisma client dirs (debug)	2025-09-26T11:40:56.0876314Z Artifact download URL: https://github.com/nathanku3-hue/athelete-ally/actions/runs/18036668211/artifacts/4114477768
Code Quality	Post Checkout (selected ref)	﻿2025-09-26T11:40:56.1048111Z Post job cleanup.
Code Quality	Post Checkout (selected ref)	2025-09-26T11:40:56.1981340Z [command]/usr/bin/git version
Code Quality	Post Checkout (selected ref)	2025-09-26T11:40:56.2024617Z git version 2.51.0
Code Quality	Post Checkout (selected ref)	2025-09-26T11:40:56.2065844Z Temporarily overriding HOME='/home/runner/work/_temp/17106117-f676-4625-a768-3007e6c55b69' before making global git config changes
Code Quality	Post Checkout (selected ref)	2025-09-26T11:40:56.2066740Z Adding repository directory to the temporary git global config as a safe directory
Code Quality	Post Checkout (selected ref)	2025-09-26T11:40:56.2070913Z [command]/usr/bin/git config --global --add safe.directory /home/runner/work/athelete-ally/athelete-ally
Code Quality	Post Checkout (selected ref)	2025-09-26T11:40:56.2103037Z [command]/usr/bin/git config --local --name-only --get-regexp core\.sshCommand
Code Quality	Post Checkout (selected ref)	2025-09-26T11:40:56.2134865Z [command]/usr/bin/git submodule foreach --recursive sh -c "git config --local --name-only --get-regexp 'core\.sshCommand' && git config --local --unset-all 'core.sshCommand' || :"
Code Quality	Post Checkout (selected ref)	2025-09-26T11:40:56.2361592Z [command]/usr/bin/git config --local --name-only --get-regexp http\.https\:\/\/github\.com\/\.extraheader
Code Quality	Post Checkout (selected ref)	2025-09-26T11:40:56.2382939Z http.https://github.com/.extraheader
Code Quality	Post Checkout (selected ref)	2025-09-26T11:40:56.2396051Z [command]/usr/bin/git config --local --unset-all http.https://github.com/.extraheader
Code Quality	Post Checkout (selected ref)	2025-09-26T11:40:56.2426832Z [command]/usr/bin/git submodule foreach --recursive sh -c "git config --local --name-only --get-regexp 'http\.https\:\/\/github\.com\/\.extraheader' && git config --local --unset-all 'http.https://github.com/.extraheader' || :"
Code Quality	Complete job	﻿2025-09-26T11:40:56.2750180Z Cleaning up orphan processes
