Code Quality	Set up job	﻿2025-09-26T11:43:58.9638773Z Current runner version: '2.328.0'
Code Quality	Set up job	2025-09-26T11:43:58.9665565Z ##[group]Runner Image Provisioner
Code Quality	Set up job	2025-09-26T11:43:58.9666711Z Hosted Compute Agent
Code Quality	Set up job	2025-09-26T11:43:58.9667235Z Version: 20250912.392
Code Quality	Set up job	2025-09-26T11:43:58.9667901Z Commit: d921fda672a98b64f4f82364647e2f10b2267d0b
Code Quality	Set up job	2025-09-26T11:43:58.9668581Z Build Date: 2025-09-12T15:23:14Z
Code Quality	Set up job	2025-09-26T11:43:58.9669166Z ##[endgroup]
Code Quality	Set up job	2025-09-26T11:43:58.9669672Z ##[group]Operating System
Code Quality	Set up job	2025-09-26T11:43:58.9670301Z Ubuntu
Code Quality	Set up job	2025-09-26T11:43:58.9670755Z 24.04.3
Code Quality	Set up job	2025-09-26T11:43:58.9671205Z LTS
Code Quality	Set up job	2025-09-26T11:43:58.9671729Z ##[endgroup]
Code Quality	Set up job	2025-09-26T11:43:58.9672190Z ##[group]Runner Image
Code Quality	Set up job	2025-09-26T11:43:58.9672757Z Image: ubuntu-24.04
Code Quality	Set up job	2025-09-26T11:43:58.9673303Z Version: 20250922.53.1
Code Quality	Set up job	2025-09-26T11:43:58.9674323Z Included Software: https://github.com/actions/runner-images/blob/ubuntu24/20250922.53/images/ubuntu/Ubuntu2404-Readme.md
Code Quality	Set up job	2025-09-26T11:43:58.9676039Z Image Release: https://github.com/actions/runner-images/releases/tag/ubuntu24%2F20250922.53
Code Quality	Set up job	2025-09-26T11:43:58.9677283Z ##[endgroup]
Code Quality	Set up job	2025-09-26T11:43:58.9678511Z ##[group]GITHUB_TOKEN Permissions
Code Quality	Set up job	2025-09-26T11:43:58.9680432Z Contents: read
Code Quality	Set up job	2025-09-26T11:43:58.9681018Z Issues: write
Code Quality	Set up job	2025-09-26T11:43:58.9681549Z Metadata: read
Code Quality	Set up job	2025-09-26T11:43:58.9682092Z PullRequests: write
Code Quality	Set up job	2025-09-26T11:43:58.9682633Z ##[endgroup]
Code Quality	Set up job	2025-09-26T11:43:58.9684772Z Secret source: Actions
Code Quality	Set up job	2025-09-26T11:43:58.9685839Z Prepare workflow directory
Code Quality	Set up job	2025-09-26T11:43:59.0228202Z Prepare all required actions
Code Quality	Set up job	2025-09-26T11:43:59.0267333Z Getting action download info
Code Quality	Set up job	2025-09-26T11:43:59.3913579Z Download action repository 'actions/checkout@v4' (SHA:08eba0b27e820071cde6df949e0beb9ba4906955)
Code Quality	Set up job	2025-09-26T11:43:59.5869723Z Download action repository 'actions/setup-node@v4' (SHA:49933ea5288caeca8642d1e84afbd3f7d6820020)
Code Quality	Set up job	2025-09-26T11:43:59.6756774Z Download action repository 'actions/upload-artifact@v4' (SHA:ea165f8d65b6e75b540449e92b4886f43607fa02)
Code Quality	Set up job	2025-09-26T11:43:59.8605206Z Complete job name: Code Quality
Code Quality	Checkout (selected ref)	﻿2025-09-26T11:43:59.9297748Z ##[group]Run actions/checkout@v4
Code Quality	Checkout (selected ref)	2025-09-26T11:43:59.9298642Z with:
Code Quality	Checkout (selected ref)	2025-09-26T11:43:59.9299050Z   ref: refs/pull/1/merge
Code Quality	Checkout (selected ref)	2025-09-26T11:43:59.9299496Z   fetch-depth: 0
Code Quality	Checkout (selected ref)	2025-09-26T11:43:59.9299931Z   repository: nathanku3-hue/athelete-ally
Code Quality	Checkout (selected ref)	2025-09-26T11:43:59.9300648Z   token: ***
Code Quality	Checkout (selected ref)	2025-09-26T11:43:59.9301029Z   ssh-strict: true
Code Quality	Checkout (selected ref)	2025-09-26T11:43:59.9301415Z   ssh-user: git
Code Quality	Checkout (selected ref)	2025-09-26T11:43:59.9301808Z   persist-credentials: true
Code Quality	Checkout (selected ref)	2025-09-26T11:43:59.9302243Z   clean: true
Code Quality	Checkout (selected ref)	2025-09-26T11:43:59.9302640Z   sparse-checkout-cone-mode: true
Code Quality	Checkout (selected ref)	2025-09-26T11:43:59.9303112Z   fetch-tags: false
Code Quality	Checkout (selected ref)	2025-09-26T11:43:59.9303506Z   show-progress: true
Code Quality	Checkout (selected ref)	2025-09-26T11:43:59.9303910Z   lfs: false
Code Quality	Checkout (selected ref)	2025-09-26T11:43:59.9304263Z   submodules: false
Code Quality	Checkout (selected ref)	2025-09-26T11:43:59.9304656Z   set-safe-directory: true
Code Quality	Checkout (selected ref)	2025-09-26T11:43:59.9305274Z env:
Code Quality	Checkout (selected ref)	2025-09-26T11:43:59.9305927Z   NODE_VERSION: 20.18.0
Code Quality	Checkout (selected ref)	2025-09-26T11:43:59.9306445Z   TURBO_TOKEN: 
Code Quality	Checkout (selected ref)	2025-09-26T11:43:59.9306823Z   TURBO_TEAM: 
Code Quality	Checkout (selected ref)	2025-09-26T11:43:59.9307190Z   NODE_ENV: test
Code Quality	Checkout (selected ref)	2025-09-26T11:43:59.9307618Z   PROMETHEUS_PORT: 9090
Code Quality	Checkout (selected ref)	2025-09-26T11:43:59.9308041Z   GRAFANA_PORT: 3001
Code Quality	Checkout (selected ref)	2025-09-26T11:43:59.9308462Z   GF_SECURITY_ADMIN_PASSWORD: admin123
Code Quality	Checkout (selected ref)	2025-09-26T11:43:59.9308953Z   JAEGER_PORT: 16686
Code Quality	Checkout (selected ref)	2025-09-26T11:43:59.9309396Z   OPENAI_API_KEY: test_openai_key_for_ci
Code Quality	Checkout (selected ref)	2025-09-26T11:43:59.9309907Z   JWT_SECRET: test_jwt_secret_for_ci
Code Quality	Checkout (selected ref)	2025-09-26T11:43:59.9310421Z   ENCRYPTION_KEY: test_encryption_key_for_ci
Code Quality	Checkout (selected ref)	2025-09-26T11:43:59.9310968Z   FRONTEND_URL: http://localhost:3000
Code Quality	Checkout (selected ref)	2025-09-26T11:43:59.9311499Z   GATEWAY_BFF_URL: http://localhost:4000
Code Quality	Checkout (selected ref)	2025-09-26T11:43:59.9312021Z   API_BASE_URL: http://localhost:4000
Code Quality	Checkout (selected ref)	2025-09-26T11:43:59.9312495Z ##[endgroup]
Code Quality	Checkout (selected ref)	2025-09-26T11:44:00.0470094Z Syncing repository: nathanku3-hue/athelete-ally
Code Quality	Checkout (selected ref)	2025-09-26T11:44:00.0472039Z ##[group]Getting Git version info
Code Quality	Checkout (selected ref)	2025-09-26T11:44:00.0472810Z Working directory is '/home/runner/work/athelete-ally/athelete-ally'
Code Quality	Checkout (selected ref)	2025-09-26T11:44:00.0473788Z [command]/usr/bin/git version
Code Quality	Checkout (selected ref)	2025-09-26T11:44:00.0556498Z git version 2.51.0
Code Quality	Checkout (selected ref)	2025-09-26T11:44:00.0585564Z ##[endgroup]
Code Quality	Checkout (selected ref)	2025-09-26T11:44:00.0603396Z Temporarily overriding HOME='/home/runner/work/_temp/4fd53dd0-14c1-405c-9b60-294fc090c4f2' before making global git config changes
Code Quality	Checkout (selected ref)	2025-09-26T11:44:00.0604793Z Adding repository directory to the temporary git global config as a safe directory
Code Quality	Checkout (selected ref)	2025-09-26T11:44:00.0609748Z [command]/usr/bin/git config --global --add safe.directory /home/runner/work/athelete-ally/athelete-ally
Code Quality	Checkout (selected ref)	2025-09-26T11:44:00.0649427Z Deleting the contents of '/home/runner/work/athelete-ally/athelete-ally'
Code Quality	Checkout (selected ref)	2025-09-26T11:44:00.0653232Z ##[group]Initializing the repository
Code Quality	Checkout (selected ref)	2025-09-26T11:44:00.0657496Z [command]/usr/bin/git init /home/runner/work/athelete-ally/athelete-ally
Code Quality	Checkout (selected ref)	2025-09-26T11:44:00.0753201Z hint: Using 'master' as the name for the initial branch. This default branch name
Code Quality	Checkout (selected ref)	2025-09-26T11:44:00.0754852Z hint: is subject to change. To configure the initial branch name to use in all
Code Quality	Checkout (selected ref)	2025-09-26T11:44:00.0756568Z hint: of your new repositories, which will suppress this warning, call:
Code Quality	Checkout (selected ref)	2025-09-26T11:44:00.0757745Z hint:
Code Quality	Checkout (selected ref)	2025-09-26T11:44:00.0758485Z hint: 	git config --global init.defaultBranch <name>
Code Quality	Checkout (selected ref)	2025-09-26T11:44:00.0759088Z hint:
Code Quality	Checkout (selected ref)	2025-09-26T11:44:00.0759627Z hint: Names commonly chosen instead of 'master' are 'main', 'trunk' and
Code Quality	Checkout (selected ref)	2025-09-26T11:44:00.0760525Z hint: 'development'. The just-created branch can be renamed via this command:
Code Quality	Checkout (selected ref)	2025-09-26T11:44:00.0761211Z hint:
Code Quality	Checkout (selected ref)	2025-09-26T11:44:00.0761593Z hint: 	git branch -m <name>
Code Quality	Checkout (selected ref)	2025-09-26T11:44:00.0762020Z hint:
Code Quality	Checkout (selected ref)	2025-09-26T11:44:00.0762605Z hint: Disable this message with "git config set advice.defaultBranchName false"
Code Quality	Checkout (selected ref)	2025-09-26T11:44:00.0764119Z Initialized empty Git repository in /home/runner/work/athelete-ally/athelete-ally/.git/
Code Quality	Checkout (selected ref)	2025-09-26T11:44:00.0769778Z [command]/usr/bin/git remote add origin https://github.com/nathanku3-hue/athelete-ally
Code Quality	Checkout (selected ref)	2025-09-26T11:44:00.0806760Z ##[endgroup]
Code Quality	Checkout (selected ref)	2025-09-26T11:44:00.0807489Z ##[group]Disabling automatic garbage collection
Code Quality	Checkout (selected ref)	2025-09-26T11:44:00.0811154Z [command]/usr/bin/git config --local gc.auto 0
Code Quality	Checkout (selected ref)	2025-09-26T11:44:00.0840005Z ##[endgroup]
Code Quality	Checkout (selected ref)	2025-09-26T11:44:00.0840703Z ##[group]Setting up auth
Code Quality	Checkout (selected ref)	2025-09-26T11:44:00.0847343Z [command]/usr/bin/git config --local --name-only --get-regexp core\.sshCommand
Code Quality	Checkout (selected ref)	2025-09-26T11:44:00.0877904Z [command]/usr/bin/git submodule foreach --recursive sh -c "git config --local --name-only --get-regexp 'core\.sshCommand' && git config --local --unset-all 'core.sshCommand' || :"
Code Quality	Checkout (selected ref)	2025-09-26T11:44:00.1204296Z [command]/usr/bin/git config --local --name-only --get-regexp http\.https\:\/\/github\.com\/\.extraheader
Code Quality	Checkout (selected ref)	2025-09-26T11:44:00.1238453Z [command]/usr/bin/git submodule foreach --recursive sh -c "git config --local --name-only --get-regexp 'http\.https\:\/\/github\.com\/\.extraheader' && git config --local --unset-all 'http.https://github.com/.extraheader' || :"
Code Quality	Checkout (selected ref)	2025-09-26T11:44:00.1473737Z [command]/usr/bin/git config --local http.https://github.com/.extraheader AUTHORIZATION: basic ***
Code Quality	Checkout (selected ref)	2025-09-26T11:44:00.1517206Z ##[endgroup]
Code Quality	Checkout (selected ref)	2025-09-26T11:44:00.1517989Z ##[group]Fetching the repository
Code Quality	Checkout (selected ref)	2025-09-26T11:44:00.1527493Z [command]/usr/bin/git -c protocol.version=2 fetch --prune --no-recurse-submodules origin +refs/heads/*:refs/remotes/origin/* +refs/tags/*:refs/tags/* +refs/pull/1/merge:refs/remotes/pull/1/merge
Code Quality	Checkout (selected ref)	2025-09-26T11:44:03.1151242Z From https://github.com/nathanku3-hue/athelete-ally
Code Quality	Checkout (selected ref)	2025-09-26T11:44:03.1156702Z  * [new branch]      chore/lockfile-refresh-npm-overrides -> origin/chore/lockfile-refresh-npm-overrides
Code Quality	Checkout (selected ref)	2025-09-26T11:44:03.1158903Z  * [new branch]      chore/repo-hygiene     -> origin/chore/repo-hygiene
Code Quality	Checkout (selected ref)	2025-09-26T11:44:03.1160697Z  * [new branch]      feature/autonomous-hardening-20250919 -> origin/feature/autonomous-hardening-20250919
Code Quality	Checkout (selected ref)	2025-09-26T11:44:03.1162817Z  * [new branch]      feature/autonomous-hardening-20250923 -> origin/feature/autonomous-hardening-20250923
Code Quality	Checkout (selected ref)	2025-09-26T11:44:03.1164629Z  * [new branch]      feature/ci-polish      -> origin/feature/ci-polish
Code Quality	Checkout (selected ref)	2025-09-26T11:44:03.1166331Z  * [new branch]      feature/compose-profiles -> origin/feature/compose-profiles
Code Quality	Checkout (selected ref)	2025-09-26T11:44:03.1168434Z  * [new branch]      feature/dependency-hygiene -> origin/feature/dependency-hygiene
Code Quality	Checkout (selected ref)	2025-09-26T11:44:03.1170045Z  * [new branch]      feature/deploy-reliability -> origin/feature/deploy-reliability
Code Quality	Checkout (selected ref)	2025-09-26T11:44:03.1171751Z  * [new branch]      feature/docs-branch-protection -> origin/feature/docs-branch-protection
Code Quality	Checkout (selected ref)	2025-09-26T11:44:03.1173629Z  * [new branch]      feature/e2e-playwright-chromium -> origin/feature/e2e-playwright-chromium
Code Quality	Checkout (selected ref)	2025-09-26T11:44:03.1175828Z  * [new branch]      feature/harness-expansion -> origin/feature/harness-expansion
Code Quality	Checkout (selected ref)	2025-09-26T11:44:03.1177738Z  * [new branch]      feature/jest-layered-config -> origin/feature/jest-layered-config
Code Quality	Checkout (selected ref)	2025-09-26T11:44:03.1179408Z  * [new branch]      feature/minimal-ci-update -> origin/feature/minimal-ci-update
Code Quality	Checkout (selected ref)	2025-09-26T11:44:03.1181013Z  * [new branch]      feature/playwright-e2e -> origin/feature/playwright-e2e
Code Quality	Checkout (selected ref)	2025-09-26T11:44:03.1182858Z  * [new branch]      feature/vitest-to-jest-migration -> origin/feature/vitest-to-jest-migration
Code Quality	Checkout (selected ref)	2025-09-26T11:44:03.1184607Z  * [new branch]      fix/a11y-test          -> origin/fix/a11y-test
Code Quality	Checkout (selected ref)	2025-09-26T11:44:03.1186402Z  * [new branch]      fix/actionlint-quote-names -> origin/fix/actionlint-quote-names
Code Quality	Checkout (selected ref)	2025-09-26T11:44:03.1187899Z  * [new branch]      fix/ci-debug           -> origin/fix/ci-debug
Code Quality	Checkout (selected ref)	2025-09-26T11:44:03.1189290Z  * [new branch]      fix/deploy-reliability -> origin/fix/deploy-reliability
Code Quality	Checkout (selected ref)	2025-09-26T11:44:03.1191055Z  * [new branch]      fix/shellcheck-sanity-blocks -> origin/fix/shellcheck-sanity-blocks
Code Quality	Checkout (selected ref)	2025-09-26T11:44:03.1192545Z  * [new branch]      main                   -> origin/main
Code Quality	Checkout (selected ref)	2025-09-26T11:44:03.1193886Z  * [new branch]      trigger/v3-test-workflow -> origin/trigger/v3-test-workflow
Code Quality	Checkout (selected ref)	2025-09-26T11:44:03.1195273Z  * [new ref]         refs/pull/1/merge      -> pull/1/merge
Code Quality	Checkout (selected ref)	2025-09-26T11:44:03.1235520Z ##[endgroup]
Code Quality	Checkout (selected ref)	2025-09-26T11:44:03.1237079Z ##[group]Determining the checkout info
Code Quality	Checkout (selected ref)	2025-09-26T11:44:03.1238741Z ##[endgroup]
Code Quality	Checkout (selected ref)	2025-09-26T11:44:03.1243173Z [command]/usr/bin/git sparse-checkout disable
Code Quality	Checkout (selected ref)	2025-09-26T11:44:03.1288967Z [command]/usr/bin/git config --local --unset-all extensions.worktreeConfig
Code Quality	Checkout (selected ref)	2025-09-26T11:44:03.1320503Z ##[group]Checking out the ref
Code Quality	Checkout (selected ref)	2025-09-26T11:44:03.1325882Z [command]/usr/bin/git checkout --progress --force refs/remotes/pull/1/merge
Code Quality	Checkout (selected ref)	2025-09-26T11:44:03.1959984Z Note: switching to 'refs/remotes/pull/1/merge'.
Code Quality	Checkout (selected ref)	2025-09-26T11:44:03.1961917Z 
Code Quality	Checkout (selected ref)	2025-09-26T11:44:03.1963194Z You are in 'detached HEAD' state. You can look around, make experimental
Code Quality	Checkout (selected ref)	2025-09-26T11:44:03.1965885Z changes and commit them, and you can discard any commits you make in this
Code Quality	Checkout (selected ref)	2025-09-26T11:44:03.1968213Z state without impacting any branches by switching back to a branch.
Code Quality	Checkout (selected ref)	2025-09-26T11:44:03.1969477Z 
Code Quality	Checkout (selected ref)	2025-09-26T11:44:03.1970272Z If you want to create a new branch to retain commits you create, you may
Code Quality	Checkout (selected ref)	2025-09-26T11:44:03.1972192Z do so (now or later) by using -c with the switch command. Example:
Code Quality	Checkout (selected ref)	2025-09-26T11:44:03.1973348Z 
Code Quality	Checkout (selected ref)	2025-09-26T11:44:03.1973826Z   git switch -c <new-branch-name>
Code Quality	Checkout (selected ref)	2025-09-26T11:44:03.1974740Z 
Code Quality	Checkout (selected ref)	2025-09-26T11:44:03.1975221Z Or undo this operation with:
Code Quality	Checkout (selected ref)	2025-09-26T11:44:03.1976025Z 
Code Quality	Checkout (selected ref)	2025-09-26T11:44:03.1976307Z   git switch -
Code Quality	Checkout (selected ref)	2025-09-26T11:44:03.1977149Z 
Code Quality	Checkout (selected ref)	2025-09-26T11:44:03.1977885Z Turn off this advice by setting config variable advice.detachedHead to false
Code Quality	Checkout (selected ref)	2025-09-26T11:44:03.1979369Z 
Code Quality	Checkout (selected ref)	2025-09-26T11:44:03.1981038Z HEAD is now at f6943f3 Merge 861b0b001975841a3568780df486eeab5a437c62 into e29b8055cfb179301a2c9fe817546c91399ed1c4
Code Quality	Checkout (selected ref)	2025-09-26T11:44:03.1984980Z ##[endgroup]
Code Quality	Checkout (selected ref)	2025-09-26T11:44:03.2037058Z [command]/usr/bin/git log -1 --format=%H
Code Quality	Checkout (selected ref)	2025-09-26T11:44:03.2073726Z f6943f353a5e1cad283d2d96c8d45fc04bf15b0e
Code Quality	Setup Node.js	﻿2025-09-26T11:44:03.2475508Z ##[group]Run actions/setup-node@v4
Code Quality	Setup Node.js	2025-09-26T11:44:03.2477129Z with:
Code Quality	Setup Node.js	2025-09-26T11:44:03.2477943Z   node-version: 20.18.0
Code Quality	Setup Node.js	2025-09-26T11:44:03.2478835Z   cache: npm
Code Quality	Setup Node.js	2025-09-26T11:44:03.2479748Z   cache-dependency-path: package-lock.json
Code Quality	Setup Node.js	2025-09-26T11:44:03.2480882Z   always-auth: false
Code Quality	Setup Node.js	2025-09-26T11:44:03.2481767Z   check-latest: false
Code Quality	Setup Node.js	2025-09-26T11:44:03.2483187Z   token: ***
Code Quality	Setup Node.js	2025-09-26T11:44:03.2483974Z env:
Code Quality	Setup Node.js	2025-09-26T11:44:03.2484721Z   NODE_VERSION: 20.18.0
Code Quality	Setup Node.js	2025-09-26T11:44:03.2486210Z   TURBO_TOKEN: 
Code Quality	Setup Node.js	2025-09-26T11:44:03.2487068Z   TURBO_TEAM: 
Code Quality	Setup Node.js	2025-09-26T11:44:03.2487883Z   NODE_ENV: test
Code Quality	Setup Node.js	2025-09-26T11:44:03.2488730Z   PROMETHEUS_PORT: 9090
Code Quality	Setup Node.js	2025-09-26T11:44:03.2489635Z   GRAFANA_PORT: 3001
Code Quality	Setup Node.js	2025-09-26T11:44:03.2490548Z   GF_SECURITY_ADMIN_PASSWORD: admin123
Code Quality	Setup Node.js	2025-09-26T11:44:03.2491609Z   JAEGER_PORT: 16686
Code Quality	Setup Node.js	2025-09-26T11:44:03.2492526Z   OPENAI_API_KEY: test_openai_key_for_ci
Code Quality	Setup Node.js	2025-09-26T11:44:03.2493654Z   JWT_SECRET: test_jwt_secret_for_ci
Code Quality	Setup Node.js	2025-09-26T11:44:03.2494765Z   ENCRYPTION_KEY: test_encryption_key_for_ci
Code Quality	Setup Node.js	2025-09-26T11:44:03.2496424Z   FRONTEND_URL: http://localhost:3000
Code Quality	Setup Node.js	2025-09-26T11:44:03.2497582Z   GATEWAY_BFF_URL: http://localhost:4000
Code Quality	Setup Node.js	2025-09-26T11:44:03.2498745Z   API_BASE_URL: http://localhost:4000
Code Quality	Setup Node.js	2025-09-26T11:44:03.2499793Z ##[endgroup]
Code Quality	Setup Node.js	2025-09-26T11:44:03.4384109Z Attempting to download 20.18.0...
Code Quality	Setup Node.js	2025-09-26T11:44:03.8476699Z Acquiring 20.18.0 - x64 from https://github.com/actions/node-versions/releases/download/20.18.0-11182621166/node-20.18.0-linux-x64.tar.gz
Code Quality	Setup Node.js	2025-09-26T11:44:04.2384176Z Extracting ...
Code Quality	Setup Node.js	2025-09-26T11:44:04.2493589Z [command]/usr/bin/tar xz --strip 1 --warning=no-unknown-keyword --overwrite -C /home/runner/work/_temp/394db49c-f6ba-414c-9b38-1e936f92f1d8 -f /home/runner/work/_temp/a5161038-647c-41aa-aa8e-74dd51311760
Code Quality	Setup Node.js	2025-09-26T11:44:05.2232000Z Adding to the cache ...
Code Quality	Setup Node.js	2025-09-26T11:44:06.8224425Z ##[group]Environment details
Code Quality	Setup Node.js	2025-09-26T11:44:07.0561517Z node: v20.18.0
Code Quality	Setup Node.js	2025-09-26T11:44:07.0562300Z npm: 10.8.2
Code Quality	Setup Node.js	2025-09-26T11:44:07.0563005Z yarn: 1.22.22
Code Quality	Setup Node.js	2025-09-26T11:44:07.0563700Z ##[endgroup]
Code Quality	Setup Node.js	2025-09-26T11:44:07.0587117Z [command]/opt/hostedtoolcache/node/20.18.0/x64/bin/npm config get cache
Code Quality	Setup Node.js	2025-09-26T11:44:07.1621295Z /home/runner/.npm
Code Quality	Setup Node.js	2025-09-26T11:44:07.2955068Z Cache hit for: node-cache-Linux-x64-npm-cf2664d24e7d9789ba480a50d1c41588a5a72e0c9c3802dce7535ee781fa5829
Code Quality	Setup Node.js	2025-09-26T11:44:08.4273214Z Received 117440512 of 285091756 (41.2%), 112.0 MBs/sec
Code Quality	Setup Node.js	2025-09-26T11:44:09.4750892Z Received 268435456 of 285091756 (94.2%), 125.0 MBs/sec
Code Quality	Setup Node.js	2025-09-26T11:44:09.7004657Z Received 285091756 of 285091756 (100.0%), 119.6 MBs/sec
Code Quality	Setup Node.js	2025-09-26T11:44:09.7005875Z Cache Size: ~272 MB (285091756 B)
Code Quality	Setup Node.js	2025-09-26T11:44:09.7152529Z [command]/usr/bin/tar -xf /home/runner/work/_temp/c44f97a4-34d2-4612-af00-fefeed43fe23/cache.tzst -P -C /home/runner/work/athelete-ally/athelete-ally --use-compress-program unzstd
Code Quality	Setup Node.js	2025-09-26T11:44:10.3968871Z Cache restored successfully
Code Quality	Setup Node.js	2025-09-26T11:44:10.4628049Z Cache restored from key: node-cache-Linux-x64-npm-cf2664d24e7d9789ba480a50d1c41588a5a72e0c9c3802dce7535ee781fa5829
Code Quality	Enable Corepack and Enforce Package Manager Version	﻿2025-09-26T11:44:10.4827742Z ##[group]Run corepack enable
Code Quality	Enable Corepack and Enforce Package Manager Version	2025-09-26T11:44:10.4828301Z [36;1mcorepack enable[0m
Code Quality	Enable Corepack and Enforce Package Manager Version	2025-09-26T11:44:10.4877895Z shell: /usr/bin/bash -e {0}
Code Quality	Enable Corepack and Enforce Package Manager Version	2025-09-26T11:44:10.4878278Z env:
Code Quality	Enable Corepack and Enforce Package Manager Version	2025-09-26T11:44:10.4878553Z   NODE_VERSION: 20.18.0
Code Quality	Enable Corepack and Enforce Package Manager Version	2025-09-26T11:44:10.4878882Z   TURBO_TOKEN: 
Code Quality	Enable Corepack and Enforce Package Manager Version	2025-09-26T11:44:10.4879190Z   TURBO_TEAM: 
Code Quality	Enable Corepack and Enforce Package Manager Version	2025-09-26T11:44:10.4879471Z   NODE_ENV: test
Code Quality	Enable Corepack and Enforce Package Manager Version	2025-09-26T11:44:10.4879762Z   PROMETHEUS_PORT: 9090
Code Quality	Enable Corepack and Enforce Package Manager Version	2025-09-26T11:44:10.4880098Z   GRAFANA_PORT: 3001
Code Quality	Enable Corepack and Enforce Package Manager Version	2025-09-26T11:44:10.4880466Z   GF_SECURITY_ADMIN_PASSWORD: admin123
Code Quality	Enable Corepack and Enforce Package Manager Version	2025-09-26T11:44:10.4880851Z   JAEGER_PORT: 16686
Code Quality	Enable Corepack and Enforce Package Manager Version	2025-09-26T11:44:10.4881185Z   OPENAI_API_KEY: test_openai_key_for_ci
Code Quality	Enable Corepack and Enforce Package Manager Version	2025-09-26T11:44:10.4881601Z   JWT_SECRET: test_jwt_secret_for_ci
Code Quality	Enable Corepack and Enforce Package Manager Version	2025-09-26T11:44:10.4882021Z   ENCRYPTION_KEY: test_encryption_key_for_ci
Code Quality	Enable Corepack and Enforce Package Manager Version	2025-09-26T11:44:10.4882503Z   FRONTEND_URL: http://localhost:3000
Code Quality	Enable Corepack and Enforce Package Manager Version	2025-09-26T11:44:10.4882967Z   GATEWAY_BFF_URL: http://localhost:4000
Code Quality	Enable Corepack and Enforce Package Manager Version	2025-09-26T11:44:10.4883402Z   API_BASE_URL: http://localhost:4000
Code Quality	Enable Corepack and Enforce Package Manager Version	2025-09-26T11:44:10.4883823Z ##[endgroup]
Code Quality	Install dependencies	﻿2025-09-26T11:44:10.5654708Z ##[group]Run npm ci
Code Quality	Install dependencies	2025-09-26T11:44:10.5655087Z [36;1mnpm ci[0m
Code Quality	Install dependencies	2025-09-26T11:44:10.5698563Z shell: /usr/bin/bash -e {0}
Code Quality	Install dependencies	2025-09-26T11:44:10.5698930Z env:
Code Quality	Install dependencies	2025-09-26T11:44:10.5699210Z   NODE_VERSION: 20.18.0
Code Quality	Install dependencies	2025-09-26T11:44:10.5699523Z   TURBO_TOKEN: 
Code Quality	Install dependencies	2025-09-26T11:44:10.5700120Z   TURBO_TEAM: 
Code Quality	Install dependencies	2025-09-26T11:44:10.5700401Z   NODE_ENV: test
Code Quality	Install dependencies	2025-09-26T11:44:10.5700691Z   PROMETHEUS_PORT: 9090
Code Quality	Install dependencies	2025-09-26T11:44:10.5701025Z   GRAFANA_PORT: 3001
Code Quality	Install dependencies	2025-09-26T11:44:10.5701359Z   GF_SECURITY_ADMIN_PASSWORD: admin123
Code Quality	Install dependencies	2025-09-26T11:44:10.5701751Z   JAEGER_PORT: 16686
Code Quality	Install dependencies	2025-09-26T11:44:10.5702078Z   OPENAI_API_KEY: test_openai_key_for_ci
Code Quality	Install dependencies	2025-09-26T11:44:10.5702495Z   JWT_SECRET: test_jwt_secret_for_ci
Code Quality	Install dependencies	2025-09-26T11:44:10.5702913Z   ENCRYPTION_KEY: test_encryption_key_for_ci
Code Quality	Install dependencies	2025-09-26T11:44:10.5703377Z   FRONTEND_URL: http://localhost:3000
Code Quality	Install dependencies	2025-09-26T11:44:10.5703819Z   GATEWAY_BFF_URL: http://localhost:4000
Code Quality	Install dependencies	2025-09-26T11:44:10.5704251Z   API_BASE_URL: http://localhost:4000
Code Quality	Install dependencies	2025-09-26T11:44:10.5704632Z ##[endgroup]
Code Quality	Install dependencies	2025-09-26T11:44:18.2520762Z npm warn deprecated inflight@1.0.6: This module is not supported, and leaks memory. Do not use it. Check out lru-cache if you want a good and tested way to coalesce async requests by a key value, which is much more comprehensive and powerful.
Code Quality	Install dependencies	2025-09-26T11:44:18.4528581Z npm warn deprecated supertest@6.3.4: Please upgrade to supertest v7.1.3+, see release notes at https://github.com/forwardemail/supertest/releases/tag/v7.1.3 - maintenance is supported by Forward Email @ https://forwardemail.net
Code Quality	Install dependencies	2025-09-26T11:44:18.5004802Z npm warn deprecated @humanwhocodes/config-array@0.13.0: Use @eslint/config-array instead
Code Quality	Install dependencies	2025-09-26T11:44:18.5211103Z npm warn deprecated rimraf@3.0.2: Rimraf versions prior to v4 are no longer supported
Code Quality	Install dependencies	2025-09-26T11:44:18.5437208Z npm warn deprecated abab@2.0.6: Use your platform's native atob() and btoa() methods instead
Code Quality	Install dependencies	2025-09-26T11:44:18.6002593Z npm warn deprecated acorn-import-assertions@1.9.0: package has been renamed to acorn-import-attributes
Code Quality	Install dependencies	2025-09-26T11:44:18.8328282Z npm warn deprecated @humanwhocodes/object-schema@2.0.3: Use @eslint/object-schema instead
Code Quality	Install dependencies	2025-09-26T11:44:18.8364547Z npm warn deprecated glob@7.2.3: Glob versions prior to v9 are no longer supported
Code Quality	Install dependencies	2025-09-26T11:44:18.8370789Z npm warn deprecated glob@7.2.3: Glob versions prior to v9 are no longer supported
Code Quality	Install dependencies	2025-09-26T11:44:18.8382413Z npm warn deprecated glob@7.2.3: Glob versions prior to v9 are no longer supported
Code Quality	Install dependencies	2025-09-26T11:44:18.8388863Z npm warn deprecated glob@7.2.3: Glob versions prior to v9 are no longer supported
Code Quality	Install dependencies	2025-09-26T11:44:18.8412914Z npm warn deprecated glob@7.2.3: Glob versions prior to v9 are no longer supported
Code Quality	Install dependencies	2025-09-26T11:44:18.8453126Z npm warn deprecated glob@7.2.3: Glob versions prior to v9 are no longer supported
Code Quality	Install dependencies	2025-09-26T11:44:18.8454198Z npm warn deprecated glob@8.1.0: Glob versions prior to v9 are no longer supported
Code Quality	Install dependencies	2025-09-26T11:44:18.9829960Z npm warn deprecated domexception@4.0.0: Use your platform's native DOMException instead
Code Quality	Install dependencies	2025-09-26T11:44:20.7266268Z npm warn deprecated node-domexception@1.0.0: Use your platform's native DOMException instead
Code Quality	Install dependencies	2025-09-26T11:44:21.3912577Z npm warn deprecated superagent@8.1.2: Please upgrade to superagent v10.2.2+, see release notes at https://github.com/forwardemail/superagent/releases/tag/v10.2.2 - maintenance is supported by Forward Email @ https://forwardemail.net
Code Quality	Install dependencies	2025-09-26T11:44:30.2881984Z npm warn deprecated @opentelemetry/otlp-proto-exporter-base@0.45.1: Package no longer supported. Contact Support at https://www.npmjs.com/support for more info.
Code Quality	Install dependencies	2025-09-26T11:44:30.2944763Z npm warn deprecated @opentelemetry/otlp-proto-exporter-base@0.46.0: Package no longer supported. Contact Support at https://www.npmjs.com/support for more info.
Code Quality	Install dependencies	2025-09-26T11:44:32.2660648Z npm warn deprecated eslint@8.57.1: This version is no longer supported. Please see https://eslint.org/version-support for other options.
Code Quality	Install dependencies	2025-09-26T11:44:38.4738402Z 
Code Quality	Install dependencies	2025-09-26T11:44:38.4738957Z > athlete-ally@0.1.0 preinstall
Code Quality	Install dependencies	2025-09-26T11:44:38.4739660Z > node scripts/check-node-version.js
Code Quality	Install dependencies	2025-09-26T11:44:38.4739845Z 
Code Quality	Install dependencies	2025-09-26T11:44:38.5319140Z ✅ Node.js version check passed: v20.18.0
Code Quality	Install dependencies	2025-09-26T11:44:38.5587863Z 
Code Quality	Install dependencies	2025-09-26T11:44:38.5588602Z added 1642 packages, and audited 1661 packages in 28s
Code Quality	Install dependencies	2025-09-26T11:44:38.5589384Z 
Code Quality	Install dependencies	2025-09-26T11:44:38.5589640Z 273 packages are looking for funding
Code Quality	Install dependencies	2025-09-26T11:44:38.5590105Z   run `npm fund` for details
Code Quality	Install dependencies	2025-09-26T11:44:38.5635844Z 
Code Quality	Install dependencies	2025-09-26T11:44:38.5636118Z found 0 vulnerabilities
Code Quality	Generate Prisma clients (all services)	﻿2025-09-26T11:44:38.6845840Z ##[group]Run set -euo pipefail
Code Quality	Generate Prisma clients (all services)	2025-09-26T11:44:38.6846165Z [36;1mset -euo pipefail[0m
Code Quality	Generate Prisma clients (all services)	2025-09-26T11:44:38.6846454Z [36;1mbash ./scripts/generate-prisma-clients.sh[0m
Code Quality	Generate Prisma clients (all services)	2025-09-26T11:44:38.6881072Z shell: /usr/bin/bash -e {0}
Code Quality	Generate Prisma clients (all services)	2025-09-26T11:44:38.6881302Z env:
Code Quality	Generate Prisma clients (all services)	2025-09-26T11:44:38.6881474Z   NODE_VERSION: 20.18.0
Code Quality	Generate Prisma clients (all services)	2025-09-26T11:44:38.6881665Z   TURBO_TOKEN: 
Code Quality	Generate Prisma clients (all services)	2025-09-26T11:44:38.6881837Z   TURBO_TEAM: 
Code Quality	Generate Prisma clients (all services)	2025-09-26T11:44:38.6882004Z   NODE_ENV: test
Code Quality	Generate Prisma clients (all services)	2025-09-26T11:44:38.6882177Z   PROMETHEUS_PORT: 9090
Code Quality	Generate Prisma clients (all services)	2025-09-26T11:44:38.6882372Z   GRAFANA_PORT: 3001
Code Quality	Generate Prisma clients (all services)	2025-09-26T11:44:38.6882571Z   GF_SECURITY_ADMIN_PASSWORD: admin123
Code Quality	Generate Prisma clients (all services)	2025-09-26T11:44:38.6882799Z   JAEGER_PORT: 16686
Code Quality	Generate Prisma clients (all services)	2025-09-26T11:44:38.6883007Z   OPENAI_API_KEY: test_openai_key_for_ci
Code Quality	Generate Prisma clients (all services)	2025-09-26T11:44:38.6883270Z   JWT_SECRET: test_jwt_secret_for_ci
Code Quality	Generate Prisma clients (all services)	2025-09-26T11:44:38.6883518Z   ENCRYPTION_KEY: test_encryption_key_for_ci
Code Quality	Generate Prisma clients (all services)	2025-09-26T11:44:38.6883793Z   FRONTEND_URL: http://localhost:3000
Code Quality	Generate Prisma clients (all services)	2025-09-26T11:44:38.6884049Z   GATEWAY_BFF_URL: http://localhost:4000
Code Quality	Generate Prisma clients (all services)	2025-09-26T11:44:38.6884328Z   API_BASE_URL: http://localhost:4000
Code Quality	Generate Prisma clients (all services)	2025-09-26T11:44:38.6884557Z ##[endgroup]
Code Quality	Generate Prisma clients (all services)	2025-09-26T11:44:38.6967221Z 🔧 Generating Prisma clients for all services...
Code Quality	Generate Prisma clients (all services)	2025-09-26T11:44:38.6980813Z Generating Prisma client for exercises...
Code Quality	Generate Prisma clients (all services)	2025-09-26T11:44:39.4010210Z Prisma schema loaded from prisma/schema.prisma
Code Quality	Generate Prisma clients (all services)	2025-09-26T11:44:39.7243311Z 
Code Quality	Generate Prisma clients (all services)	2025-09-26T11:44:39.7244744Z ✔ Generated Prisma Client (v5.22.0) to ./prisma/generated/client in 78ms
Code Quality	Generate Prisma clients (all services)	2025-09-26T11:44:39.7245229Z 
Code Quality	Generate Prisma clients (all services)	2025-09-26T11:44:39.7245938Z Start by importing your Prisma Client (See: https://pris.ly/d/importing-client)
Code Quality	Generate Prisma clients (all services)	2025-09-26T11:44:39.7246433Z 
Code Quality	Generate Prisma clients (all services)	2025-09-26T11:44:39.7246903Z Tip: Want to turn off tips and other hints? https://pris.ly/tip-4-nohints
Code Quality	Generate Prisma clients (all services)	2025-09-26T11:44:39.7247378Z 
Code Quality	Generate Prisma clients (all services)	2025-09-26T11:44:39.9453802Z ✅ exercises Prisma client generated successfully
Code Quality	Generate Prisma clients (all services)	2025-09-26T11:44:39.9462584Z Generating Prisma client for fatigue...
Code Quality	Generate Prisma clients (all services)	2025-09-26T11:44:40.6443353Z Prisma schema loaded from prisma/schema.prisma
Code Quality	Generate Prisma clients (all services)	2025-09-26T11:44:40.9700652Z 
Code Quality	Generate Prisma clients (all services)	2025-09-26T11:44:40.9702716Z ✔ Generated Prisma Client (v5.22.0) to ./prisma/generated/client in 77ms
Code Quality	Generate Prisma clients (all services)	2025-09-26T11:44:40.9703947Z 
Code Quality	Generate Prisma clients (all services)	2025-09-26T11:44:40.9705153Z Start by importing your Prisma Client (See: https://pris.ly/d/importing-client)
Code Quality	Generate Prisma clients (all services)	2025-09-26T11:44:40.9708936Z 
Code Quality	Generate Prisma clients (all services)	2025-09-26T11:44:40.9709549Z Tip: Want to turn off tips and other hints? https://pris.ly/tip-4-nohints
Code Quality	Generate Prisma clients (all services)	2025-09-26T11:44:40.9710341Z 
Code Quality	Generate Prisma clients (all services)	2025-09-26T11:44:41.0020547Z ┌─────────────────────────────────────────────────────────┐
Code Quality	Generate Prisma clients (all services)	2025-09-26T11:44:41.0021150Z │  Update available 5.22.0 -> 6.16.2                      │
Code Quality	Generate Prisma clients (all services)	2025-09-26T11:44:41.0021576Z │                                                         │
Code Quality	Generate Prisma clients (all services)	2025-09-26T11:44:41.0022052Z │  This is a major update - please follow the guide at    │
Code Quality	Generate Prisma clients (all services)	2025-09-26T11:44:41.0022589Z │  https://pris.ly/d/major-version-upgrade                │
Code Quality	Generate Prisma clients (all services)	2025-09-26T11:44:41.0023022Z │                                                         │
Code Quality	Generate Prisma clients (all services)	2025-09-26T11:44:41.0023431Z │  Run the following to update                            │
Code Quality	Generate Prisma clients (all services)	2025-09-26T11:44:41.0023881Z │    npm i --save-dev prisma@latest                       │
Code Quality	Generate Prisma clients (all services)	2025-09-26T11:44:41.0024300Z │    npm i @prisma/client@latest                          │
Code Quality	Generate Prisma clients (all services)	2025-09-26T11:44:41.0024719Z └─────────────────────────────────────────────────────────┘
Code Quality	Generate Prisma clients (all services)	2025-09-26T11:44:41.1903888Z ✅ fatigue Prisma client generated successfully
Code Quality	Generate Prisma clients (all services)	2025-09-26T11:44:41.1918068Z Generating Prisma client for planning-engine...
Code Quality	Generate Prisma clients (all services)	2025-09-26T11:44:41.8731944Z Prisma schema loaded from prisma/schema.prisma
Code Quality	Generate Prisma clients (all services)	2025-09-26T11:44:42.5315236Z 
Code Quality	Generate Prisma clients (all services)	2025-09-26T11:44:42.5317418Z ✔ Generated Prisma Client (v5.22.0) to ./prisma/generated/client in 130ms
Code Quality	Generate Prisma clients (all services)	2025-09-26T11:44:42.5318720Z 
Code Quality	Generate Prisma clients (all services)	2025-09-26T11:44:42.5319581Z Start by importing your Prisma Client (See: https://pris.ly/d/importing-client)
Code Quality	Generate Prisma clients (all services)	2025-09-26T11:44:42.5320431Z 
Code Quality	Generate Prisma clients (all services)	2025-09-26T11:44:42.5321367Z Tip: Easily identify and fix slow SQL queries in your app. Optimize helps you enhance your visibility: https://pris.ly/--optimize
Code Quality	Generate Prisma clients (all services)	2025-09-26T11:44:42.5322135Z 
Code Quality	Generate Prisma clients (all services)	2025-09-26T11:44:42.7539428Z ✅ planning-engine Prisma client generated successfully
Code Quality	Generate Prisma clients (all services)	2025-09-26T11:44:42.7552923Z Generating Prisma client for profile-onboarding...
Code Quality	Generate Prisma clients (all services)	2025-09-26T11:44:43.4455516Z Prisma schema loaded from prisma/schema.prisma
Code Quality	Generate Prisma clients (all services)	2025-09-26T11:44:43.7510466Z 
Code Quality	Generate Prisma clients (all services)	2025-09-26T11:44:43.7511890Z ✔ Generated Prisma Client (v5.22.0) to ./prisma/generated/client in 74ms
Code Quality	Generate Prisma clients (all services)	2025-09-26T11:44:43.7513607Z 
Code Quality	Generate Prisma clients (all services)	2025-09-26T11:44:43.7514234Z Start by importing your Prisma Client (See: https://pris.ly/d/importing-client)
Code Quality	Generate Prisma clients (all services)	2025-09-26T11:44:43.7514807Z 
Code Quality	Generate Prisma clients (all services)	2025-09-26T11:44:43.7515841Z Tip: Interested in query caching in just a few lines of code? Try Accelerate today! https://pris.ly/tip-3-accelerate
Code Quality	Generate Prisma clients (all services)	2025-09-26T11:44:43.7516568Z 
Code Quality	Generate Prisma clients (all services)	2025-09-26T11:44:43.9719860Z ✅ profile-onboarding Prisma client generated successfully
Code Quality	Generate Prisma clients (all services)	2025-09-26T11:44:43.9733385Z Generating Prisma client for protocol-engine...
Code Quality	Generate Prisma clients (all services)	2025-09-26T11:44:44.6612682Z Prisma schema loaded from prisma/schema.prisma
Code Quality	Generate Prisma clients (all services)	2025-09-26T11:44:45.1952903Z 
Code Quality	Generate Prisma clients (all services)	2025-09-26T11:44:45.1954049Z ✔ Generated Prisma Client (v5.22.0) to ./prisma/generated/client in 219ms
Code Quality	Generate Prisma clients (all services)	2025-09-26T11:44:45.1954563Z 
Code Quality	Generate Prisma clients (all services)	2025-09-26T11:44:45.1955059Z Start by importing your Prisma Client (See: https://pris.ly/d/importing-client)
Code Quality	Generate Prisma clients (all services)	2025-09-26T11:44:45.1955526Z 
Code Quality	Generate Prisma clients (all services)	2025-09-26T11:44:45.1956156Z Tip: Want to turn off tips and other hints? https://pris.ly/tip-4-nohints
Code Quality	Generate Prisma clients (all services)	2025-09-26T11:44:45.1956581Z 
Code Quality	Generate Prisma clients (all services)	2025-09-26T11:44:45.4167709Z ✅ protocol-engine Prisma client generated successfully
Code Quality	Generate Prisma clients (all services)	2025-09-26T11:44:45.4181865Z Generating Prisma client for workouts...
Code Quality	Generate Prisma clients (all services)	2025-09-26T11:44:46.1178929Z Prisma schema loaded from prisma/schema.prisma
Code Quality	Generate Prisma clients (all services)	2025-09-26T11:44:46.5174826Z 
Code Quality	Generate Prisma clients (all services)	2025-09-26T11:44:46.5177039Z ✔ Generated Prisma Client (v5.22.0) to ./prisma/generated/client in 143ms
Code Quality	Generate Prisma clients (all services)	2025-09-26T11:44:46.5178322Z 
Code Quality	Generate Prisma clients (all services)	2025-09-26T11:44:46.5178854Z Start by importing your Prisma Client (See: https://pris.ly/d/importing-client)
Code Quality	Generate Prisma clients (all services)	2025-09-26T11:44:46.5179369Z 
Code Quality	Generate Prisma clients (all services)	2025-09-26T11:44:46.5180097Z Tip: Need your database queries to be 1000x faster? Accelerate offers you that and more: https://pris.ly/tip-2-accelerate
Code Quality	Generate Prisma clients (all services)	2025-09-26T11:44:46.5180794Z 
Code Quality	Generate Prisma clients (all services)	2025-09-26T11:44:46.7412068Z ✅ workouts Prisma client generated successfully
Code Quality	Generate Prisma clients (all services)	2025-09-26T11:44:46.7412588Z ✅ All Prisma clients generated
Code Quality	Verify Prisma clients (per service)	﻿2025-09-26T11:44:46.7442389Z ##[group]Run set -euo pipefail
Code Quality	Verify Prisma clients (per service)	2025-09-26T11:44:46.7442728Z [36;1mset -euo pipefail[0m
Code Quality	Verify Prisma clients (per service)	2025-09-26T11:44:46.7443012Z [36;1mecho "🔎 Verifying per-service Prisma clients..."[0m
Code Quality	Verify Prisma clients (per service)	2025-09-26T11:44:46.7443321Z [36;1mmissing=0[0m
Code Quality	Verify Prisma clients (per service)	2025-09-26T11:44:46.7443518Z [36;1mfor svc in services/*; do[0m
Code Quality	Verify Prisma clients (per service)	2025-09-26T11:44:46.7443784Z [36;1m  if [ -f "$svc/prisma/schema.prisma" ]; then[0m
Code Quality	Verify Prisma clients (per service)	2025-09-26T11:44:46.7444110Z [36;1m    echo "• $svc: expect $svc/prisma/generated/client"[0m
Code Quality	Verify Prisma clients (per service)	2025-09-26T11:44:46.7444434Z [36;1m    if [ -d "$svc/prisma/generated/client" ]; then[0m
Code Quality	Verify Prisma clients (per service)	2025-09-26T11:44:46.7444727Z [36;1m      echo "  ✅ found"[0m
Code Quality	Verify Prisma clients (per service)	2025-09-26T11:44:46.7444928Z [36;1m    else[0m
Code Quality	Verify Prisma clients (per service)	2025-09-26T11:44:46.7445153Z [36;1m      echo "  ❌ missing $svc/prisma/generated/client"[0m
Code Quality	Verify Prisma clients (per service)	2025-09-26T11:44:46.7445449Z [36;1m      ls -la "$svc/prisma" || true[0m
Code Quality	Verify Prisma clients (per service)	2025-09-26T11:44:46.7445899Z [36;1m      missing=1[0m
Code Quality	Verify Prisma clients (per service)	2025-09-26T11:44:46.7446095Z [36;1m    fi[0m
Code Quality	Verify Prisma clients (per service)	2025-09-26T11:44:46.7446263Z [36;1m  fi[0m
Code Quality	Verify Prisma clients (per service)	2025-09-26T11:44:46.7446463Z [36;1mdone[0m
Code Quality	Verify Prisma clients (per service)	2025-09-26T11:44:46.7446708Z [36;1m[ "$missing" -eq 0 ] || { echo "❌ Prisma client missing"; exit 1; }[0m
Code Quality	Verify Prisma clients (per service)	2025-09-26T11:44:46.7481665Z shell: /usr/bin/bash -e {0}
Code Quality	Verify Prisma clients (per service)	2025-09-26T11:44:46.7481903Z env:
Code Quality	Verify Prisma clients (per service)	2025-09-26T11:44:46.7482068Z   NODE_VERSION: 20.18.0
Code Quality	Verify Prisma clients (per service)	2025-09-26T11:44:46.7482270Z   TURBO_TOKEN: 
Code Quality	Verify Prisma clients (per service)	2025-09-26T11:44:46.7482445Z   TURBO_TEAM: 
Code Quality	Verify Prisma clients (per service)	2025-09-26T11:44:46.7482613Z   NODE_ENV: test
Code Quality	Verify Prisma clients (per service)	2025-09-26T11:44:46.7482805Z   PROMETHEUS_PORT: 9090
Code Quality	Verify Prisma clients (per service)	2025-09-26T11:44:46.7483006Z   GRAFANA_PORT: 3001
Code Quality	Verify Prisma clients (per service)	2025-09-26T11:44:46.7483206Z   GF_SECURITY_ADMIN_PASSWORD: admin123
Code Quality	Verify Prisma clients (per service)	2025-09-26T11:44:46.7483650Z   JAEGER_PORT: 16686
Code Quality	Verify Prisma clients (per service)	2025-09-26T11:44:46.7483854Z   OPENAI_API_KEY: test_openai_key_for_ci
Code Quality	Verify Prisma clients (per service)	2025-09-26T11:44:46.7484103Z   JWT_SECRET: test_jwt_secret_for_ci
Code Quality	Verify Prisma clients (per service)	2025-09-26T11:44:46.7484354Z   ENCRYPTION_KEY: test_encryption_key_for_ci
Code Quality	Verify Prisma clients (per service)	2025-09-26T11:44:46.7484626Z   FRONTEND_URL: http://localhost:3000
Code Quality	Verify Prisma clients (per service)	2025-09-26T11:44:46.7484886Z   GATEWAY_BFF_URL: http://localhost:4000
Code Quality	Verify Prisma clients (per service)	2025-09-26T11:44:46.7485136Z   API_BASE_URL: http://localhost:4000
Code Quality	Verify Prisma clients (per service)	2025-09-26T11:44:46.7485380Z ##[endgroup]
Code Quality	Verify Prisma clients (per service)	2025-09-26T11:44:46.7545020Z 🔎 Verifying per-service Prisma clients...
Code Quality	Verify Prisma clients (per service)	2025-09-26T11:44:46.7546518Z • services/exercises: expect services/exercises/prisma/generated/client
Code Quality	Verify Prisma clients (per service)	2025-09-26T11:44:46.7546963Z   ✅ found
Code Quality	Verify Prisma clients (per service)	2025-09-26T11:44:46.7547673Z • services/fatigue: expect services/fatigue/prisma/generated/client
Code Quality	Verify Prisma clients (per service)	2025-09-26T11:44:46.7548267Z   ✅ found
Code Quality	Verify Prisma clients (per service)	2025-09-26T11:44:46.7548836Z • services/planning-engine: expect services/planning-engine/prisma/generated/client
Code Quality	Verify Prisma clients (per service)	2025-09-26T11:44:46.7549243Z   ✅ found
Code Quality	Verify Prisma clients (per service)	2025-09-26T11:44:46.7549762Z • services/profile-onboarding: expect services/profile-onboarding/prisma/generated/client
Code Quality	Verify Prisma clients (per service)	2025-09-26T11:44:46.7550181Z   ✅ found
Code Quality	Verify Prisma clients (per service)	2025-09-26T11:44:46.7550629Z • services/protocol-engine: expect services/protocol-engine/prisma/generated/client
Code Quality	Verify Prisma clients (per service)	2025-09-26T11:44:46.7551516Z   ✅ found
Code Quality	Verify Prisma clients (per service)	2025-09-26T11:44:46.7552186Z • services/workouts: expect services/workouts/prisma/generated/client
Code Quality	Verify Prisma clients (per service)	2025-09-26T11:44:46.7552778Z   ✅ found
Code Quality	Verify tsx availability	﻿2025-09-26T11:44:46.7596471Z ##[group]Run npx tsx --version
Code Quality	Verify tsx availability	2025-09-26T11:44:46.7596793Z [36;1mnpx tsx --version[0m
Code Quality	Verify tsx availability	2025-09-26T11:44:46.7629698Z shell: /usr/bin/bash -e {0}
Code Quality	Verify tsx availability	2025-09-26T11:44:46.7629928Z env:
Code Quality	Verify tsx availability	2025-09-26T11:44:46.7630109Z   NODE_VERSION: 20.18.0
Code Quality	Verify tsx availability	2025-09-26T11:44:46.7630298Z   TURBO_TOKEN: 
Code Quality	Verify tsx availability	2025-09-26T11:44:46.7630474Z   TURBO_TEAM: 
Code Quality	Verify tsx availability	2025-09-26T11:44:46.7630644Z   NODE_ENV: test
Code Quality	Verify tsx availability	2025-09-26T11:44:46.7630826Z   PROMETHEUS_PORT: 9090
Code Quality	Verify tsx availability	2025-09-26T11:44:46.7631025Z   GRAFANA_PORT: 3001
Code Quality	Verify tsx availability	2025-09-26T11:44:46.7631233Z   GF_SECURITY_ADMIN_PASSWORD: admin123
Code Quality	Verify tsx availability	2025-09-26T11:44:46.7631485Z   JAEGER_PORT: 16686
Code Quality	Verify tsx availability	2025-09-26T11:44:46.7631696Z   OPENAI_API_KEY: test_openai_key_for_ci
Code Quality	Verify tsx availability	2025-09-26T11:44:46.7631960Z   JWT_SECRET: test_jwt_secret_for_ci
Code Quality	Verify tsx availability	2025-09-26T11:44:46.7632210Z   ENCRYPTION_KEY: test_encryption_key_for_ci
Code Quality	Verify tsx availability	2025-09-26T11:44:46.7632503Z   FRONTEND_URL: http://localhost:3000
Code Quality	Verify tsx availability	2025-09-26T11:44:46.7632801Z   GATEWAY_BFF_URL: http://localhost:4000
Code Quality	Verify tsx availability	2025-09-26T11:44:46.7633121Z   API_BASE_URL: http://localhost:4000
Code Quality	Verify tsx availability	2025-09-26T11:44:46.7633396Z ##[endgroup]
Code Quality	Verify tsx availability	2025-09-26T11:44:47.1238801Z tsx v4.20.5
Code Quality	Verify tsx availability	2025-09-26T11:44:47.1321630Z node v20.18.0
Code Quality	Lint check	﻿2025-09-26T11:44:47.1469850Z ##[group]Run npx turbo run lint
Code Quality	Lint check	2025-09-26T11:44:47.1470139Z [36;1mnpx turbo run lint[0m
Code Quality	Lint check	2025-09-26T11:44:47.1502857Z shell: /usr/bin/bash -e {0}
Code Quality	Lint check	2025-09-26T11:44:47.1503089Z env:
Code Quality	Lint check	2025-09-26T11:44:47.1503265Z   NODE_VERSION: 20.18.0
Code Quality	Lint check	2025-09-26T11:44:47.1503458Z   TURBO_TOKEN: 
Code Quality	Lint check	2025-09-26T11:44:47.1503624Z   TURBO_TEAM: 
Code Quality	Lint check	2025-09-26T11:44:47.1503790Z   NODE_ENV: test
Code Quality	Lint check	2025-09-26T11:44:47.1503971Z   PROMETHEUS_PORT: 9090
Code Quality	Lint check	2025-09-26T11:44:47.1504170Z   GRAFANA_PORT: 3001
Code Quality	Lint check	2025-09-26T11:44:47.1504371Z   GF_SECURITY_ADMIN_PASSWORD: admin123
Code Quality	Lint check	2025-09-26T11:44:47.1504615Z   JAEGER_PORT: 16686
Code Quality	Lint check	2025-09-26T11:44:47.1504822Z   OPENAI_API_KEY: test_openai_key_for_ci
Code Quality	Lint check	2025-09-26T11:44:47.1505073Z   JWT_SECRET: test_jwt_secret_for_ci
Code Quality	Lint check	2025-09-26T11:44:47.1505328Z   ENCRYPTION_KEY: test_encryption_key_for_ci
Code Quality	Lint check	2025-09-26T11:44:47.1505810Z   FRONTEND_URL: http://localhost:3000
Code Quality	Lint check	2025-09-26T11:44:47.1506070Z   GATEWAY_BFF_URL: http://localhost:4000
Code Quality	Lint check	2025-09-26T11:44:47.1506319Z   API_BASE_URL: http://localhost:4000
Code Quality	Lint check	2025-09-26T11:44:47.1506588Z ##[endgroup]
Code Quality	Lint check	2025-09-26T11:44:47.5148833Z 
Code Quality	Lint check	2025-09-26T11:44:47.5149301Z Attention:
Code Quality	Lint check	2025-09-26T11:44:47.5150081Z Turborepo now collects completely anonymous telemetry regarding usage.
Code Quality	Lint check	2025-09-26T11:44:47.5151029Z This information is used to shape the Turborepo roadmap and prioritize features.
Code Quality	Lint check	2025-09-26T11:44:47.5152377Z You can learn more, including how to opt-out if you'd not like to participate in this anonymous program, by visiting the following URL:
Code Quality	Lint check	2025-09-26T11:44:47.5153725Z https://turborepo.com/docs/telemetry
Code Quality	Lint check	2025-09-26T11:44:47.5154033Z 
Code Quality	Lint check	2025-09-26T11:44:47.6322870Z • Packages in scope: @athlete-ally/adaptive-engine, @athlete-ally/analytics, @athlete-ally/contracts, @athlete-ally/event-bus, @athlete-ally/exercises, @athlete-ally/fatigue, @athlete-ally/gateway-bff, @athlete-ally/health-schema, @athlete-ally/job-scheduler, @athlete-ally/notification-service, @athlete-ally/otel-preset, @athlete-ally/planning-engine, @athlete-ally/profile-onboarding, @athlete-ally/protocol-engine, @athlete-ally/protocol-types, @athlete-ally/shared, @athlete-ally/shared-types, @athlete-ally/workouts
Code Quality	Lint check	2025-09-26T11:44:47.6327118Z • Running lint in 18 packages
Code Quality	Lint check	2025-09-26T11:44:47.6327542Z • Remote caching disabled
Code Quality	Lint check	2025-09-26T11:44:55.7187085Z ##[group]@athlete-ally/analytics:lint
Code Quality	Lint check	2025-09-26T11:44:55.7276918Z cache miss, executing 5a1e2320df1a57e1
Code Quality	Lint check	2025-09-26T11:44:55.7306226Z 
Code Quality	Lint check	2025-09-26T11:44:55.7307374Z > @athlete-ally/analytics@1.0.0 lint
Code Quality	Lint check	2025-09-26T11:44:55.7308251Z > eslint -c ../../eslint.config.mjs src
Code Quality	Lint check	2025-09-26T11:44:55.7308844Z 
Code Quality	Lint check	2025-09-26T11:44:55.7311253Z Pages directory cannot be found at /home/runner/work/athelete-ally/athelete-ally/services/analytics/pages or /home/runner/work/athelete-ally/athelete-ally/services/analytics/src/pages. If using a custom path, please configure with the `no-html-link-for-pages` rule in your eslint config file.
Code Quality	Lint check	2025-09-26T11:44:55.7313881Z ##[endgroup]
Code Quality	Lint check	2025-09-26T11:44:56.0036637Z ##[group]@athlete-ally/job-scheduler:lint
Code Quality	Lint check	2025-09-26T11:44:56.0037654Z cache miss, executing ecb1be06704353c1
Code Quality	Lint check	2025-09-26T11:44:56.0038216Z 
Code Quality	Lint check	2025-09-26T11:44:56.0038789Z > @athlete-ally/job-scheduler@1.0.0 lint
Code Quality	Lint check	2025-09-26T11:44:56.0039550Z > eslint -c ../../eslint.config.mjs src
Code Quality	Lint check	2025-09-26T11:44:56.0040006Z 
Code Quality	Lint check	2025-09-26T11:44:56.0042289Z Pages directory cannot be found at /home/runner/work/athelete-ally/athelete-ally/services/job-scheduler/pages or /home/runner/work/athelete-ally/athelete-ally/services/job-scheduler/src/pages. If using a custom path, please configure with the `no-html-link-for-pages` rule in your eslint config file.
Code Quality	Lint check	2025-09-26T11:44:56.0044651Z ##[endgroup]
Code Quality	Lint check	2025-09-26T11:44:56.5080521Z ##[group]@athlete-ally/shared-types:lint
Code Quality	Lint check	2025-09-26T11:44:56.5085386Z cache miss, executing d27a4618df1314ef
Code Quality	Lint check	2025-09-26T11:44:56.5086428Z 
Code Quality	Lint check	2025-09-26T11:44:56.5090488Z > @athlete-ally/shared-types@0.1.0 lint
Code Quality	Lint check	2025-09-26T11:44:56.5091464Z > eslint -c ../../eslint.config.mjs src
Code Quality	Lint check	2025-09-26T11:44:56.5092085Z 
Code Quality	Lint check	2025-09-26T11:44:56.5094436Z Pages directory cannot be found at /home/runner/work/athelete-ally/athelete-ally/packages/shared-types/pages or /home/runner/work/athelete-ally/athelete-ally/packages/shared-types/src/pages. If using a custom path, please configure with the `no-html-link-for-pages` rule in your eslint config file.
Code Quality	Lint check	2025-09-26T11:44:56.5097280Z 
Code Quality	Lint check	2025-09-26T11:44:56.5098165Z /home/runner/work/athelete-ally/athelete-ally/packages/shared-types/src/index.ts
Code Quality	Lint check	2025-09-26T11:44:56.5135899Z ##[warning]  126:15  warning  Reaching to "./schemas/onboarding" is not allowed     import/no-internal-modules
Code Quality	Lint check	2025-09-26T11:44:56.5148881Z ##[warning]  129:15  warning  Reaching to "./schemas/rpe" is not allowed            import/no-internal-modules
Code Quality	Lint check	2025-09-26T11:44:56.5151419Z ##[warning]  129:45  warning  Reaching to "./schemas/enhanced-plan" is not allowed  import/no-internal-modules
Code Quality	Lint check	2025-09-26T11:44:56.5153809Z ##[warning]  130:15  warning  Reaching to "./schemas/feedback" is not allowed       import/no-internal-modules
Code Quality	Lint check	2025-09-26T11:44:56.5156316Z ##[warning]  131:15  warning  Reaching to "./schemas/api" is not allowed            import/no-internal-modules
Code Quality	Lint check	2025-09-26T11:44:56.5157536Z 
Code Quality	Lint check	2025-09-26T11:44:56.5158068Z ✖ 5 problems (0 errors, 5 warnings)
Code Quality	Lint check	2025-09-26T11:44:56.5158343Z 
Code Quality	Lint check	2025-09-26T11:44:56.5158733Z ##[endgroup]
Code Quality	Lint check	2025-09-26T11:44:57.1715785Z ##[group]@athlete-ally/event-bus:lint
Code Quality	Lint check	2025-09-26T11:44:57.1748284Z cache miss, executing 4cd76d1c0472880f
Code Quality	Lint check	2025-09-26T11:44:57.1748690Z 
Code Quality	Lint check	2025-09-26T11:44:57.1857013Z > @athlete-ally/event-bus@0.1.0 lint
Code Quality	Lint check	2025-09-26T11:44:57.1903264Z > eslint -c ../../eslint.config.mjs src/**/*.ts
Code Quality	Lint check	2025-09-26T11:44:57.1986567Z 
Code Quality	Lint check	2025-09-26T11:44:57.1989001Z Pages directory cannot be found at /home/runner/work/athelete-ally/athelete-ally/packages/event-bus/pages or /home/runner/work/athelete-ally/athelete-ally/packages/event-bus/src/pages. If using a custom path, please configure with the `no-html-link-for-pages` rule in your eslint config file.
Code Quality	Lint check	2025-09-26T11:44:57.1990837Z 
Code Quality	Lint check	2025-09-26T11:44:57.1991427Z /home/runner/work/athelete-ally/athelete-ally/packages/event-bus/src/config.ts
Code Quality	Lint check	2025-09-26T11:44:57.1993399Z ##[warning]  15:5  warning  Unexpected console statement  no-console
Code Quality	Lint check	2025-09-26T11:44:57.1994969Z 
Code Quality	Lint check	2025-09-26T11:44:57.1995530Z /home/runner/work/athelete-ally/athelete-ally/packages/event-bus/src/index.ts
Code Quality	Lint check	2025-09-26T11:44:57.1997338Z ##[warning]    3:26  warning  'ValidationResult' is defined but never used  @typescript-eslint/no-unused-vars
Code Quality	Lint check	2025-09-26T11:44:57.1999635Z ##[warning]    4:10  warning  'config' is defined but never used            @typescript-eslint/no-unused-vars
Code Quality	Lint check	2025-09-26T11:44:57.2002064Z ##[warning]   64:52  warning  Unexpected any. Specify a different type      @typescript-eslint/no-explicit-any
Code Quality	Lint check	2025-09-26T11:44:57.2004301Z ##[warning]   81:9   warning  Unexpected console statement                  no-console
Code Quality	Lint check	2025-09-26T11:44:57.2006878Z ##[warning]   98:7   warning  Unexpected console statement                  no-console
Code Quality	Lint check	2025-09-26T11:44:57.2009352Z ##[warning]  129:32  warning  Unexpected any. Specify a different type      @typescript-eslint/no-explicit-any
Code Quality	Lint check	2025-09-26T11:44:57.2011738Z ##[warning]  138:16  warning  'error' is defined but never used             @typescript-eslint/no-unused-vars
Code Quality	Lint check	2025-09-26T11:44:57.2013904Z ##[warning]  140:9   warning  Unexpected console statement                  no-console
Code Quality	Lint check	2025-09-26T11:44:57.2016772Z ##[warning]  168:10  warning  Unexpected any. Specify a different type      @typescript-eslint/no-explicit-any
Code Quality	Lint check	2025-09-26T11:44:57.2019188Z ##[warning]  177:43  warning  Unexpected any. Specify a different type      @typescript-eslint/no-explicit-any
Code Quality	Lint check	2025-09-26T11:44:57.2021271Z ##[warning]  185:11  warning  Unexpected console statement                  no-console
Code Quality	Lint check	2025-09-26T11:44:57.2023363Z ##[warning]  188:61  warning  Unexpected any. Specify a different type      @typescript-eslint/no-explicit-any
Code Quality	Lint check	2025-09-26T11:44:57.2025432Z ##[warning]  205:17  warning  Unexpected console statement                  no-console
Code Quality	Lint check	2025-09-26T11:44:57.2027703Z ##[warning]  234:15  warning  Unexpected console statement                  no-console
Code Quality	Lint check	2025-09-26T11:44:57.2030147Z ##[warning]  249:11  warning  Unexpected console statement                  no-console
Code Quality	Lint check	2025-09-26T11:44:57.2032424Z ##[warning]  257:30  warning  Unexpected any. Specify a different type      @typescript-eslint/no-explicit-any
Code Quality	Lint check	2025-09-26T11:44:57.2034820Z ##[warning]  279:10  warning  Unexpected any. Specify a different type      @typescript-eslint/no-explicit-any
Code Quality	Lint check	2025-09-26T11:44:57.2037303Z ##[warning]  288:43  warning  Unexpected any. Specify a different type      @typescript-eslint/no-explicit-any
Code Quality	Lint check	2025-09-26T11:44:57.2039420Z ##[warning]  296:11  warning  Unexpected console statement                  no-console
Code Quality	Lint check	2025-09-26T11:44:57.2117411Z ##[warning]  299:61  warning  Unexpected any. Specify a different type      @typescript-eslint/no-explicit-any
Code Quality	Lint check	2025-09-26T11:44:57.2119647Z ##[warning]  316:17  warning  Unexpected console statement                  no-console
Code Quality	Lint check	2025-09-26T11:44:57.2121580Z ##[warning]  345:15  warning  Unexpected console statement                  no-console
Code Quality	Lint check	2025-09-26T11:44:57.2123461Z ##[warning]  360:11  warning  Unexpected console statement                  no-console
Code Quality	Lint check	2025-09-26T11:44:57.2124607Z 
Code Quality	Lint check	2025-09-26T11:44:57.2125178Z /home/runner/work/athelete-ally/athelete-ally/packages/event-bus/src/validator.ts
Code Quality	Lint check	2025-09-26T11:44:57.2126854Z ##[warning]  14:36  warning  Unexpected any. Specify a different type  @typescript-eslint/no-explicit-any
Code Quality	Lint check	2025-09-26T11:44:57.2129153Z ##[warning]  33:45  warning  Unexpected any. Specify a different type  @typescript-eslint/no-explicit-any
Code Quality	Lint check	2025-09-26T11:44:57.2131605Z ##[warning]  61:7   warning  Unexpected console statement              no-console
Code Quality	Lint check	2025-09-26T11:44:57.2133657Z ##[warning]  70:51  warning  Unexpected any. Specify a different type  @typescript-eslint/no-explicit-any
Code Quality	Lint check	2025-09-26T11:44:57.2136005Z ##[warning]  99:42  warning  Unexpected any. Specify a different type  @typescript-eslint/no-explicit-any
Code Quality	Lint check	2025-09-26T11:44:57.2137345Z 
Code Quality	Lint check	2025-09-26T11:44:57.2137872Z ✖ 29 problems (0 errors, 29 warnings)
Code Quality	Lint check	2025-09-26T11:44:57.2138182Z 
Code Quality	Lint check	2025-09-26T11:44:57.2138619Z ##[endgroup]
Code Quality	Lint check	2025-09-26T11:44:57.3852911Z ##[group]@athlete-ally/contracts:lint
Code Quality	Lint check	2025-09-26T11:44:57.3927227Z cache miss, executing 089b37372436a10c
Code Quality	Lint check	2025-09-26T11:44:57.3927875Z 
Code Quality	Lint check	2025-09-26T11:44:57.3928162Z > @athlete-ally/contracts@0.1.0 lint
Code Quality	Lint check	2025-09-26T11:44:57.3929118Z > eslint -c ../../eslint.config.mjs .
Code Quality	Lint check	2025-09-26T11:44:57.3929708Z 
Code Quality	Lint check	2025-09-26T11:44:57.3931952Z Pages directory cannot be found at /home/runner/work/athelete-ally/athelete-ally/packages/contracts/pages or /home/runner/work/athelete-ally/athelete-ally/packages/contracts/src/pages. If using a custom path, please configure with the `no-html-link-for-pages` rule in your eslint config file.
Code Quality	Lint check	2025-09-26T11:44:57.3934465Z ##[endgroup]
Code Quality	Lint check	2025-09-26T11:44:57.5921303Z ##[group]@athlete-ally/gateway-bff:lint
Code Quality	Lint check	2025-09-26T11:44:57.5922741Z cache miss, executing 85df5ce6a326f8d9
Code Quality	Lint check	2025-09-26T11:44:57.5923567Z 
Code Quality	Lint check	2025-09-26T11:44:57.5924112Z > @athlete-ally/gateway-bff@0.1.0 lint
Code Quality	Lint check	2025-09-26T11:44:57.5924665Z > eslint src/**/*.ts
Code Quality	Lint check	2025-09-26T11:44:57.5924923Z 
Code Quality	Lint check	2025-09-26T11:44:57.5927211Z Pages directory cannot be found at /home/runner/work/athelete-ally/athelete-ally/apps/gateway-bff/pages or /home/runner/work/athelete-ally/athelete-ally/apps/gateway-bff/src/pages. If using a custom path, please configure with the `no-html-link-for-pages` rule in your eslint config file.
Code Quality	Lint check	2025-09-26T11:44:57.5929161Z 
Code Quality	Lint check	2025-09-26T11:44:57.5929726Z /home/runner/work/athelete-ally/athelete-ally/apps/gateway-bff/src/lib/proxy.ts
Code Quality	Lint check	2025-09-26T11:44:57.5931953Z ##[warning]  15:9   warning  Unexpected any. Specify a different type  @typescript-eslint/no-explicit-any
Code Quality	Lint check	2025-09-26T11:44:57.5935519Z ##[warning]  25:10  warning  Unexpected any. Specify a different type  @typescript-eslint/no-explicit-any
Code Quality	Lint check	2025-09-26T11:44:57.5937977Z ##[warning]  31:10  warning  Unexpected any. Specify a different type  @typescript-eslint/no-explicit-any
Code Quality	Lint check	2025-09-26T11:44:57.5940204Z ##[warning]  39:10  warning  Unexpected any. Specify a different type  @typescript-eslint/no-explicit-any
Code Quality	Lint check	2025-09-26T11:44:57.5942844Z ##[warning]  46:12  warning  Unexpected any. Specify a different type  @typescript-eslint/no-explicit-any
Code Quality	Lint check	2025-09-26T11:44:57.5945099Z ##[warning]  57:10  warning  Unexpected any. Specify a different type  @typescript-eslint/no-explicit-any
Code Quality	Lint check	2025-09-26T11:44:57.5947607Z ##[warning]  61:10  warning  Unexpected any. Specify a different type  @typescript-eslint/no-explicit-any
Code Quality	Lint check	2025-09-26T11:44:57.5948946Z 
Code Quality	Lint check	2025-09-26T11:44:57.5949653Z /home/runner/work/athelete-ally/athelete-ally/apps/gateway-bff/src/middleware/rateLimiter.ts
Code Quality	Lint check	2025-09-26T11:44:57.5951513Z ##[warning]   32:28  warning  Unexpected any. Specify a different type  @typescript-eslint/no-explicit-any
Code Quality	Lint check	2025-09-26T11:44:57.5953519Z ##[warning]   85:5   warning  Unexpected console statement              no-console
Code Quality	Lint check	2025-09-26T11:44:57.5955505Z ##[warning]  114:5   warning  Unexpected console statement              no-console
Code Quality	Lint check	2025-09-26T11:44:57.5957675Z ##[warning]  164:5   warning  Unexpected console statement              no-console
Code Quality	Lint check	2025-09-26T11:44:57.5958902Z 
Code Quality	Lint check	2025-09-26T11:44:57.5959462Z ✖ 11 problems (0 errors, 11 warnings)
Code Quality	Lint check	2025-09-26T11:44:57.5959793Z 
Code Quality	Lint check	2025-09-26T11:44:57.5960217Z ##[endgroup]
Code Quality	Lint check	2025-09-26T11:44:57.9237449Z ##[group]@athlete-ally/exercises:lint
Code Quality	Lint check	2025-09-26T11:44:57.9286799Z cache miss, executing e0d31b391d23d4f1
Code Quality	Lint check	2025-09-26T11:44:57.9296843Z 
Code Quality	Lint check	2025-09-26T11:44:57.9297514Z > @athlete-ally/exercises@1.0.0 lint
Code Quality	Lint check	2025-09-26T11:44:57.9298460Z > eslint -c ../../eslint.config.mjs src
Code Quality	Lint check	2025-09-26T11:44:57.9299472Z 
Code Quality	Lint check	2025-09-26T11:44:57.9301837Z Pages directory cannot be found at /home/runner/work/athelete-ally/athelete-ally/services/exercises/pages or /home/runner/work/athelete-ally/athelete-ally/services/exercises/src/pages. If using a custom path, please configure with the `no-html-link-for-pages` rule in your eslint config file.
Code Quality	Lint check	2025-09-26T11:44:57.9303836Z 
Code Quality	Lint check	2025-09-26T11:44:57.9304541Z /home/runner/work/athelete-ally/athelete-ally/services/exercises/src/index.ts
Code Quality	Lint check	2025-09-26T11:44:57.9307016Z ##[warning]   40:60  warning  Unexpected any. Specify a different type  @typescript-eslint/no-explicit-any
Code Quality	Lint check	2025-09-26T11:44:57.9309880Z ##[warning]  105:34  warning  Unexpected any. Specify a different type  @typescript-eslint/no-explicit-any
Code Quality	Lint check	2025-09-26T11:44:57.9312211Z ##[warning]  120:28  warning  Unexpected any. Specify a different type  @typescript-eslint/no-explicit-any
Code Quality	Lint check	2025-09-26T11:44:57.9314568Z ##[warning]  128:18  warning  Unexpected any. Specify a different type  @typescript-eslint/no-explicit-any
Code Quality	Lint check	2025-09-26T11:44:57.9317246Z ##[warning]  347:15  warning  Unexpected console statement              no-console
Code Quality	Lint check	2025-09-26T11:44:57.9319119Z ##[warning]  349:5   warning  Unexpected console statement              no-console
Code Quality	Lint check	2025-09-26T11:44:57.9320303Z 
Code Quality	Lint check	2025-09-26T11:44:57.9320895Z /home/runner/work/athelete-ally/athelete-ally/services/exercises/src/telemetry.ts
Code Quality	Lint check	2025-09-26T11:44:57.9322395Z ##[warning]   62:77  warning  Unexpected any. Specify a different type  @typescript-eslint/no-explicit-any
Code Quality	Lint check	2025-09-26T11:44:57.9324459Z ##[warning]   71:61  warning  Unexpected any. Specify a different type  @typescript-eslint/no-explicit-any
Code Quality	Lint check	2025-09-26T11:44:57.9326588Z ##[warning]  137:17  warning  Unexpected console statement              no-console
Code Quality	Lint check	2025-09-26T11:44:57.9328108Z ##[warning]  138:23  warning  Unexpected console statement              no-console
Code Quality	Lint check	2025-09-26T11:44:57.9328988Z 
Code Quality	Lint check	2025-09-26T11:44:57.9329512Z ✖ 10 problems (0 errors, 10 warnings)
Code Quality	Lint check	2025-09-26T11:44:57.9329802Z 
Code Quality	Lint check	2025-09-26T11:44:57.9330205Z ##[endgroup]
Code Quality	Lint check	2025-09-26T11:44:57.9603698Z ##[group]@athlete-ally/otel-preset:build
Code Quality	Lint check	2025-09-26T11:44:57.9604936Z cache miss, executing 88ed5655039c3e1f
Code Quality	Lint check	2025-09-26T11:44:57.9605961Z 
Code Quality	Lint check	2025-09-26T11:44:57.9606506Z > @athlete-ally/otel-preset@1.0.0 build
Code Quality	Lint check	2025-09-26T11:44:57.9607230Z > tsc
Code Quality	Lint check	2025-09-26T11:44:57.9607599Z 
Code Quality	Lint check	2025-09-26T11:44:57.9608194Z ##[endgroup]
Code Quality	Lint check	2025-09-26T11:44:58.8807468Z ##[group]@athlete-ally/protocol-engine:lint
Code Quality	Lint check	2025-09-26T11:44:58.8898171Z cache miss, executing adbfa0a91fd5b246
Code Quality	Lint check	2025-09-26T11:44:58.8899027Z 
Code Quality	Lint check	2025-09-26T11:44:58.8899576Z > @athlete-ally/protocol-engine@2.0.0 lint
Code Quality	Lint check	2025-09-26T11:44:58.8900884Z > eslint -c ../../eslint.config.mjs src
Code Quality	Lint check	2025-09-26T11:44:58.8901367Z 
Code Quality	Lint check	2025-09-26T11:44:58.8903702Z Pages directory cannot be found at /home/runner/work/athelete-ally/athelete-ally/services/protocol-engine/pages or /home/runner/work/athelete-ally/athelete-ally/services/protocol-engine/src/pages. If using a custom path, please configure with the `no-html-link-for-pages` rule in your eslint config file.
Code Quality	Lint check	2025-09-26T11:44:58.8905856Z 
Code Quality	Lint check	2025-09-26T11:44:58.8906627Z /home/runner/work/athelete-ally/athelete-ally/services/protocol-engine/src/index.ts
Code Quality	Lint check	2025-09-26T11:44:58.8909214Z ##[warning]    5:30  warning  Reaching to "../prisma/generated/client/index.js" is not allowed  import/no-internal-modules
Code Quality	Lint check	2025-09-26T11:44:58.8912217Z ##[warning]    6:29  warning  Reaching to "./routes/protocols" is not allowed                   import/no-internal-modules
Code Quality	Lint check	2025-09-26T11:44:58.8914953Z ##[warning]    7:58  warning  Reaching to "./services/audit" is not allowed                     import/no-internal-modules
Code Quality	Lint check	2025-09-26T11:44:58.8917909Z ##[warning]   45:20  warning  Unexpected any. Specify a different type                          @typescript-eslint/no-explicit-any
Code Quality	Lint check	2025-09-26T11:44:58.8920440Z ##[warning]   57:5   warning  Unexpected console statement                                      no-console
Code Quality	Lint check	2025-09-26T11:44:58.8923078Z ##[warning]   70:13  warning  Unexpected any. Specify a different type                          @typescript-eslint/no-explicit-any
Code Quality	Lint check	2025-09-26T11:44:58.8925988Z ##[warning]   93:5   warning  Unexpected console statement                                      no-console
Code Quality	Lint check	2025-09-26T11:44:58.8928618Z ##[warning]  111:28  warning  Unexpected any. Specify a different type                          @typescript-eslint/no-explicit-any
Code Quality	Lint check	2025-09-26T11:44:58.8931349Z ##[warning]  131:18  warning  Unexpected any. Specify a different type                          @typescript-eslint/no-explicit-any
Code Quality	Lint check	2025-09-26T11:44:58.8934228Z ##[warning]  151:5   warning  Unexpected console statement                                      no-console
Code Quality	Lint check	2025-09-26T11:44:58.8937162Z ##[warning]  162:28  warning  Unexpected any. Specify a different type                          @typescript-eslint/no-explicit-any
Code Quality	Lint check	2025-09-26T11:44:58.8939905Z ##[warning]  182:5   warning  Unexpected console statement                                      no-console
Code Quality	Lint check	2025-09-26T11:44:58.8953007Z ##[warning]  199:17  warning  Unexpected any. Specify a different type                          @typescript-eslint/no-explicit-any
Code Quality	Lint check	2025-09-26T11:44:58.8955567Z ##[warning]  199:67  warning  'next' is defined but never used                                  @typescript-eslint/no-unused-vars
Code Quality	Lint check	2025-09-26T11:44:58.8958168Z ##[warning]  200:3   warning  Unexpected console statement                                      no-console
Code Quality	Lint check	2025-09-26T11:44:58.8960629Z ##[warning]  203:15  warning  Unexpected any. Specify a different type                          @typescript-eslint/no-explicit-any
Code Quality	Lint check	2025-09-26T11:44:58.8963289Z ##[warning]  206:23  warning  Unexpected any. Specify a different type                          @typescript-eslint/no-explicit-any
Code Quality	Lint check	2025-09-26T11:44:58.8966020Z ##[warning]  218:25  warning  Unexpected any. Specify a different type                          @typescript-eslint/no-explicit-any
Code Quality	Lint check	2025-09-26T11:44:58.9032270Z ##[warning]  230:3   warning  Unexpected console statement                                      no-console
Code Quality	Lint check	2025-09-26T11:44:58.9034755Z ##[warning]  231:3   warning  Unexpected console statement                                      no-console
Code Quality	Lint check	2025-09-26T11:44:58.9037026Z ##[warning]  232:3   warning  Unexpected console statement                                      no-console
Code Quality	Lint check	2025-09-26T11:44:58.9039087Z ##[warning]  233:3   warning  Unexpected console statement                                      no-console
Code Quality	Lint check	2025-09-26T11:44:58.9041195Z ##[warning]  234:3   warning  Unexpected console statement                                      no-console
Code Quality	Lint check	2025-09-26T11:44:58.9043283Z ##[warning]  239:3   warning  Unexpected console statement                                      no-console
Code Quality	Lint check	2025-09-26T11:44:58.9045989Z ##[warning]  242:5   warning  Unexpected console statement                                      no-console
Code Quality	Lint check	2025-09-26T11:44:58.9048109Z ##[warning]  246:7   warning  Unexpected console statement                                      no-console
Code Quality	Lint check	2025-09-26T11:44:58.9050172Z ##[warning]  249:7   warning  Unexpected console statement                                      no-console
Code Quality	Lint check	2025-09-26T11:44:58.9052218Z ##[warning]  256:3   warning  Unexpected console statement                                      no-console
Code Quality	Lint check	2025-09-26T11:44:58.9054173Z ##[warning]  259:5   warning  Unexpected console statement                                      no-console
Code Quality	Lint check	2025-09-26T11:44:58.9086625Z ##[warning]  263:7   warning  Unexpected console statement                                      no-console
Code Quality	Lint check	2025-09-26T11:44:58.9088977Z ##[warning]  266:7   warning  Unexpected console statement                                      no-console
Code Quality	Lint check	2025-09-26T11:44:58.9090286Z 
Code Quality	Lint check	2025-09-26T11:44:58.9091070Z /home/runner/work/athelete-ally/athelete-ally/services/protocol-engine/src/middleware/permissions.ts
Code Quality	Lint check	2025-09-26T11:44:58.9093022Z ##[warning]    2:47  warning  Reaching to "../services/permissions" is not allowed  import/no-internal-modules
Code Quality	Lint check	2025-09-26T11:44:58.9095176Z ##[warning]   53:7   warning  Unexpected console statement                          no-console
Code Quality	Lint check	2025-09-26T11:44:58.9097723Z ##[warning]   97:5   warning  Unexpected console statement                          no-console
Code Quality	Lint check	2025-09-26T11:44:58.9099609Z ##[warning]  152:7   warning  Unexpected console statement                          no-console
Code Quality	Lint check	2025-09-26T11:44:58.9101492Z ##[warning]  182:5   warning  Unexpected console statement                          no-console
Code Quality	Lint check	2025-09-26T11:44:58.9103506Z ##[warning]  201:15  warning  Unexpected any. Specify a different type              @typescript-eslint/no-explicit-any
Code Quality	Lint check	2025-09-26T11:44:58.9105555Z ##[warning]  206:5   warning  Unexpected console statement                          no-console
Code Quality	Lint check	2025-09-26T11:44:58.9106974Z 
Code Quality	Lint check	2025-09-26T11:44:58.9107685Z /home/runner/work/athelete-ally/athelete-ally/services/protocol-engine/src/routes/protocols.ts
Code Quality	Lint check	2025-09-26T11:44:58.9109406Z ##[warning]    1:18  warning  'Request' is defined but never used                     @typescript-eslint/no-unused-vars
Code Quality	Lint check	2025-09-26T11:44:58.9111537Z ##[warning]    3:47  warning  Reaching to "../services/permissions" is not allowed    import/no-internal-modules
Code Quality	Lint check	2025-09-26T11:44:58.9113794Z ##[warning]    4:29  warning  'DataClassification' is defined but never used          @typescript-eslint/no-unused-vars
Code Quality	Lint check	2025-09-26T11:44:58.9236555Z ##[warning]    4:55  warning  Reaching to "../services/encryption" is not allowed     import/no-internal-modules
Code Quality	Lint check	2025-09-26T11:44:58.9239188Z ##[warning]    5:58  warning  Reaching to "../services/audit" is not allowed          import/no-internal-modules
Code Quality	Lint check	2025-09-26T11:44:58.9241500Z ##[warning]    6:75  warning  Reaching to "../middleware/permissions" is not allowed  import/no-internal-modules
Code Quality	Lint check	2025-09-26T11:44:58.9243857Z ##[warning]   59:44  warning  Unexpected any. Specify a different type                @typescript-eslint/no-explicit-any
Code Quality	Lint check	2025-09-26T11:44:58.9246169Z ##[warning]   60:46  warning  Unexpected any. Specify a different type                @typescript-eslint/no-explicit-any
Code Quality	Lint check	2025-09-26T11:44:58.9248462Z ##[warning]   61:35  warning  Unexpected any. Specify a different type                @typescript-eslint/no-explicit-any
Code Quality	Lint check	2025-09-26T11:44:58.9250791Z ##[warning]   62:51  warning  Unexpected any. Specify a different type                @typescript-eslint/no-explicit-any
Code Quality	Lint check	2025-09-26T11:44:58.9253093Z ##[warning]   73:18  warning  Unexpected any. Specify a different type                @typescript-eslint/no-explicit-any
Code Quality	Lint check	2025-09-26T11:44:58.9255367Z ##[warning]   74:81  warning  Unexpected any. Specify a different type                @typescript-eslint/no-explicit-any
Code Quality	Lint check	2025-09-26T11:44:58.9257733Z ##[warning]  105:5   warning  Unexpected console statement                            no-console
Code Quality	Lint check	2025-09-26T11:44:58.9260286Z ##[warning]  130:18  warning  Unexpected any. Specify a different type                @typescript-eslint/no-explicit-any
Code Quality	Lint check	2025-09-26T11:44:58.9262356Z ##[warning]  176:5   warning  Unexpected console statement                            no-console
Code Quality	Lint check	2025-09-26T11:44:58.9264283Z ##[warning]  235:5   warning  Unexpected console statement                            no-console
Code Quality	Lint check	2025-09-26T11:44:58.9347421Z ##[warning]  262:23  warning  Unexpected any. Specify a different type                @typescript-eslint/no-explicit-any
Code Quality	Lint check	2025-09-26T11:44:58.9350045Z ##[warning]  273:90  warning  Unexpected any. Specify a different type                @typescript-eslint/no-explicit-any
Code Quality	Lint check	2025-09-26T11:44:58.9352389Z ##[warning]  277:68  warning  Unexpected any. Specify a different type                @typescript-eslint/no-explicit-any
Code Quality	Lint check	2025-09-26T11:44:58.9354553Z ##[warning]  315:5   warning  Unexpected console statement                            no-console
Code Quality	Lint check	2025-09-26T11:44:58.9387301Z ##[warning]  359:5   warning  Unexpected console statement                            no-console
Code Quality	Lint check	2025-09-26T11:44:58.9389223Z ##[warning]  382:5   warning  Unexpected console statement                            no-console
Code Quality	Lint check	2025-09-26T11:44:58.9391120Z ##[warning]  440:5   warning  Unexpected console statement                            no-console
Code Quality	Lint check	2025-09-26T11:44:58.9393008Z ##[warning]  481:5   warning  Unexpected console statement                            no-console
Code Quality	Lint check	2025-09-26T11:44:58.9394610Z 
Code Quality	Lint check	2025-09-26T11:44:58.9395278Z /home/runner/work/athelete-ally/athelete-ally/services/protocol-engine/src/services/audit.ts
Code Quality	Lint check	2025-09-26T11:44:58.9427426Z ##[warning]   48:28  warning  Unexpected any. Specify a different type  @typescript-eslint/no-explicit-any
Code Quality	Lint check	2025-09-26T11:44:58.9429432Z ##[warning]   96:7   warning  Unexpected console statement              no-console
Code Quality	Lint check	2025-09-26T11:44:58.9431425Z ##[warning]  110:14  warning  Unexpected any. Specify a different type  @typescript-eslint/no-explicit-any
Code Quality	Lint check	2025-09-26T11:44:58.9433434Z ##[warning]  118:20  warning  Unexpected any. Specify a different type  @typescript-eslint/no-explicit-any
Code Quality	Lint check	2025-09-26T11:44:58.9435477Z ##[warning]  140:29  warning  Unexpected any. Specify a different type  @typescript-eslint/no-explicit-any
Code Quality	Lint check	2025-09-26T11:44:58.9467975Z ##[warning]  154:7   warning  Unexpected console statement              no-console
Code Quality	Lint check	2025-09-26T11:44:58.9469938Z ##[warning]  316:29  warning  Unexpected any. Specify a different type  @typescript-eslint/no-explicit-any
Code Quality	Lint check	2025-09-26T11:44:58.9471966Z ##[warning]  376:7   warning  Unexpected console statement              no-console
Code Quality	Lint check	2025-09-26T11:44:58.9473822Z ##[warning]  403:7   warning  Unexpected console statement              no-console
Code Quality	Lint check	2025-09-26T11:44:58.9474925Z 
Code Quality	Lint check	2025-09-26T11:44:58.9475861Z /home/runner/work/athelete-ally/athelete-ally/services/protocol-engine/src/services/encryption.ts
Code Quality	Lint check	2025-09-26T11:44:58.9477292Z ##[warning]   43:7   warning  Unexpected console statement              no-console
Code Quality	Lint check	2025-09-26T11:44:58.9479251Z ##[warning]   50:30  warning  Unexpected any. Specify a different type  @typescript-eslint/no-explicit-any
Code Quality	Lint check	2025-09-26T11:44:58.9481154Z ##[warning]   66:7   warning  Unexpected console statement              no-console
Code Quality	Lint check	2025-09-26T11:44:58.9483100Z ##[warning]   74:55  warning  Unexpected any. Specify a different type  @typescript-eslint/no-explicit-any
Code Quality	Lint check	2025-09-26T11:44:58.9485110Z ##[warning]   77:13  warning  'iv' is assigned a value but never used   @typescript-eslint/no-unused-vars
Code Quality	Lint check	2025-09-26T11:44:58.9487143Z ##[warning]   86:7   warning  Unexpected console statement              no-console
Code Quality	Lint check	2025-09-26T11:44:58.9489058Z ##[warning]  115:41  warning  Unexpected any. Specify a different type  @typescript-eslint/no-explicit-any
Code Quality	Lint check	2025-09-26T11:44:58.9491205Z ##[warning]  122:60  warning  Unexpected any. Specify a different type  @typescript-eslint/no-explicit-any
Code Quality	Lint check	2025-09-26T11:44:58.9493467Z ##[warning]  129:39  warning  Unexpected any. Specify a different type  @typescript-eslint/no-explicit-any
Code Quality	Lint check	2025-09-26T11:44:58.9636879Z ##[warning]  136:57  warning  Unexpected any. Specify a different type  @typescript-eslint/no-explicit-any
Code Quality	Lint check	2025-09-26T11:44:58.9639588Z ##[warning]  200:65  warning  Unexpected any. Specify a different type  @typescript-eslint/no-explicit-any
Code Quality	Lint check	2025-09-26T11:44:58.9641567Z ##[warning]  231:7   warning  Unexpected console statement              no-console
Code Quality	Lint check	2025-09-26T11:44:58.9642647Z 
Code Quality	Lint check	2025-09-26T11:44:58.9643403Z /home/runner/work/athelete-ally/athelete-ally/services/protocol-engine/src/services/permissions.ts
Code Quality	Lint check	2025-09-26T11:44:58.9644741Z ##[warning]   71:7   warning  Unexpected console statement              no-console
Code Quality	Lint check	2025-09-26T11:44:58.9646832Z ##[warning]  100:7   warning  Unexpected console statement              no-console
Code Quality	Lint check	2025-09-26T11:44:58.9648474Z ##[warning]  146:7   warning  Unexpected console statement              no-console
Code Quality	Lint check	2025-09-26T11:44:58.9650143Z ##[warning]  169:7   warning  Unexpected console statement              no-console
Code Quality	Lint check	2025-09-26T11:44:58.9651800Z ##[warning]  216:7   warning  Unexpected console statement              no-console
Code Quality	Lint check	2025-09-26T11:44:58.9653641Z ##[warning]  247:34  warning  Unexpected any. Specify a different type  @typescript-eslint/no-explicit-any
Code Quality	Lint check	2025-09-26T11:44:58.9655460Z ##[warning]  257:7   warning  Unexpected console statement              no-console
Code Quality	Lint check	2025-09-26T11:44:58.9656786Z 
Code Quality	Lint check	2025-09-26T11:44:58.9657318Z ✖ 90 problems (0 errors, 90 warnings)
Code Quality	Lint check	2025-09-26T11:44:58.9658056Z 
Code Quality	Lint check	2025-09-26T11:44:58.9658508Z ##[endgroup]
Code Quality	Lint check	2025-09-26T11:44:59.0327525Z ##[group]@athlete-ally/event-bus:build
Code Quality	Lint check	2025-09-26T11:44:59.0328668Z cache miss, executing 03f2cf0f1fa9ce00
Code Quality	Lint check	2025-09-26T11:44:59.0329305Z 
Code Quality	Lint check	2025-09-26T11:44:59.0329703Z > @athlete-ally/event-bus@0.1.0 build
Code Quality	Lint check	2025-09-26T11:44:59.0330307Z > tsc -p tsconfig.json
Code Quality	Lint check	2025-09-26T11:44:59.0330655Z 
Code Quality	Lint check	2025-09-26T11:44:59.0331150Z ##[endgroup]
Code Quality	Lint check	2025-09-26T11:45:04.2414769Z ##[group]@athlete-ally/contracts:build
Code Quality	Lint check	2025-09-26T11:45:04.2472989Z cache miss, executing 7a8693a864781383
Code Quality	Lint check	2025-09-26T11:45:04.2474761Z 
Code Quality	Lint check	2025-09-26T11:45:04.2476463Z > @athlete-ally/contracts@0.1.0 build
Code Quality	Lint check	2025-09-26T11:45:04.2478126Z > tsc -p tsconfig.json
Code Quality	Lint check	2025-09-26T11:45:04.2479518Z 
Code Quality	Lint check	2025-09-26T11:45:04.2481103Z ##[endgroup]
Code Quality	Lint check	2025-09-26T11:45:05.0549379Z ##[group]@athlete-ally/notification-service:lint
Code Quality	Lint check	2025-09-26T11:45:05.0554026Z cache miss, executing 9802ffef36228982
Code Quality	Lint check	2025-09-26T11:45:05.0558386Z 
Code Quality	Lint check	2025-09-26T11:45:05.0559133Z > @athlete-ally/notification-service@1.0.0 lint
Code Quality	Lint check	2025-09-26T11:45:05.0560058Z > eslint -c ../../eslint.config.mjs src
Code Quality	Lint check	2025-09-26T11:45:05.0560424Z 
Code Quality	Lint check	2025-09-26T11:45:05.0562864Z Pages directory cannot be found at /home/runner/work/athelete-ally/athelete-ally/services/notification-service/pages or /home/runner/work/athelete-ally/athelete-ally/services/notification-service/src/pages. If using a custom path, please configure with the `no-html-link-for-pages` rule in your eslint config file.
Code Quality	Lint check	2025-09-26T11:45:05.0565281Z ##[endgroup]
Code Quality	Lint check	2025-09-26T11:45:05.3561252Z ##[group]@athlete-ally/health-schema:build
Code Quality	Lint check	2025-09-26T11:45:05.3562074Z cache miss, executing e00b56782e83b235
Code Quality	Lint check	2025-09-26T11:45:05.3562381Z 
Code Quality	Lint check	2025-09-26T11:45:05.3562636Z > @athlete-ally/health-schema@1.0.0 build
Code Quality	Lint check	2025-09-26T11:45:05.3563245Z > tsc
Code Quality	Lint check	2025-09-26T11:45:05.3563510Z 
Code Quality	Lint check	2025-09-26T11:45:05.3564010Z ##[endgroup]
Code Quality	Lint check	2025-09-26T11:45:05.5531354Z ##[group]@athlete-ally/adaptive-engine:lint
Code Quality	Lint check	2025-09-26T11:45:05.5532404Z cache miss, executing 135450b6862ccb29
Code Quality	Lint check	2025-09-26T11:45:05.5532854Z 
Code Quality	Lint check	2025-09-26T11:45:05.5533298Z > @athlete-ally/adaptive-engine@1.0.0 lint
Code Quality	Lint check	2025-09-26T11:45:05.5533854Z > eslint -c ../../eslint.config.mjs src
Code Quality	Lint check	2025-09-26T11:45:05.5534160Z 
Code Quality	Lint check	2025-09-26T11:45:05.5538949Z Pages directory cannot be found at /home/runner/work/athelete-ally/athelete-ally/services/adaptive-engine/pages or /home/runner/work/athelete-ally/athelete-ally/services/adaptive-engine/src/pages. If using a custom path, please configure with the `no-html-link-for-pages` rule in your eslint config file.
Code Quality	Lint check	2025-09-26T11:45:05.5541320Z ##[endgroup]
Code Quality	Lint check	2025-09-26T11:45:05.8877493Z ##[group]@athlete-ally/shared:lint
Code Quality	Lint check	2025-09-26T11:45:05.8882707Z cache miss, executing 6c60813ba31e13ba
Code Quality	Lint check	2025-09-26T11:45:05.8883302Z 
Code Quality	Lint check	2025-09-26T11:45:05.8883819Z > @athlete-ally/shared@0.1.0 lint
Code Quality	Lint check	2025-09-26T11:45:05.8888799Z > eslint -c ../../eslint.config.mjs src
Code Quality	Lint check	2025-09-26T11:45:05.8890496Z 
Code Quality	Lint check	2025-09-26T11:45:05.8893020Z Pages directory cannot be found at /home/runner/work/athelete-ally/athelete-ally/packages/shared/pages or /home/runner/work/athelete-ally/athelete-ally/packages/shared/src/pages. If using a custom path, please configure with the `no-html-link-for-pages` rule in your eslint config file.
Code Quality	Lint check	2025-09-26T11:45:05.8896486Z 
Code Quality	Lint check	2025-09-26T11:45:05.8897463Z /home/runner/work/athelete-ally/athelete-ally/packages/shared/src/auth/jwt.ts
Code Quality	Lint check	2025-09-26T11:45:05.8901015Z ##[warning]  10:3   warning  Unexpected console statement              no-console
Code Quality	Lint check	2025-09-26T11:45:05.8903025Z ##[warning]  47:13  warning  Unexpected any. Specify a different type  @typescript-eslint/no-explicit-any
Code Quality	Lint check	2025-09-26T11:45:05.8905044Z ##[warning]  74:38  warning  Unexpected any. Specify a different type  @typescript-eslint/no-explicit-any
Code Quality	Lint check	2025-09-26T11:45:05.8906491Z 
Code Quality	Lint check	2025-09-26T11:45:05.8907062Z /home/runner/work/athelete-ally/athelete-ally/packages/shared/src/auth/middleware.ts
Code Quality	Lint check	2025-09-26T11:45:05.8908417Z ##[warning]  24:17  warning  Unexpected any. Specify a different type  @typescript-eslint/no-explicit-any
Code Quality	Lint check	2025-09-26T11:45:05.8910301Z ##[warning]  25:17  warning  Unexpected any. Specify a different type  @typescript-eslint/no-explicit-any
Code Quality	Lint check	2025-09-26T11:45:05.8912455Z ##[warning]  39:37  warning  Unexpected any. Specify a different type  @typescript-eslint/no-explicit-any
Code Quality	Lint check	2025-09-26T11:45:05.8914365Z ##[warning]  49:14  warning  'error' is defined but never used         @typescript-eslint/no-unused-vars
Code Quality	Lint check	2025-09-26T11:45:05.8916657Z ##[warning]  62:32  warning  Unexpected any. Specify a different type  @typescript-eslint/no-explicit-any
Code Quality	Lint check	2025-09-26T11:45:05.8918655Z ##[warning]  71:14  warning  'error' is defined but never used         @typescript-eslint/no-unused-vars
Code Quality	Lint check	2025-09-26T11:45:05.8920578Z ##[warning]  81:66  warning  'reply' is defined but never used         @typescript-eslint/no-unused-vars
Code Quality	Lint check	2025-09-26T11:45:05.8922552Z ##[warning]  82:33  warning  Unexpected any. Specify a different type  @typescript-eslint/no-explicit-any
Code Quality	Lint check	2025-09-26T11:45:05.8923726Z 
Code Quality	Lint check	2025-09-26T11:45:05.8924325Z /home/runner/work/athelete-ally/athelete-ally/packages/shared/src/error-handler.ts
Code Quality	Lint check	2025-09-26T11:45:05.8926086Z ##[warning]   44:13  warning  Unexpected any. Specify a different type  @typescript-eslint/no-explicit-any
Code Quality	Lint check	2025-09-26T11:45:05.8928186Z ##[warning]   67:36  warning  Unexpected any. Specify a different type  @typescript-eslint/no-explicit-any
Code Quality	Lint check	2025-09-26T11:45:05.8930259Z ##[warning]  156:27  warning  Unexpected any. Specify a different type  @typescript-eslint/no-explicit-any
Code Quality	Lint check	2025-09-26T11:45:05.8932329Z ##[warning]  177:27  warning  Unexpected any. Specify a different type  @typescript-eslint/no-explicit-any
Code Quality	Lint check	2025-09-26T11:45:05.8934193Z ##[warning]  223:9   warning  Unexpected console statement              no-console
Code Quality	Lint check	2025-09-26T11:45:05.8936217Z ##[warning]  226:9   warning  Unexpected console statement              no-console
Code Quality	Lint check	2025-09-26T11:45:05.8937931Z ##[warning]  229:9   warning  Unexpected console statement              no-console
Code Quality	Lint check	2025-09-26T11:45:05.8939564Z ##[warning]  232:9   warning  Unexpected console statement              no-console
Code Quality	Lint check	2025-09-26T11:45:05.8941185Z ##[warning]  316:5   warning  Unexpected console statement              no-console
Code Quality	Lint check	2025-09-26T11:45:05.8942229Z 
Code Quality	Lint check	2025-09-26T11:45:05.8942750Z /home/runner/work/athelete-ally/athelete-ally/packages/shared/src/index.ts
Code Quality	Lint check	2025-09-26T11:45:05.8944092Z ##[warning]   7:15  warning  Reaching to "./config/ports.js" is not allowed        import/no-internal-modules
Code Quality	Lint check	2025-09-26T11:45:05.8946233Z ##[warning]  10:15  warning  Reaching to "./auth/jwt.js" is not allowed            import/no-internal-modules
Code Quality	Lint check	2025-09-26T11:45:05.8948231Z ##[warning]  11:15  warning  Reaching to "./auth/test-utils.js" is not allowed     import/no-internal-modules
Code Quality	Lint check	2025-09-26T11:45:05.8950495Z ##[warning]  17:8   warning  Reaching to "./auth/middleware.js" is not allowed     import/no-internal-modules
Code Quality	Lint check	2025-09-26T11:45:05.8952519Z ##[warning]  20:15  warning  Reaching to "./security/secure-id.js" is not allowed  import/no-internal-modules
Code Quality	Lint check	2025-09-26T11:45:05.8953685Z 
Code Quality	Lint check	2025-09-26T11:45:05.8954208Z /home/runner/work/athelete-ally/athelete-ally/packages/shared/src/logger.ts
Code Quality	Lint check	2025-09-26T11:45:05.8955542Z ##[warning]   37:34  warning  Unexpected any. Specify a different type  @typescript-eslint/no-explicit-any
Code Quality	Lint check	2025-09-26T11:45:05.8957712Z ##[warning]   37:40  warning  Unexpected any. Specify a different type  @typescript-eslint/no-explicit-any
Code Quality	Lint check	2025-09-26T11:45:05.8959651Z ##[warning]   47:21  warning  Unexpected any. Specify a different type  @typescript-eslint/no-explicit-any
Code Quality	Lint check	2025-09-26T11:45:05.8961574Z ##[warning]   96:35  warning  Unexpected any. Specify a different type  @typescript-eslint/no-explicit-any
Code Quality	Lint check	2025-09-26T11:45:05.8963577Z ##[warning]  117:41  warning  Unexpected any. Specify a different type  @typescript-eslint/no-explicit-any
Code Quality	Lint check	2025-09-26T11:45:05.8965772Z ##[warning]  117:56  warning  Unexpected any. Specify a different type  @typescript-eslint/no-explicit-any
Code Quality	Lint check	2025-09-26T11:45:05.8967693Z ##[warning]  123:7   warning  Unexpected console statement              no-console
Code Quality	Lint check	2025-09-26T11:45:05.8969474Z ##[warning]  130:7   warning  Unexpected console statement              no-console
Code Quality	Lint check	2025-09-26T11:45:05.8971721Z ##[warning]  137:42  warning  Unexpected any. Specify a different type  @typescript-eslint/no-explicit-any
Code Quality	Lint check	2025-09-26T11:45:05.8973527Z ##[warning]  141:7   warning  Unexpected console statement              no-console
Code Quality	Lint check	2025-09-26T11:45:05.8975155Z ##[warning]  146:7   warning  Unexpected console statement              no-console
Code Quality	Lint check	2025-09-26T11:45:05.8977223Z ##[warning]  153:42  warning  Unexpected any. Specify a different type  @typescript-eslint/no-explicit-any
Code Quality	Lint check	2025-09-26T11:45:05.8979025Z ##[warning]  157:7   warning  Unexpected console statement              no-console
Code Quality	Lint check	2025-09-26T11:45:05.8980628Z ##[warning]  162:7   warning  Unexpected console statement              no-console
Code Quality	Lint check	2025-09-26T11:45:05.8982464Z ##[warning]  169:39  warning  Unexpected any. Specify a different type  @typescript-eslint/no-explicit-any
Code Quality	Lint check	2025-09-26T11:45:05.8984432Z ##[warning]  169:45  warning  Unexpected any. Specify a different type  @typescript-eslint/no-explicit-any
Code Quality	Lint check	2025-09-26T11:45:05.8986628Z ##[warning]  183:43  warning  Unexpected any. Specify a different type  @typescript-eslint/no-explicit-any
Code Quality	Lint check	2025-09-26T11:45:05.8988599Z ##[warning]  183:49  warning  Unexpected any. Specify a different type  @typescript-eslint/no-explicit-any
Code Quality	Lint check	2025-09-26T11:45:05.8989749Z 
Code Quality	Lint check	2025-09-26T11:45:05.8990274Z ✖ 43 problems (0 errors, 43 warnings)
Code Quality	Lint check	2025-09-26T11:45:05.8990577Z 
Code Quality	Lint check	2025-09-26T11:45:05.8990991Z ##[endgroup]
Code Quality	Lint check	2025-09-26T11:45:06.1587420Z ##[group]@athlete-ally/shared:build
Code Quality	Lint check	2025-09-26T11:45:06.1592616Z cache miss, executing cd740267cee76e4a
Code Quality	Lint check	2025-09-26T11:45:06.1595191Z 
Code Quality	Lint check	2025-09-26T11:45:06.1599703Z > @athlete-ally/shared@0.1.0 build
Code Quality	Lint check	2025-09-26T11:45:06.1602006Z > tsc -p tsconfig.json
Code Quality	Lint check	2025-09-26T11:45:06.1604003Z 
Code Quality	Lint check	2025-09-26T11:45:06.1606644Z ##[endgroup]
Code Quality	Lint check	2025-09-26T11:45:06.2516465Z ##[group]@athlete-ally/shared-types:build
Code Quality	Lint check	2025-09-26T11:45:06.2521453Z cache miss, executing 0f782bf20a22b393
Code Quality	Lint check	2025-09-26T11:45:06.2529579Z 
Code Quality	Lint check	2025-09-26T11:45:06.2531120Z > @athlete-ally/shared-types@0.1.0 build
Code Quality	Lint check	2025-09-26T11:45:06.2540206Z > tsc -p tsconfig.json
Code Quality	Lint check	2025-09-26T11:45:06.2540459Z 
Code Quality	Lint check	2025-09-26T11:45:06.2540848Z ##[endgroup]
Code Quality	Lint check	2025-09-26T11:45:09.5216993Z ##[group]@athlete-ally/fatigue:lint
Code Quality	Lint check	2025-09-26T11:45:09.5221434Z cache miss, executing 97811bc90ccc3ca2
Code Quality	Lint check	2025-09-26T11:45:09.5223098Z 
Code Quality	Lint check	2025-09-26T11:45:09.5223356Z > @athlete-ally/fatigue@1.0.0 lint
Code Quality	Lint check	2025-09-26T11:45:09.5223886Z > eslint -c ../../eslint.config.mjs src
Code Quality	Lint check	2025-09-26T11:45:09.5224180Z 
Code Quality	Lint check	2025-09-26T11:45:09.5227405Z Pages directory cannot be found at /home/runner/work/athelete-ally/athelete-ally/services/fatigue/pages or /home/runner/work/athelete-ally/athelete-ally/services/fatigue/src/pages. If using a custom path, please configure with the `no-html-link-for-pages` rule in your eslint config file.
Code Quality	Lint check	2025-09-26T11:45:09.5230702Z 
Code Quality	Lint check	2025-09-26T11:45:09.5231334Z /home/runner/work/athelete-ally/athelete-ally/services/fatigue/src/adjustment-engine.ts
Code Quality	Lint check	2025-09-26T11:45:09.5233101Z ##[warning]   30:18  warning  Unexpected any. Specify a different type  @typescript-eslint/no-explicit-any
Code Quality	Lint check	2025-09-26T11:45:09.5235172Z ##[warning]   31:18  warning  Unexpected any. Specify a different type  @typescript-eslint/no-explicit-any
Code Quality	Lint check	2025-09-26T11:45:09.5237294Z ##[warning]  204:5   warning  'fatigueData' is defined but never used   @typescript-eslint/no-unused-vars
Code Quality	Lint check	2025-09-26T11:45:09.5239145Z ##[warning]  205:5   warning  'session' is defined but never used       @typescript-eslint/no-unused-vars
Code Quality	Lint check	2025-09-26T11:45:09.5240971Z ##[warning]  231:5   warning  'fatigueData' is defined but never used   @typescript-eslint/no-unused-vars
Code Quality	Lint check	2025-09-26T11:45:09.5242924Z ##[warning]  232:5   warning  'session' is defined but never used       @typescript-eslint/no-unused-vars
Code Quality	Lint check	2025-09-26T11:45:09.5244925Z ##[warning]  258:5   warning  'fatigueData' is defined but never used   @typescript-eslint/no-unused-vars
Code Quality	Lint check	2025-09-26T11:45:09.5247008Z ##[warning]  259:5   warning  'session' is defined but never used       @typescript-eslint/no-unused-vars
Code Quality	Lint check	2025-09-26T11:45:09.5248129Z 
Code Quality	Lint check	2025-09-26T11:45:09.5248954Z /home/runner/work/athelete-ally/athelete-ally/services/fatigue/src/index.ts
Code Quality	Lint check	2025-09-26T11:45:09.5250544Z ##[warning]   30:7   warning  'TrainingSessionSchema' is assigned a value but never used  @typescript-eslint/no-unused-vars
Code Quality	Lint check	2025-09-26T11:45:09.5252806Z ##[warning]  120:37  warning  Unexpected any. Specify a different type                    @typescript-eslint/no-explicit-any
Code Quality	Lint check	2025-09-26T11:45:09.5254984Z ##[warning]  168:11  warning  'updatedAdjustment' is assigned a value but never used      @typescript-eslint/no-unused-vars
Code Quality	Lint check	2025-09-26T11:45:09.5282049Z ##[warning]  267:38  warning  Unexpected any. Specify a different type                    @typescript-eslint/no-explicit-any
Code Quality	Lint check	2025-09-26T11:45:09.5284089Z ##[warning]  324:15  warning  Unexpected console statement                                no-console
Code Quality	Lint check	2025-09-26T11:45:09.5286162Z ##[warning]  326:5   warning  Unexpected console statement                                no-console
Code Quality	Lint check	2025-09-26T11:45:09.5287272Z 
Code Quality	Lint check	2025-09-26T11:45:09.5287834Z /home/runner/work/athelete-ally/athelete-ally/services/fatigue/src/telemetry.ts
Code Quality	Lint check	2025-09-26T11:45:09.5289195Z ##[warning]  67:76  warning  Unexpected any. Specify a different type  @typescript-eslint/no-explicit-any
Code Quality	Lint check	2025-09-26T11:45:09.5290365Z 
Code Quality	Lint check	2025-09-26T11:45:09.5290918Z ✖ 15 problems (0 errors, 15 warnings)
Code Quality	Lint check	2025-09-26T11:45:09.5291218Z 
Code Quality	Lint check	2025-09-26T11:45:09.5291640Z ##[endgroup]
Code Quality	Lint check	2025-09-26T11:45:09.8702141Z ##[group]@athlete-ally/workouts:lint
Code Quality	Lint check	2025-09-26T11:45:09.8707222Z cache miss, executing b7e1eb6e55fbdce4
Code Quality	Lint check	2025-09-26T11:45:09.8711498Z 
Code Quality	Lint check	2025-09-26T11:45:09.8716005Z > @athlete-ally/workouts@1.0.0 lint
Code Quality	Lint check	2025-09-26T11:45:09.8720648Z > eslint -c ../../eslint.config.mjs src
Code Quality	Lint check	2025-09-26T11:45:09.8724877Z 
Code Quality	Lint check	2025-09-26T11:45:09.8732250Z Pages directory cannot be found at /home/runner/work/athelete-ally/athelete-ally/services/workouts/pages or /home/runner/work/athelete-ally/athelete-ally/services/workouts/src/pages. If using a custom path, please configure with the `no-html-link-for-pages` rule in your eslint config file.
Code Quality	Lint check	2025-09-26T11:45:09.8738308Z 
Code Quality	Lint check	2025-09-26T11:45:09.8742889Z /home/runner/work/athelete-ally/athelete-ally/services/workouts/src/achievement-engine.ts
Code Quality	Lint check	2025-09-26T11:45:09.8749184Z ##[warning]   61:18  warning  Unexpected any. Specify a different type  @typescript-eslint/no-explicit-any
Code Quality	Lint check	2025-09-26T11:45:09.8779504Z ##[warning]   96:18  warning  Unexpected any. Specify a different type  @typescript-eslint/no-explicit-any
Code Quality	Lint check	2025-09-26T11:45:09.8784915Z ##[warning]  307:18  warning  Unexpected any. Specify a different type  @typescript-eslint/no-explicit-any
Code Quality	Lint check	2025-09-26T11:45:09.8789915Z 
Code Quality	Lint check	2025-09-26T11:45:09.8793671Z /home/runner/work/athelete-ally/athelete-ally/services/workouts/src/index.ts
Code Quality	Lint check	2025-09-26T11:45:09.8798378Z ##[warning]  215:54  warning  Unexpected any. Specify a different type  @typescript-eslint/no-explicit-any
Code Quality	Lint check	2025-09-26T11:45:09.8803835Z ##[warning]  389:76  warning  Unexpected any. Specify a different type  @typescript-eslint/no-explicit-any
Code Quality	Lint check	2025-09-26T11:45:09.8808883Z ##[warning]  417:74  warning  Unexpected any. Specify a different type  @typescript-eslint/no-explicit-any
Code Quality	Lint check	2025-09-26T11:45:09.8820231Z ##[warning]  693:15  warning  Unexpected console statement              no-console
Code Quality	Lint check	2025-09-26T11:45:09.8821993Z ##[warning]  695:5   warning  Unexpected console statement              no-console
Code Quality	Lint check	2025-09-26T11:45:09.8823038Z 
Code Quality	Lint check	2025-09-26T11:45:09.8823678Z /home/runner/work/athelete-ally/athelete-ally/services/workouts/src/summary-aggregator.ts
Code Quality	Lint check	2025-09-26T11:45:09.8825126Z ##[warning]    4:30  warning  'EVENT_TOPICS' is defined but never used  @typescript-eslint/no-unused-vars
Code Quality	Lint check	2025-09-26T11:45:09.8827274Z ##[warning]   40:7   warning  Unexpected console statement              no-console
Code Quality	Lint check	2025-09-26T11:45:09.8829012Z ##[warning]   45:5   warning  Unexpected console statement              no-console
Code Quality	Lint check	2025-09-26T11:45:09.8830685Z ##[warning]   55:39  warning  Unexpected console statement              no-console
Code Quality	Lint check	2025-09-26T11:45:09.8832360Z ##[warning]   61:5   warning  Unexpected console statement              no-console
Code Quality	Lint check	2025-09-26T11:45:09.8834346Z ##[warning]   71:5   warning  Unexpected console statement              no-console
Code Quality	Lint check	2025-09-26T11:45:09.8836239Z ##[warning]   75:5   warning  Unexpected console statement              no-console
Code Quality	Lint check	2025-09-26T11:45:09.8837646Z ##[warning]   80:5   warning  Unexpected console statement              no-console
Code Quality	Lint check	2025-09-26T11:45:09.8839079Z ##[warning]   97:7   warning  Unexpected console statement              no-console
Code Quality	Lint check	2025-09-26T11:45:09.8840591Z ##[warning]   99:7   warning  Unexpected console statement              no-console
Code Quality	Lint check	2025-09-26T11:45:09.8842307Z ##[warning]  168:7   warning  Unexpected console statement              no-console
Code Quality	Lint check	2025-09-26T11:45:09.8843944Z ##[warning]  170:7   warning  Unexpected console statement              no-console
Code Quality	Lint check	2025-09-26T11:45:09.8845984Z ##[warning]  174:42  warning  Unexpected any. Specify a different type  @typescript-eslint/no-explicit-any
Code Quality	Lint check	2025-09-26T11:45:09.8848076Z ##[warning]  176:81  warning  Unexpected any. Specify a different type  @typescript-eslint/no-explicit-any
Code Quality	Lint check	2025-09-26T11:45:09.8850146Z ##[warning]  177:86  warning  Unexpected any. Specify a different type  @typescript-eslint/no-explicit-any
Code Quality	Lint check	2025-09-26T11:45:09.8852110Z ##[warning]  184:46  warning  Unexpected any. Specify a different type  @typescript-eslint/no-explicit-any
Code Quality	Lint check	2025-09-26T11:45:09.8854180Z ##[warning]  194:42  warning  Unexpected any. Specify a different type  @typescript-eslint/no-explicit-any
Code Quality	Lint check	2025-09-26T11:45:09.8856599Z ##[warning]  196:81  warning  Unexpected any. Specify a different type  @typescript-eslint/no-explicit-any
Code Quality	Lint check	2025-09-26T11:45:09.8858826Z ##[warning]  197:65  warning  Unexpected any. Specify a different type  @typescript-eslint/no-explicit-any
Code Quality	Lint check	2025-09-26T11:45:09.8860879Z ##[warning]  202:43  warning  Unexpected any. Specify a different type  @typescript-eslint/no-explicit-any
Code Quality	Lint check	2025-09-26T11:45:09.8862866Z ##[warning]  206:44  warning  Unexpected any. Specify a different type  @typescript-eslint/no-explicit-any
Code Quality	Lint check	2025-09-26T11:45:09.8864845Z ##[warning]  207:43  warning  Unexpected any. Specify a different type  @typescript-eslint/no-explicit-any
Code Quality	Lint check	2025-09-26T11:45:09.8867159Z ##[warning]  218:32  warning  'userId' is defined but never used        @typescript-eslint/no-unused-vars
Code Quality	Lint check	2025-09-26T11:45:09.8869141Z ##[warning]  218:48  warning  'weekStart' is defined but never used     @typescript-eslint/no-unused-vars
Code Quality	Lint check	2025-09-26T11:45:09.8871088Z ##[warning]  218:65  warning  'weekEnd' is defined but never used       @typescript-eslint/no-unused-vars
Code Quality	Lint check	2025-09-26T11:45:09.8872930Z ##[warning]  255:5   warning  Unexpected console statement              no-console
Code Quality	Lint check	2025-09-26T11:45:09.8874273Z 
Code Quality	Lint check	2025-09-26T11:45:09.8874846Z /home/runner/work/athelete-ally/athelete-ally/services/workouts/src/telemetry.ts
Code Quality	Lint check	2025-09-26T11:45:09.8876572Z ##[warning]  80:76  warning  Unexpected any. Specify a different type  @typescript-eslint/no-explicit-any
Code Quality	Lint check	2025-09-26T11:45:09.8877778Z 
Code Quality	Lint check	2025-09-26T11:45:09.8878330Z ✖ 35 problems (0 errors, 35 warnings)
Code Quality	Lint check	2025-09-26T11:45:09.8878662Z 
Code Quality	Lint check	2025-09-26T11:45:09.8879092Z ##[endgroup]
Code Quality	Lint check	2025-09-26T11:45:09.9277046Z ##[group]@athlete-ally/profile-onboarding:lint
Code Quality	Lint check	2025-09-26T11:45:09.9281596Z cache miss, executing 6abb5ebac1edc1e8
Code Quality	Lint check	2025-09-26T11:45:09.9285755Z 
Code Quality	Lint check	2025-09-26T11:45:09.9289743Z > @athlete-ally/profile-onboarding@0.1.0 lint
Code Quality	Lint check	2025-09-26T11:45:09.9294317Z > eslint -c ../../eslint.config.mjs src
Code Quality	Lint check	2025-09-26T11:45:09.9296258Z 
Code Quality	Lint check	2025-09-26T11:45:09.9298737Z Pages directory cannot be found at /home/runner/work/athelete-ally/athelete-ally/services/profile-onboarding/pages or /home/runner/work/athelete-ally/athelete-ally/services/profile-onboarding/src/pages. If using a custom path, please configure with the `no-html-link-for-pages` rule in your eslint config file.
Code Quality	Lint check	2025-09-26T11:45:09.9301062Z 
Code Quality	Lint check	2025-09-26T11:45:09.9302082Z /home/runner/work/athelete-ally/athelete-ally/services/profile-onboarding/src/index.ts
Code Quality	Lint check	2025-09-26T11:45:09.9304103Z ##[warning]    8:10  warning  'prisma' is defined but never used        @typescript-eslint/no-unused-vars
Code Quality	Lint check	2025-09-26T11:45:09.9309694Z ##[warning]    9:10  warning  'z' is defined but never used             @typescript-eslint/no-unused-vars
Code Quality	Lint check	2025-09-26T11:45:09.9311671Z ##[warning]   52:57  warning  Unexpected any. Specify a different type  @typescript-eslint/no-explicit-any
Code Quality	Lint check	2025-09-26T11:45:09.9313683Z ##[warning]  130:18  warning  Unexpected any. Specify a different type  @typescript-eslint/no-explicit-any
Code Quality	Lint check	2025-09-26T11:45:09.9315847Z ##[warning]  175:30  warning  Unexpected any. Specify a different type  @typescript-eslint/no-explicit-any
Code Quality	Lint check	2025-09-26T11:45:09.9317672Z ##[warning]  189:15  warning  Unexpected console statement              no-console
Code Quality	Lint check	2025-09-26T11:45:09.9318723Z 
Code Quality	Lint check	2025-09-26T11:45:09.9319358Z /home/runner/work/athelete-ally/athelete-ally/services/profile-onboarding/src/telemetry.ts
Code Quality	Lint check	2025-09-26T11:45:09.9320524Z ##[warning]  31:17  warning  Unexpected console statement  no-console
Code Quality	Lint check	2025-09-26T11:45:09.9322019Z ##[warning]  32:23  warning  Unexpected console statement  no-console
Code Quality	Lint check	2025-09-26T11:45:09.9322982Z 
Code Quality	Lint check	2025-09-26T11:45:09.9323492Z ✖ 8 problems (0 errors, 8 warnings)
Code Quality	Lint check	2025-09-26T11:45:09.9323784Z 
Code Quality	Lint check	2025-09-26T11:45:09.9324166Z ##[endgroup]
Code Quality	Lint check	2025-09-26T11:45:12.3317370Z ##[group]@athlete-ally/planning-engine:lint
Code Quality	Lint check	2025-09-26T11:45:12.3318026Z cache miss, executing 67793d630b577dd0
Code Quality	Lint check	2025-09-26T11:45:12.3318222Z 
Code Quality	Lint check	2025-09-26T11:45:12.3318391Z > @athlete-ally/planning-engine@0.1.0 lint
Code Quality	Lint check	2025-09-26T11:45:12.3318731Z > eslint -c eslint.config.mjs src
Code Quality	Lint check	2025-09-26T11:45:12.3319001Z 
Code Quality	Lint check	2025-09-26T11:45:12.3319012Z 
Code Quality	Lint check	2025-09-26T11:45:12.3319694Z /home/runner/work/athelete-ally/athelete-ally/services/planning-engine/src/adaptation-engine.ts
Code Quality	Lint check	2025-09-26T11:45:12.3321823Z ##[warning]  118:18   warning  Unexpected any. Specify a different type                 @typescript-eslint/no-explicit-any
Code Quality	Lint check	2025-09-26T11:45:12.3324172Z ##[warning]  120:5    warning  'userProfile' is defined but never used                  @typescript-eslint/no-unused-vars
Code Quality	Lint check	2025-09-26T11:45:12.3326517Z ##[warning]  120:18   warning  Unexpected any. Specify a different type                 @typescript-eslint/no-explicit-any
Code Quality	Lint check	2025-09-26T11:45:12.3328705Z ##[warning]  156:18   warning  Unexpected any. Specify a different type                 @typescript-eslint/no-explicit-any
Code Quality	Lint check	2025-09-26T11:45:12.3331065Z ##[warning]  158:14   warning  Unexpected any. Specify a different type                 @typescript-eslint/no-explicit-any
Code Quality	Lint check	2025-09-26T11:45:12.3333282Z ##[warning]  343:49   warning  Unexpected any. Specify a different type                 @typescript-eslint/no-explicit-any
Code Quality	Lint check	2025-09-26T11:45:12.3335319Z ##[warning]  344:11   warning  'intensityReduction' is assigned a value but never used  @typescript-eslint/no-unused-vars
Code Quality	Lint check	2025-09-26T11:45:12.3337970Z ##[warning]  345:11   warning  'volumeReduction' is assigned a value but never used     @typescript-eslint/no-unused-vars
Code Quality	Lint check	2025-09-26T11:45:12.3340123Z ##[warning]  368:49   warning  Unexpected any. Specify a different type                 @typescript-eslint/no-explicit-any
Code Quality	Lint check	2025-09-26T11:45:12.3342237Z ##[warning]  390:46   warning  Unexpected any. Specify a different type                 @typescript-eslint/no-explicit-any
Code Quality	Lint check	2025-09-26T11:45:12.3344292Z ##[warning]  412:55   warning  Unexpected any. Specify a different type                 @typescript-eslint/no-explicit-any
Code Quality	Lint check	2025-09-26T11:45:12.3346627Z ##[warning]  434:52   warning  Unexpected any. Specify a different type                 @typescript-eslint/no-explicit-any
Code Quality	Lint check	2025-09-26T11:45:12.3348763Z ##[warning]  483:41   warning  Unexpected any. Specify a different type                 @typescript-eslint/no-explicit-any
Code Quality	Lint check	2025-09-26T11:45:12.3350716Z ##[warning]  483:46   warning  'adaptation' is defined but never used                   @typescript-eslint/no-unused-vars
Code Quality	Lint check	2025-09-26T11:45:12.3352880Z ##[warning]  483:77   warning  Unexpected any. Specify a different type                 @typescript-eslint/no-explicit-any
Code Quality	Lint check	2025-09-26T11:45:12.3354994Z ##[warning]  495:41   warning  Unexpected any. Specify a different type                 @typescript-eslint/no-explicit-any
Code Quality	Lint check	2025-09-26T11:45:12.3357386Z ##[warning]  495:46   warning  'adaptation' is defined but never used                   @typescript-eslint/no-unused-vars
Code Quality	Lint check	2025-09-26T11:45:12.3359470Z ##[warning]  495:77   warning  Unexpected any. Specify a different type                 @typescript-eslint/no-explicit-any
Code Quality	Lint check	2025-09-26T11:45:12.3361607Z ##[warning]  505:38   warning  Unexpected any. Specify a different type                 @typescript-eslint/no-explicit-any
Code Quality	Lint check	2025-09-26T11:45:12.3363671Z ##[warning]  505:43   warning  'adaptation' is defined but never used                   @typescript-eslint/no-unused-vars
Code Quality	Lint check	2025-09-26T11:45:12.3365907Z ##[warning]  505:74   warning  Unexpected any. Specify a different type                 @typescript-eslint/no-explicit-any
Code Quality	Lint check	2025-09-26T11:45:12.3368055Z ##[warning]  515:42   warning  Unexpected any. Specify a different type                 @typescript-eslint/no-explicit-any
Code Quality	Lint check	2025-09-26T11:45:12.3370165Z ##[warning]  515:47   warning  'adaptation' is defined but never used                   @typescript-eslint/no-unused-vars
Code Quality	Lint check	2025-09-26T11:45:12.3372241Z ##[warning]  515:78   warning  Unexpected any. Specify a different type                 @typescript-eslint/no-explicit-any
Code Quality	Lint check	2025-09-26T11:45:12.3374356Z ##[warning]  523:43   warning  Unexpected any. Specify a different type                 @typescript-eslint/no-explicit-any
Code Quality	Lint check	2025-09-26T11:45:12.3376577Z ##[warning]  523:48   warning  'adaptation' is defined but never used                   @typescript-eslint/no-unused-vars
Code Quality	Lint check	2025-09-26T11:45:12.3378762Z ##[warning]  523:79   warning  Unexpected any. Specify a different type                 @typescript-eslint/no-explicit-any
Code Quality	Lint check	2025-09-26T11:45:12.3380910Z ##[warning]  531:46   warning  Unexpected any. Specify a different type                 @typescript-eslint/no-explicit-any
Code Quality	Lint check	2025-09-26T11:45:12.3383007Z ##[warning]  531:51   warning  'adaptation' is defined but never used                   @typescript-eslint/no-unused-vars
Code Quality	Lint check	2025-09-26T11:45:12.3385124Z ##[warning]  531:82   warning  Unexpected any. Specify a different type                 @typescript-eslint/no-explicit-any
Code Quality	Lint check	2025-09-26T11:45:12.3387428Z ##[warning]  540:104  warning  Unexpected any. Specify a different type                 @typescript-eslint/no-explicit-any
Code Quality	Lint check	2025-09-26T11:45:12.3389565Z ##[warning]  540:131  warning  Unexpected any. Specify a different type                 @typescript-eslint/no-explicit-any
Code Quality	Lint check	2025-09-26T11:45:12.3391716Z ##[warning]  541:103  warning  Unexpected any. Specify a different type                 @typescript-eslint/no-explicit-any
Code Quality	Lint check	2025-09-26T11:45:12.3393774Z ##[warning]  541:130  warning  Unexpected any. Specify a different type                 @typescript-eslint/no-explicit-any
Code Quality	Lint check	2025-09-26T11:45:12.3396316Z ##[warning]  542:100  warning  Unexpected any. Specify a different type                 @typescript-eslint/no-explicit-any
Code Quality	Lint check	2025-09-26T11:45:12.3398461Z ##[warning]  542:127  warning  Unexpected any. Specify a different type                 @typescript-eslint/no-explicit-any
Code Quality	Lint check	2025-09-26T11:45:12.3399604Z 
Code Quality	Lint check	2025-09-26T11:45:12.3400308Z /home/runner/work/athelete-ally/athelete-ally/services/planning-engine/src/adaptive-adjuster.ts
Code Quality	Lint check	2025-09-26T11:45:12.3401865Z ##[warning]   13:32  warning  'EnhancedSessionSchema' is defined but never used  @typescript-eslint/no-unused-vars
Code Quality	Lint check	2025-09-26T11:45:12.3403828Z ##[warning]   14:10  warning  'z' is defined but never used                      @typescript-eslint/no-unused-vars
Code Quality	Lint check	2025-09-26T11:45:12.3405867Z ##[warning]   58:20  warning  'plan' is defined but never used                   @typescript-eslint/no-unused-vars
Code Quality	Lint check	2025-09-26T11:45:12.3407792Z ##[warning]  134:44  warning  Unexpected any. Specify a different type           @typescript-eslint/no-explicit-any
Code Quality	Lint check	2025-09-26T11:45:12.3409801Z ##[warning]  161:60  warning  Unexpected any. Specify a different type           @typescript-eslint/no-explicit-any
Code Quality	Lint check	2025-09-26T11:45:12.3411872Z ##[warning]  190:55  warning  Unexpected any. Specify a different type           @typescript-eslint/no-explicit-any
Code Quality	Lint check	2025-09-26T11:45:12.3413039Z 
Code Quality	Lint check	2025-09-26T11:45:12.3413959Z /home/runner/work/athelete-ally/athelete-ally/services/planning-engine/src/cache/cache-manager.ts
Code Quality	Lint check	2025-09-26T11:45:12.3415860Z ##[warning]  11:43  warning  Unexpected any. Specify a different type  @typescript-eslint/no-explicit-any
Code Quality	Lint check	2025-09-26T11:45:12.3417826Z ##[warning]  44:32  warning  Unexpected any. Specify a different type  @typescript-eslint/no-explicit-any
Code Quality	Lint check	2025-09-26T11:45:12.3418952Z 
Code Quality	Lint check	2025-09-26T11:45:12.3419618Z /home/runner/work/athelete-ally/athelete-ally/services/planning-engine/src/cache/redis-cache.ts
Code Quality	Lint check	2025-09-26T11:45:12.3421055Z ##[warning]   49:33  warning  Unexpected any. Specify a different type  @typescript-eslint/no-explicit-any
Code Quality	Lint check	2025-09-26T11:45:12.3423024Z ##[warning]  154:49  warning  Unexpected any. Specify a different type  @typescript-eslint/no-explicit-any
Code Quality	Lint check	2025-09-26T11:45:12.3424969Z ##[warning]  210:39  warning  Unexpected any. Specify a different type  @typescript-eslint/no-explicit-any
Code Quality	Lint check	2025-09-26T11:45:12.3427161Z ##[warning]  254:50  warning  Unexpected any. Specify a different type  @typescript-eslint/no-explicit-any
Code Quality	Lint check	2025-09-26T11:45:12.3429043Z ##[warning]  291:13  warning  Unexpected any. Specify a different type  @typescript-eslint/no-explicit-any
Code Quality	Lint check	2025-09-26T11:45:12.3430954Z ##[warning]  293:11  warning  Unexpected any. Specify a different type  @typescript-eslint/no-explicit-any
Code Quality	Lint check	2025-09-26T11:45:12.3432912Z ##[warning]  317:59  warning  Unexpected any. Specify a different type  @typescript-eslint/no-explicit-any
Code Quality	Lint check	2025-09-26T11:45:12.3434813Z ##[warning]  319:19  warning  Unexpected any. Specify a different type  @typescript-eslint/no-explicit-any
Code Quality	Lint check	2025-09-26T11:45:12.3436921Z ##[warning]  376:28  warning  Unexpected any. Specify a different type  @typescript-eslint/no-explicit-any
Code Quality	Lint check	2025-09-26T11:45:12.3438865Z ##[warning]  380:49  warning  Unexpected any. Specify a different type  @typescript-eslint/no-explicit-any
Code Quality	Lint check	2025-09-26T11:45:12.3439931Z 
Code Quality	Lint check	2025-09-26T11:45:12.3440561Z /home/runner/work/athelete-ally/athelete-ally/services/planning-engine/src/enhanced-server.ts
Code Quality	Lint check	2025-09-26T11:45:12.3441953Z ##[warning]   13:10  warning  'ErrorHandler' is defined but never used        @typescript-eslint/no-unused-vars
Code Quality	Lint check	2025-09-26T11:45:12.3443782Z ##[warning]   14:10  warning  'PerformanceMonitor' is defined but never used  @typescript-eslint/no-unused-vars
Code Quality	Lint check	2025-09-26T11:45:12.3445826Z ##[warning]  178:53  warning  Unexpected any. Specify a different type        @typescript-eslint/no-explicit-any
Code Quality	Lint check	2025-09-26T11:45:12.3447750Z ##[warning]  291:38  warning  Unexpected any. Specify a different type        @typescript-eslint/no-explicit-any
Code Quality	Lint check	2025-09-26T11:45:12.3450037Z ##[warning]  389:37  warning  Unexpected any. Specify a different type        @typescript-eslint/no-explicit-any
Code Quality	Lint check	2025-09-26T11:45:12.3451936Z ##[warning]  459:42  warning  Unexpected any. Specify a different type        @typescript-eslint/no-explicit-any
Code Quality	Lint check	2025-09-26T11:45:12.3453791Z ##[warning]  543:42  warning  Unexpected any. Specify a different type        @typescript-eslint/no-explicit-any
Code Quality	Lint check	2025-09-26T11:45:12.3455834Z ##[warning]  544:45  warning  Unexpected any. Specify a different type        @typescript-eslint/no-explicit-any
Code Quality	Lint check	2025-09-26T11:45:12.3456958Z 
Code Quality	Lint check	2025-09-26T11:45:12.3457662Z /home/runner/work/athelete-ally/athelete-ally/services/planning-engine/src/events/jetstream-consumer.ts
Code Quality	Lint check	2025-09-26T11:45:12.3459190Z ##[warning]   66:39  warning  Unexpected any. Specify a different type  @typescript-eslint/no-explicit-any
Code Quality	Lint check	2025-09-26T11:45:12.3461014Z ##[warning]   86:14  warning  'error' is defined but never used         @typescript-eslint/no-unused-vars
Code Quality	Lint check	2025-09-26T11:45:12.3462845Z ##[warning]   90:35  warning  Unexpected any. Specify a different type  @typescript-eslint/no-explicit-any
Code Quality	Lint check	2025-09-26T11:45:12.3464751Z ##[warning]   94:34  warning  Unexpected any. Specify a different type  @typescript-eslint/no-explicit-any
Code Quality	Lint check	2025-09-26T11:45:12.3466802Z ##[warning]   95:37  warning  Unexpected any. Specify a different type  @typescript-eslint/no-explicit-any
Code Quality	Lint check	2025-09-26T11:45:12.3468646Z ##[warning]  128:12  warning  Unexpected any. Specify a different type  @typescript-eslint/no-explicit-any
Code Quality	Lint check	2025-09-26T11:45:12.3470766Z ##[warning]  155:11  warning  Unexpected any. Specify a different type  @typescript-eslint/no-explicit-any
Code Quality	Lint check	2025-09-26T11:45:12.3472633Z ##[warning]  185:59  warning  Unexpected any. Specify a different type  @typescript-eslint/no-explicit-any
Code Quality	Lint check	2025-09-26T11:45:12.3474475Z ##[warning]  278:30  warning  Unexpected any. Specify a different type  @typescript-eslint/no-explicit-any
Code Quality	Lint check	2025-09-26T11:45:12.3476557Z ##[warning]  347:31  warning  Unexpected any. Specify a different type  @typescript-eslint/no-explicit-any
Code Quality	Lint check	2025-09-26T11:45:12.3477685Z 
Code Quality	Lint check	2025-09-26T11:45:12.3478328Z /home/runner/work/athelete-ally/athelete-ally/services/planning-engine/src/events/processor.ts
Code Quality	Lint check	2025-09-26T11:45:12.3479706Z ##[warning]   46:49  warning  Unexpected any. Specify a different type  @typescript-eslint/no-explicit-any
Code Quality	Lint check	2025-09-26T11:45:12.3481586Z ##[warning]  129:76  warning  Unexpected any. Specify a different type  @typescript-eslint/no-explicit-any
Code Quality	Lint check	2025-09-26T11:45:12.3483453Z ##[warning]  131:80  warning  Unexpected any. Specify a different type  @typescript-eslint/no-explicit-any
Code Quality	Lint check	2025-09-26T11:45:12.3484540Z 
Code Quality	Lint check	2025-09-26T11:45:12.3485176Z /home/runner/work/athelete-ally/athelete-ally/services/planning-engine/src/events/publisher.ts
Code Quality	Lint check	2025-09-26T11:45:12.3486654Z ##[warning]   54:36  warning  'T' is defined but never used             @typescript-eslint/no-unused-vars
Code Quality	Lint check	2025-09-26T11:45:12.3488452Z ##[warning]   91:43  warning  Unexpected any. Specify a different type  @typescript-eslint/no-explicit-any
Code Quality	Lint check	2025-09-26T11:45:12.3490276Z ##[warning]   97:47  warning  Unexpected any. Specify a different type  @typescript-eslint/no-explicit-any
Code Quality	Lint check	2025-09-26T11:45:12.3492114Z ##[warning]  103:37  warning  Unexpected any. Specify a different type  @typescript-eslint/no-explicit-any
Code Quality	Lint check	2025-09-26T11:45:12.3493970Z ##[warning]  109:44  warning  Unexpected any. Specify a different type  @typescript-eslint/no-explicit-any
Code Quality	Lint check	2025-09-26T11:45:12.3495047Z 
Code Quality	Lint check	2025-09-26T11:45:12.3495825Z /home/runner/work/athelete-ally/athelete-ally/services/planning-engine/src/health.ts
Code Quality	Lint check	2025-09-26T11:45:12.3497155Z ##[warning]   43:13  warning  Unexpected any. Specify a different type  @typescript-eslint/no-explicit-any
Code Quality	Lint check	2025-09-26T11:45:12.3498860Z ##[warning]  239:21  warning  Unreachable code                          no-unreachable
Code Quality	Lint check	2025-09-26T11:45:12.3499837Z 
Code Quality	Lint check	2025-09-26T11:45:12.3500447Z /home/runner/work/athelete-ally/athelete-ally/services/planning-engine/src/llm-enhanced.ts
Code Quality	Lint check	2025-09-26T11:45:12.3501790Z ##[warning]  172:11  warning  Unexpected any. Specify a different type  @typescript-eslint/no-explicit-any
Code Quality	Lint check	2025-09-26T11:45:12.3503810Z ##[warning]  349:63  warning  'week' is defined but never used          @typescript-eslint/no-unused-vars
Code Quality	Lint check	2025-09-26T11:45:12.3505736Z ##[warning]  369:64  warning  'day' is defined but never used           @typescript-eslint/no-unused-vars
Code Quality	Lint check	2025-09-26T11:45:12.3506815Z 
Code Quality	Lint check	2025-09-26T11:45:12.3507355Z /home/runner/work/athelete-ally/athelete-ally/services/planning-engine/src/llm.ts
Code Quality	Lint check	2025-09-26T11:45:12.3508582Z ##[warning]  39:44  warning  'request' is defined but never used  @typescript-eslint/no-unused-vars
Code Quality	Lint check	2025-09-26T11:45:12.3509640Z 
Code Quality	Lint check	2025-09-26T11:45:12.3510343Z /home/runner/work/athelete-ally/athelete-ally/services/planning-engine/src/middleware/error-handler.ts
Code Quality	Lint check	2025-09-26T11:45:12.3511874Z ##[warning]   37:15  warning  Unexpected any. Specify a different type  @typescript-eslint/no-explicit-any
Code Quality	Lint check	2025-09-26T11:45:12.3513737Z ##[warning]  101:59  warning  Unexpected any. Specify a different type  @typescript-eslint/no-explicit-any
Code Quality	Lint check	2025-09-26T11:45:12.3515746Z ##[warning]  246:49  warning  Unexpected any. Specify a different type  @typescript-eslint/no-explicit-any
Code Quality	Lint check	2025-09-26T11:45:12.3517648Z ##[warning]  279:57  warning  Unexpected any. Specify a different type  @typescript-eslint/no-explicit-any
Code Quality	Lint check	2025-09-26T11:45:12.3519495Z ##[warning]  295:40  warning  Unexpected any. Specify a different type  @typescript-eslint/no-explicit-any
Code Quality	Lint check	2025-09-26T11:45:12.3521357Z ##[warning]  311:37  warning  Unexpected any. Specify a different type  @typescript-eslint/no-explicit-any
Code Quality	Lint check	2025-09-26T11:45:12.3523418Z ##[warning]  327:61  warning  Unexpected any. Specify a different type  @typescript-eslint/no-explicit-any
Code Quality	Lint check	2025-09-26T11:45:12.3525292Z ##[warning]  364:38  warning  Unexpected any. Specify a different type  @typescript-eslint/no-explicit-any
Code Quality	Lint check	2025-09-26T11:45:12.3527387Z ##[warning]  367:47  warning  Unexpected any. Specify a different type  @typescript-eslint/no-explicit-any
Code Quality	Lint check	2025-09-26T11:45:12.3528508Z 
Code Quality	Lint check	2025-09-26T11:45:12.3529127Z /home/runner/work/athelete-ally/athelete-ally/services/planning-engine/src/middleware/performance.ts
Code Quality	Lint check	2025-09-26T11:45:12.3530925Z ##[warning]   47:19  warning  Unexpected any. Specify a different type  @typescript-eslint/no-explicit-any
Code Quality	Lint check	2025-09-26T11:45:12.3532389Z ##[warning]   48:19  warning  Unexpected any. Specify a different type  @typescript-eslint/no-explicit-any
Code Quality	Lint check	2025-09-26T11:45:12.3534121Z ##[warning]   49:52  warning  Unexpected any. Specify a different type  @typescript-eslint/no-explicit-any
Code Quality	Lint check	2025-09-26T11:45:12.3536228Z ##[warning]   54:53  warning  Unexpected any. Specify a different type  @typescript-eslint/no-explicit-any
Code Quality	Lint check	2025-09-26T11:45:12.3538361Z ##[warning]   56:37  warning  Unexpected any. Specify a different type  @typescript-eslint/no-explicit-any
Code Quality	Lint check	2025-09-26T11:45:12.3539593Z ##[warning]   66:64  warning  'reply' is defined but never used         @typescript-eslint/no-unused-vars
Code Quality	Lint check	2025-09-26T11:45:12.3541156Z ##[warning]   66:85  warning  'error' is defined but never used         @typescript-eslint/no-unused-vars
Code Quality	Lint check	2025-09-26T11:45:12.3542242Z ##[warning]  105:29  warning  'request' is defined but never used       @typescript-eslint/no-unused-vars
Code Quality	Lint check	2025-09-26T11:45:12.3543322Z ##[warning]  146:32  warning  Unexpected any. Specify a different type  @typescript-eslint/no-explicit-any
Code Quality	Lint check	2025-09-26T11:45:12.3544410Z ##[warning]  190:40  warning  Unexpected any. Specify a different type  @typescript-eslint/no-explicit-any
Code Quality	Lint check	2025-09-26T11:45:12.3545500Z ##[warning]  202:35  warning  Unexpected any. Specify a different type  @typescript-eslint/no-explicit-any
Code Quality	Lint check	2025-09-26T11:45:12.3546425Z 
Code Quality	Lint check	2025-09-26T11:45:12.3546900Z /home/runner/work/athelete-ally/athelete-ally/services/planning-engine/src/optimization/async-plan-generator.ts
Code Quality	Lint check	2025-09-26T11:45:12.3547999Z ##[warning]    7:10  warning  'Prisma' is defined but never used        @typescript-eslint/no-unused-vars
Code Quality	Lint check	2025-09-26T11:45:12.3549145Z ##[warning]   20:30  warning  Unexpected any. Specify a different type  @typescript-eslint/no-explicit-any
Code Quality	Lint check	2025-09-26T11:45:12.3550356Z ##[warning]   94:12  warning  Unexpected any. Specify a different type  @typescript-eslint/no-explicit-any
Code Quality	Lint check	2025-09-26T11:45:12.3551657Z ##[warning]  197:16  warning  'task' is defined but never used          @typescript-eslint/no-unused-vars
Code Quality	Lint check	2025-09-26T11:45:12.3552756Z ##[warning]  264:30  warning  Unexpected any. Specify a different type  @typescript-eslint/no-explicit-any
Code Quality	Lint check	2025-09-26T11:45:12.3553952Z ##[warning]  266:49  warning  Unexpected any. Specify a different type  @typescript-eslint/no-explicit-any
Code Quality	Lint check	2025-09-26T11:45:12.3555078Z ##[warning]  271:49  warning  Unexpected any. Specify a different type  @typescript-eslint/no-explicit-any
Code Quality	Lint check	2025-09-26T11:45:12.3556638Z ##[warning]  276:60  warning  Unexpected any. Specify a different type  @typescript-eslint/no-explicit-any
Code Quality	Lint check	2025-09-26T11:45:12.3557290Z 
Code Quality	Lint check	2025-09-26T11:45:12.3557743Z /home/runner/work/athelete-ally/athelete-ally/services/planning-engine/src/optimization/database-optimizer.ts
Code Quality	Lint check	2025-09-26T11:45:12.3558632Z ##[warning]    9:11  warning  'BatchOperation' is defined but never used  @typescript-eslint/no-unused-vars
Code Quality	Lint check	2025-09-26T11:45:12.3559876Z ##[warning]   37:59  warning  Unexpected any. Specify a different type    @typescript-eslint/no-explicit-any
Code Quality	Lint check	2025-09-26T11:45:12.3561398Z ##[warning]   50:62  warning  Unexpected any. Specify a different type    @typescript-eslint/no-explicit-any
Code Quality	Lint check	2025-09-26T11:45:12.3562793Z ##[warning]   52:30  warning  Unexpected any. Specify a different type    @typescript-eslint/no-explicit-any
Code Quality	Lint check	2025-09-26T11:45:12.3564351Z ##[warning]   53:24  warning  Unexpected any. Specify a different type    @typescript-eslint/no-explicit-any
Code Quality	Lint check	2025-09-26T11:45:12.3565971Z ##[warning]   54:25  warning  Unexpected any. Specify a different type    @typescript-eslint/no-explicit-any
Code Quality	Lint check	2025-09-26T11:45:12.3567667Z ##[warning]   68:28  warning  Unexpected any. Specify a different type    @typescript-eslint/no-explicit-any
Code Quality	Lint check	2025-09-26T11:45:12.3569481Z ##[warning]   71:19  warning  Unexpected any. Specify a different type    @typescript-eslint/no-explicit-any
Code Quality	Lint check	2025-09-26T11:45:12.3572390Z ##[warning]   71:53  warning  Unexpected any. Specify a different type    @typescript-eslint/no-explicit-any
Code Quality	Lint check	2025-09-26T11:45:12.3593798Z ##[warning]   74:42  warning  Unexpected any. Specify a different type    @typescript-eslint/no-explicit-any
Code Quality	Lint check	2025-09-26T11:45:12.3595022Z ##[warning]   96:29  warning  Unexpected any. Specify a different type    @typescript-eslint/no-explicit-any
Code Quality	Lint check	2025-09-26T11:45:12.3596789Z ##[warning]   99:19  warning  Unexpected any. Specify a different type    @typescript-eslint/no-explicit-any
Code Quality	Lint check	2025-09-26T11:45:12.3598321Z ##[warning]   99:53  warning  Unexpected any. Specify a different type    @typescript-eslint/no-explicit-any
Code Quality	Lint check	2025-09-26T11:45:12.3599426Z ##[warning]  102:42  warning  Unexpected any. Specify a different type    @typescript-eslint/no-explicit-any
Code Quality	Lint check	2025-09-26T11:45:12.3600529Z ##[warning]  104:22  warning  Unexpected any. Specify a different type    @typescript-eslint/no-explicit-any
Code Quality	Lint check	2025-09-26T11:45:12.3601609Z ##[warning]  255:12  warning  Unexpected any. Specify a different type    @typescript-eslint/no-explicit-any
Code Quality	Lint check	2025-09-26T11:45:12.3602712Z ##[warning]  340:58  warning  Unexpected any. Specify a different type    @typescript-eslint/no-explicit-any
Code Quality	Lint check	2025-09-26T11:45:12.3603742Z ##[warning]  443:21  warning  Unreachable code                            no-unreachable
Code Quality	Lint check	2025-09-26T11:45:12.3604342Z 
Code Quality	Lint check	2025-09-26T11:45:12.3604765Z /home/runner/work/athelete-ally/athelete-ally/services/planning-engine/src/routes/enhanced-plans.ts
Code Quality	Lint check	2025-09-26T11:45:12.3606034Z ##[warning]   93:47  warning  Unexpected any. Specify a different type  @typescript-eslint/no-explicit-any
Code Quality	Lint check	2025-09-26T11:45:12.3607218Z ##[warning]  101:51  warning  Unexpected any. Specify a different type  @typescript-eslint/no-explicit-any
Code Quality	Lint check	2025-09-26T11:45:12.3608323Z ##[warning]  111:62  warning  Unexpected any. Specify a different type  @typescript-eslint/no-explicit-any
Code Quality	Lint check	2025-09-26T11:45:12.3609415Z ##[warning]  304:65  warning  Unexpected any. Specify a different type  @typescript-eslint/no-explicit-any
Code Quality	Lint check	2025-09-26T11:45:12.3610764Z ##[warning]  304:93  warning  Unexpected any. Specify a different type  @typescript-eslint/no-explicit-any
Code Quality	Lint check	2025-09-26T11:45:12.3611866Z ##[warning]  310:65  warning  Unexpected any. Specify a different type  @typescript-eslint/no-explicit-any
Code Quality	Lint check	2025-09-26T11:45:12.3612983Z ##[warning]  310:93  warning  Unexpected any. Specify a different type  @typescript-eslint/no-explicit-any
Code Quality	Lint check	2025-09-26T11:45:12.3614093Z ##[warning]  319:50  warning  Unexpected any. Specify a different type  @typescript-eslint/no-explicit-any
Code Quality	Lint check	2025-09-26T11:45:12.3615193Z ##[warning]  328:64  warning  Unexpected any. Specify a different type  @typescript-eslint/no-explicit-any
Code Quality	Lint check	2025-09-26T11:45:12.3616886Z ##[warning]  342:25  warning  Unexpected any. Specify a different type  @typescript-eslint/no-explicit-any
Code Quality	Lint check	2025-09-26T11:45:12.3617997Z ##[warning]  406:62  warning  Unexpected any. Specify a different type  @typescript-eslint/no-explicit-any
Code Quality	Lint check	2025-09-26T11:45:12.3619090Z ##[warning]  433:84  warning  Unexpected any. Specify a different type  @typescript-eslint/no-explicit-any
Code Quality	Lint check	2025-09-26T11:45:12.3619745Z 
Code Quality	Lint check	2025-09-26T11:45:12.3620080Z /home/runner/work/athelete-ally/athelete-ally/services/planning-engine/src/server.ts
Code Quality	Lint check	2025-09-26T11:45:12.3621219Z ##[warning]   11:10  warning  'Prisma' is defined but never used                  @typescript-eslint/no-unused-vars
Code Quality	Lint check	2025-09-26T11:45:12.3623270Z ##[warning]   12:66  warning  'PlanGeneratedEvent' is defined but never used      @typescript-eslint/no-unused-vars
Code Quality	Lint check	2025-09-26T11:45:12.3624763Z ##[warning]   14:48  warning  'traceLLMCall' is defined but never used            @typescript-eslint/no-unused-vars
Code Quality	Lint check	2025-09-26T11:45:12.3626517Z ##[warning]   14:62  warning  'traceDatabaseOperation' is defined but never used  @typescript-eslint/no-unused-vars
Code Quality	Lint check	2025-09-26T11:45:12.3628022Z ##[warning]   26:10  warning  'SecureIdGenerator' is defined but never used       @typescript-eslint/no-unused-vars
Code Quality	Lint check	2025-09-26T11:45:12.3629213Z ##[warning]  122:30  warning  Unexpected any. Specify a different type            @typescript-eslint/no-explicit-any
Code Quality	Lint check	2025-09-26T11:45:12.3630453Z ##[warning]  124:49  warning  Unexpected any. Specify a different type            @typescript-eslint/no-explicit-any
Code Quality	Lint check	2025-09-26T11:45:12.3632435Z ##[warning]  129:49  warning  Unexpected any. Specify a different type            @typescript-eslint/no-explicit-any
Code Quality	Lint check	2025-09-26T11:45:12.3634406Z ##[warning]  134:60  warning  Unexpected any. Specify a different type            @typescript-eslint/no-explicit-any
Code Quality	Lint check	2025-09-26T11:45:12.3636563Z ##[warning]  151:31  warning  Unexpected any. Specify a different type            @typescript-eslint/no-explicit-any
Code Quality	Lint check	2025-09-26T11:45:12.3638526Z ##[warning]  176:11  warning  'planJob' is assigned a value but never used        @typescript-eslint/no-unused-vars
Code Quality	Lint check	2025-09-26T11:45:12.3640476Z ##[warning]  182:31  warning  Unexpected any. Specify a different type            @typescript-eslint/no-explicit-any
Code Quality	Lint check	2025-09-26T11:45:12.3642443Z ##[warning]  222:28  warning  Unexpected any. Specify a different type            @typescript-eslint/no-explicit-any
Code Quality	Lint check	2025-09-26T11:45:12.3644373Z ##[warning]  357:42  warning  'request' is defined but never used                 @typescript-eslint/no-unused-vars
Code Quality	Lint check	2025-09-26T11:45:12.3646394Z ##[warning]  357:51  warning  'reply' is defined but never used                   @typescript-eslint/no-unused-vars
Code Quality	Lint check	2025-09-26T11:45:12.3648358Z ##[warning]  412:30  warning  Unexpected any. Specify a different type            @typescript-eslint/no-explicit-any
Code Quality	Lint check	2025-09-26T11:45:12.3649423Z 
Code Quality	Lint check	2025-09-26T11:45:12.3650098Z /home/runner/work/athelete-ally/athelete-ally/services/planning-engine/src/standalone-enhanced-server.ts
Code Quality	Lint check	2025-09-26T11:45:12.3651399Z ##[warning]   73:11  warning  'request' is defined but never used       @typescript-eslint/no-unused-vars
Code Quality	Lint check	2025-09-26T11:45:12.3653069Z ##[warning]   73:20  warning  'reply' is defined but never used         @typescript-eslint/no-unused-vars
Code Quality	Lint check	2025-09-26T11:45:12.3654737Z ##[warning]  103:11  warning  'request' is defined but never used       @typescript-eslint/no-unused-vars
Code Quality	Lint check	2025-09-26T11:45:12.3656771Z ##[warning]  103:20  warning  'reply' is defined but never used         @typescript-eslint/no-unused-vars
Code Quality	Lint check	2025-09-26T11:45:12.3658419Z ##[warning]  159:11  warning  'request' is defined but never used       @typescript-eslint/no-unused-vars
Code Quality	Lint check	2025-09-26T11:45:12.3660154Z ##[warning]  159:20  warning  'reply' is defined but never used         @typescript-eslint/no-unused-vars
Code Quality	Lint check	2025-09-26T11:45:12.3661855Z ##[warning]  181:11  warning  'request' is defined but never used       @typescript-eslint/no-unused-vars
Code Quality	Lint check	2025-09-26T11:45:12.3663628Z ##[warning]  181:20  warning  'reply' is defined but never used         @typescript-eslint/no-unused-vars
Code Quality	Lint check	2025-09-26T11:45:12.3665406Z ##[warning]  200:11  warning  'request' is defined but never used       @typescript-eslint/no-unused-vars
Code Quality	Lint check	2025-09-26T11:45:12.3667372Z ##[warning]  200:20  warning  'reply' is defined but never used         @typescript-eslint/no-unused-vars
Code Quality	Lint check	2025-09-26T11:45:12.3669219Z ##[warning]  289:53  warning  Unexpected any. Specify a different type  @typescript-eslint/no-explicit-any
Code Quality	Lint check	2025-09-26T11:45:12.3671137Z ##[warning]  397:38  warning  Unexpected any. Specify a different type  @typescript-eslint/no-explicit-any
Code Quality	Lint check	2025-09-26T11:45:12.3673028Z ##[warning]  488:37  warning  Unexpected any. Specify a different type  @typescript-eslint/no-explicit-any
Code Quality	Lint check	2025-09-26T11:45:12.3674602Z ##[warning]  557:42  warning  Unexpected any. Specify a different type  @typescript-eslint/no-explicit-any
Code Quality	Lint check	2025-09-26T11:45:12.3676197Z ##[warning]  640:42  warning  Unexpected any. Specify a different type  @typescript-eslint/no-explicit-any
Code Quality	Lint check	2025-09-26T11:45:12.3677885Z ##[warning]  641:45  warning  Unexpected any. Specify a different type  @typescript-eslint/no-explicit-any
Code Quality	Lint check	2025-09-26T11:45:12.3679019Z 
Code Quality	Lint check	2025-09-26T11:45:12.3679697Z /home/runner/work/athelete-ally/athelete-ally/services/planning-engine/src/standalone-health-server.ts
Code Quality	Lint check	2025-09-26T11:45:12.3680583Z ##[warning]   23:30  warning  'request' is defined but never used  @typescript-eslint/no-unused-vars
Code Quality	Lint check	2025-09-26T11:45:12.3681716Z ##[warning]   23:39  warning  'reply' is defined but never used    @typescript-eslint/no-unused-vars
Code Quality	Lint check	2025-09-26T11:45:12.3682783Z ##[warning]   66:39  warning  'request' is defined but never used  @typescript-eslint/no-unused-vars
Code Quality	Lint check	2025-09-26T11:45:12.3683815Z ##[warning]   66:48  warning  'reply' is defined but never used    @typescript-eslint/no-unused-vars
Code Quality	Lint check	2025-09-26T11:45:12.3684851Z ##[warning]  130:36  warning  'request' is defined but never used  @typescript-eslint/no-unused-vars
Code Quality	Lint check	2025-09-26T11:45:12.3686178Z ##[warning]  130:45  warning  'reply' is defined but never used    @typescript-eslint/no-unused-vars
Code Quality	Lint check	2025-09-26T11:45:12.3687254Z ##[warning]  147:35  warning  'request' is defined but never used  @typescript-eslint/no-unused-vars
Code Quality	Lint check	2025-09-26T11:45:12.3688308Z ##[warning]  147:44  warning  'reply' is defined but never used    @typescript-eslint/no-unused-vars
Code Quality	Lint check	2025-09-26T11:45:12.3689325Z ##[warning]  156:37  warning  'request' is defined but never used  @typescript-eslint/no-unused-vars
Code Quality	Lint check	2025-09-26T11:45:12.3690353Z ##[warning]  156:46  warning  'reply' is defined but never used    @typescript-eslint/no-unused-vars
Code Quality	Lint check	2025-09-26T11:45:12.3691358Z ##[warning]  189:24  warning  'request' is defined but never used  @typescript-eslint/no-unused-vars
Code Quality	Lint check	2025-09-26T11:45:12.3692370Z ##[warning]  189:33  warning  'reply' is defined but never used    @typescript-eslint/no-unused-vars
Code Quality	Lint check	2025-09-26T11:45:12.3692987Z 
Code Quality	Lint check	2025-09-26T11:45:12.3693315Z /home/runner/work/athelete-ally/athelete-ally/services/planning-engine/src/startup.ts
Code Quality	Lint check	2025-09-26T11:45:12.3694099Z ##[warning]   19:17  warning  Unexpected any. Specify a different type  @typescript-eslint/no-explicit-any
Code Quality	Lint check	2025-09-26T11:45:12.3695189Z ##[warning]   99:27  warning  Unexpected any. Specify a different type  @typescript-eslint/no-explicit-any
Code Quality	Lint check	2025-09-26T11:45:12.3696689Z ##[warning]  102:33  warning  Unexpected any. Specify a different type  @typescript-eslint/no-explicit-any
Code Quality	Lint check	2025-09-26T11:45:12.3697513Z 
Code Quality	Lint check	2025-09-26T11:45:12.3697853Z /home/runner/work/athelete-ally/athelete-ally/services/planning-engine/src/telemetry.ts
Code Quality	Lint check	2025-09-26T11:45:12.3698635Z ##[warning]   63:77  warning  Unexpected any. Specify a different type  @typescript-eslint/no-explicit-any
Code Quality	Lint check	2025-09-26T11:45:12.3699727Z ##[warning]   72:63  warning  Unexpected any. Specify a different type  @typescript-eslint/no-explicit-any
Code Quality	Lint check	2025-09-26T11:45:12.3700856Z ##[warning]  113:29  warning  Unexpected any. Specify a different type  @typescript-eslint/no-explicit-any
Code Quality	Lint check	2025-09-26T11:45:12.3701941Z ##[warning]  113:43  warning  Unexpected any. Specify a different type  @typescript-eslint/no-explicit-any
Code Quality	Lint check	2025-09-26T11:45:12.3702572Z 
Code Quality	Lint check	2025-09-26T11:45:12.3702990Z /home/runner/work/athelete-ally/athelete-ally/services/planning-engine/src/validation/plan-request.ts
Code Quality	Lint check	2025-09-26T11:45:12.3703963Z ##[warning]  28:6  warning  'PlanRequestInput' is defined but never used   @typescript-eslint/no-unused-vars
Code Quality	Lint check	2025-09-26T11:45:12.3705113Z ##[warning]  29:6  warning  'PlanRequestOutput' is defined but never used  @typescript-eslint/no-unused-vars
Code Quality	Lint check	2025-09-26T11:45:12.3706236Z 
Code Quality	Lint check	2025-09-26T11:45:12.3706723Z ✖ 197 problems (0 errors, 197 warnings)
Code Quality	Lint check	2025-09-26T11:45:12.3706913Z 
Code Quality	Lint check	2025-09-26T11:45:12.3707195Z ##[endgroup]
Code Quality	Lint check	2025-09-26T11:45:12.3707332Z 
Code Quality	Lint check	2025-09-26T11:45:12.3707450Z  Tasks:    21 successful, 21 total
Code Quality	Lint check	2025-09-26T11:45:12.3707718Z Cached:    0 cached, 21 total
Code Quality	Lint check	2025-09-26T11:45:12.3708107Z   Time:    24.797s 
Code Quality	Lint check	2025-09-26T11:45:12.3708221Z 
Code Quality	Generate ESLint Boundaries Report	﻿2025-09-26T11:45:12.3743667Z ##[group]Run mkdir -p reports/deps
Code Quality	Generate ESLint Boundaries Report	2025-09-26T11:45:12.3743981Z [36;1mmkdir -p reports/deps[0m
Code Quality	Generate ESLint Boundaries Report	2025-09-26T11:45:12.3744471Z [36;1mnpx eslint . -f json > reports/deps/eslint-boundaries.json || echo "ESLint boundaries report generated with warnings"[0m
Code Quality	Generate ESLint Boundaries Report	2025-09-26T11:45:12.3777332Z shell: /usr/bin/bash -e {0}
Code Quality	Generate ESLint Boundaries Report	2025-09-26T11:45:12.3777554Z env:
Code Quality	Generate ESLint Boundaries Report	2025-09-26T11:45:12.3777744Z   NODE_VERSION: 20.18.0
Code Quality	Generate ESLint Boundaries Report	2025-09-26T11:45:12.3777940Z   TURBO_TOKEN: 
Code Quality	Generate ESLint Boundaries Report	2025-09-26T11:45:12.3778106Z   TURBO_TEAM: 
Code Quality	Generate ESLint Boundaries Report	2025-09-26T11:45:12.3778276Z   NODE_ENV: test
Code Quality	Generate ESLint Boundaries Report	2025-09-26T11:45:12.3778458Z   PROMETHEUS_PORT: 9090
Code Quality	Generate ESLint Boundaries Report	2025-09-26T11:45:12.3778645Z   GRAFANA_PORT: 3001
Code Quality	Generate ESLint Boundaries Report	2025-09-26T11:45:12.3778849Z   GF_SECURITY_ADMIN_PASSWORD: admin123
Code Quality	Generate ESLint Boundaries Report	2025-09-26T11:45:12.3779096Z   JAEGER_PORT: 16686
Code Quality	Generate ESLint Boundaries Report	2025-09-26T11:45:12.3779293Z   OPENAI_API_KEY: test_openai_key_for_ci
Code Quality	Generate ESLint Boundaries Report	2025-09-26T11:45:12.3779550Z   JWT_SECRET: test_jwt_secret_for_ci
Code Quality	Generate ESLint Boundaries Report	2025-09-26T11:45:12.3779804Z   ENCRYPTION_KEY: test_encryption_key_for_ci
Code Quality	Generate ESLint Boundaries Report	2025-09-26T11:45:12.3780088Z   FRONTEND_URL: http://localhost:3000
Code Quality	Generate ESLint Boundaries Report	2025-09-26T11:45:12.3780397Z   GATEWAY_BFF_URL: http://localhost:4000
Code Quality	Generate ESLint Boundaries Report	2025-09-26T11:45:12.3780658Z   API_BASE_URL: http://localhost:4000
Code Quality	Generate ESLint Boundaries Report	2025-09-26T11:45:12.3780883Z ##[endgroup]
Code Quality	Generate ESLint Boundaries Report	2025-09-26T11:45:14.2388236Z Pages directory cannot be found at /home/runner/work/athelete-ally/athelete-ally/pages or /home/runner/work/athelete-ally/athelete-ally/src/pages. If using a custom path, please configure with the `no-html-link-for-pages` rule in your eslint config file.
Code Quality	Generate ESLint Boundaries Report	2025-09-26T11:45:43.9083984Z ESLint boundaries report generated with warnings
Code Quality	Upload Boundaries Report	﻿2025-09-26T11:45:43.9156575Z ##[group]Run actions/upload-artifact@v4
Code Quality	Upload Boundaries Report	2025-09-26T11:45:43.9156872Z with:
Code Quality	Upload Boundaries Report	2025-09-26T11:45:43.9157077Z   name: eslint-boundaries-report-18036768075
Code Quality	Upload Boundaries Report	2025-09-26T11:45:43.9157371Z   path: reports/deps/eslint-boundaries.json
Code Quality	Upload Boundaries Report	2025-09-26T11:45:43.9157617Z   retention-days: 7
Code Quality	Upload Boundaries Report	2025-09-26T11:45:43.9157809Z   if-no-files-found: warn
Code Quality	Upload Boundaries Report	2025-09-26T11:45:43.9158029Z   compression-level: 6
Code Quality	Upload Boundaries Report	2025-09-26T11:45:43.9158212Z   overwrite: false
Code Quality	Upload Boundaries Report	2025-09-26T11:45:43.9158397Z   include-hidden-files: false
Code Quality	Upload Boundaries Report	2025-09-26T11:45:43.9158601Z env:
Code Quality	Upload Boundaries Report	2025-09-26T11:45:43.9158755Z   NODE_VERSION: 20.18.0
Code Quality	Upload Boundaries Report	2025-09-26T11:45:43.9158936Z   TURBO_TOKEN: 
Code Quality	Upload Boundaries Report	2025-09-26T11:45:43.9159101Z   TURBO_TEAM: 
Code Quality	Upload Boundaries Report	2025-09-26T11:45:43.9159257Z   NODE_ENV: test
Code Quality	Upload Boundaries Report	2025-09-26T11:45:43.9159429Z   PROMETHEUS_PORT: 9090
Code Quality	Upload Boundaries Report	2025-09-26T11:45:43.9159615Z   GRAFANA_PORT: 3001
Code Quality	Upload Boundaries Report	2025-09-26T11:45:43.9159810Z   GF_SECURITY_ADMIN_PASSWORD: admin123
Code Quality	Upload Boundaries Report	2025-09-26T11:45:43.9160031Z   JAEGER_PORT: 16686
Code Quality	Upload Boundaries Report	2025-09-26T11:45:43.9160226Z   OPENAI_API_KEY: test_openai_key_for_ci
Code Quality	Upload Boundaries Report	2025-09-26T11:45:43.9160498Z   JWT_SECRET: test_jwt_secret_for_ci
Code Quality	Upload Boundaries Report	2025-09-26T11:45:43.9160743Z   ENCRYPTION_KEY: test_encryption_key_for_ci
Code Quality	Upload Boundaries Report	2025-09-26T11:45:43.9161014Z   FRONTEND_URL: http://localhost:3000
Code Quality	Upload Boundaries Report	2025-09-26T11:45:43.9161261Z   GATEWAY_BFF_URL: http://localhost:4000
Code Quality	Upload Boundaries Report	2025-09-26T11:45:43.9161520Z   API_BASE_URL: http://localhost:4000
Code Quality	Upload Boundaries Report	2025-09-26T11:45:43.9161746Z ##[endgroup]
Code Quality	Upload Boundaries Report	2025-09-26T11:45:44.1304961Z With the provided path, there will be 1 file uploaded
Code Quality	Upload Boundaries Report	2025-09-26T11:45:44.1309773Z Artifact name is valid!
Code Quality	Upload Boundaries Report	2025-09-26T11:45:44.1311084Z Root directory input is valid!
Code Quality	Upload Boundaries Report	2025-09-26T11:45:44.2685752Z Beginning upload of artifact content to blob storage
Code Quality	Upload Boundaries Report	2025-09-26T11:45:44.9591843Z Uploaded bytes 2857521
Code Quality	Upload Boundaries Report	2025-09-26T11:45:45.0094035Z Finished uploading artifact content to blob storage!
Code Quality	Upload Boundaries Report	2025-09-26T11:45:45.0096751Z SHA256 digest of uploaded artifact zip is e906de846b2f2e479c01c60416dcc6c39650b45348515827d3ccd9158f2ebf3b
Code Quality	Upload Boundaries Report	2025-09-26T11:45:45.0098392Z Finalizing artifact upload
Code Quality	Upload Boundaries Report	2025-09-26T11:45:45.1266646Z Artifact eslint-boundaries-report-18036768075.zip successfully finalized. Artifact ID 4114511872
Code Quality	Upload Boundaries Report	2025-09-26T11:45:45.1268251Z Artifact eslint-boundaries-report-18036768075 has been successfully uploaded! Final size is 2857521 bytes. Artifact ID is 4114511872
Code Quality	Upload Boundaries Report	2025-09-26T11:45:45.1274832Z Artifact download URL: https://github.com/nathanku3-hue/athelete-ally/actions/runs/18036768075/artifacts/4114511872
Code Quality	Type check (force no stale cache)	﻿2025-09-26T11:45:45.1369678Z ##[group]Run npx turbo run type-check
Code Quality	Type check (force no stale cache)	2025-09-26T11:45:45.1369979Z [36;1mnpx turbo run type-check[0m
Code Quality	Type check (force no stale cache)	2025-09-26T11:45:45.1402120Z shell: /usr/bin/bash -e {0}
Code Quality	Type check (force no stale cache)	2025-09-26T11:45:45.1402349Z env:
Code Quality	Type check (force no stale cache)	2025-09-26T11:45:45.1402520Z   NODE_VERSION: 20.18.0
Code Quality	Type check (force no stale cache)	2025-09-26T11:45:45.1402715Z   TURBO_TOKEN: 
Code Quality	Type check (force no stale cache)	2025-09-26T11:45:45.1402887Z   TURBO_TEAM: 
Code Quality	Type check (force no stale cache)	2025-09-26T11:45:45.1403055Z   NODE_ENV: test
Code Quality	Type check (force no stale cache)	2025-09-26T11:45:45.1403242Z   PROMETHEUS_PORT: 9090
Code Quality	Type check (force no stale cache)	2025-09-26T11:45:45.1403437Z   GRAFANA_PORT: 3001
Code Quality	Type check (force no stale cache)	2025-09-26T11:45:45.1403639Z   GF_SECURITY_ADMIN_PASSWORD: admin123
Code Quality	Type check (force no stale cache)	2025-09-26T11:45:45.1403880Z   JAEGER_PORT: 16686
Code Quality	Type check (force no stale cache)	2025-09-26T11:45:45.1404088Z   OPENAI_API_KEY: test_openai_key_for_ci
Code Quality	Type check (force no stale cache)	2025-09-26T11:45:45.1404340Z   JWT_SECRET: test_jwt_secret_for_ci
Code Quality	Type check (force no stale cache)	2025-09-26T11:45:45.1404598Z   ENCRYPTION_KEY: test_encryption_key_for_ci
Code Quality	Type check (force no stale cache)	2025-09-26T11:45:45.1404879Z   FRONTEND_URL: http://localhost:3000
Code Quality	Type check (force no stale cache)	2025-09-26T11:45:45.1405139Z   GATEWAY_BFF_URL: http://localhost:4000
Code Quality	Type check (force no stale cache)	2025-09-26T11:45:45.1405418Z   API_BASE_URL: http://localhost:4000
Code Quality	Type check (force no stale cache)	2025-09-26T11:45:45.1405807Z   TURBO_FORCE: true
Code Quality	Type check (force no stale cache)	2025-09-26T11:45:45.1405987Z ##[endgroup]
Code Quality	Type check (force no stale cache)	2025-09-26T11:45:45.5953475Z • Packages in scope: @athlete-ally/adaptive-engine, @athlete-ally/analytics, @athlete-ally/contracts, @athlete-ally/event-bus, @athlete-ally/exercises, @athlete-ally/fatigue, @athlete-ally/gateway-bff, @athlete-ally/health-schema, @athlete-ally/job-scheduler, @athlete-ally/notification-service, @athlete-ally/otel-preset, @athlete-ally/planning-engine, @athlete-ally/profile-onboarding, @athlete-ally/protocol-engine, @athlete-ally/protocol-types, @athlete-ally/shared, @athlete-ally/shared-types, @athlete-ally/workouts
Code Quality	Type check (force no stale cache)	2025-09-26T11:45:45.5957299Z • Running type-check in 18 packages
Code Quality	Type check (force no stale cache)	2025-09-26T11:45:45.5957881Z • Remote caching disabled
Code Quality	Type check (force no stale cache)	2025-09-26T11:45:56.2287514Z ##[group]@athlete-ally/protocol-types:type-check
Code Quality	Type check (force no stale cache)	2025-09-26T11:45:56.2292444Z cache bypass, force executing f63ac1c85f5f80a6
Code Quality	Type check (force no stale cache)	2025-09-26T11:45:56.2359060Z 
Code Quality	Type check (force no stale cache)	2025-09-26T11:45:56.2360013Z > @athlete-ally/protocol-types@1.0.0 type-check
Code Quality	Type check (force no stale cache)	2025-09-26T11:45:56.2360926Z > tsc --noEmit
Code Quality	Type check (force no stale cache)	2025-09-26T11:45:56.2361319Z 
Code Quality	Type check (force no stale cache)	2025-09-26T11:45:56.2361875Z ##[endgroup]
Code Quality	Type check (force no stale cache)	2025-09-26T11:45:56.3633861Z ##[group]@athlete-ally/health-schema:type-check
Code Quality	Type check (force no stale cache)	2025-09-26T11:45:56.3638861Z cache bypass, force executing f2a859edbd7bb089
Code Quality	Type check (force no stale cache)	2025-09-26T11:45:56.3642964Z 
Code Quality	Type check (force no stale cache)	2025-09-26T11:45:56.3647612Z > @athlete-ally/health-schema@1.0.0 type-check
Code Quality	Type check (force no stale cache)	2025-09-26T11:45:56.3651688Z > tsc --noEmit
Code Quality	Type check (force no stale cache)	2025-09-26T11:45:56.3656244Z 
Code Quality	Type check (force no stale cache)	2025-09-26T11:45:56.3717119Z ##[endgroup]
Code Quality	Type check (force no stale cache)	2025-09-26T11:45:57.2717583Z ##[group]@athlete-ally/contracts:build
Code Quality	Type check (force no stale cache)	2025-09-26T11:45:57.2718800Z cache bypass, force executing 7a8693a864781383
Code Quality	Type check (force no stale cache)	2025-09-26T11:45:57.2719485Z 
Code Quality	Type check (force no stale cache)	2025-09-26T11:45:57.2719996Z > @athlete-ally/contracts@0.1.0 build
Code Quality	Type check (force no stale cache)	2025-09-26T11:45:57.2720532Z > tsc -p tsconfig.json
Code Quality	Type check (force no stale cache)	2025-09-26T11:45:57.2720787Z 
Code Quality	Type check (force no stale cache)	2025-09-26T11:45:57.2721183Z ##[endgroup]
Code Quality	Type check (force no stale cache)	2025-09-26T11:45:58.6917523Z [;31m@athlete-ally/protocol-engine:type-check[;0m
Code Quality	Type check (force no stale cache)	2025-09-26T11:45:58.6938179Z cache bypass, force executing 71bc7ebb1b556776
Code Quality	Type check (force no stale cache)	2025-09-26T11:45:58.6938638Z 
Code Quality	Type check (force no stale cache)	2025-09-26T11:45:58.6938941Z > @athlete-ally/protocol-engine@2.0.0 type-check
Code Quality	Type check (force no stale cache)	2025-09-26T11:45:58.6939418Z > tsc --noEmit
Code Quality	Type check (force no stale cache)	2025-09-26T11:45:58.6939612Z 
Code Quality	Type check (force no stale cache)	2025-09-26T11:45:58.6945117Z ##[error]src/routes/protocols.ts(2,30): error TS2307: Cannot find module '../prisma/generated/client/index.js' or its corresponding type declarations.
Code Quality	Type check (force no stale cache)	2025-09-26T11:45:58.6948294Z ##[error]src/services/audit.ts(1,30): error TS2307: Cannot find module '../prisma/generated/client/index.js' or its corresponding type declarations.
Code Quality	Type check (force no stale cache)	2025-09-26T11:45:58.6951097Z ##[error]src/services/permissions.ts(1,30): error TS2307: Cannot find module '../prisma/generated/client/index.js' or its corresponding type declarations.
Code Quality	Type check (force no stale cache)	2025-09-26T11:45:58.6952719Z npm error Lifecycle script `type-check` failed with error:
Code Quality	Type check (force no stale cache)	2025-09-26T11:45:58.6953185Z npm error code 2
Code Quality	Type check (force no stale cache)	2025-09-26T11:45:58.6953852Z npm error path /home/runner/work/athelete-ally/athelete-ally/services/protocol-engine
Code Quality	Type check (force no stale cache)	2025-09-26T11:45:58.6954994Z npm error workspace @athlete-ally/protocol-engine@2.0.0
Code Quality	Type check (force no stale cache)	2025-09-26T11:45:58.6956266Z npm error location /home/runner/work/athelete-ally/athelete-ally/services/protocol-engine
Code Quality	Type check (force no stale cache)	2025-09-26T11:45:58.6956930Z npm error command failed
Code Quality	Type check (force no stale cache)	2025-09-26T11:45:58.6957381Z npm error command sh -c tsc --noEmit
Code Quality	Type check (force no stale cache)	2025-09-26T11:45:58.6958998Z [ERROR] command finished with error: command (/home/runner/work/athelete-ally/athelete-ally/services/protocol-engine) /opt/hostedtoolcache/node/20.18.0/x64/bin/npm run type-check exited (2)
Code Quality	Type check (force no stale cache)	2025-09-26T11:45:58.7057630Z ##[group]@athlete-ally/otel-preset:build
Code Quality	Type check (force no stale cache)	2025-09-26T11:45:58.7058597Z cache bypass, force executing 88ed5655039c3e1f
Code Quality	Type check (force no stale cache)	2025-09-26T11:45:58.7059077Z 
Code Quality	Type check (force no stale cache)	2025-09-26T11:45:58.7062543Z > @athlete-ally/otel-preset@1.0.0 build
Code Quality	Type check (force no stale cache)	2025-09-26T11:45:58.7063392Z > tsc
Code Quality	Type check (force no stale cache)	2025-09-26T11:45:58.7080299Z 
Code Quality	Type check (force no stale cache)	2025-09-26T11:45:58.7080885Z ##[endgroup]
Code Quality	Type check (force no stale cache)	2025-09-26T11:45:58.7081658Z ##[group]@athlete-ally/health-schema:build
Code Quality	Type check (force no stale cache)	2025-09-26T11:45:58.7082409Z cache bypass, force executing e00b56782e83b235
Code Quality	Type check (force no stale cache)	2025-09-26T11:45:58.7083229Z ##[endgroup]
Code Quality	Type check (force no stale cache)	2025-09-26T11:45:58.7167501Z ##[group]@athlete-ally/shared:type-check
Code Quality	Type check (force no stale cache)	2025-09-26T11:45:58.7168236Z cache bypass, force executing e1edb4df5602f5c6
Code Quality	Type check (force no stale cache)	2025-09-26T11:45:58.7168931Z ##[endgroup]
Code Quality	Type check (force no stale cache)	2025-09-26T11:45:58.7230603Z ##[group]@athlete-ally/analytics:type-check
Code Quality	Type check (force no stale cache)	2025-09-26T11:45:58.7234639Z cache bypass, force executing 5198fcdcb09cb065
Code Quality	Type check (force no stale cache)	2025-09-26T11:45:58.7238797Z ##[endgroup]
Code Quality	Type check (force no stale cache)	2025-09-26T11:45:58.7286126Z ##[group]@athlete-ally/event-bus:build
Code Quality	Type check (force no stale cache)	2025-09-26T11:45:58.7290240Z cache bypass, force executing 03f2cf0f1fa9ce00
Code Quality	Type check (force no stale cache)	2025-09-26T11:45:58.7293906Z 
Code Quality	Type check (force no stale cache)	2025-09-26T11:45:58.7295170Z > @athlete-ally/event-bus@0.1.0 build
Code Quality	Type check (force no stale cache)	2025-09-26T11:45:58.7296992Z > tsc -p tsconfig.json
Code Quality	Type check (force no stale cache)	2025-09-26T11:45:58.7300318Z 
Code Quality	Type check (force no stale cache)	2025-09-26T11:45:58.7301761Z ##[endgroup]
Code Quality	Type check (force no stale cache)	2025-09-26T11:45:58.7326432Z ##[group]@athlete-ally/exercises:type-check
Code Quality	Type check (force no stale cache)	2025-09-26T11:45:58.7330279Z cache bypass, force executing ae5eaba13ae92da6
Code Quality	Type check (force no stale cache)	2025-09-26T11:45:58.7333745Z 
Code Quality	Type check (force no stale cache)	2025-09-26T11:45:58.7337354Z > @athlete-ally/exercises@1.0.0 type-check
Code Quality	Type check (force no stale cache)	2025-09-26T11:45:58.7341397Z > tsc --noEmit
Code Quality	Type check (force no stale cache)	2025-09-26T11:45:58.7345177Z 
Code Quality	Type check (force no stale cache)	2025-09-26T11:45:58.7348977Z ##[endgroup]
Code Quality	Type check (force no stale cache)	2025-09-26T11:45:58.7352804Z ##[group]@athlete-ally/gateway-bff:type-check
Code Quality	Type check (force no stale cache)	2025-09-26T11:45:58.7356855Z cache bypass, force executing c0b4dfe1f7cab801
Code Quality	Type check (force no stale cache)	2025-09-26T11:45:58.7360552Z 
Code Quality	Type check (force no stale cache)	2025-09-26T11:45:58.7362203Z > @athlete-ally/gateway-bff@0.1.0 type-check
Code Quality	Type check (force no stale cache)	2025-09-26T11:45:58.7363821Z > tsc --noEmit
Code Quality	Type check (force no stale cache)	2025-09-26T11:45:58.7365128Z 
Code Quality	Type check (force no stale cache)	2025-09-26T11:45:58.7366719Z ##[endgroup]
Code Quality	Type check (force no stale cache)	2025-09-26T11:45:58.7406993Z ##[group]@athlete-ally/event-bus:type-check
Code Quality	Type check (force no stale cache)	2025-09-26T11:45:58.7409642Z cache bypass, force executing 1c7d78b18cddcfa8
Code Quality	Type check (force no stale cache)	2025-09-26T11:45:58.7410529Z ##[endgroup]
Code Quality	Type check (force no stale cache)	2025-09-26T11:45:58.7411225Z ##[group]@athlete-ally/otel-preset:type-check
Code Quality	Type check (force no stale cache)	2025-09-26T11:45:58.7414814Z cache bypass, force executing ceb5127acb64d8dd
Code Quality	Type check (force no stale cache)	2025-09-26T11:45:58.7416828Z ##[endgroup]
Code Quality	Type check (force no stale cache)	2025-09-26T11:45:58.7419322Z ##[group]@athlete-ally/shared-types:type-check
Code Quality	Type check (force no stale cache)	2025-09-26T11:45:58.7421611Z cache bypass, force executing 4ec77ec057feaa1d
Code Quality	Type check (force no stale cache)	2025-09-26T11:45:58.7421981Z 
Code Quality	Type check (force no stale cache)	2025-09-26T11:45:58.7424241Z > @athlete-ally/shared-types@0.1.0 type-check
Code Quality	Type check (force no stale cache)	2025-09-26T11:45:58.7426636Z > tsc --noEmit
Code Quality	Type check (force no stale cache)	2025-09-26T11:45:58.7428069Z 
Code Quality	Type check (force no stale cache)	2025-09-26T11:45:58.7429427Z ##[endgroup]
Code Quality	Type check (force no stale cache)	2025-09-26T11:45:58.7431342Z ##[group]@athlete-ally/contracts:type-check
Code Quality	Type check (force no stale cache)	2025-09-26T11:45:58.7432278Z cache bypass, force executing 244583b51a3d2333
Code Quality	Type check (force no stale cache)	2025-09-26T11:45:58.7434655Z ##[endgroup]
Code Quality	Type check (force no stale cache)	2025-09-26T11:45:58.7435204Z ##[group]@athlete-ally/adaptive-engine:type-check
Code Quality	Type check (force no stale cache)	2025-09-26T11:45:58.7435974Z cache bypass, force executing 43ca619b8cd9e174
Code Quality	Type check (force no stale cache)	2025-09-26T11:45:58.7436604Z ##[endgroup]
Code Quality	Type check (force no stale cache)	2025-09-26T11:45:58.7586222Z ##[group]@athlete-ally/shared-types:build
Code Quality	Type check (force no stale cache)	2025-09-26T11:45:58.7588926Z cache bypass, force executing 0f782bf20a22b393
Code Quality	Type check (force no stale cache)	2025-09-26T11:45:58.7589282Z 
Code Quality	Type check (force no stale cache)	2025-09-26T11:45:58.7589541Z > @athlete-ally/shared-types@0.1.0 build
Code Quality	Type check (force no stale cache)	2025-09-26T11:45:58.7589979Z > tsc -p tsconfig.json
Code Quality	Type check (force no stale cache)	2025-09-26T11:45:58.7590200Z 
Code Quality	Type check (force no stale cache)	2025-09-26T11:45:58.7590569Z ##[endgroup]
Code Quality	Type check (force no stale cache)	2025-09-26T11:45:58.7614300Z ##[group]@athlete-ally/shared:build
Code Quality	Type check (force no stale cache)	2025-09-26T11:45:58.7615205Z cache bypass, force executing cd740267cee76e4a
Code Quality	Type check (force no stale cache)	2025-09-26T11:45:58.7615414Z 
Code Quality	Type check (force no stale cache)	2025-09-26T11:45:58.7615561Z > @athlete-ally/shared@0.1.0 build
Code Quality	Type check (force no stale cache)	2025-09-26T11:45:58.7616044Z > tsc -p tsconfig.json
Code Quality	Type check (force no stale cache)	2025-09-26T11:45:58.7616189Z 
Code Quality	Type check (force no stale cache)	2025-09-26T11:45:58.7616508Z ##[endgroup]
Code Quality	Type check (force no stale cache)	2025-09-26T11:45:58.7653078Z ##[group]@athlete-ally/job-scheduler:type-check
Code Quality	Type check (force no stale cache)	2025-09-26T11:45:58.7653548Z cache bypass, force executing 70108c32311001c9
Code Quality	Type check (force no stale cache)	2025-09-26T11:45:58.7653772Z 
Code Quality	Type check (force no stale cache)	2025-09-26T11:45:58.7653947Z > @athlete-ally/job-scheduler@1.0.0 type-check
Code Quality	Type check (force no stale cache)	2025-09-26T11:45:58.7654228Z > tsc --noEmit
Code Quality	Type check (force no stale cache)	2025-09-26T11:45:58.7654347Z 
Code Quality	Type check (force no stale cache)	2025-09-26T11:45:58.7654674Z ##[endgroup]
Code Quality	Type check (force no stale cache)	2025-09-26T11:45:58.7664428Z ##[group]@athlete-ally/notification-service:type-check
Code Quality	Type check (force no stale cache)	2025-09-26T11:45:58.7665130Z cache bypass, force executing 78cb943e9774e5a3
Code Quality	Type check (force no stale cache)	2025-09-26T11:45:58.7665481Z 
Code Quality	Type check (force no stale cache)	2025-09-26T11:45:58.7665994Z > @athlete-ally/notification-service@1.0.0 type-check
Code Quality	Type check (force no stale cache)	2025-09-26T11:45:58.7666483Z > tsc --noEmit
Code Quality	Type check (force no stale cache)	2025-09-26T11:45:58.7666742Z 
Code Quality	Type check (force no stale cache)	2025-09-26T11:45:58.7667090Z ##[endgroup]
Code Quality	Type check (force no stale cache)	2025-09-26T11:45:58.7683429Z ##[error]@athlete-ally/protocol-engine#type-check: command (/home/runner/work/athelete-ally/athelete-ally/services/protocol-engine) /opt/hostedtoolcache/node/20.18.0/x64/bin/npm run type-check exited (2)
Code Quality	Type check (force no stale cache)	2025-09-26T11:45:58.7691340Z 
Code Quality	Type check (force no stale cache)	2025-09-26T11:45:58.7691716Z  Tasks:    3 successful, 20 total
Code Quality	Type check (force no stale cache)	2025-09-26T11:45:58.7692195Z Cached:    0 cached, 20 total
Code Quality	Type check (force no stale cache)	2025-09-26T11:45:58.7692553Z   Time:    13.266s 
Code Quality	Type check (force no stale cache)	2025-09-26T11:45:58.7692877Z Failed:    @athlete-ally/protocol-engine#type-check
Code Quality	Type check (force no stale cache)	2025-09-26T11:45:58.7693097Z 
Code Quality	Type check (force no stale cache)	2025-09-26T11:45:58.7774502Z  ERROR  run failed: command  exited (2)
Code Quality	Type check (force no stale cache)	2025-09-26T11:45:58.8810630Z ##[error]Process completed with exit code 2.
Code Quality	Upload Prisma client dirs (debug)	﻿2025-09-26T11:45:58.8860945Z ##[group]Run actions/upload-artifact@v4
Code Quality	Upload Prisma client dirs (debug)	2025-09-26T11:45:58.8861234Z with:
Code Quality	Upload Prisma client dirs (debug)	2025-09-26T11:45:58.8861423Z   name: prisma-clients-18036768075
Code Quality	Upload Prisma client dirs (debug)	2025-09-26T11:45:58.8861785Z   path: services/*/prisma/generated/client
Code Quality	Upload Prisma client dirs (debug)	services/*/prisma/schema.prisma
Code Quality	Upload Prisma client dirs (debug)	
Code Quality	Upload Prisma client dirs (debug)	2025-09-26T11:45:58.8862163Z   if-no-files-found: warn
Code Quality	Upload Prisma client dirs (debug)	2025-09-26T11:45:58.8862378Z   compression-level: 6
Code Quality	Upload Prisma client dirs (debug)	2025-09-26T11:45:58.8862575Z   overwrite: false
Code Quality	Upload Prisma client dirs (debug)	2025-09-26T11:45:58.8862768Z   include-hidden-files: false
Code Quality	Upload Prisma client dirs (debug)	2025-09-26T11:45:58.8862980Z env:
Code Quality	Upload Prisma client dirs (debug)	2025-09-26T11:45:58.8863136Z   NODE_VERSION: 20.18.0
Code Quality	Upload Prisma client dirs (debug)	2025-09-26T11:45:58.8863327Z   TURBO_TOKEN: 
Code Quality	Upload Prisma client dirs (debug)	2025-09-26T11:45:58.8863497Z   TURBO_TEAM: 
Code Quality	Upload Prisma client dirs (debug)	2025-09-26T11:45:58.8863668Z   NODE_ENV: test
Code Quality	Upload Prisma client dirs (debug)	2025-09-26T11:45:58.8863853Z   PROMETHEUS_PORT: 9090
Code Quality	Upload Prisma client dirs (debug)	2025-09-26T11:45:58.8864051Z   GRAFANA_PORT: 3001
Code Quality	Upload Prisma client dirs (debug)	2025-09-26T11:45:58.8864251Z   GF_SECURITY_ADMIN_PASSWORD: admin123
Code Quality	Upload Prisma client dirs (debug)	2025-09-26T11:45:58.8864490Z   JAEGER_PORT: 16686
Code Quality	Upload Prisma client dirs (debug)	2025-09-26T11:45:58.8864698Z   OPENAI_API_KEY: test_openai_key_for_ci
Code Quality	Upload Prisma client dirs (debug)	2025-09-26T11:45:58.8864954Z   JWT_SECRET: test_jwt_secret_for_ci
Code Quality	Upload Prisma client dirs (debug)	2025-09-26T11:45:58.8865255Z   ENCRYPTION_KEY: test_encryption_key_for_ci
Code Quality	Upload Prisma client dirs (debug)	2025-09-26T11:45:58.8865532Z   FRONTEND_URL: http://localhost:3000
Code Quality	Upload Prisma client dirs (debug)	2025-09-26T11:45:58.8865961Z   GATEWAY_BFF_URL: http://localhost:4000
Code Quality	Upload Prisma client dirs (debug)	2025-09-26T11:45:58.8866240Z   API_BASE_URL: http://localhost:4000
Code Quality	Upload Prisma client dirs (debug)	2025-09-26T11:45:58.8866469Z ##[endgroup]
Code Quality	Upload Prisma client dirs (debug)	2025-09-26T11:45:59.1418749Z With the provided path, there will be 129 files uploaded
Code Quality	Upload Prisma client dirs (debug)	2025-09-26T11:45:59.1424692Z Artifact name is valid!
Code Quality	Upload Prisma client dirs (debug)	2025-09-26T11:45:59.1425996Z Root directory input is valid!
Code Quality	Upload Prisma client dirs (debug)	2025-09-26T11:45:59.2640486Z Beginning upload of artifact content to blob storage
Code Quality	Upload Prisma client dirs (debug)	2025-09-26T11:46:00.6715139Z Uploaded bytes 8388608
Code Quality	Upload Prisma client dirs (debug)	2025-09-26T11:46:01.1530475Z Uploaded bytes 16777216
Code Quality	Upload Prisma client dirs (debug)	2025-09-26T11:46:01.4830161Z Uploaded bytes 25165824
Code Quality	Upload Prisma client dirs (debug)	2025-09-26T11:46:02.3042554Z Uploaded bytes 33554432
Code Quality	Upload Prisma client dirs (debug)	2025-09-26T11:46:02.8542251Z Uploaded bytes 41943040
Code Quality	Upload Prisma client dirs (debug)	2025-09-26T11:46:03.7518414Z Uploaded bytes 50331648
Code Quality	Upload Prisma client dirs (debug)	2025-09-26T11:46:04.2102952Z Uploaded bytes 58720256
Code Quality	Upload Prisma client dirs (debug)	2025-09-26T11:46:04.7474818Z Uploaded bytes 67108864
Code Quality	Upload Prisma client dirs (debug)	2025-09-26T11:46:04.8669520Z Uploaded bytes 70316180
Code Quality	Upload Prisma client dirs (debug)	2025-09-26T11:46:04.9060461Z Finished uploading artifact content to blob storage!
Code Quality	Upload Prisma client dirs (debug)	2025-09-26T11:46:04.9063555Z SHA256 digest of uploaded artifact zip is c10a73510a9c9d7af956414006fd535c0e4b7993a4abbca0c9ebdd44e7785d91
Code Quality	Upload Prisma client dirs (debug)	2025-09-26T11:46:04.9065162Z Finalizing artifact upload
Code Quality	Upload Prisma client dirs (debug)	2025-09-26T11:46:05.0633057Z Artifact prisma-clients-18036768075.zip successfully finalized. Artifact ID 4114514146
Code Quality	Upload Prisma client dirs (debug)	2025-09-26T11:46:05.0634840Z Artifact prisma-clients-18036768075 has been successfully uploaded! Final size is 70316180 bytes. Artifact ID is 4114514146
Code Quality	Upload Prisma client dirs (debug)	2025-09-26T11:46:05.0641542Z Artifact download URL: https://github.com/nathanku3-hue/athelete-ally/actions/runs/18036768075/artifacts/4114514146
Code Quality	Post Checkout (selected ref)	﻿2025-09-26T11:46:05.0823526Z Post job cleanup.
Code Quality	Post Checkout (selected ref)	2025-09-26T11:46:05.1768702Z [command]/usr/bin/git version
Code Quality	Post Checkout (selected ref)	2025-09-26T11:46:05.1805411Z git version 2.51.0
Code Quality	Post Checkout (selected ref)	2025-09-26T11:46:05.1856505Z Temporarily overriding HOME='/home/runner/work/_temp/b1ed6b28-ba01-4653-a2d3-311fafe3e2aa' before making global git config changes
Code Quality	Post Checkout (selected ref)	2025-09-26T11:46:05.1857603Z Adding repository directory to the temporary git global config as a safe directory
Code Quality	Post Checkout (selected ref)	2025-09-26T11:46:05.1863480Z [command]/usr/bin/git config --global --add safe.directory /home/runner/work/athelete-ally/athelete-ally
Code Quality	Post Checkout (selected ref)	2025-09-26T11:46:05.1899305Z [command]/usr/bin/git config --local --name-only --get-regexp core\.sshCommand
Code Quality	Post Checkout (selected ref)	2025-09-26T11:46:05.1932505Z [command]/usr/bin/git submodule foreach --recursive sh -c "git config --local --name-only --get-regexp 'core\.sshCommand' && git config --local --unset-all 'core.sshCommand' || :"
Code Quality	Post Checkout (selected ref)	2025-09-26T11:46:05.2163490Z [command]/usr/bin/git config --local --name-only --get-regexp http\.https\:\/\/github\.com\/\.extraheader
Code Quality	Post Checkout (selected ref)	2025-09-26T11:46:05.2185094Z http.https://github.com/.extraheader
Code Quality	Post Checkout (selected ref)	2025-09-26T11:46:05.2198712Z [command]/usr/bin/git config --local --unset-all http.https://github.com/.extraheader
Code Quality	Post Checkout (selected ref)	2025-09-26T11:46:05.2230321Z [command]/usr/bin/git submodule foreach --recursive sh -c "git config --local --name-only --get-regexp 'http\.https\:\/\/github\.com\/\.extraheader' && git config --local --unset-all 'http.https://github.com/.extraheader' || :"
Code Quality	Complete job	﻿2025-09-26T11:46:05.2558467Z Cleaning up orphan processes
