Code Quality	Set up job	Ôªø2025-09-26T11:02:59.4640698Z Current runner version: '2.328.0'
Code Quality	Set up job	2025-09-26T11:02:59.4665004Z ##[group]Runner Image Provisioner
Code Quality	Set up job	2025-09-26T11:02:59.4665922Z Hosted Compute Agent
Code Quality	Set up job	2025-09-26T11:02:59.4666486Z Version: 20250912.392
Code Quality	Set up job	2025-09-26T11:02:59.4667107Z Commit: d921fda672a98b64f4f82364647e2f10b2267d0b
Code Quality	Set up job	2025-09-26T11:02:59.4667799Z Build Date: 2025-09-12T15:23:14Z
Code Quality	Set up job	2025-09-26T11:02:59.4668487Z ##[endgroup]
Code Quality	Set up job	2025-09-26T11:02:59.4668993Z ##[group]Operating System
Code Quality	Set up job	2025-09-26T11:02:59.4669554Z Ubuntu
Code Quality	Set up job	2025-09-26T11:02:59.4670073Z 24.04.3
Code Quality	Set up job	2025-09-26T11:02:59.4670549Z LTS
Code Quality	Set up job	2025-09-26T11:02:59.4671010Z ##[endgroup]
Code Quality	Set up job	2025-09-26T11:02:59.4671553Z ##[group]Runner Image
Code Quality	Set up job	2025-09-26T11:02:59.4672102Z Image: ubuntu-24.04
Code Quality	Set up job	2025-09-26T11:02:59.4672710Z Version: 20250922.53.1
Code Quality	Set up job	2025-09-26T11:02:59.4673777Z Included Software: https://github.com/actions/runner-images/blob/ubuntu24/20250922.53/images/ubuntu/Ubuntu2404-Readme.md
Code Quality	Set up job	2025-09-26T11:02:59.4675467Z Image Release: https://github.com/actions/runner-images/releases/tag/ubuntu24%2F20250922.53
Code Quality	Set up job	2025-09-26T11:02:59.4676750Z ##[endgroup]
Code Quality	Set up job	2025-09-26T11:02:59.4677880Z ##[group]GITHUB_TOKEN Permissions
Code Quality	Set up job	2025-09-26T11:02:59.4679815Z Contents: read
Code Quality	Set up job	2025-09-26T11:02:59.4680433Z Issues: write
Code Quality	Set up job	2025-09-26T11:02:59.4680949Z Metadata: read
Code Quality	Set up job	2025-09-26T11:02:59.4681518Z PullRequests: write
Code Quality	Set up job	2025-09-26T11:02:59.4682062Z ##[endgroup]
Code Quality	Set up job	2025-09-26T11:02:59.4684346Z Secret source: Actions
Code Quality	Set up job	2025-09-26T11:02:59.4685480Z Prepare workflow directory
Code Quality	Set up job	2025-09-26T11:02:59.5203049Z Prepare all required actions
Code Quality	Set up job	2025-09-26T11:02:59.5241629Z Getting action download info
Code Quality	Set up job	2025-09-26T11:02:59.9687742Z Download action repository 'actions/checkout@v4' (SHA:08eba0b27e820071cde6df949e0beb9ba4906955)
Code Quality	Set up job	2025-09-26T11:03:00.1289526Z Download action repository 'actions/setup-node@v4' (SHA:49933ea5288caeca8642d1e84afbd3f7d6820020)
Code Quality	Set up job	2025-09-26T11:03:00.2237531Z Download action repository 'actions/upload-artifact@v4' (SHA:ea165f8d65b6e75b540449e92b4886f43607fa02)
Code Quality	Set up job	2025-09-26T11:03:00.4152194Z Complete job name: Code Quality
Code Quality	Checkout (selected ref)	Ôªø2025-09-26T11:03:00.4855900Z ##[group]Run actions/checkout@v4
Code Quality	Checkout (selected ref)	2025-09-26T11:03:00.4856860Z with:
Code Quality	Checkout (selected ref)	2025-09-26T11:03:00.4857330Z   ref: refs/pull/1/merge
Code Quality	Checkout (selected ref)	2025-09-26T11:03:00.4857833Z   fetch-depth: 0
Code Quality	Checkout (selected ref)	2025-09-26T11:03:00.4858322Z   repository: nathanku3-hue/athelete-ally
Code Quality	Checkout (selected ref)	2025-09-26T11:03:00.4859156Z   token: ***
Code Quality	Checkout (selected ref)	2025-09-26T11:03:00.4859603Z   ssh-strict: true
Code Quality	Checkout (selected ref)	2025-09-26T11:03:00.4860045Z   ssh-user: git
Code Quality	Checkout (selected ref)	2025-09-26T11:03:00.4860505Z   persist-credentials: true
Code Quality	Checkout (selected ref)	2025-09-26T11:03:00.4861013Z   clean: true
Code Quality	Checkout (selected ref)	2025-09-26T11:03:00.4861468Z   sparse-checkout-cone-mode: true
Code Quality	Checkout (selected ref)	2025-09-26T11:03:00.4862015Z   fetch-tags: false
Code Quality	Checkout (selected ref)	2025-09-26T11:03:00.4862472Z   show-progress: true
Code Quality	Checkout (selected ref)	2025-09-26T11:03:00.4862922Z   lfs: false
Code Quality	Checkout (selected ref)	2025-09-26T11:03:00.4863347Z   submodules: false
Code Quality	Checkout (selected ref)	2025-09-26T11:03:00.4863811Z   set-safe-directory: true
Code Quality	Checkout (selected ref)	2025-09-26T11:03:00.4864758Z env:
Code Quality	Checkout (selected ref)	2025-09-26T11:03:00.4865343Z   NODE_VERSION: 20.18.0
Code Quality	Checkout (selected ref)	2025-09-26T11:03:00.4865830Z   TURBO_TOKEN: 
Code Quality	Checkout (selected ref)	2025-09-26T11:03:00.4866261Z   TURBO_TEAM: 
Code Quality	Checkout (selected ref)	2025-09-26T11:03:00.4866674Z   NODE_ENV: test
Code Quality	Checkout (selected ref)	2025-09-26T11:03:00.4867166Z   PROMETHEUS_PORT: 9090
Code Quality	Checkout (selected ref)	2025-09-26T11:03:00.4867640Z   GRAFANA_PORT: 3001
Code Quality	Checkout (selected ref)	2025-09-26T11:03:00.4868110Z   GF_SECURITY_ADMIN_PASSWORD: admin123
Code Quality	Checkout (selected ref)	2025-09-26T11:03:00.4868661Z   JAEGER_PORT: 16686
Code Quality	Checkout (selected ref)	2025-09-26T11:03:00.4869149Z   OPENAI_API_KEY: test_openai_key_for_ci
Code Quality	Checkout (selected ref)	2025-09-26T11:03:00.4869742Z   JWT_SECRET: test_jwt_secret_for_ci
Code Quality	Checkout (selected ref)	2025-09-26T11:03:00.4870317Z   ENCRYPTION_KEY: test_encryption_key_for_ci
Code Quality	Checkout (selected ref)	2025-09-26T11:03:00.4870922Z   FRONTEND_URL: http://localhost:3000
Code Quality	Checkout (selected ref)	2025-09-26T11:03:00.4871509Z   GATEWAY_BFF_URL: http://localhost:4000
Code Quality	Checkout (selected ref)	2025-09-26T11:03:00.4872085Z   API_BASE_URL: http://localhost:4000
Code Quality	Checkout (selected ref)	2025-09-26T11:03:00.4872621Z ##[endgroup]
Code Quality	Checkout (selected ref)	2025-09-26T11:03:00.5949399Z Syncing repository: nathanku3-hue/athelete-ally
Code Quality	Checkout (selected ref)	2025-09-26T11:03:00.5951320Z ##[group]Getting Git version info
Code Quality	Checkout (selected ref)	2025-09-26T11:03:00.5952160Z Working directory is '/home/runner/work/athelete-ally/athelete-ally'
Code Quality	Checkout (selected ref)	2025-09-26T11:03:00.5953254Z [command]/usr/bin/git version
Code Quality	Checkout (selected ref)	2025-09-26T11:03:00.6028879Z git version 2.51.0
Code Quality	Checkout (selected ref)	2025-09-26T11:03:00.6054151Z ##[endgroup]
Code Quality	Checkout (selected ref)	2025-09-26T11:03:00.6068446Z Temporarily overriding HOME='/home/runner/work/_temp/501d9b27-5e3c-43da-a164-a87d1284fde7' before making global git config changes
Code Quality	Checkout (selected ref)	2025-09-26T11:03:00.6070015Z Adding repository directory to the temporary git global config as a safe directory
Code Quality	Checkout (selected ref)	2025-09-26T11:03:00.6074009Z [command]/usr/bin/git config --global --add safe.directory /home/runner/work/athelete-ally/athelete-ally
Code Quality	Checkout (selected ref)	2025-09-26T11:03:00.6108928Z Deleting the contents of '/home/runner/work/athelete-ally/athelete-ally'
Code Quality	Checkout (selected ref)	2025-09-26T11:03:00.6112267Z ##[group]Initializing the repository
Code Quality	Checkout (selected ref)	2025-09-26T11:03:00.6116646Z [command]/usr/bin/git init /home/runner/work/athelete-ally/athelete-ally
Code Quality	Checkout (selected ref)	2025-09-26T11:03:00.6223779Z hint: Using 'master' as the name for the initial branch. This default branch name
Code Quality	Checkout (selected ref)	2025-09-26T11:03:00.6225517Z hint: is subject to change. To configure the initial branch name to use in all
Code Quality	Checkout (selected ref)	2025-09-26T11:03:00.6227315Z hint: of your new repositories, which will suppress this warning, call:
Code Quality	Checkout (selected ref)	2025-09-26T11:03:00.6228680Z hint:
Code Quality	Checkout (selected ref)	2025-09-26T11:03:00.6229586Z hint: 	git config --global init.defaultBranch <name>
Code Quality	Checkout (selected ref)	2025-09-26T11:03:00.6230366Z hint:
Code Quality	Checkout (selected ref)	2025-09-26T11:03:00.6230986Z hint: Names commonly chosen instead of 'master' are 'main', 'trunk' and
Code Quality	Checkout (selected ref)	2025-09-26T11:03:00.6231988Z hint: 'development'. The just-created branch can be renamed via this command:
Code Quality	Checkout (selected ref)	2025-09-26T11:03:00.6232774Z hint:
Code Quality	Checkout (selected ref)	2025-09-26T11:03:00.6233198Z hint: 	git branch -m <name>
Code Quality	Checkout (selected ref)	2025-09-26T11:03:00.6233757Z hint:
Code Quality	Checkout (selected ref)	2025-09-26T11:03:00.6235043Z hint: Disable this message with "git config set advice.defaultBranchName false"
Code Quality	Checkout (selected ref)	2025-09-26T11:03:00.6236231Z Initialized empty Git repository in /home/runner/work/athelete-ally/athelete-ally/.git/
Code Quality	Checkout (selected ref)	2025-09-26T11:03:00.6240097Z [command]/usr/bin/git remote add origin https://github.com/nathanku3-hue/athelete-ally
Code Quality	Checkout (selected ref)	2025-09-26T11:03:00.6279049Z ##[endgroup]
Code Quality	Checkout (selected ref)	2025-09-26T11:03:00.6279869Z ##[group]Disabling automatic garbage collection
Code Quality	Checkout (selected ref)	2025-09-26T11:03:00.6283026Z [command]/usr/bin/git config --local gc.auto 0
Code Quality	Checkout (selected ref)	2025-09-26T11:03:00.6311464Z ##[endgroup]
Code Quality	Checkout (selected ref)	2025-09-26T11:03:00.6312245Z ##[group]Setting up auth
Code Quality	Checkout (selected ref)	2025-09-26T11:03:00.6318124Z [command]/usr/bin/git config --local --name-only --get-regexp core\.sshCommand
Code Quality	Checkout (selected ref)	2025-09-26T11:03:00.6348455Z [command]/usr/bin/git submodule foreach --recursive sh -c "git config --local --name-only --get-regexp 'core\.sshCommand' && git config --local --unset-all 'core.sshCommand' || :"
Code Quality	Checkout (selected ref)	2025-09-26T11:03:00.6685395Z [command]/usr/bin/git config --local --name-only --get-regexp http\.https\:\/\/github\.com\/\.extraheader
Code Quality	Checkout (selected ref)	2025-09-26T11:03:00.6716150Z [command]/usr/bin/git submodule foreach --recursive sh -c "git config --local --name-only --get-regexp 'http\.https\:\/\/github\.com\/\.extraheader' && git config --local --unset-all 'http.https://github.com/.extraheader' || :"
Code Quality	Checkout (selected ref)	2025-09-26T11:03:00.6947023Z [command]/usr/bin/git config --local http.https://github.com/.extraheader AUTHORIZATION: basic ***
Code Quality	Checkout (selected ref)	2025-09-26T11:03:00.6983158Z ##[endgroup]
Code Quality	Checkout (selected ref)	2025-09-26T11:03:00.6984850Z ##[group]Fetching the repository
Code Quality	Checkout (selected ref)	2025-09-26T11:03:00.6994062Z [command]/usr/bin/git -c protocol.version=2 fetch --prune --no-recurse-submodules origin +refs/heads/*:refs/remotes/origin/* +refs/tags/*:refs/tags/* +refs/pull/1/merge:refs/remotes/pull/1/merge
Code Quality	Checkout (selected ref)	2025-09-26T11:03:04.7583240Z From https://github.com/nathanku3-hue/athelete-ally
Code Quality	Checkout (selected ref)	2025-09-26T11:03:04.7585020Z  * [new branch]      chore/lockfile-refresh-npm-overrides -> origin/chore/lockfile-refresh-npm-overrides
Code Quality	Checkout (selected ref)	2025-09-26T11:03:04.7586336Z  * [new branch]      chore/repo-hygiene     -> origin/chore/repo-hygiene
Code Quality	Checkout (selected ref)	2025-09-26T11:03:04.7587638Z  * [new branch]      feature/autonomous-hardening-20250919 -> origin/feature/autonomous-hardening-20250919
Code Quality	Checkout (selected ref)	2025-09-26T11:03:04.7589418Z  * [new branch]      feature/autonomous-hardening-20250923 -> origin/feature/autonomous-hardening-20250923
Code Quality	Checkout (selected ref)	2025-09-26T11:03:04.7590727Z  * [new branch]      feature/ci-polish      -> origin/feature/ci-polish
Code Quality	Checkout (selected ref)	2025-09-26T11:03:04.7591809Z  * [new branch]      feature/compose-profiles -> origin/feature/compose-profiles
Code Quality	Checkout (selected ref)	2025-09-26T11:03:04.7593431Z  * [new branch]      feature/dependency-hygiene -> origin/feature/dependency-hygiene
Code Quality	Checkout (selected ref)	2025-09-26T11:03:04.7594830Z  * [new branch]      feature/deploy-reliability -> origin/feature/deploy-reliability
Code Quality	Checkout (selected ref)	2025-09-26T11:03:04.7596125Z  * [new branch]      feature/docs-branch-protection -> origin/feature/docs-branch-protection
Code Quality	Checkout (selected ref)	2025-09-26T11:03:04.7597241Z  * [new branch]      feature/e2e-playwright-chromium -> origin/feature/e2e-playwright-chromium
Code Quality	Checkout (selected ref)	2025-09-26T11:03:04.7598366Z  * [new branch]      feature/harness-expansion -> origin/feature/harness-expansion
Code Quality	Checkout (selected ref)	2025-09-26T11:03:04.7599378Z  * [new branch]      feature/jest-layered-config -> origin/feature/jest-layered-config
Code Quality	Checkout (selected ref)	2025-09-26T11:03:04.7600380Z  * [new branch]      feature/minimal-ci-update -> origin/feature/minimal-ci-update
Code Quality	Checkout (selected ref)	2025-09-26T11:03:04.7601372Z  * [new branch]      feature/playwright-e2e -> origin/feature/playwright-e2e
Code Quality	Checkout (selected ref)	2025-09-26T11:03:04.7602409Z  * [new branch]      feature/vitest-to-jest-migration -> origin/feature/vitest-to-jest-migration
Code Quality	Checkout (selected ref)	2025-09-26T11:03:04.7603399Z  * [new branch]      fix/a11y-test          -> origin/fix/a11y-test
Code Quality	Checkout (selected ref)	2025-09-26T11:03:04.7604328Z  * [new branch]      fix/actionlint-quote-names -> origin/fix/actionlint-quote-names
Code Quality	Checkout (selected ref)	2025-09-26T11:03:04.7605561Z  * [new branch]      fix/ci-debug           -> origin/fix/ci-debug
Code Quality	Checkout (selected ref)	2025-09-26T11:03:04.7606407Z  * [new branch]      fix/deploy-reliability -> origin/fix/deploy-reliability
Code Quality	Checkout (selected ref)	2025-09-26T11:03:04.7607405Z  * [new branch]      fix/shellcheck-sanity-blocks -> origin/fix/shellcheck-sanity-blocks
Code Quality	Checkout (selected ref)	2025-09-26T11:03:04.7608296Z  * [new branch]      main                   -> origin/main
Code Quality	Checkout (selected ref)	2025-09-26T11:03:04.7609135Z  * [new branch]      trigger/v3-test-workflow -> origin/trigger/v3-test-workflow
Code Quality	Checkout (selected ref)	2025-09-26T11:03:04.7609938Z  * [new ref]         refs/pull/1/merge      -> pull/1/merge
Code Quality	Checkout (selected ref)	2025-09-26T11:03:04.7656488Z ##[endgroup]
Code Quality	Checkout (selected ref)	2025-09-26T11:03:04.7657239Z ##[group]Determining the checkout info
Code Quality	Checkout (selected ref)	2025-09-26T11:03:04.7658285Z ##[endgroup]
Code Quality	Checkout (selected ref)	2025-09-26T11:03:04.7664169Z [command]/usr/bin/git sparse-checkout disable
Code Quality	Checkout (selected ref)	2025-09-26T11:03:04.7703202Z [command]/usr/bin/git config --local --unset-all extensions.worktreeConfig
Code Quality	Checkout (selected ref)	2025-09-26T11:03:04.7730416Z ##[group]Checking out the ref
Code Quality	Checkout (selected ref)	2025-09-26T11:03:04.7734690Z [command]/usr/bin/git checkout --progress --force refs/remotes/pull/1/merge
Code Quality	Checkout (selected ref)	2025-09-26T11:03:04.8291607Z Note: switching to 'refs/remotes/pull/1/merge'.
Code Quality	Checkout (selected ref)	2025-09-26T11:03:04.8292100Z 
Code Quality	Checkout (selected ref)	2025-09-26T11:03:04.8292582Z You are in 'detached HEAD' state. You can look around, make experimental
Code Quality	Checkout (selected ref)	2025-09-26T11:03:04.8293454Z changes and commit them, and you can discard any commits you make in this
Code Quality	Checkout (selected ref)	2025-09-26T11:03:04.8294350Z state without impacting any branches by switching back to a branch.
Code Quality	Checkout (selected ref)	2025-09-26T11:03:04.8295100Z 
Code Quality	Checkout (selected ref)	2025-09-26T11:03:04.8295451Z If you want to create a new branch to retain commits you create, you may
Code Quality	Checkout (selected ref)	2025-09-26T11:03:04.8296246Z do so (now or later) by using -c with the switch command. Example:
Code Quality	Checkout (selected ref)	2025-09-26T11:03:04.8296691Z 
Code Quality	Checkout (selected ref)	2025-09-26T11:03:04.8296897Z   git switch -c <new-branch-name>
Code Quality	Checkout (selected ref)	2025-09-26T11:03:04.8297255Z 
Code Quality	Checkout (selected ref)	2025-09-26T11:03:04.8297442Z Or undo this operation with:
Code Quality	Checkout (selected ref)	2025-09-26T11:03:04.8297739Z 
Code Quality	Checkout (selected ref)	2025-09-26T11:03:04.8297919Z   git switch -
Code Quality	Checkout (selected ref)	2025-09-26T11:03:04.8298145Z 
Code Quality	Checkout (selected ref)	2025-09-26T11:03:04.8298535Z Turn off this advice by setting config variable advice.detachedHead to false
Code Quality	Checkout (selected ref)	2025-09-26T11:03:04.8299077Z 
Code Quality	Checkout (selected ref)	2025-09-26T11:03:04.8299690Z HEAD is now at 771a095 Merge 002a066ffd9fb825b99741b3d0e698104ed52751 into e29b8055cfb179301a2c9fe817546c91399ed1c4
Code Quality	Checkout (selected ref)	2025-09-26T11:03:04.8304957Z ##[endgroup]
Code Quality	Checkout (selected ref)	2025-09-26T11:03:04.8343126Z [command]/usr/bin/git log -1 --format=%H
Code Quality	Checkout (selected ref)	2025-09-26T11:03:04.8364849Z 771a095dbb5528b96ddebe23a9a460908e8dad73
Code Quality	Setup Node.js	Ôªø2025-09-26T11:03:04.8661913Z ##[group]Run actions/setup-node@v4
Code Quality	Setup Node.js	2025-09-26T11:03:04.8662247Z with:
Code Quality	Setup Node.js	2025-09-26T11:03:04.8662472Z   node-version: 20.18.0
Code Quality	Setup Node.js	2025-09-26T11:03:04.8662718Z   cache: npm
Code Quality	Setup Node.js	2025-09-26T11:03:04.8662973Z   cache-dependency-path: package-lock.json
Code Quality	Setup Node.js	2025-09-26T11:03:04.8663285Z   always-auth: false
Code Quality	Setup Node.js	2025-09-26T11:03:04.8663519Z   check-latest: false
Code Quality	Setup Node.js	2025-09-26T11:03:04.8664057Z   token: ***
Code Quality	Setup Node.js	2025-09-26T11:03:04.8664269Z env:
Code Quality	Setup Node.js	2025-09-26T11:03:04.8664478Z   NODE_VERSION: 20.18.0
Code Quality	Setup Node.js	2025-09-26T11:03:04.8664990Z   TURBO_TOKEN: 
Code Quality	Setup Node.js	2025-09-26T11:03:04.8665230Z   TURBO_TEAM: 
Code Quality	Setup Node.js	2025-09-26T11:03:04.8665443Z   NODE_ENV: test
Code Quality	Setup Node.js	2025-09-26T11:03:04.8665675Z   PROMETHEUS_PORT: 9090
Code Quality	Setup Node.js	2025-09-26T11:03:04.8665912Z   GRAFANA_PORT: 3001
Code Quality	Setup Node.js	2025-09-26T11:03:04.8666157Z   GF_SECURITY_ADMIN_PASSWORD: admin123
Code Quality	Setup Node.js	2025-09-26T11:03:04.8666444Z   JAEGER_PORT: 16686
Code Quality	Setup Node.js	2025-09-26T11:03:04.8666692Z   OPENAI_API_KEY: test_openai_key_for_ci
Code Quality	Setup Node.js	2025-09-26T11:03:04.8666998Z   JWT_SECRET: test_jwt_secret_for_ci
Code Quality	Setup Node.js	2025-09-26T11:03:04.8667300Z   ENCRYPTION_KEY: test_encryption_key_for_ci
Code Quality	Setup Node.js	2025-09-26T11:03:04.8667681Z   FRONTEND_URL: http://localhost:3000
Code Quality	Setup Node.js	2025-09-26T11:03:04.8667998Z   GATEWAY_BFF_URL: http://localhost:4000
Code Quality	Setup Node.js	2025-09-26T11:03:04.8668300Z   API_BASE_URL: http://localhost:4000
Code Quality	Setup Node.js	2025-09-26T11:03:04.8668582Z ##[endgroup]
Code Quality	Setup Node.js	2025-09-26T11:03:05.0370880Z Attempting to download 20.18.0...
Code Quality	Setup Node.js	2025-09-26T11:03:05.6305445Z Acquiring 20.18.0 - x64 from https://github.com/actions/node-versions/releases/download/20.18.0-11182621166/node-20.18.0-linux-x64.tar.gz
Code Quality	Setup Node.js	2025-09-26T11:03:06.1246814Z Extracting ...
Code Quality	Setup Node.js	2025-09-26T11:03:06.1351649Z [command]/usr/bin/tar xz --strip 1 --warning=no-unknown-keyword --overwrite -C /home/runner/work/_temp/aad34774-e2e4-4070-890d-fbdad073b5a3 -f /home/runner/work/_temp/030a4e44-a4c8-4731-bc48-59a6fa07a752
Code Quality	Setup Node.js	2025-09-26T11:03:07.1191057Z Adding to the cache ...
Code Quality	Setup Node.js	2025-09-26T11:03:08.7472601Z ##[group]Environment details
Code Quality	Setup Node.js	2025-09-26T11:03:09.0897073Z node: v20.18.0
Code Quality	Setup Node.js	2025-09-26T11:03:09.0897689Z npm: 10.8.2
Code Quality	Setup Node.js	2025-09-26T11:03:09.0898089Z yarn: 1.22.22
Code Quality	Setup Node.js	2025-09-26T11:03:09.0898955Z ##[endgroup]
Code Quality	Setup Node.js	2025-09-26T11:03:09.0919960Z [command]/opt/hostedtoolcache/node/20.18.0/x64/bin/npm config get cache
Code Quality	Setup Node.js	2025-09-26T11:03:09.1897811Z /home/runner/.npm
Code Quality	Setup Node.js	2025-09-26T11:03:09.4448813Z Cache hit for: node-cache-Linux-x64-npm-cf2664d24e7d9789ba480a50d1c41588a5a72e0c9c3802dce7535ee781fa5829
Code Quality	Setup Node.js	2025-09-26T11:03:10.7520454Z Received 12582912 of 285091756 (4.4%), 12.0 MBs/sec
Code Quality	Setup Node.js	2025-09-26T11:03:11.7524774Z Received 134217728 of 285091756 (47.1%), 64.0 MBs/sec
Code Quality	Setup Node.js	2025-09-26T11:03:12.7529166Z Received 239075328 of 285091756 (83.9%), 76.0 MBs/sec
Code Quality	Setup Node.js	2025-09-26T11:03:13.2621674Z Received 285091756 of 285091756 (100.0%), 77.5 MBs/sec
Code Quality	Setup Node.js	2025-09-26T11:03:13.2623017Z Cache Size: ~272 MB (285091756 B)
Code Quality	Setup Node.js	2025-09-26T11:03:13.2673505Z [command]/usr/bin/tar -xf /home/runner/work/_temp/22b39d12-3eb8-4288-a690-8fb2bd87ee5b/cache.tzst -P -C /home/runner/work/athelete-ally/athelete-ally --use-compress-program unzstd
Code Quality	Setup Node.js	2025-09-26T11:03:13.8743819Z Cache restored successfully
Code Quality	Setup Node.js	2025-09-26T11:03:13.9283010Z Cache restored from key: node-cache-Linux-x64-npm-cf2664d24e7d9789ba480a50d1c41588a5a72e0c9c3802dce7535ee781fa5829
Code Quality	Enable Corepack and Enforce Package Manager Version	Ôªø2025-09-26T11:03:13.9443395Z ##[group]Run corepack enable
Code Quality	Enable Corepack and Enforce Package Manager Version	2025-09-26T11:03:13.9443738Z [36;1mcorepack enable[0m
Code Quality	Enable Corepack and Enforce Package Manager Version	2025-09-26T11:03:13.9483351Z shell: /usr/bin/bash -e {0}
Code Quality	Enable Corepack and Enforce Package Manager Version	2025-09-26T11:03:13.9483605Z env:
Code Quality	Enable Corepack and Enforce Package Manager Version	2025-09-26T11:03:13.9483794Z   NODE_VERSION: 20.18.0
Code Quality	Enable Corepack and Enforce Package Manager Version	2025-09-26T11:03:13.9484031Z   TURBO_TOKEN: 
Code Quality	Enable Corepack and Enforce Package Manager Version	2025-09-26T11:03:13.9484223Z   TURBO_TEAM: 
Code Quality	Enable Corepack and Enforce Package Manager Version	2025-09-26T11:03:13.9484396Z   NODE_ENV: test
Code Quality	Enable Corepack and Enforce Package Manager Version	2025-09-26T11:03:13.9484849Z   PROMETHEUS_PORT: 9090
Code Quality	Enable Corepack and Enforce Package Manager Version	2025-09-26T11:03:13.9485058Z   GRAFANA_PORT: 3001
Code Quality	Enable Corepack and Enforce Package Manager Version	2025-09-26T11:03:13.9485273Z   GF_SECURITY_ADMIN_PASSWORD: admin123
Code Quality	Enable Corepack and Enforce Package Manager Version	2025-09-26T11:03:13.9485535Z   JAEGER_PORT: 16686
Code Quality	Enable Corepack and Enforce Package Manager Version	2025-09-26T11:03:13.9485747Z   OPENAI_API_KEY: test_openai_key_for_ci
Code Quality	Enable Corepack and Enforce Package Manager Version	2025-09-26T11:03:13.9486011Z   JWT_SECRET: test_jwt_secret_for_ci
Code Quality	Enable Corepack and Enforce Package Manager Version	2025-09-26T11:03:13.9486289Z   ENCRYPTION_KEY: test_encryption_key_for_ci
Code Quality	Enable Corepack and Enforce Package Manager Version	2025-09-26T11:03:13.9486588Z   FRONTEND_URL: http://localhost:3000
Code Quality	Enable Corepack and Enforce Package Manager Version	2025-09-26T11:03:13.9486865Z   GATEWAY_BFF_URL: http://localhost:4000
Code Quality	Enable Corepack and Enforce Package Manager Version	2025-09-26T11:03:13.9487144Z   API_BASE_URL: http://localhost:4000
Code Quality	Enable Corepack and Enforce Package Manager Version	2025-09-26T11:03:13.9487416Z ##[endgroup]
Code Quality	Install dependencies	Ôªø2025-09-26T11:03:14.0210474Z ##[group]Run npm ci
Code Quality	Install dependencies	2025-09-26T11:03:14.0210727Z [36;1mnpm ci[0m
Code Quality	Install dependencies	2025-09-26T11:03:14.0245731Z shell: /usr/bin/bash -e {0}
Code Quality	Install dependencies	2025-09-26T11:03:14.0245981Z env:
Code Quality	Install dependencies	2025-09-26T11:03:14.0246347Z   NODE_VERSION: 20.18.0
Code Quality	Install dependencies	2025-09-26T11:03:14.0246560Z   TURBO_TOKEN: 
Code Quality	Install dependencies	2025-09-26T11:03:14.0246758Z   TURBO_TEAM: 
Code Quality	Install dependencies	2025-09-26T11:03:14.0246942Z   NODE_ENV: test
Code Quality	Install dependencies	2025-09-26T11:03:14.0247136Z   PROMETHEUS_PORT: 9090
Code Quality	Install dependencies	2025-09-26T11:03:14.0247352Z   GRAFANA_PORT: 3001
Code Quality	Install dependencies	2025-09-26T11:03:14.0247569Z   GF_SECURITY_ADMIN_PASSWORD: admin123
Code Quality	Install dependencies	2025-09-26T11:03:14.0247815Z   JAEGER_PORT: 16686
Code Quality	Install dependencies	2025-09-26T11:03:14.0248027Z   OPENAI_API_KEY: test_openai_key_for_ci
Code Quality	Install dependencies	2025-09-26T11:03:14.0248293Z   JWT_SECRET: test_jwt_secret_for_ci
Code Quality	Install dependencies	2025-09-26T11:03:14.0248559Z   ENCRYPTION_KEY: test_encryption_key_for_ci
Code Quality	Install dependencies	2025-09-26T11:03:14.0248852Z   FRONTEND_URL: http://localhost:3000
Code Quality	Install dependencies	2025-09-26T11:03:14.0249131Z   GATEWAY_BFF_URL: http://localhost:4000
Code Quality	Install dependencies	2025-09-26T11:03:14.0249404Z   API_BASE_URL: http://localhost:4000
Code Quality	Install dependencies	2025-09-26T11:03:14.0249645Z ##[endgroup]
Code Quality	Install dependencies	2025-09-26T11:03:21.8072514Z npm warn deprecated inflight@1.0.6: This module is not supported, and leaks memory. Do not use it. Check out lru-cache if you want a good and tested way to coalesce async requests by a key value, which is much more comprehensive and powerful.
Code Quality	Install dependencies	2025-09-26T11:03:22.0030509Z npm warn deprecated supertest@6.3.4: Please upgrade to supertest v7.1.3+, see release notes at https://github.com/forwardemail/supertest/releases/tag/v7.1.3 - maintenance is supported by Forward Email @ https://forwardemail.net
Code Quality	Install dependencies	2025-09-26T11:03:22.0455200Z npm warn deprecated @humanwhocodes/config-array@0.13.0: Use @eslint/config-array instead
Code Quality	Install dependencies	2025-09-26T11:03:22.0698465Z npm warn deprecated rimraf@3.0.2: Rimraf versions prior to v4 are no longer supported
Code Quality	Install dependencies	2025-09-26T11:03:22.0925726Z npm warn deprecated abab@2.0.6: Use your platform's native atob() and btoa() methods instead
Code Quality	Install dependencies	2025-09-26T11:03:22.1525686Z npm warn deprecated acorn-import-assertions@1.9.0: package has been renamed to acorn-import-attributes
Code Quality	Install dependencies	2025-09-26T11:03:22.3678237Z npm warn deprecated @humanwhocodes/object-schema@2.0.3: Use @eslint/object-schema instead
Code Quality	Install dependencies	2025-09-26T11:03:22.3717915Z npm warn deprecated glob@7.2.3: Glob versions prior to v9 are no longer supported
Code Quality	Install dependencies	2025-09-26T11:03:22.3719319Z npm warn deprecated glob@7.2.3: Glob versions prior to v9 are no longer supported
Code Quality	Install dependencies	2025-09-26T11:03:22.3730153Z npm warn deprecated glob@7.2.3: Glob versions prior to v9 are no longer supported
Code Quality	Install dependencies	2025-09-26T11:03:22.3737871Z npm warn deprecated glob@7.2.3: Glob versions prior to v9 are no longer supported
Code Quality	Install dependencies	2025-09-26T11:03:22.3743530Z npm warn deprecated glob@7.2.3: Glob versions prior to v9 are no longer supported
Code Quality	Install dependencies	2025-09-26T11:03:22.3805809Z npm warn deprecated glob@7.2.3: Glob versions prior to v9 are no longer supported
Code Quality	Install dependencies	2025-09-26T11:03:22.3819455Z npm warn deprecated glob@8.1.0: Glob versions prior to v9 are no longer supported
Code Quality	Install dependencies	2025-09-26T11:03:22.5284855Z npm warn deprecated domexception@4.0.0: Use your platform's native DOMException instead
Code Quality	Install dependencies	2025-09-26T11:03:24.2399290Z npm warn deprecated node-domexception@1.0.0: Use your platform's native DOMException instead
Code Quality	Install dependencies	2025-09-26T11:03:24.9382541Z npm warn deprecated superagent@8.1.2: Please upgrade to superagent v10.2.2+, see release notes at https://github.com/forwardemail/superagent/releases/tag/v10.2.2 - maintenance is supported by Forward Email @ https://forwardemail.net
Code Quality	Install dependencies	2025-09-26T11:03:32.6861954Z npm warn deprecated @opentelemetry/otlp-proto-exporter-base@0.45.1: Package no longer supported. Contact Support at https://www.npmjs.com/support for more info.
Code Quality	Install dependencies	2025-09-26T11:03:32.7220083Z npm warn deprecated @opentelemetry/otlp-proto-exporter-base@0.46.0: Package no longer supported. Contact Support at https://www.npmjs.com/support for more info.
Code Quality	Install dependencies	2025-09-26T11:03:34.7684666Z npm warn deprecated eslint@8.57.1: This version is no longer supported. Please see https://eslint.org/version-support for other options.
Code Quality	Install dependencies	2025-09-26T11:03:40.9039959Z 
Code Quality	Install dependencies	2025-09-26T11:03:40.9040659Z > athlete-ally@0.1.0 preinstall
Code Quality	Install dependencies	2025-09-26T11:03:40.9041365Z > node scripts/check-node-version.js
Code Quality	Install dependencies	2025-09-26T11:03:40.9041566Z 
Code Quality	Install dependencies	2025-09-26T11:03:40.9615044Z ‚úÖ Node.js version check passed: v20.18.0
Code Quality	Install dependencies	2025-09-26T11:03:40.9876709Z 
Code Quality	Install dependencies	2025-09-26T11:03:40.9877980Z added 1642 packages, and audited 1661 packages in 27s
Code Quality	Install dependencies	2025-09-26T11:03:40.9879290Z 
Code Quality	Install dependencies	2025-09-26T11:03:40.9879586Z 273 packages are looking for funding
Code Quality	Install dependencies	2025-09-26T11:03:40.9880113Z   run `npm fund` for details
Code Quality	Install dependencies	2025-09-26T11:03:40.9893304Z 
Code Quality	Install dependencies	2025-09-26T11:03:40.9894066Z found 0 vulnerabilities
Code Quality	Generate Prisma clients (all services)	Ôªø2025-09-26T11:03:41.1112915Z ##[group]Run set -euo pipefail
Code Quality	Generate Prisma clients (all services)	2025-09-26T11:03:41.1113277Z [36;1mset -euo pipefail[0m
Code Quality	Generate Prisma clients (all services)	2025-09-26T11:03:41.1113585Z [36;1mbash ./scripts/generate-prisma-clients.sh[0m
Code Quality	Generate Prisma clients (all services)	2025-09-26T11:03:41.1148771Z shell: /usr/bin/bash -e {0}
Code Quality	Generate Prisma clients (all services)	2025-09-26T11:03:41.1149024Z env:
Code Quality	Generate Prisma clients (all services)	2025-09-26T11:03:41.1149213Z   NODE_VERSION: 20.18.0
Code Quality	Generate Prisma clients (all services)	2025-09-26T11:03:41.1149421Z   TURBO_TOKEN: 
Code Quality	Generate Prisma clients (all services)	2025-09-26T11:03:41.1149617Z   TURBO_TEAM: 
Code Quality	Generate Prisma clients (all services)	2025-09-26T11:03:41.1149807Z   NODE_ENV: test
Code Quality	Generate Prisma clients (all services)	2025-09-26T11:03:41.1150006Z   PROMETHEUS_PORT: 9090
Code Quality	Generate Prisma clients (all services)	2025-09-26T11:03:41.1150226Z   GRAFANA_PORT: 3001
Code Quality	Generate Prisma clients (all services)	2025-09-26T11:03:41.1150453Z   GF_SECURITY_ADMIN_PASSWORD: admin123
Code Quality	Generate Prisma clients (all services)	2025-09-26T11:03:41.1150716Z   JAEGER_PORT: 16686
Code Quality	Generate Prisma clients (all services)	2025-09-26T11:03:41.1150969Z   OPENAI_API_KEY: test_openai_key_for_ci
Code Quality	Generate Prisma clients (all services)	2025-09-26T11:03:41.1151254Z   JWT_SECRET: test_jwt_secret_for_ci
Code Quality	Generate Prisma clients (all services)	2025-09-26T11:03:41.1151530Z   ENCRYPTION_KEY: test_encryption_key_for_ci
Code Quality	Generate Prisma clients (all services)	2025-09-26T11:03:41.1151841Z   FRONTEND_URL: http://localhost:3000
Code Quality	Generate Prisma clients (all services)	2025-09-26T11:03:41.1152128Z   GATEWAY_BFF_URL: http://localhost:4000
Code Quality	Generate Prisma clients (all services)	2025-09-26T11:03:41.1152442Z   API_BASE_URL: http://localhost:4000
Code Quality	Generate Prisma clients (all services)	2025-09-26T11:03:41.1152704Z ##[endgroup]
Code Quality	Generate Prisma clients (all services)	2025-09-26T11:03:41.1220487Z üîß Generating Prisma clients for all services...
Code Quality	Generate Prisma clients (all services)	2025-09-26T11:03:41.1233670Z Generating Prisma client for exercises...
Code Quality	Generate Prisma clients (all services)	2025-09-26T11:03:41.8316903Z Prisma schema loaded from prisma/schema.prisma
Code Quality	Generate Prisma clients (all services)	2025-09-26T11:03:42.1661317Z 
Code Quality	Generate Prisma clients (all services)	2025-09-26T11:03:42.1662626Z ‚úî Generated Prisma Client (v5.22.0) to ./prisma/generated/client in 76ms
Code Quality	Generate Prisma clients (all services)	2025-09-26T11:03:42.1663103Z 
Code Quality	Generate Prisma clients (all services)	2025-09-26T11:03:42.1663720Z Start by importing your Prisma Client (See: https://pris.ly/d/importing-client)
Code Quality	Generate Prisma clients (all services)	2025-09-26T11:03:42.1664216Z 
Code Quality	Generate Prisma clients (all services)	2025-09-26T11:03:42.1665179Z Tip: Want to react to database changes in your app as they happen? Discover how with Pulse: https://pris.ly/tip-1-pulse
Code Quality	Generate Prisma clients (all services)	2025-09-26T11:03:42.1665890Z 
Code Quality	Generate Prisma clients (all services)	2025-09-26T11:03:42.3877283Z ‚úÖ exercises Prisma client generated successfully
Code Quality	Generate Prisma clients (all services)	2025-09-26T11:03:42.3890944Z Generating Prisma client for fatigue...
Code Quality	Generate Prisma clients (all services)	2025-09-26T11:03:43.0756373Z Prisma schema loaded from prisma/schema.prisma
Code Quality	Generate Prisma clients (all services)	2025-09-26T11:03:43.3789948Z 
Code Quality	Generate Prisma clients (all services)	2025-09-26T11:03:43.3791274Z ‚úî Generated Prisma Client (v5.22.0) to ./prisma/generated/client in 73ms
Code Quality	Generate Prisma clients (all services)	2025-09-26T11:03:43.3791834Z 
Code Quality	Generate Prisma clients (all services)	2025-09-26T11:03:43.3792432Z Start by importing your Prisma Client (See: https://pris.ly/d/importing-client)
Code Quality	Generate Prisma clients (all services)	2025-09-26T11:03:43.3793008Z 
Code Quality	Generate Prisma clients (all services)	2025-09-26T11:03:43.3793870Z Tip: Need your database queries to be 1000x faster? Accelerate offers you that and more: https://pris.ly/tip-2-accelerate
Code Quality	Generate Prisma clients (all services)	2025-09-26T11:03:43.3794782Z 
Code Quality	Generate Prisma clients (all services)	2025-09-26T11:03:43.4063372Z ‚îå‚îÄ‚îÄ‚îÄ‚îÄ‚îÄ‚îÄ‚îÄ‚îÄ‚îÄ‚îÄ‚îÄ‚îÄ‚îÄ‚îÄ‚îÄ‚îÄ‚îÄ‚îÄ‚îÄ‚îÄ‚îÄ‚îÄ‚îÄ‚îÄ‚îÄ‚îÄ‚îÄ‚îÄ‚îÄ‚îÄ‚îÄ‚îÄ‚îÄ‚îÄ‚îÄ‚îÄ‚îÄ‚îÄ‚îÄ‚îÄ‚îÄ‚îÄ‚îÄ‚îÄ‚îÄ‚îÄ‚îÄ‚îÄ‚îÄ‚îÄ‚îÄ‚îÄ‚îÄ‚îÄ‚îÄ‚îÄ‚îÄ‚îê
Code Quality	Generate Prisma clients (all services)	2025-09-26T11:03:43.4064701Z ‚îÇ  Update available 5.22.0 -> 6.16.2                      ‚îÇ
Code Quality	Generate Prisma clients (all services)	2025-09-26T11:03:43.4065741Z ‚îÇ                                                         ‚îÇ
Code Quality	Generate Prisma clients (all services)	2025-09-26T11:03:43.4066372Z ‚îÇ  This is a major update - please follow the guide at    ‚îÇ
Code Quality	Generate Prisma clients (all services)	2025-09-26T11:03:43.4067077Z ‚îÇ  https://pris.ly/d/major-version-upgrade                ‚îÇ
Code Quality	Generate Prisma clients (all services)	2025-09-26T11:03:43.4067903Z ‚îÇ                                                         ‚îÇ
Code Quality	Generate Prisma clients (all services)	2025-09-26T11:03:43.4068710Z ‚îÇ  Run the following to update                            ‚îÇ
Code Quality	Generate Prisma clients (all services)	2025-09-26T11:03:43.4069739Z ‚îÇ    npm i --save-dev prisma@latest                       ‚îÇ
Code Quality	Generate Prisma clients (all services)	2025-09-26T11:03:43.4070743Z ‚îÇ    npm i @prisma/client@latest                          ‚îÇ
Code Quality	Generate Prisma clients (all services)	2025-09-26T11:03:43.4071910Z ‚îî‚îÄ‚îÄ‚îÄ‚îÄ‚îÄ‚îÄ‚îÄ‚îÄ‚îÄ‚îÄ‚îÄ‚îÄ‚îÄ‚îÄ‚îÄ‚îÄ‚îÄ‚îÄ‚îÄ‚îÄ‚îÄ‚îÄ‚îÄ‚îÄ‚îÄ‚îÄ‚îÄ‚îÄ‚îÄ‚îÄ‚îÄ‚îÄ‚îÄ‚îÄ‚îÄ‚îÄ‚îÄ‚îÄ‚îÄ‚îÄ‚îÄ‚îÄ‚îÄ‚îÄ‚îÄ‚îÄ‚îÄ‚îÄ‚îÄ‚îÄ‚îÄ‚îÄ‚îÄ‚îÄ‚îÄ‚îÄ‚îÄ‚îò
Code Quality	Generate Prisma clients (all services)	2025-09-26T11:03:43.6003556Z ‚úÖ fatigue Prisma client generated successfully
Code Quality	Generate Prisma clients (all services)	2025-09-26T11:03:43.6017986Z Generating Prisma client for planning-engine...
Code Quality	Generate Prisma clients (all services)	2025-09-26T11:03:44.2969805Z Prisma schema loaded from prisma/schema.prisma
Code Quality	Generate Prisma clients (all services)	2025-09-26T11:03:44.9871504Z 
Code Quality	Generate Prisma clients (all services)	2025-09-26T11:03:44.9873144Z ‚úî Generated Prisma Client (v5.22.0) to ./prisma/generated/client in 131ms
Code Quality	Generate Prisma clients (all services)	2025-09-26T11:03:44.9874023Z 
Code Quality	Generate Prisma clients (all services)	2025-09-26T11:03:44.9874762Z Start by importing your Prisma Client (See: https://pris.ly/d/importing-client)
Code Quality	Generate Prisma clients (all services)	2025-09-26T11:03:44.9875311Z 
Code Quality	Generate Prisma clients (all services)	2025-09-26T11:03:44.9876182Z Tip: Easily identify and fix slow SQL queries in your app. Optimize helps you enhance your visibility: https://pris.ly/--optimize
Code Quality	Generate Prisma clients (all services)	2025-09-26T11:03:44.9877144Z 
Code Quality	Generate Prisma clients (all services)	2025-09-26T11:03:45.2091649Z ‚úÖ planning-engine Prisma client generated successfully
Code Quality	Generate Prisma clients (all services)	2025-09-26T11:03:45.2106559Z Generating Prisma client for profile-onboarding...
Code Quality	Generate Prisma clients (all services)	2025-09-26T11:03:45.9100495Z Prisma schema loaded from prisma/schema.prisma
Code Quality	Generate Prisma clients (all services)	2025-09-26T11:03:46.2227448Z 
Code Quality	Generate Prisma clients (all services)	2025-09-26T11:03:46.2228984Z ‚úî Generated Prisma Client (v5.22.0) to ./prisma/generated/client in 77ms
Code Quality	Generate Prisma clients (all services)	2025-09-26T11:03:46.2231332Z 
Code Quality	Generate Prisma clients (all services)	2025-09-26T11:03:46.2231950Z Start by importing your Prisma Client (See: https://pris.ly/d/importing-client)
Code Quality	Generate Prisma clients (all services)	2025-09-26T11:03:46.2232528Z 
Code Quality	Generate Prisma clients (all services)	2025-09-26T11:03:46.2233349Z Tip: Want to react to database changes in your app as they happen? Discover how with Pulse: https://pris.ly/tip-1-pulse
Code Quality	Generate Prisma clients (all services)	2025-09-26T11:03:46.2234112Z 
Code Quality	Generate Prisma clients (all services)	2025-09-26T11:03:46.4433896Z ‚úÖ profile-onboarding Prisma client generated successfully
Code Quality	Generate Prisma clients (all services)	2025-09-26T11:03:46.4448457Z Generating Prisma client for protocol-engine...
Code Quality	Generate Prisma clients (all services)	2025-09-26T11:03:47.1364889Z Prisma schema loaded from prisma/schema.prisma
Code Quality	Generate Prisma clients (all services)	2025-09-26T11:03:47.6773772Z 
Code Quality	Generate Prisma clients (all services)	2025-09-26T11:03:47.6775707Z ‚úî Generated Prisma Client (v5.22.0) to ./prisma/generated/client in 226ms
Code Quality	Generate Prisma clients (all services)	2025-09-26T11:03:47.6777966Z 
Code Quality	Generate Prisma clients (all services)	2025-09-26T11:03:47.6778539Z Start by importing your Prisma Client (See: https://pris.ly/d/importing-client)
Code Quality	Generate Prisma clients (all services)	2025-09-26T11:03:47.6779065Z 
Code Quality	Generate Prisma clients (all services)	2025-09-26T11:03:47.6779906Z Tip: Easily identify and fix slow SQL queries in your app. Optimize helps you enhance your visibility: https://pris.ly/--optimize
Code Quality	Generate Prisma clients (all services)	2025-09-26T11:03:47.6780642Z 
Code Quality	Generate Prisma clients (all services)	2025-09-26T11:03:47.8996744Z ‚úÖ protocol-engine Prisma client generated successfully
Code Quality	Generate Prisma clients (all services)	2025-09-26T11:03:47.9010251Z Generating Prisma client for workouts...
Code Quality	Generate Prisma clients (all services)	2025-09-26T11:03:48.5859196Z Prisma schema loaded from prisma/schema.prisma
Code Quality	Generate Prisma clients (all services)	2025-09-26T11:03:48.9837326Z 
Code Quality	Generate Prisma clients (all services)	2025-09-26T11:03:48.9838886Z ‚úî Generated Prisma Client (v5.22.0) to ./prisma/generated/client in 143ms
Code Quality	Generate Prisma clients (all services)	2025-09-26T11:03:48.9839505Z 
Code Quality	Generate Prisma clients (all services)	2025-09-26T11:03:48.9840119Z Start by importing your Prisma Client (See: https://pris.ly/d/importing-client)
Code Quality	Generate Prisma clients (all services)	2025-09-26T11:03:48.9840770Z 
Code Quality	Generate Prisma clients (all services)	2025-09-26T11:03:48.9841665Z Tip: Want real-time updates to your database without manual polling? Discover how with Pulse: https://pris.ly/tip-0-pulse
Code Quality	Generate Prisma clients (all services)	2025-09-26T11:03:48.9842451Z 
Code Quality	Generate Prisma clients (all services)	2025-09-26T11:03:49.2056904Z ‚úÖ workouts Prisma client generated successfully
Code Quality	Generate Prisma clients (all services)	2025-09-26T11:03:49.2057446Z ‚úÖ All Prisma clients generated
Code Quality	Verify Prisma clients (per service)	Ôªø2025-09-26T11:03:49.2088097Z ##[group]Run set -euo pipefail
Code Quality	Verify Prisma clients (per service)	2025-09-26T11:03:49.2088435Z [36;1mset -euo pipefail[0m
Code Quality	Verify Prisma clients (per service)	2025-09-26T11:03:49.2088741Z [36;1mecho "üîé Verifying per-service Prisma clients..."[0m
Code Quality	Verify Prisma clients (per service)	2025-09-26T11:03:49.2089068Z [36;1mmissing=0[0m
Code Quality	Verify Prisma clients (per service)	2025-09-26T11:03:49.2089285Z [36;1mfor svc in services/*; do[0m
Code Quality	Verify Prisma clients (per service)	2025-09-26T11:03:49.2089620Z [36;1m  if [ -f "$svc/prisma/schema.prisma" ]; then[0m
Code Quality	Verify Prisma clients (per service)	2025-09-26T11:03:49.2090017Z [36;1m    echo "‚Ä¢ $svc: expect $svc/prisma/generated/client"[0m
Code Quality	Verify Prisma clients (per service)	2025-09-26T11:03:49.2090409Z [36;1m    if [ -d "$svc/prisma/generated/client" ]; then[0m
Code Quality	Verify Prisma clients (per service)	2025-09-26T11:03:49.2090757Z [36;1m      echo "  ‚úÖ found"[0m
Code Quality	Verify Prisma clients (per service)	2025-09-26T11:03:49.2090984Z [36;1m    else[0m
Code Quality	Verify Prisma clients (per service)	2025-09-26T11:03:49.2091248Z [36;1m      echo "  ‚ùå missing $svc/prisma/generated/client"[0m
Code Quality	Verify Prisma clients (per service)	2025-09-26T11:03:49.2091565Z [36;1m      ls -la "$svc/prisma" || true[0m
Code Quality	Verify Prisma clients (per service)	2025-09-26T11:03:49.2091831Z [36;1m      missing=1[0m
Code Quality	Verify Prisma clients (per service)	2025-09-26T11:03:49.2092041Z [36;1m    fi[0m
Code Quality	Verify Prisma clients (per service)	2025-09-26T11:03:49.2092231Z [36;1m  fi[0m
Code Quality	Verify Prisma clients (per service)	2025-09-26T11:03:49.2092443Z [36;1mdone[0m
Code Quality	Verify Prisma clients (per service)	2025-09-26T11:03:49.2092718Z [36;1m[ "$missing" -eq 0 ] || { echo "‚ùå Prisma client missing"; exit 1; }[0m
Code Quality	Verify Prisma clients (per service)	2025-09-26T11:03:49.2126033Z shell: /usr/bin/bash -e {0}
Code Quality	Verify Prisma clients (per service)	2025-09-26T11:03:49.2126284Z env:
Code Quality	Verify Prisma clients (per service)	2025-09-26T11:03:49.2126466Z   NODE_VERSION: 20.18.0
Code Quality	Verify Prisma clients (per service)	2025-09-26T11:03:49.2126683Z   TURBO_TOKEN: 
Code Quality	Verify Prisma clients (per service)	2025-09-26T11:03:49.2126876Z   TURBO_TEAM: 
Code Quality	Verify Prisma clients (per service)	2025-09-26T11:03:49.2127251Z   NODE_ENV: test
Code Quality	Verify Prisma clients (per service)	2025-09-26T11:03:49.2127455Z   PROMETHEUS_PORT: 9090
Code Quality	Verify Prisma clients (per service)	2025-09-26T11:03:49.2127676Z   GRAFANA_PORT: 3001
Code Quality	Verify Prisma clients (per service)	2025-09-26T11:03:49.2127894Z   GF_SECURITY_ADMIN_PASSWORD: admin123
Code Quality	Verify Prisma clients (per service)	2025-09-26T11:03:49.2128153Z   JAEGER_PORT: 16686
Code Quality	Verify Prisma clients (per service)	2025-09-26T11:03:49.2128377Z   OPENAI_API_KEY: test_openai_key_for_ci
Code Quality	Verify Prisma clients (per service)	2025-09-26T11:03:49.2128654Z   JWT_SECRET: test_jwt_secret_for_ci
Code Quality	Verify Prisma clients (per service)	2025-09-26T11:03:49.2128926Z   ENCRYPTION_KEY: test_encryption_key_for_ci
Code Quality	Verify Prisma clients (per service)	2025-09-26T11:03:49.2129232Z   FRONTEND_URL: http://localhost:3000
Code Quality	Verify Prisma clients (per service)	2025-09-26T11:03:49.2129530Z   GATEWAY_BFF_URL: http://localhost:4000
Code Quality	Verify Prisma clients (per service)	2025-09-26T11:03:49.2129808Z   API_BASE_URL: http://localhost:4000
Code Quality	Verify Prisma clients (per service)	2025-09-26T11:03:49.2130073Z ##[endgroup]
Code Quality	Verify Prisma clients (per service)	2025-09-26T11:03:49.2182847Z üîé Verifying per-service Prisma clients...
Code Quality	Verify Prisma clients (per service)	2025-09-26T11:03:49.2184021Z ‚Ä¢ services/exercises: expect services/exercises/prisma/generated/client
Code Quality	Verify Prisma clients (per service)	2025-09-26T11:03:49.2184946Z   ‚úÖ found
Code Quality	Verify Prisma clients (per service)	2025-09-26T11:03:49.2185733Z ‚Ä¢ services/fatigue: expect services/fatigue/prisma/generated/client
Code Quality	Verify Prisma clients (per service)	2025-09-26T11:03:49.2186411Z   ‚úÖ found
Code Quality	Verify Prisma clients (per service)	2025-09-26T11:03:49.2187287Z ‚Ä¢ services/planning-engine: expect services/planning-engine/prisma/generated/client
Code Quality	Verify Prisma clients (per service)	2025-09-26T11:03:49.2188780Z   ‚úÖ found
Code Quality	Verify Prisma clients (per service)	2025-09-26T11:03:49.2189722Z ‚Ä¢ services/profile-onboarding: expect services/profile-onboarding/prisma/generated/client
Code Quality	Verify Prisma clients (per service)	2025-09-26T11:03:49.2190481Z   ‚úÖ found
Code Quality	Verify Prisma clients (per service)	2025-09-26T11:03:49.2191027Z ‚Ä¢ services/protocol-engine: expect services/protocol-engine/prisma/generated/client
Code Quality	Verify Prisma clients (per service)	2025-09-26T11:03:49.2191491Z   ‚úÖ found
Code Quality	Verify Prisma clients (per service)	2025-09-26T11:03:49.2191940Z ‚Ä¢ services/workouts: expect services/workouts/prisma/generated/client
Code Quality	Verify Prisma clients (per service)	2025-09-26T11:03:49.2192329Z   ‚úÖ found
Code Quality	Verify tsx availability	Ôªø2025-09-26T11:03:49.2233267Z ##[group]Run npx tsx --version
Code Quality	Verify tsx availability	2025-09-26T11:03:49.2233569Z [36;1mnpx tsx --version[0m
Code Quality	Verify tsx availability	2025-09-26T11:03:49.2262541Z shell: /usr/bin/bash -e {0}
Code Quality	Verify tsx availability	2025-09-26T11:03:49.2262774Z env:
Code Quality	Verify tsx availability	2025-09-26T11:03:49.2262957Z   NODE_VERSION: 20.18.0
Code Quality	Verify tsx availability	2025-09-26T11:03:49.2263167Z   TURBO_TOKEN: 
Code Quality	Verify tsx availability	2025-09-26T11:03:49.2263360Z   TURBO_TEAM: 
Code Quality	Verify tsx availability	2025-09-26T11:03:49.2263566Z   NODE_ENV: test
Code Quality	Verify tsx availability	2025-09-26T11:03:49.2263767Z   PROMETHEUS_PORT: 9090
Code Quality	Verify tsx availability	2025-09-26T11:03:49.2263982Z   GRAFANA_PORT: 3001
Code Quality	Verify tsx availability	2025-09-26T11:03:49.2264203Z   GF_SECURITY_ADMIN_PASSWORD: admin123
Code Quality	Verify tsx availability	2025-09-26T11:03:49.2264457Z   JAEGER_PORT: 16686
Code Quality	Verify tsx availability	2025-09-26T11:03:49.2264896Z   OPENAI_API_KEY: test_openai_key_for_ci
Code Quality	Verify tsx availability	2025-09-26T11:03:49.2265175Z   JWT_SECRET: test_jwt_secret_for_ci
Code Quality	Verify tsx availability	2025-09-26T11:03:49.2265449Z   ENCRYPTION_KEY: test_encryption_key_for_ci
Code Quality	Verify tsx availability	2025-09-26T11:03:49.2265741Z   FRONTEND_URL: http://localhost:3000
Code Quality	Verify tsx availability	2025-09-26T11:03:49.2266091Z   GATEWAY_BFF_URL: http://localhost:4000
Code Quality	Verify tsx availability	2025-09-26T11:03:49.2266424Z   API_BASE_URL: http://localhost:4000
Code Quality	Verify tsx availability	2025-09-26T11:03:49.2266700Z ##[endgroup]
Code Quality	Verify tsx availability	2025-09-26T11:03:49.5729137Z tsx v4.20.5
Code Quality	Verify tsx availability	2025-09-26T11:03:49.5808459Z node v20.18.0
Code Quality	Lint check	Ôªø2025-09-26T11:03:49.5968099Z ##[group]Run npx turbo run lint
Code Quality	Lint check	2025-09-26T11:03:49.5968584Z [36;1mnpx turbo run lint[0m
Code Quality	Lint check	2025-09-26T11:03:49.6015822Z shell: /usr/bin/bash -e {0}
Code Quality	Lint check	2025-09-26T11:03:49.6016236Z env:
Code Quality	Lint check	2025-09-26T11:03:49.6016544Z   NODE_VERSION: 20.18.0
Code Quality	Lint check	2025-09-26T11:03:49.6016768Z   TURBO_TOKEN: 
Code Quality	Lint check	2025-09-26T11:03:49.6016953Z   TURBO_TEAM: 
Code Quality	Lint check	2025-09-26T11:03:49.6017144Z   NODE_ENV: test
Code Quality	Lint check	2025-09-26T11:03:49.6017351Z   PROMETHEUS_PORT: 9090
Code Quality	Lint check	2025-09-26T11:03:49.6017558Z   GRAFANA_PORT: 3001
Code Quality	Lint check	2025-09-26T11:03:49.6017788Z   GF_SECURITY_ADMIN_PASSWORD: admin123
Code Quality	Lint check	2025-09-26T11:03:49.6018048Z   JAEGER_PORT: 16686
Code Quality	Lint check	2025-09-26T11:03:49.6018256Z   OPENAI_API_KEY: test_openai_key_for_ci
Code Quality	Lint check	2025-09-26T11:03:49.6018524Z   JWT_SECRET: test_jwt_secret_for_ci
Code Quality	Lint check	2025-09-26T11:03:49.6018793Z   ENCRYPTION_KEY: test_encryption_key_for_ci
Code Quality	Lint check	2025-09-26T11:03:49.6019086Z   FRONTEND_URL: http://localhost:3000
Code Quality	Lint check	2025-09-26T11:03:49.6019352Z   GATEWAY_BFF_URL: http://localhost:4000
Code Quality	Lint check	2025-09-26T11:03:49.6019616Z   API_BASE_URL: http://localhost:4000
Code Quality	Lint check	2025-09-26T11:03:49.6019885Z ##[endgroup]
Code Quality	Lint check	2025-09-26T11:03:49.9408309Z 
Code Quality	Lint check	2025-09-26T11:03:49.9408870Z Attention:
Code Quality	Lint check	2025-09-26T11:03:49.9409705Z Turborepo now collects completely anonymous telemetry regarding usage.
Code Quality	Lint check	2025-09-26T11:03:49.9410908Z This information is used to shape the Turborepo roadmap and prioritize features.
Code Quality	Lint check	2025-09-26T11:03:49.9412304Z You can learn more, including how to opt-out if you'd not like to participate in this anonymous program, by visiting the following URL:
Code Quality	Lint check	2025-09-26T11:03:49.9413144Z https://turborepo.com/docs/telemetry
Code Quality	Lint check	2025-09-26T11:03:49.9413401Z 
Code Quality	Lint check	2025-09-26T11:03:50.0578254Z ‚Ä¢ Packages in scope: @athlete-ally/adaptive-engine, @athlete-ally/analytics, @athlete-ally/contracts, @athlete-ally/event-bus, @athlete-ally/exercises, @athlete-ally/fatigue, @athlete-ally/gateway-bff, @athlete-ally/health-schema, @athlete-ally/job-scheduler, @athlete-ally/notification-service, @athlete-ally/otel-preset, @athlete-ally/planning-engine, @athlete-ally/profile-onboarding, @athlete-ally/protocol-engine, @athlete-ally/protocol-types, @athlete-ally/shared, @athlete-ally/shared-types, @athlete-ally/workouts
Code Quality	Lint check	2025-09-26T11:03:50.0581833Z ‚Ä¢ Running lint in 18 packages
Code Quality	Lint check	2025-09-26T11:03:50.0582353Z ‚Ä¢ Remote caching disabled
Code Quality	Lint check	2025-09-26T11:03:58.8460019Z ##[group]@athlete-ally/job-scheduler:lint
Code Quality	Lint check	2025-09-26T11:03:58.8462267Z cache miss, executing ecb1be06704353c1
Code Quality	Lint check	2025-09-26T11:03:58.8463733Z 
Code Quality	Lint check	2025-09-26T11:03:58.8466319Z > @athlete-ally/job-scheduler@1.0.0 lint
Code Quality	Lint check	2025-09-26T11:03:58.8468052Z > eslint -c ../../eslint.config.mjs src
Code Quality	Lint check	2025-09-26T11:03:58.8469487Z 
Code Quality	Lint check	2025-09-26T11:03:58.8472843Z Pages directory cannot be found at /home/runner/work/athelete-ally/athelete-ally/services/job-scheduler/pages or /home/runner/work/athelete-ally/athelete-ally/services/job-scheduler/src/pages. If using a custom path, please configure with the `no-html-link-for-pages` rule in your eslint config file.
Code Quality	Lint check	2025-09-26T11:03:58.8491285Z ##[endgroup]
Code Quality	Lint check	2025-09-26T11:03:58.8722194Z ##[group]@athlete-ally/contracts:build
Code Quality	Lint check	2025-09-26T11:03:58.8726081Z cache miss, executing 7a8693a864781383
Code Quality	Lint check	2025-09-26T11:03:58.8727117Z 
Code Quality	Lint check	2025-09-26T11:03:58.8727836Z > @athlete-ally/contracts@0.1.0 build
Code Quality	Lint check	2025-09-26T11:03:58.8728411Z > tsc -p tsconfig.json
Code Quality	Lint check	2025-09-26T11:03:58.8728699Z 
Code Quality	Lint check	2025-09-26T11:03:58.8729138Z ##[endgroup]
Code Quality	Lint check	2025-09-26T11:03:59.1966332Z ##[group]@athlete-ally/analytics:lint
Code Quality	Lint check	2025-09-26T11:03:59.1970941Z cache miss, executing 5a1e2320df1a57e1
Code Quality	Lint check	2025-09-26T11:03:59.1971664Z 
Code Quality	Lint check	2025-09-26T11:03:59.1972247Z > @athlete-ally/analytics@1.0.0 lint
Code Quality	Lint check	2025-09-26T11:03:59.1972831Z > eslint -c ../../eslint.config.mjs src
Code Quality	Lint check	2025-09-26T11:03:59.1973153Z 
Code Quality	Lint check	2025-09-26T11:03:59.1975517Z Pages directory cannot be found at /home/runner/work/athelete-ally/athelete-ally/services/analytics/pages or /home/runner/work/athelete-ally/athelete-ally/services/analytics/src/pages. If using a custom path, please configure with the `no-html-link-for-pages` rule in your eslint config file.
Code Quality	Lint check	2025-09-26T11:03:59.1977832Z ##[endgroup]
Code Quality	Lint check	2025-09-26T11:03:59.6836766Z ##[group]@athlete-ally/notification-service:lint
Code Quality	Lint check	2025-09-26T11:03:59.6839435Z cache miss, executing 9802ffef36228982
Code Quality	Lint check	2025-09-26T11:03:59.6840955Z 
Code Quality	Lint check	2025-09-26T11:03:59.6842427Z > @athlete-ally/notification-service@1.0.0 lint
Code Quality	Lint check	2025-09-26T11:03:59.6844220Z > eslint -c ../../eslint.config.mjs src
Code Quality	Lint check	2025-09-26T11:03:59.6845992Z 
Code Quality	Lint check	2025-09-26T11:03:59.6849421Z Pages directory cannot be found at /home/runner/work/athelete-ally/athelete-ally/services/notification-service/pages or /home/runner/work/athelete-ally/athelete-ally/services/notification-service/src/pages. If using a custom path, please configure with the `no-html-link-for-pages` rule in your eslint config file.
Code Quality	Lint check	2025-09-26T11:03:59.6853018Z ##[endgroup]
Code Quality	Lint check	2025-09-26T11:03:59.8605933Z ##[group]@athlete-ally/shared:lint
Code Quality	Lint check	2025-09-26T11:03:59.8606801Z cache miss, executing 6c60813ba31e13ba
Code Quality	Lint check	2025-09-26T11:03:59.8607222Z 
Code Quality	Lint check	2025-09-26T11:03:59.8607529Z > @athlete-ally/shared@0.1.0 lint
Code Quality	Lint check	2025-09-26T11:03:59.8608080Z > eslint -c ../../eslint.config.mjs src
Code Quality	Lint check	2025-09-26T11:03:59.8608491Z 
Code Quality	Lint check	2025-09-26T11:03:59.8698441Z Pages directory cannot be found at /home/runner/work/athelete-ally/athelete-ally/packages/shared/pages or /home/runner/work/athelete-ally/athelete-ally/packages/shared/src/pages. If using a custom path, please configure with the `no-html-link-for-pages` rule in your eslint config file.
Code Quality	Lint check	2025-09-26T11:03:59.8709821Z 
Code Quality	Lint check	2025-09-26T11:03:59.8765967Z /home/runner/work/athelete-ally/athelete-ally/packages/shared/src/auth/jwt.ts
Code Quality	Lint check	2025-09-26T11:03:59.8800634Z ##[warning]  10:3   warning  Unexpected console statement              no-console
Code Quality	Lint check	2025-09-26T11:03:59.8811129Z ##[warning]  47:13  warning  Unexpected any. Specify a different type  @typescript-eslint/no-explicit-any
Code Quality	Lint check	2025-09-26T11:03:59.8813480Z ##[warning]  74:38  warning  Unexpected any. Specify a different type  @typescript-eslint/no-explicit-any
Code Quality	Lint check	2025-09-26T11:03:59.8814958Z 
Code Quality	Lint check	2025-09-26T11:03:59.8815589Z /home/runner/work/athelete-ally/athelete-ally/packages/shared/src/auth/middleware.ts
Code Quality	Lint check	2025-09-26T11:03:59.8817117Z ##[warning]  24:17  warning  Unexpected any. Specify a different type  @typescript-eslint/no-explicit-any
Code Quality	Lint check	2025-09-26T11:03:59.8877915Z ##[warning]  25:17  warning  Unexpected any. Specify a different type  @typescript-eslint/no-explicit-any
Code Quality	Lint check	2025-09-26T11:03:59.8880179Z ##[warning]  39:37  warning  Unexpected any. Specify a different type  @typescript-eslint/no-explicit-any
Code Quality	Lint check	2025-09-26T11:03:59.8882317Z ##[warning]  49:14  warning  'error' is defined but never used         @typescript-eslint/no-unused-vars
Code Quality	Lint check	2025-09-26T11:03:59.8884440Z ##[warning]  62:32  warning  Unexpected any. Specify a different type  @typescript-eslint/no-explicit-any
Code Quality	Lint check	2025-09-26T11:03:59.8887018Z ##[warning]  71:14  warning  'error' is defined but never used         @typescript-eslint/no-unused-vars
Code Quality	Lint check	2025-09-26T11:03:59.8889323Z ##[warning]  81:66  warning  'reply' is defined but never used         @typescript-eslint/no-unused-vars
Code Quality	Lint check	2025-09-26T11:03:59.8891688Z ##[warning]  82:33  warning  Unexpected any. Specify a different type  @typescript-eslint/no-explicit-any
Code Quality	Lint check	2025-09-26T11:03:59.8893144Z 
Code Quality	Lint check	2025-09-26T11:03:59.8893804Z /home/runner/work/athelete-ally/athelete-ally/packages/shared/src/error-handler.ts
Code Quality	Lint check	2025-09-26T11:03:59.8895628Z ##[warning]   44:13  warning  Unexpected any. Specify a different type  @typescript-eslint/no-explicit-any
Code Quality	Lint check	2025-09-26T11:03:59.8898087Z ##[warning]   67:36  warning  Unexpected any. Specify a different type  @typescript-eslint/no-explicit-any
Code Quality	Lint check	2025-09-26T11:03:59.8900449Z ##[warning]  156:27  warning  Unexpected any. Specify a different type  @typescript-eslint/no-explicit-any
Code Quality	Lint check	2025-09-26T11:03:59.8902941Z ##[warning]  177:27  warning  Unexpected any. Specify a different type  @typescript-eslint/no-explicit-any
Code Quality	Lint check	2025-09-26T11:03:59.8990109Z ##[warning]  223:9   warning  Unexpected console statement              no-console
Code Quality	Lint check	2025-09-26T11:03:59.8992870Z ##[warning]  226:9   warning  Unexpected console statement              no-console
Code Quality	Lint check	2025-09-26T11:03:59.8994914Z ##[warning]  229:9   warning  Unexpected console statement              no-console
Code Quality	Lint check	2025-09-26T11:03:59.8996824Z ##[warning]  232:9   warning  Unexpected console statement              no-console
Code Quality	Lint check	2025-09-26T11:03:59.8999149Z ##[warning]  316:5   warning  Unexpected console statement              no-console
Code Quality	Lint check	2025-09-26T11:03:59.9000383Z 
Code Quality	Lint check	2025-09-26T11:03:59.9000951Z /home/runner/work/athelete-ally/athelete-ally/packages/shared/src/index.ts
Code Quality	Lint check	2025-09-26T11:03:59.9002437Z ##[warning]   7:15  warning  Reaching to "./config/ports.js" is not allowed        import/no-internal-modules
Code Quality	Lint check	2025-09-26T11:03:59.9004891Z ##[warning]  10:15  warning  Reaching to "./auth/jwt.js" is not allowed            import/no-internal-modules
Code Quality	Lint check	2025-09-26T11:03:59.9007079Z ##[warning]  11:15  warning  Reaching to "./auth/test-utils.js" is not allowed     import/no-internal-modules
Code Quality	Lint check	2025-09-26T11:03:59.9009344Z ##[warning]  17:8   warning  Reaching to "./auth/middleware.js" is not allowed     import/no-internal-modules
Code Quality	Lint check	2025-09-26T11:03:59.9011691Z ##[warning]  20:15  warning  Reaching to "./security/secure-id.js" is not allowed  import/no-internal-modules
Code Quality	Lint check	2025-09-26T11:03:59.9013103Z 
Code Quality	Lint check	2025-09-26T11:03:59.9013682Z /home/runner/work/athelete-ally/athelete-ally/packages/shared/src/logger.ts
Code Quality	Lint check	2025-09-26T11:03:59.9082667Z ##[warning]   37:34  warning  Unexpected any. Specify a different type  @typescript-eslint/no-explicit-any
Code Quality	Lint check	2025-09-26T11:03:59.9085727Z ##[warning]   37:40  warning  Unexpected any. Specify a different type  @typescript-eslint/no-explicit-any
Code Quality	Lint check	2025-09-26T11:03:59.9087854Z ##[warning]   47:21  warning  Unexpected any. Specify a different type  @typescript-eslint/no-explicit-any
Code Quality	Lint check	2025-09-26T11:03:59.9089944Z ##[warning]   96:35  warning  Unexpected any. Specify a different type  @typescript-eslint/no-explicit-any
Code Quality	Lint check	2025-09-26T11:03:59.9092104Z ##[warning]  117:41  warning  Unexpected any. Specify a different type  @typescript-eslint/no-explicit-any
Code Quality	Lint check	2025-09-26T11:03:59.9094188Z ##[warning]  117:56  warning  Unexpected any. Specify a different type  @typescript-eslint/no-explicit-any
Code Quality	Lint check	2025-09-26T11:03:59.9096385Z ##[warning]  123:7   warning  Unexpected console statement              no-console
Code Quality	Lint check	2025-09-26T11:03:59.9098216Z ##[warning]  130:7   warning  Unexpected console statement              no-console
Code Quality	Lint check	2025-09-26T11:03:59.9100303Z ##[warning]  137:42  warning  Unexpected any. Specify a different type  @typescript-eslint/no-explicit-any
Code Quality	Lint check	2025-09-26T11:03:59.9102270Z ##[warning]  141:7   warning  Unexpected console statement              no-console
Code Quality	Lint check	2025-09-26T11:03:59.9104036Z ##[warning]  146:7   warning  Unexpected console statement              no-console
Code Quality	Lint check	2025-09-26T11:03:59.9166686Z ##[warning]  153:42  warning  Unexpected any. Specify a different type  @typescript-eslint/no-explicit-any
Code Quality	Lint check	2025-09-26T11:03:59.9168815Z ##[warning]  157:7   warning  Unexpected console statement              no-console
Code Quality	Lint check	2025-09-26T11:03:59.9170790Z ##[warning]  162:7   warning  Unexpected console statement              no-console
Code Quality	Lint check	2025-09-26T11:03:59.9172957Z ##[warning]  169:39  warning  Unexpected any. Specify a different type  @typescript-eslint/no-explicit-any
Code Quality	Lint check	2025-09-26T11:03:59.9175513Z ##[warning]  169:45  warning  Unexpected any. Specify a different type  @typescript-eslint/no-explicit-any
Code Quality	Lint check	2025-09-26T11:03:59.9177868Z ##[warning]  183:43  warning  Unexpected any. Specify a different type  @typescript-eslint/no-explicit-any
Code Quality	Lint check	2025-09-26T11:03:59.9180206Z ##[warning]  183:49  warning  Unexpected any. Specify a different type  @typescript-eslint/no-explicit-any
Code Quality	Lint check	2025-09-26T11:03:59.9181620Z 
Code Quality	Lint check	2025-09-26T11:03:59.9182232Z ‚úñ 43 problems (0 errors, 43 warnings)
Code Quality	Lint check	2025-09-26T11:03:59.9182555Z 
Code Quality	Lint check	2025-09-26T11:03:59.9183021Z ##[endgroup]
Code Quality	Lint check	2025-09-26T11:03:59.9899023Z ##[group]@athlete-ally/protocol-engine:lint
Code Quality	Lint check	2025-09-26T11:03:59.9954931Z cache miss, executing 770eb17b147b8fc7
Code Quality	Lint check	2025-09-26T11:03:59.9955523Z 
Code Quality	Lint check	2025-09-26T11:03:59.9956007Z > @athlete-ally/protocol-engine@2.0.0 lint
Code Quality	Lint check	2025-09-26T11:03:59.9956913Z > eslint -c ../../eslint.config.mjs src
Code Quality	Lint check	2025-09-26T11:03:59.9957437Z 
Code Quality	Lint check	2025-09-26T11:03:59.9959991Z Pages directory cannot be found at /home/runner/work/athelete-ally/athelete-ally/services/protocol-engine/pages or /home/runner/work/athelete-ally/athelete-ally/services/protocol-engine/src/pages. If using a custom path, please configure with the `no-html-link-for-pages` rule in your eslint config file.
Code Quality	Lint check	2025-09-26T11:03:59.9962468Z 
Code Quality	Lint check	2025-09-26T11:03:59.9963226Z /home/runner/work/athelete-ally/athelete-ally/services/protocol-engine/src/index.ts
Code Quality	Lint check	2025-09-26T11:03:59.9965684Z ##[warning]    6:29  warning  Reaching to "./routes/protocols" is not allowed  import/no-internal-modules
Code Quality	Lint check	2025-09-26T11:03:59.9968530Z ##[warning]    7:58  warning  Reaching to "./services/audit" is not allowed    import/no-internal-modules
Code Quality	Lint check	2025-09-26T11:03:59.9971254Z ##[warning]   45:20  warning  Unexpected any. Specify a different type         @typescript-eslint/no-explicit-any
Code Quality	Lint check	2025-09-26T11:03:59.9973658Z ##[warning]   57:5   warning  Unexpected console statement                     no-console
Code Quality	Lint check	2025-09-26T11:03:59.9976534Z ##[warning]   70:13  warning  Unexpected any. Specify a different type         @typescript-eslint/no-explicit-any
Code Quality	Lint check	2025-09-26T11:03:59.9978755Z ##[warning]   93:5   warning  Unexpected console statement                     no-console
Code Quality	Lint check	2025-09-26T11:03:59.9981008Z ##[warning]  111:28  warning  Unexpected any. Specify a different type         @typescript-eslint/no-explicit-any
Code Quality	Lint check	2025-09-26T11:03:59.9983705Z ##[warning]  131:18  warning  Unexpected any. Specify a different type         @typescript-eslint/no-explicit-any
Code Quality	Lint check	2025-09-26T11:03:59.9986132Z ##[warning]  151:5   warning  Unexpected console statement                     no-console
Code Quality	Lint check	2025-09-26T11:03:59.9988253Z ##[warning]  162:28  warning  Unexpected any. Specify a different type         @typescript-eslint/no-explicit-any
Code Quality	Lint check	2025-09-26T11:03:59.9990382Z ##[warning]  182:5   warning  Unexpected console statement                     no-console
Code Quality	Lint check	2025-09-26T11:03:59.9992559Z ##[warning]  199:17  warning  Unexpected any. Specify a different type         @typescript-eslint/no-explicit-any
Code Quality	Lint check	2025-09-26T11:03:59.9994973Z ##[warning]  199:67  warning  'next' is defined but never used                 @typescript-eslint/no-unused-vars
Code Quality	Lint check	2025-09-26T11:03:59.9997060Z ##[warning]  200:3   warning  Unexpected console statement                     no-console
Code Quality	Lint check	2025-09-26T11:03:59.9999142Z ##[warning]  203:15  warning  Unexpected any. Specify a different type         @typescript-eslint/no-explicit-any
Code Quality	Lint check	2025-09-26T11:04:00.0001358Z ##[warning]  206:23  warning  Unexpected any. Specify a different type         @typescript-eslint/no-explicit-any
Code Quality	Lint check	2025-09-26T11:04:00.0003629Z ##[warning]  218:25  warning  Unexpected any. Specify a different type         @typescript-eslint/no-explicit-any
Code Quality	Lint check	2025-09-26T11:04:00.0005933Z ##[warning]  230:3   warning  Unexpected console statement                     no-console
Code Quality	Lint check	2025-09-26T11:04:00.0007904Z ##[warning]  231:3   warning  Unexpected console statement                     no-console
Code Quality	Lint check	2025-09-26T11:04:00.0009877Z ##[warning]  232:3   warning  Unexpected console statement                     no-console
Code Quality	Lint check	2025-09-26T11:04:00.0011818Z ##[warning]  233:3   warning  Unexpected console statement                     no-console
Code Quality	Lint check	2025-09-26T11:04:00.0013811Z ##[warning]  234:3   warning  Unexpected console statement                     no-console
Code Quality	Lint check	2025-09-26T11:04:00.0016161Z ##[warning]  239:3   warning  Unexpected console statement                     no-console
Code Quality	Lint check	2025-09-26T11:04:00.0018327Z ##[warning]  242:5   warning  Unexpected console statement                     no-console
Code Quality	Lint check	2025-09-26T11:04:00.0020454Z ##[warning]  246:7   warning  Unexpected console statement                     no-console
Code Quality	Lint check	2025-09-26T11:04:00.0022451Z ##[warning]  249:7   warning  Unexpected console statement                     no-console
Code Quality	Lint check	2025-09-26T11:04:00.0375156Z ##[warning]  256:3   warning  Unexpected console statement                     no-console
Code Quality	Lint check	2025-09-26T11:04:00.0378213Z ##[warning]  259:5   warning  Unexpected console statement                     no-console
Code Quality	Lint check	2025-09-26T11:04:00.0380349Z ##[warning]  263:7   warning  Unexpected console statement                     no-console
Code Quality	Lint check	2025-09-26T11:04:00.0382359Z ##[warning]  266:7   warning  Unexpected console statement                     no-console
Code Quality	Lint check	2025-09-26T11:04:00.0383979Z 
Code Quality	Lint check	2025-09-26T11:04:00.0384939Z /home/runner/work/athelete-ally/athelete-ally/services/protocol-engine/src/middleware/permissions.ts
Code Quality	Lint check	2025-09-26T11:04:00.0386909Z ##[warning]    2:47  warning  Reaching to "../services/permissions" is not allowed  import/no-internal-modules
Code Quality	Lint check	2025-09-26T11:04:00.0389132Z ##[warning]   53:7   warning  Unexpected console statement                          no-console
Code Quality	Lint check	2025-09-26T11:04:00.0391141Z ##[warning]   97:5   warning  Unexpected console statement                          no-console
Code Quality	Lint check	2025-09-26T11:04:00.0393217Z ##[warning]  152:7   warning  Unexpected console statement                          no-console
Code Quality	Lint check	2025-09-26T11:04:00.0395482Z ##[warning]  182:5   warning  Unexpected console statement                          no-console
Code Quality	Lint check	2025-09-26T11:04:00.0397873Z ##[warning]  201:15  warning  Unexpected any. Specify a different type              @typescript-eslint/no-explicit-any
Code Quality	Lint check	2025-09-26T11:04:00.0400234Z ##[warning]  206:5   warning  Unexpected console statement                          no-console
Code Quality	Lint check	2025-09-26T11:04:00.0401537Z 
Code Quality	Lint check	2025-09-26T11:04:00.0402246Z /home/runner/work/athelete-ally/athelete-ally/services/protocol-engine/src/routes/protocols.ts
Code Quality	Lint check	2025-09-26T11:04:00.0404292Z ##[warning]    1:18  warning  'Request' is defined but never used                     @typescript-eslint/no-unused-vars
Code Quality	Lint check	2025-09-26T11:04:00.0406898Z ##[warning]    3:47  warning  Reaching to "../services/permissions" is not allowed    import/no-internal-modules
Code Quality	Lint check	2025-09-26T11:04:00.0409297Z ##[warning]    4:29  warning  'DataClassification' is defined but never used          @typescript-eslint/no-unused-vars
Code Quality	Lint check	2025-09-26T11:04:00.0411652Z ##[warning]    4:55  warning  Reaching to "../services/encryption" is not allowed     import/no-internal-modules
Code Quality	Lint check	2025-09-26T11:04:00.0413940Z ##[warning]    5:58  warning  Reaching to "../services/audit" is not allowed          import/no-internal-modules
Code Quality	Lint check	2025-09-26T11:04:00.0416489Z ##[warning]    6:75  warning  Reaching to "../middleware/permissions" is not allowed  import/no-internal-modules
Code Quality	Lint check	2025-09-26T11:04:00.0418830Z ##[warning]   59:44  warning  Unexpected any. Specify a different type                @typescript-eslint/no-explicit-any
Code Quality	Lint check	2025-09-26T11:04:00.0421343Z ##[warning]   60:46  warning  Unexpected any. Specify a different type                @typescript-eslint/no-explicit-any
Code Quality	Lint check	2025-09-26T11:04:00.0423686Z ##[warning]   61:35  warning  Unexpected any. Specify a different type                @typescript-eslint/no-explicit-any
Code Quality	Lint check	2025-09-26T11:04:00.0426437Z ##[warning]   62:51  warning  Unexpected any. Specify a different type                @typescript-eslint/no-explicit-any
Code Quality	Lint check	2025-09-26T11:04:00.0428842Z ##[warning]   73:18  warning  Unexpected any. Specify a different type                @typescript-eslint/no-explicit-any
Code Quality	Lint check	2025-09-26T11:04:00.0431196Z ##[warning]   74:81  warning  Unexpected any. Specify a different type                @typescript-eslint/no-explicit-any
Code Quality	Lint check	2025-09-26T11:04:00.0433310Z ##[warning]  105:5   warning  Unexpected console statement                            no-console
Code Quality	Lint check	2025-09-26T11:04:00.0435479Z ##[warning]  130:18  warning  Unexpected any. Specify a different type                @typescript-eslint/no-explicit-any
Code Quality	Lint check	2025-09-26T11:04:00.0437436Z ##[warning]  176:5   warning  Unexpected console statement                            no-console
Code Quality	Lint check	2025-09-26T11:04:00.0439325Z ##[warning]  235:5   warning  Unexpected console statement                            no-console
Code Quality	Lint check	2025-09-26T11:04:00.0441345Z ##[warning]  262:23  warning  Unexpected any. Specify a different type                @typescript-eslint/no-explicit-any
Code Quality	Lint check	2025-09-26T11:04:00.0443552Z ##[warning]  273:90  warning  Unexpected any. Specify a different type                @typescript-eslint/no-explicit-any
Code Quality	Lint check	2025-09-26T11:04:00.0445971Z ##[warning]  277:68  warning  Unexpected any. Specify a different type                @typescript-eslint/no-explicit-any
Code Quality	Lint check	2025-09-26T11:04:00.0448123Z ##[warning]  315:5   warning  Unexpected console statement                            no-console
Code Quality	Lint check	2025-09-26T11:04:00.0450392Z ##[warning]  359:5   warning  Unexpected console statement                            no-console
Code Quality	Lint check	2025-09-26T11:04:00.0452437Z ##[warning]  382:5   warning  Unexpected console statement                            no-console
Code Quality	Lint check	2025-09-26T11:04:00.0454407Z ##[warning]  440:5   warning  Unexpected console statement                            no-console
Code Quality	Lint check	2025-09-26T11:04:00.0456595Z ##[warning]  481:5   warning  Unexpected console statement                            no-console
Code Quality	Lint check	2025-09-26T11:04:00.0457850Z 
Code Quality	Lint check	2025-09-26T11:04:00.0458521Z /home/runner/work/athelete-ally/athelete-ally/services/protocol-engine/src/services/audit.ts
Code Quality	Lint check	2025-09-26T11:04:00.0460166Z ##[warning]   48:28  warning  Unexpected any. Specify a different type  @typescript-eslint/no-explicit-any
Code Quality	Lint check	2025-09-26T11:04:00.0462125Z ##[warning]   96:7   warning  Unexpected console statement              no-console
Code Quality	Lint check	2025-09-26T11:04:00.0464121Z ##[warning]  110:14  warning  Unexpected any. Specify a different type  @typescript-eslint/no-explicit-any
Code Quality	Lint check	2025-09-26T11:04:00.0466638Z ##[warning]  118:20  warning  Unexpected any. Specify a different type  @typescript-eslint/no-explicit-any
Code Quality	Lint check	2025-09-26T11:04:00.0469144Z ##[warning]  154:7   warning  Unexpected console statement              no-console
Code Quality	Lint check	2025-09-26T11:04:00.0471426Z ##[warning]  316:29  warning  Unexpected any. Specify a different type  @typescript-eslint/no-explicit-any
Code Quality	Lint check	2025-09-26T11:04:00.0473632Z ##[warning]  376:7   warning  Unexpected console statement              no-console
Code Quality	Lint check	2025-09-26T11:04:00.0475927Z ##[warning]  403:7   warning  Unexpected console statement              no-console
Code Quality	Lint check	2025-09-26T11:04:00.0477214Z 
Code Quality	Lint check	2025-09-26T11:04:00.0477994Z /home/runner/work/athelete-ally/athelete-ally/services/protocol-engine/src/services/encryption.ts
Code Quality	Lint check	2025-09-26T11:04:00.0479531Z ##[warning]   43:7   warning  Unexpected console statement              no-console
Code Quality	Lint check	2025-09-26T11:04:00.0481676Z ##[warning]   50:30  warning  Unexpected any. Specify a different type  @typescript-eslint/no-explicit-any
Code Quality	Lint check	2025-09-26T11:04:00.0483888Z ##[warning]   66:7   warning  Unexpected console statement              no-console
Code Quality	Lint check	2025-09-26T11:04:00.0486381Z ##[warning]   74:55  warning  Unexpected any. Specify a different type  @typescript-eslint/no-explicit-any
Code Quality	Lint check	2025-09-26T11:04:00.0488773Z ##[warning]   77:13  warning  'iv' is assigned a value but never used   @typescript-eslint/no-unused-vars
Code Quality	Lint check	2025-09-26T11:04:00.0490963Z ##[warning]   86:7   warning  Unexpected console statement              no-console
Code Quality	Lint check	2025-09-26T11:04:00.0493269Z ##[warning]  115:41  warning  Unexpected any. Specify a different type  @typescript-eslint/no-explicit-any
Code Quality	Lint check	2025-09-26T11:04:00.0495951Z ##[warning]  122:60  warning  Unexpected any. Specify a different type  @typescript-eslint/no-explicit-any
Code Quality	Lint check	2025-09-26T11:04:00.0498264Z ##[warning]  129:39  warning  Unexpected any. Specify a different type  @typescript-eslint/no-explicit-any
Code Quality	Lint check	2025-09-26T11:04:00.0500612Z ##[warning]  136:57  warning  Unexpected any. Specify a different type  @typescript-eslint/no-explicit-any
Code Quality	Lint check	2025-09-26T11:04:00.0503010Z ##[warning]  200:65  warning  Unexpected any. Specify a different type  @typescript-eslint/no-explicit-any
Code Quality	Lint check	2025-09-26T11:04:00.0505423Z ##[warning]  231:7   warning  Unexpected console statement              no-console
Code Quality	Lint check	2025-09-26T11:04:00.0506723Z 
Code Quality	Lint check	2025-09-26T11:04:00.0507462Z /home/runner/work/athelete-ally/athelete-ally/services/protocol-engine/src/services/permissions.ts
Code Quality	Lint check	2025-09-26T11:04:00.0508877Z ##[warning]   71:7   warning  Unexpected console statement              no-console
Code Quality	Lint check	2025-09-26T11:04:00.0510725Z ##[warning]  100:7   warning  Unexpected console statement              no-console
Code Quality	Lint check	2025-09-26T11:04:00.0512510Z ##[warning]  146:7   warning  Unexpected console statement              no-console
Code Quality	Lint check	2025-09-26T11:04:00.0514329Z ##[warning]  169:7   warning  Unexpected console statement              no-console
Code Quality	Lint check	2025-09-26T11:04:00.0516404Z ##[warning]  216:7   warning  Unexpected console statement              no-console
Code Quality	Lint check	2025-09-26T11:04:00.0518722Z ##[warning]  247:34  warning  Unexpected any. Specify a different type  @typescript-eslint/no-explicit-any
Code Quality	Lint check	2025-09-26T11:04:00.0520753Z ##[warning]  257:7   warning  Unexpected console statement              no-console
Code Quality	Lint check	2025-09-26T11:04:00.0521916Z 
Code Quality	Lint check	2025-09-26T11:04:00.0522475Z ‚úñ 88 problems (0 errors, 88 warnings)
Code Quality	Lint check	2025-09-26T11:04:00.0522789Z 
Code Quality	Lint check	2025-09-26T11:04:00.0523228Z ##[endgroup]
Code Quality	Lint check	2025-09-26T11:04:00.3192315Z ##[group]@athlete-ally/exercises:lint
Code Quality	Lint check	2025-09-26T11:04:00.3226282Z cache miss, executing e0d31b391d23d4f1
Code Quality	Lint check	2025-09-26T11:04:00.3230797Z 
Code Quality	Lint check	2025-09-26T11:04:00.3232076Z > @athlete-ally/exercises@1.0.0 lint
Code Quality	Lint check	2025-09-26T11:04:00.3232808Z > eslint -c ../../eslint.config.mjs src
Code Quality	Lint check	2025-09-26T11:04:00.3233348Z 
Code Quality	Lint check	2025-09-26T11:04:00.3236240Z Pages directory cannot be found at /home/runner/work/athelete-ally/athelete-ally/services/exercises/pages or /home/runner/work/athelete-ally/athelete-ally/services/exercises/src/pages. If using a custom path, please configure with the `no-html-link-for-pages` rule in your eslint config file.
Code Quality	Lint check	2025-09-26T11:04:00.3238247Z 
Code Quality	Lint check	2025-09-26T11:04:00.3247081Z /home/runner/work/athelete-ally/athelete-ally/services/exercises/src/index.ts
Code Quality	Lint check	2025-09-26T11:04:00.3251558Z ##[warning]   40:60  warning  Unexpected any. Specify a different type  @typescript-eslint/no-explicit-any
Code Quality	Lint check	2025-09-26T11:04:00.3276539Z ##[warning]  105:34  warning  Unexpected any. Specify a different type  @typescript-eslint/no-explicit-any
Code Quality	Lint check	2025-09-26T11:04:00.3280122Z ##[warning]  120:28  warning  Unexpected any. Specify a different type  @typescript-eslint/no-explicit-any
Code Quality	Lint check	2025-09-26T11:04:00.3282583Z ##[warning]  128:18  warning  Unexpected any. Specify a different type  @typescript-eslint/no-explicit-any
Code Quality	Lint check	2025-09-26T11:04:00.3285209Z ##[warning]  347:15  warning  Unexpected console statement              no-console
Code Quality	Lint check	2025-09-26T11:04:00.3287266Z ##[warning]  349:5   warning  Unexpected console statement              no-console
Code Quality	Lint check	2025-09-26T11:04:00.3288624Z 
Code Quality	Lint check	2025-09-26T11:04:00.3289355Z /home/runner/work/athelete-ally/athelete-ally/services/exercises/src/telemetry.ts
Code Quality	Lint check	2025-09-26T11:04:00.3291105Z ##[warning]   62:77  warning  Unexpected any. Specify a different type  @typescript-eslint/no-explicit-any
Code Quality	Lint check	2025-09-26T11:04:00.3293639Z ##[warning]   71:61  warning  Unexpected any. Specify a different type  @typescript-eslint/no-explicit-any
Code Quality	Lint check	2025-09-26T11:04:00.3296052Z ##[warning]  137:17  warning  Unexpected console statement              no-console
Code Quality	Lint check	2025-09-26T11:04:00.3298022Z ##[warning]  138:23  warning  Unexpected console statement              no-console
Code Quality	Lint check	2025-09-26T11:04:00.3299461Z 
Code Quality	Lint check	2025-09-26T11:04:00.3300139Z ‚úñ 10 problems (0 errors, 10 warnings)
Code Quality	Lint check	2025-09-26T11:04:00.3300577Z 
Code Quality	Lint check	2025-09-26T11:04:00.3301114Z ##[endgroup]
Code Quality	Lint check	2025-09-26T11:04:00.8579854Z ##[group]@athlete-ally/event-bus:lint
Code Quality	Lint check	2025-09-26T11:04:00.8687609Z cache miss, executing 4cd76d1c0472880f
Code Quality	Lint check	2025-09-26T11:04:00.8688510Z 
Code Quality	Lint check	2025-09-26T11:04:00.8689041Z > @athlete-ally/event-bus@0.1.0 lint
Code Quality	Lint check	2025-09-26T11:04:00.8689921Z > eslint -c ../../eslint.config.mjs src/**/*.ts
Code Quality	Lint check	2025-09-26T11:04:00.8690551Z 
Code Quality	Lint check	2025-09-26T11:04:00.8692908Z Pages directory cannot be found at /home/runner/work/athelete-ally/athelete-ally/packages/event-bus/pages or /home/runner/work/athelete-ally/athelete-ally/packages/event-bus/src/pages. If using a custom path, please configure with the `no-html-link-for-pages` rule in your eslint config file.
Code Quality	Lint check	2025-09-26T11:04:00.8695184Z 
Code Quality	Lint check	2025-09-26T11:04:00.8695928Z /home/runner/work/athelete-ally/athelete-ally/packages/event-bus/src/config.ts
Code Quality	Lint check	2025-09-26T11:04:00.8697997Z ##[warning]  15:5  warning  Unexpected console statement  no-console
Code Quality	Lint check	2025-09-26T11:04:00.8699542Z 
Code Quality	Lint check	2025-09-26T11:04:00.8700246Z /home/runner/work/athelete-ally/athelete-ally/packages/event-bus/src/index.ts
Code Quality	Lint check	2025-09-26T11:04:00.8701996Z ##[warning]    3:26  warning  'ValidationResult' is defined but never used  @typescript-eslint/no-unused-vars
Code Quality	Lint check	2025-09-26T11:04:00.8704451Z ##[warning]    4:10  warning  'config' is defined but never used            @typescript-eslint/no-unused-vars
Code Quality	Lint check	2025-09-26T11:04:00.8707522Z ##[warning]   64:52  warning  Unexpected any. Specify a different type      @typescript-eslint/no-explicit-any
Code Quality	Lint check	2025-09-26T11:04:00.8710027Z ##[warning]   81:9   warning  Unexpected console statement                  no-console
Code Quality	Lint check	2025-09-26T11:04:00.8712324Z ##[warning]   98:7   warning  Unexpected console statement                  no-console
Code Quality	Lint check	2025-09-26T11:04:00.8714906Z ##[warning]  129:32  warning  Unexpected any. Specify a different type      @typescript-eslint/no-explicit-any
Code Quality	Lint check	2025-09-26T11:04:00.8717332Z ##[warning]  138:16  warning  'error' is defined but never used             @typescript-eslint/no-unused-vars
Code Quality	Lint check	2025-09-26T11:04:00.8719370Z ##[warning]  140:9   warning  Unexpected console statement                  no-console
Code Quality	Lint check	2025-09-26T11:04:00.8721505Z ##[warning]  168:10  warning  Unexpected any. Specify a different type      @typescript-eslint/no-explicit-any
Code Quality	Lint check	2025-09-26T11:04:00.8723767Z ##[warning]  177:43  warning  Unexpected any. Specify a different type      @typescript-eslint/no-explicit-any
Code Quality	Lint check	2025-09-26T11:04:00.8726081Z ##[warning]  185:11  warning  Unexpected console statement                  no-console
Code Quality	Lint check	2025-09-26T11:04:00.8728596Z ##[warning]  188:61  warning  Unexpected any. Specify a different type      @typescript-eslint/no-explicit-any
Code Quality	Lint check	2025-09-26T11:04:00.8730718Z ##[warning]  205:17  warning  Unexpected console statement                  no-console
Code Quality	Lint check	2025-09-26T11:04:00.8732739Z ##[warning]  234:15  warning  Unexpected console statement                  no-console
Code Quality	Lint check	2025-09-26T11:04:00.8782291Z ##[warning]  249:11  warning  Unexpected console statement                  no-console
Code Quality	Lint check	2025-09-26T11:04:00.8784726Z ##[warning]  257:30  warning  Unexpected any. Specify a different type      @typescript-eslint/no-explicit-any
Code Quality	Lint check	2025-09-26T11:04:00.8787082Z ##[warning]  279:10  warning  Unexpected any. Specify a different type      @typescript-eslint/no-explicit-any
Code Quality	Lint check	2025-09-26T11:04:00.8789379Z ##[warning]  288:43  warning  Unexpected any. Specify a different type      @typescript-eslint/no-explicit-any
Code Quality	Lint check	2025-09-26T11:04:00.8791554Z ##[warning]  296:11  warning  Unexpected console statement                  no-console
Code Quality	Lint check	2025-09-26T11:04:00.8793687Z ##[warning]  299:61  warning  Unexpected any. Specify a different type      @typescript-eslint/no-explicit-any
Code Quality	Lint check	2025-09-26T11:04:00.8796053Z ##[warning]  316:17  warning  Unexpected console statement                  no-console
Code Quality	Lint check	2025-09-26T11:04:00.8797972Z ##[warning]  345:15  warning  Unexpected console statement                  no-console
Code Quality	Lint check	2025-09-26T11:04:00.8799831Z ##[warning]  360:11  warning  Unexpected console statement                  no-console
Code Quality	Lint check	2025-09-26T11:04:00.8800983Z 
Code Quality	Lint check	2025-09-26T11:04:00.8801602Z /home/runner/work/athelete-ally/athelete-ally/packages/event-bus/src/validator.ts
Code Quality	Lint check	2025-09-26T11:04:00.8803120Z ##[warning]  14:36  warning  Unexpected any. Specify a different type  @typescript-eslint/no-explicit-any
Code Quality	Lint check	2025-09-26T11:04:00.8965737Z ##[warning]  33:45  warning  Unexpected any. Specify a different type  @typescript-eslint/no-explicit-any
Code Quality	Lint check	2025-09-26T11:04:00.8968076Z ##[warning]  61:7   warning  Unexpected console statement              no-console
Code Quality	Lint check	2025-09-26T11:04:00.8969891Z ##[warning]  70:51  warning  Unexpected any. Specify a different type  @typescript-eslint/no-explicit-any
Code Quality	Lint check	2025-09-26T11:04:00.8971758Z ##[warning]  99:42  warning  Unexpected any. Specify a different type  @typescript-eslint/no-explicit-any
Code Quality	Lint check	2025-09-26T11:04:00.8972886Z 
Code Quality	Lint check	2025-09-26T11:04:00.8973403Z ‚úñ 29 problems (0 errors, 29 warnings)
Code Quality	Lint check	2025-09-26T11:04:00.8973703Z 
Code Quality	Lint check	2025-09-26T11:04:00.8974125Z ##[endgroup]
Code Quality	Lint check	2025-09-26T11:04:02.3795367Z ##[group]@athlete-ally/event-bus:build
Code Quality	Lint check	2025-09-26T11:04:02.3796077Z cache miss, executing 03f2cf0f1fa9ce00
Code Quality	Lint check	2025-09-26T11:04:02.3796386Z 
Code Quality	Lint check	2025-09-26T11:04:02.3796646Z > @athlete-ally/event-bus@0.1.0 build
Code Quality	Lint check	2025-09-26T11:04:02.3797103Z > tsc -p tsconfig.json
Code Quality	Lint check	2025-09-26T11:04:02.3797337Z 
Code Quality	Lint check	2025-09-26T11:04:02.3797682Z ##[endgroup]
Code Quality	Lint check	2025-09-26T11:04:02.9165952Z ##[group]@athlete-ally/shared-types:build
Code Quality	Lint check	2025-09-26T11:04:02.9167119Z cache miss, executing 0f782bf20a22b393
Code Quality	Lint check	2025-09-26T11:04:02.9167467Z 
Code Quality	Lint check	2025-09-26T11:04:02.9167740Z > @athlete-ally/shared-types@0.1.0 build
Code Quality	Lint check	2025-09-26T11:04:02.9168286Z > tsc -p tsconfig.json
Code Quality	Lint check	2025-09-26T11:04:02.9168535Z 
Code Quality	Lint check	2025-09-26T11:04:02.9168931Z ##[endgroup]
Code Quality	Lint check	2025-09-26T11:04:06.9626571Z ##[group]@athlete-ally/health-schema:build
Code Quality	Lint check	2025-09-26T11:04:06.9627339Z cache miss, executing e00b56782e83b235
Code Quality	Lint check	2025-09-26T11:04:06.9627764Z 
Code Quality	Lint check	2025-09-26T11:04:06.9628315Z > @athlete-ally/health-schema@1.0.0 build
Code Quality	Lint check	2025-09-26T11:04:06.9628976Z > tsc
Code Quality	Lint check	2025-09-26T11:04:06.9629286Z 
Code Quality	Lint check	2025-09-26T11:04:06.9629773Z ##[endgroup]
Code Quality	Lint check	2025-09-26T11:04:07.6851258Z ##[group]@athlete-ally/shared-types:lint
Code Quality	Lint check	2025-09-26T11:04:07.6856146Z cache miss, executing d27a4618df1314ef
Code Quality	Lint check	2025-09-26T11:04:07.6865345Z 
Code Quality	Lint check	2025-09-26T11:04:07.6866070Z > @athlete-ally/shared-types@0.1.0 lint
Code Quality	Lint check	2025-09-26T11:04:07.6866974Z > eslint -c ../../eslint.config.mjs src
Code Quality	Lint check	2025-09-26T11:04:07.6867778Z 
Code Quality	Lint check	2025-09-26T11:04:07.6870424Z Pages directory cannot be found at /home/runner/work/athelete-ally/athelete-ally/packages/shared-types/pages or /home/runner/work/athelete-ally/athelete-ally/packages/shared-types/src/pages. If using a custom path, please configure with the `no-html-link-for-pages` rule in your eslint config file.
Code Quality	Lint check	2025-09-26T11:04:07.6873099Z 
Code Quality	Lint check	2025-09-26T11:04:07.6873925Z /home/runner/work/athelete-ally/athelete-ally/packages/shared-types/src/index.ts
Code Quality	Lint check	2025-09-26T11:04:07.6876596Z ##[warning]  126:15  warning  Reaching to "./schemas/onboarding" is not allowed     import/no-internal-modules
Code Quality	Lint check	2025-09-26T11:04:07.6879468Z ##[warning]  129:15  warning  Reaching to "./schemas/rpe" is not allowed            import/no-internal-modules
Code Quality	Lint check	2025-09-26T11:04:07.6882029Z ##[warning]  129:45  warning  Reaching to "./schemas/enhanced-plan" is not allowed  import/no-internal-modules
Code Quality	Lint check	2025-09-26T11:04:07.6884899Z ##[warning]  130:15  warning  Reaching to "./schemas/feedback" is not allowed       import/no-internal-modules
Code Quality	Lint check	2025-09-26T11:04:07.6887547Z ##[warning]  131:15  warning  Reaching to "./schemas/api" is not allowed            import/no-internal-modules
Code Quality	Lint check	2025-09-26T11:04:07.6889129Z 
Code Quality	Lint check	2025-09-26T11:04:07.6890179Z ‚úñ 5 problems (0 errors, 5 warnings)
Code Quality	Lint check	2025-09-26T11:04:07.6890752Z 
Code Quality	Lint check	2025-09-26T11:04:07.6891584Z ##[endgroup]
Code Quality	Lint check	2025-09-26T11:04:07.7206282Z ##[group]@athlete-ally/gateway-bff:lint
Code Quality	Lint check	2025-09-26T11:04:07.7207587Z cache miss, executing 85df5ce6a326f8d9
Code Quality	Lint check	2025-09-26T11:04:07.7208318Z 
Code Quality	Lint check	2025-09-26T11:04:07.7208929Z > @athlete-ally/gateway-bff@0.1.0 lint
Code Quality	Lint check	2025-09-26T11:04:07.7209718Z > eslint src/**/*.ts
Code Quality	Lint check	2025-09-26T11:04:07.7210180Z 
Code Quality	Lint check	2025-09-26T11:04:07.7212632Z Pages directory cannot be found at /home/runner/work/athelete-ally/athelete-ally/apps/gateway-bff/pages or /home/runner/work/athelete-ally/athelete-ally/apps/gateway-bff/src/pages. If using a custom path, please configure with the `no-html-link-for-pages` rule in your eslint config file.
Code Quality	Lint check	2025-09-26T11:04:07.7214972Z 
Code Quality	Lint check	2025-09-26T11:04:07.7215800Z /home/runner/work/athelete-ally/athelete-ally/apps/gateway-bff/src/lib/proxy.ts
Code Quality	Lint check	2025-09-26T11:04:07.7218183Z ##[warning]  15:9   warning  Unexpected any. Specify a different type  @typescript-eslint/no-explicit-any
Code Quality	Lint check	2025-09-26T11:04:07.7220908Z ##[warning]  25:10  warning  Unexpected any. Specify a different type  @typescript-eslint/no-explicit-any
Code Quality	Lint check	2025-09-26T11:04:07.7223505Z ##[warning]  31:10  warning  Unexpected any. Specify a different type  @typescript-eslint/no-explicit-any
Code Quality	Lint check	2025-09-26T11:04:07.7226256Z ##[warning]  39:10  warning  Unexpected any. Specify a different type  @typescript-eslint/no-explicit-any
Code Quality	Lint check	2025-09-26T11:04:07.7228834Z ##[warning]  46:12  warning  Unexpected any. Specify a different type  @typescript-eslint/no-explicit-any
Code Quality	Lint check	2025-09-26T11:04:07.7231498Z ##[warning]  57:10  warning  Unexpected any. Specify a different type  @typescript-eslint/no-explicit-any
Code Quality	Lint check	2025-09-26T11:04:07.7234042Z ##[warning]  61:10  warning  Unexpected any. Specify a different type  @typescript-eslint/no-explicit-any
Code Quality	Lint check	2025-09-26T11:04:07.7235809Z 
Code Quality	Lint check	2025-09-26T11:04:07.7237133Z /home/runner/work/athelete-ally/athelete-ally/apps/gateway-bff/src/middleware/rateLimiter.ts
Code Quality	Lint check	2025-09-26T11:04:07.7239274Z ##[warning]   32:28  warning  Unexpected any. Specify a different type  @typescript-eslint/no-explicit-any
Code Quality	Lint check	2025-09-26T11:04:07.7241659Z ##[warning]   85:5   warning  Unexpected console statement              no-console
Code Quality	Lint check	2025-09-26T11:04:07.7243866Z ##[warning]  114:5   warning  Unexpected console statement              no-console
Code Quality	Lint check	2025-09-26T11:04:07.7250544Z ##[warning]  164:5   warning  Unexpected console statement              no-console
Code Quality	Lint check	2025-09-26T11:04:07.7251896Z 
Code Quality	Lint check	2025-09-26T11:04:07.7252708Z ‚úñ 11 problems (0 errors, 11 warnings)
Code Quality	Lint check	2025-09-26T11:04:07.7253216Z 
Code Quality	Lint check	2025-09-26T11:04:07.7253876Z ##[endgroup]
Code Quality	Lint check	2025-09-26T11:04:08.0406342Z ##[group]@athlete-ally/adaptive-engine:lint
Code Quality	Lint check	2025-09-26T11:04:08.0411099Z cache miss, executing 135450b6862ccb29
Code Quality	Lint check	2025-09-26T11:04:08.0415221Z 
Code Quality	Lint check	2025-09-26T11:04:08.0448555Z > @athlete-ally/adaptive-engine@1.0.0 lint
Code Quality	Lint check	2025-09-26T11:04:08.0449672Z > eslint -c ../../eslint.config.mjs src
Code Quality	Lint check	2025-09-26T11:04:08.0450377Z 
Code Quality	Lint check	2025-09-26T11:04:08.0457184Z Pages directory cannot be found at /home/runner/work/athelete-ally/athelete-ally/services/adaptive-engine/pages or /home/runner/work/athelete-ally/athelete-ally/services/adaptive-engine/src/pages. If using a custom path, please configure with the `no-html-link-for-pages` rule in your eslint config file.
Code Quality	Lint check	2025-09-26T11:04:08.0460376Z ##[endgroup]
Code Quality	Lint check	2025-09-26T11:04:08.0946071Z ##[group]@athlete-ally/otel-preset:build
Code Quality	Lint check	2025-09-26T11:04:08.0985594Z cache miss, executing 88ed5655039c3e1f
Code Quality	Lint check	2025-09-26T11:04:08.0986106Z 
Code Quality	Lint check	2025-09-26T11:04:08.0986603Z > @athlete-ally/otel-preset@1.0.0 build
Code Quality	Lint check	2025-09-26T11:04:08.0987055Z > tsc
Code Quality	Lint check	2025-09-26T11:04:08.0987221Z 
Code Quality	Lint check	2025-09-26T11:04:08.0987687Z ##[endgroup]
Code Quality	Lint check	2025-09-26T11:04:08.6226334Z ##[group]@athlete-ally/contracts:lint
Code Quality	Lint check	2025-09-26T11:04:08.6227314Z cache miss, executing 089b37372436a10c
Code Quality	Lint check	2025-09-26T11:04:08.6227774Z 
Code Quality	Lint check	2025-09-26T11:04:08.6228238Z > @athlete-ally/contracts@0.1.0 lint
Code Quality	Lint check	2025-09-26T11:04:08.6228863Z > eslint -c ../../eslint.config.mjs .
Code Quality	Lint check	2025-09-26T11:04:08.6229348Z 
Code Quality	Lint check	2025-09-26T11:04:08.6232568Z Pages directory cannot be found at /home/runner/work/athelete-ally/athelete-ally/packages/contracts/pages or /home/runner/work/athelete-ally/athelete-ally/packages/contracts/src/pages. If using a custom path, please configure with the `no-html-link-for-pages` rule in your eslint config file.
Code Quality	Lint check	2025-09-26T11:04:08.6235032Z ##[endgroup]
Code Quality	Lint check	2025-09-26T11:04:08.7366193Z ##[group]@athlete-ally/shared:build
Code Quality	Lint check	2025-09-26T11:04:08.7375346Z cache miss, executing cd740267cee76e4a
Code Quality	Lint check	2025-09-26T11:04:08.7375741Z 
Code Quality	Lint check	2025-09-26T11:04:08.7376019Z > @athlete-ally/shared@0.1.0 build
Code Quality	Lint check	2025-09-26T11:04:08.7376535Z > tsc -p tsconfig.json
Code Quality	Lint check	2025-09-26T11:04:08.7376800Z 
Code Quality	Lint check	2025-09-26T11:04:08.7377250Z ##[endgroup]
Code Quality	Lint check	2025-09-26T11:04:12.1100504Z ##[group]@athlete-ally/fatigue:lint
Code Quality	Lint check	2025-09-26T11:04:12.1103992Z cache miss, executing 97811bc90ccc3ca2
Code Quality	Lint check	2025-09-26T11:04:12.1106082Z 
Code Quality	Lint check	2025-09-26T11:04:12.1107662Z > @athlete-ally/fatigue@1.0.0 lint
Code Quality	Lint check	2025-09-26T11:04:12.1109610Z > eslint -c ../../eslint.config.mjs src
Code Quality	Lint check	2025-09-26T11:04:12.1113780Z 
Code Quality	Lint check	2025-09-26T11:04:12.1120429Z Pages directory cannot be found at /home/runner/work/athelete-ally/athelete-ally/services/fatigue/pages or /home/runner/work/athelete-ally/athelete-ally/services/fatigue/src/pages. If using a custom path, please configure with the `no-html-link-for-pages` rule in your eslint config file.
Code Quality	Lint check	2025-09-26T11:04:12.1126184Z 
Code Quality	Lint check	2025-09-26T11:04:12.1130505Z /home/runner/work/athelete-ally/athelete-ally/services/fatigue/src/adjustment-engine.ts
Code Quality	Lint check	2025-09-26T11:04:12.1136386Z ##[warning]   30:18  warning  Unexpected any. Specify a different type  @typescript-eslint/no-explicit-any
Code Quality	Lint check	2025-09-26T11:04:12.1142451Z ##[warning]   31:18  warning  Unexpected any. Specify a different type  @typescript-eslint/no-explicit-any
Code Quality	Lint check	2025-09-26T11:04:12.1191628Z ##[warning]  204:5   warning  'fatigueData' is defined but never used   @typescript-eslint/no-unused-vars
Code Quality	Lint check	2025-09-26T11:04:12.1197628Z ##[warning]  205:5   warning  'session' is defined but never used       @typescript-eslint/no-unused-vars
Code Quality	Lint check	2025-09-26T11:04:12.1203571Z ##[warning]  231:5   warning  'fatigueData' is defined but never used   @typescript-eslint/no-unused-vars
Code Quality	Lint check	2025-09-26T11:04:12.1209006Z ##[warning]  232:5   warning  'session' is defined but never used       @typescript-eslint/no-unused-vars
Code Quality	Lint check	2025-09-26T11:04:12.1214722Z ##[warning]  258:5   warning  'fatigueData' is defined but never used   @typescript-eslint/no-unused-vars
Code Quality	Lint check	2025-09-26T11:04:12.1220562Z ##[warning]  259:5   warning  'session' is defined but never used       @typescript-eslint/no-unused-vars
Code Quality	Lint check	2025-09-26T11:04:12.1225737Z 
Code Quality	Lint check	2025-09-26T11:04:12.1229760Z /home/runner/work/athelete-ally/athelete-ally/services/fatigue/src/index.ts
Code Quality	Lint check	2025-09-26T11:04:12.1235122Z ##[warning]   30:7   warning  'TrainingSessionSchema' is assigned a value but never used  @typescript-eslint/no-unused-vars
Code Quality	Lint check	2025-09-26T11:04:12.1242527Z ##[warning]  120:37  warning  Unexpected any. Specify a different type                    @typescript-eslint/no-explicit-any
Code Quality	Lint check	2025-09-26T11:04:12.1246832Z ##[warning]  168:11  warning  'updatedAdjustment' is assigned a value but never used      @typescript-eslint/no-unused-vars
Code Quality	Lint check	2025-09-26T11:04:12.1251262Z ##[warning]  267:38  warning  Unexpected any. Specify a different type                    @typescript-eslint/no-explicit-any
Code Quality	Lint check	2025-09-26T11:04:12.1261249Z ##[warning]  324:15  warning  Unexpected console statement                                no-console
Code Quality	Lint check	2025-09-26T11:04:12.1263466Z ##[warning]  326:5   warning  Unexpected console statement                                no-console
Code Quality	Lint check	2025-09-26T11:04:12.1264898Z 
Code Quality	Lint check	2025-09-26T11:04:12.1265502Z /home/runner/work/athelete-ally/athelete-ally/services/fatigue/src/telemetry.ts
Code Quality	Lint check	2025-09-26T11:04:12.1267040Z ##[warning]  67:76  warning  Unexpected any. Specify a different type  @typescript-eslint/no-explicit-any
Code Quality	Lint check	2025-09-26T11:04:12.1268274Z 
Code Quality	Lint check	2025-09-26T11:04:12.1268924Z ‚úñ 15 problems (0 errors, 15 warnings)
Code Quality	Lint check	2025-09-26T11:04:12.1269231Z 
Code Quality	Lint check	2025-09-26T11:04:12.1269717Z ##[endgroup]
Code Quality	Lint check	2025-09-26T11:04:12.3654330Z ##[group]@athlete-ally/profile-onboarding:lint
Code Quality	Lint check	2025-09-26T11:04:12.3658973Z cache miss, executing 6abb5ebac1edc1e8
Code Quality	Lint check	2025-09-26T11:04:12.3662682Z 
Code Quality	Lint check	2025-09-26T11:04:12.3665922Z > @athlete-ally/profile-onboarding@0.1.0 lint
Code Quality	Lint check	2025-09-26T11:04:12.3668473Z > eslint -c ../../eslint.config.mjs src
Code Quality	Lint check	2025-09-26T11:04:12.3673764Z 
Code Quality	Lint check	2025-09-26T11:04:12.3676191Z Pages directory cannot be found at /home/runner/work/athelete-ally/athelete-ally/services/profile-onboarding/pages or /home/runner/work/athelete-ally/athelete-ally/services/profile-onboarding/src/pages. If using a custom path, please configure with the `no-html-link-for-pages` rule in your eslint config file.
Code Quality	Lint check	2025-09-26T11:04:12.3678064Z 
Code Quality	Lint check	2025-09-26T11:04:12.3678984Z /home/runner/work/athelete-ally/athelete-ally/services/profile-onboarding/src/index.ts
Code Quality	Lint check	2025-09-26T11:04:12.3682643Z ##[warning]    8:10  warning  'prisma' is defined but never used        @typescript-eslint/no-unused-vars
Code Quality	Lint check	2025-09-26T11:04:12.3690593Z ##[warning]    9:10  warning  'z' is defined but never used             @typescript-eslint/no-unused-vars
Code Quality	Lint check	2025-09-26T11:04:12.3692545Z ##[warning]   52:57  warning  Unexpected any. Specify a different type  @typescript-eslint/no-explicit-any
Code Quality	Lint check	2025-09-26T11:04:12.3696934Z ##[warning]  130:18  warning  Unexpected any. Specify a different type  @typescript-eslint/no-explicit-any
Code Quality	Lint check	2025-09-26T11:04:12.3699165Z ##[warning]  175:30  warning  Unexpected any. Specify a different type  @typescript-eslint/no-explicit-any
Code Quality	Lint check	2025-09-26T11:04:12.3701057Z ##[warning]  189:15  warning  Unexpected console statement              no-console
Code Quality	Lint check	2025-09-26T11:04:12.3702145Z 
Code Quality	Lint check	2025-09-26T11:04:12.3702822Z /home/runner/work/athelete-ally/athelete-ally/services/profile-onboarding/src/telemetry.ts
Code Quality	Lint check	2025-09-26T11:04:12.3704124Z ##[warning]  31:17  warning  Unexpected console statement  no-console
Code Quality	Lint check	2025-09-26T11:04:12.3705903Z ##[warning]  32:23  warning  Unexpected console statement  no-console
Code Quality	Lint check	2025-09-26T11:04:12.3706899Z 
Code Quality	Lint check	2025-09-26T11:04:12.3707733Z ‚úñ 8 problems (0 errors, 8 warnings)
Code Quality	Lint check	2025-09-26T11:04:12.3708039Z 
Code Quality	Lint check	2025-09-26T11:04:12.3708450Z ##[endgroup]
Code Quality	Lint check	2025-09-26T11:04:12.4822946Z ##[group]@athlete-ally/workouts:lint
Code Quality	Lint check	2025-09-26T11:04:12.4826197Z cache miss, executing b7e1eb6e55fbdce4
Code Quality	Lint check	2025-09-26T11:04:12.4828636Z 
Code Quality	Lint check	2025-09-26T11:04:12.4834202Z > @athlete-ally/workouts@1.0.0 lint
Code Quality	Lint check	2025-09-26T11:04:12.4835201Z > eslint -c ../../eslint.config.mjs src
Code Quality	Lint check	2025-09-26T11:04:12.4835562Z 
Code Quality	Lint check	2025-09-26T11:04:12.4837839Z Pages directory cannot be found at /home/runner/work/athelete-ally/athelete-ally/services/workouts/pages or /home/runner/work/athelete-ally/athelete-ally/services/workouts/src/pages. If using a custom path, please configure with the `no-html-link-for-pages` rule in your eslint config file.
Code Quality	Lint check	2025-09-26T11:04:12.4839728Z 
Code Quality	Lint check	2025-09-26T11:04:12.4840436Z /home/runner/work/athelete-ally/athelete-ally/services/workouts/src/achievement-engine.ts
Code Quality	Lint check	2025-09-26T11:04:12.4842361Z ##[warning]   61:18  warning  Unexpected any. Specify a different type  @typescript-eslint/no-explicit-any
Code Quality	Lint check	2025-09-26T11:04:12.4844874Z ##[warning]   96:18  warning  Unexpected any. Specify a different type  @typescript-eslint/no-explicit-any
Code Quality	Lint check	2025-09-26T11:04:12.4847113Z ##[warning]  307:18  warning  Unexpected any. Specify a different type  @typescript-eslint/no-explicit-any
Code Quality	Lint check	2025-09-26T11:04:12.4848738Z 
Code Quality	Lint check	2025-09-26T11:04:12.4849322Z /home/runner/work/athelete-ally/athelete-ally/services/workouts/src/index.ts
Code Quality	Lint check	2025-09-26T11:04:12.4850814Z ##[warning]  215:54  warning  Unexpected any. Specify a different type  @typescript-eslint/no-explicit-any
Code Quality	Lint check	2025-09-26T11:04:12.4853046Z ##[warning]  389:76  warning  Unexpected any. Specify a different type  @typescript-eslint/no-explicit-any
Code Quality	Lint check	2025-09-26T11:04:12.4855458Z ##[warning]  417:74  warning  Unexpected any. Specify a different type  @typescript-eslint/no-explicit-any
Code Quality	Lint check	2025-09-26T11:04:12.4857494Z ##[warning]  693:15  warning  Unexpected console statement              no-console
Code Quality	Lint check	2025-09-26T11:04:12.4859382Z ##[warning]  695:5   warning  Unexpected console statement              no-console
Code Quality	Lint check	2025-09-26T11:04:12.4860517Z 
Code Quality	Lint check	2025-09-26T11:04:12.4861201Z /home/runner/work/athelete-ally/athelete-ally/services/workouts/src/summary-aggregator.ts
Code Quality	Lint check	2025-09-26T11:04:12.4862724Z ##[warning]    4:30  warning  'EVENT_TOPICS' is defined but never used  @typescript-eslint/no-unused-vars
Code Quality	Lint check	2025-09-26T11:04:12.4865370Z ##[warning]   40:7   warning  Unexpected console statement              no-console
Code Quality	Lint check	2025-09-26T11:04:12.4875515Z ##[warning]   45:5   warning  Unexpected console statement              no-console
Code Quality	Lint check	2025-09-26T11:04:12.4876959Z ##[warning]   55:39  warning  Unexpected console statement              no-console
Code Quality	Lint check	2025-09-26T11:04:12.4878849Z ##[warning]   61:5   warning  Unexpected console statement              no-console
Code Quality	Lint check	2025-09-26T11:04:12.4879974Z ##[warning]   71:5   warning  Unexpected console statement              no-console
Code Quality	Lint check	2025-09-26T11:04:12.4880971Z ##[warning]   75:5   warning  Unexpected console statement              no-console
Code Quality	Lint check	2025-09-26T11:04:12.4881939Z ##[warning]   80:5   warning  Unexpected console statement              no-console
Code Quality	Lint check	2025-09-26T11:04:12.4883459Z ##[warning]   97:7   warning  Unexpected console statement              no-console
Code Quality	Lint check	2025-09-26T11:04:12.4885052Z ##[warning]   99:7   warning  Unexpected console statement              no-console
Code Quality	Lint check	2025-09-26T11:04:12.4886522Z ##[warning]  168:7   warning  Unexpected console statement              no-console
Code Quality	Lint check	2025-09-26T11:04:12.4888099Z ##[warning]  170:7   warning  Unexpected console statement              no-console
Code Quality	Lint check	2025-09-26T11:04:12.4889810Z ##[warning]  174:42  warning  Unexpected any. Specify a different type  @typescript-eslint/no-explicit-any
Code Quality	Lint check	2025-09-26T11:04:12.4891636Z ##[warning]  176:81  warning  Unexpected any. Specify a different type  @typescript-eslint/no-explicit-any
Code Quality	Lint check	2025-09-26T11:04:12.4893447Z ##[warning]  177:86  warning  Unexpected any. Specify a different type  @typescript-eslint/no-explicit-any
Code Quality	Lint check	2025-09-26T11:04:12.4895537Z ##[warning]  184:46  warning  Unexpected any. Specify a different type  @typescript-eslint/no-explicit-any
Code Quality	Lint check	2025-09-26T11:04:12.4897717Z ##[warning]  194:42  warning  Unexpected any. Specify a different type  @typescript-eslint/no-explicit-any
Code Quality	Lint check	2025-09-26T11:04:12.4899521Z ##[warning]  196:81  warning  Unexpected any. Specify a different type  @typescript-eslint/no-explicit-any
Code Quality	Lint check	2025-09-26T11:04:12.4901310Z ##[warning]  197:65  warning  Unexpected any. Specify a different type  @typescript-eslint/no-explicit-any
Code Quality	Lint check	2025-09-26T11:04:12.4903264Z ##[warning]  202:43  warning  Unexpected any. Specify a different type  @typescript-eslint/no-explicit-any
Code Quality	Lint check	2025-09-26T11:04:12.4905657Z ##[warning]  206:44  warning  Unexpected any. Specify a different type  @typescript-eslint/no-explicit-any
Code Quality	Lint check	2025-09-26T11:04:12.4906996Z ##[warning]  207:43  warning  Unexpected any. Specify a different type  @typescript-eslint/no-explicit-any
Code Quality	Lint check	2025-09-26T11:04:12.4908657Z ##[warning]  218:32  warning  'userId' is defined but never used        @typescript-eslint/no-unused-vars
Code Quality	Lint check	2025-09-26T11:04:12.4910400Z ##[warning]  218:48  warning  'weekStart' is defined but never used     @typescript-eslint/no-unused-vars
Code Quality	Lint check	2025-09-26T11:04:12.4911595Z ##[warning]  218:65  warning  'weekEnd' is defined but never used       @typescript-eslint/no-unused-vars
Code Quality	Lint check	2025-09-26T11:04:12.4913007Z ##[warning]  255:5   warning  Unexpected console statement              no-console
Code Quality	Lint check	2025-09-26T11:04:12.4913647Z 
Code Quality	Lint check	2025-09-26T11:04:12.4913979Z /home/runner/work/athelete-ally/athelete-ally/services/workouts/src/telemetry.ts
Code Quality	Lint check	2025-09-26T11:04:12.4915206Z ##[warning]  80:76  warning  Unexpected any. Specify a different type  @typescript-eslint/no-explicit-any
Code Quality	Lint check	2025-09-26T11:04:12.4915913Z 
Code Quality	Lint check	2025-09-26T11:04:12.4916301Z ‚úñ 35 problems (0 errors, 35 warnings)
Code Quality	Lint check	2025-09-26T11:04:12.4916485Z 
Code Quality	Lint check	2025-09-26T11:04:12.4916785Z ##[endgroup]
Code Quality	Lint check	2025-09-26T11:04:14.7729543Z ##[group]@athlete-ally/planning-engine:lint
Code Quality	Lint check	2025-09-26T11:04:14.7730257Z cache miss, executing 67793d630b577dd0
Code Quality	Lint check	2025-09-26T11:04:14.7730467Z 
Code Quality	Lint check	2025-09-26T11:04:14.7730636Z > @athlete-ally/planning-engine@0.1.0 lint
Code Quality	Lint check	2025-09-26T11:04:14.7731000Z > eslint -c eslint.config.mjs src
Code Quality	Lint check	2025-09-26T11:04:14.7731175Z 
Code Quality	Lint check	2025-09-26T11:04:14.7731187Z 
Code Quality	Lint check	2025-09-26T11:04:14.7731720Z /home/runner/work/athelete-ally/athelete-ally/services/planning-engine/src/adaptation-engine.ts
Code Quality	Lint check	2025-09-26T11:04:14.7733539Z ##[warning]  118:18   warning  Unexpected any. Specify a different type                 @typescript-eslint/no-explicit-any
Code Quality	Lint check	2025-09-26T11:04:14.7735900Z ##[warning]  120:5    warning  'userProfile' is defined but never used                  @typescript-eslint/no-unused-vars
Code Quality	Lint check	2025-09-26T11:04:14.7738067Z ##[warning]  120:18   warning  Unexpected any. Specify a different type                 @typescript-eslint/no-explicit-any
Code Quality	Lint check	2025-09-26T11:04:14.7740505Z ##[warning]  156:18   warning  Unexpected any. Specify a different type                 @typescript-eslint/no-explicit-any
Code Quality	Lint check	2025-09-26T11:04:14.7742861Z ##[warning]  158:14   warning  Unexpected any. Specify a different type                 @typescript-eslint/no-explicit-any
Code Quality	Lint check	2025-09-26T11:04:14.7745462Z ##[warning]  343:49   warning  Unexpected any. Specify a different type                 @typescript-eslint/no-explicit-any
Code Quality	Lint check	2025-09-26T11:04:14.7747819Z ##[warning]  344:11   warning  'intensityReduction' is assigned a value but never used  @typescript-eslint/no-unused-vars
Code Quality	Lint check	2025-09-26T11:04:14.7750042Z ##[warning]  345:11   warning  'volumeReduction' is assigned a value but never used     @typescript-eslint/no-unused-vars
Code Quality	Lint check	2025-09-26T11:04:14.7752218Z ##[warning]  368:49   warning  Unexpected any. Specify a different type                 @typescript-eslint/no-explicit-any
Code Quality	Lint check	2025-09-26T11:04:14.7754404Z ##[warning]  390:46   warning  Unexpected any. Specify a different type                 @typescript-eslint/no-explicit-any
Code Quality	Lint check	2025-09-26T11:04:14.7756924Z ##[warning]  412:55   warning  Unexpected any. Specify a different type                 @typescript-eslint/no-explicit-any
Code Quality	Lint check	2025-09-26T11:04:14.7759121Z ##[warning]  434:52   warning  Unexpected any. Specify a different type                 @typescript-eslint/no-explicit-any
Code Quality	Lint check	2025-09-26T11:04:14.7761626Z ##[warning]  483:41   warning  Unexpected any. Specify a different type                 @typescript-eslint/no-explicit-any
Code Quality	Lint check	2025-09-26T11:04:14.7763838Z ##[warning]  483:46   warning  'adaptation' is defined but never used                   @typescript-eslint/no-unused-vars
Code Quality	Lint check	2025-09-26T11:04:14.7766146Z ##[warning]  483:77   warning  Unexpected any. Specify a different type                 @typescript-eslint/no-explicit-any
Code Quality	Lint check	2025-09-26T11:04:14.7768360Z ##[warning]  495:41   warning  Unexpected any. Specify a different type                 @typescript-eslint/no-explicit-any
Code Quality	Lint check	2025-09-26T11:04:14.7770519Z ##[warning]  495:46   warning  'adaptation' is defined but never used                   @typescript-eslint/no-unused-vars
Code Quality	Lint check	2025-09-26T11:04:14.7772643Z ##[warning]  495:77   warning  Unexpected any. Specify a different type                 @typescript-eslint/no-explicit-any
Code Quality	Lint check	2025-09-26T11:04:14.7775032Z ##[warning]  505:38   warning  Unexpected any. Specify a different type                 @typescript-eslint/no-explicit-any
Code Quality	Lint check	2025-09-26T11:04:14.7777217Z ##[warning]  505:43   warning  'adaptation' is defined but never used                   @typescript-eslint/no-unused-vars
Code Quality	Lint check	2025-09-26T11:04:14.7779828Z ##[warning]  505:74   warning  Unexpected any. Specify a different type                 @typescript-eslint/no-explicit-any
Code Quality	Lint check	2025-09-26T11:04:14.7782053Z ##[warning]  515:42   warning  Unexpected any. Specify a different type                 @typescript-eslint/no-explicit-any
Code Quality	Lint check	2025-09-26T11:04:14.7784216Z ##[warning]  515:47   warning  'adaptation' is defined but never used                   @typescript-eslint/no-unused-vars
Code Quality	Lint check	2025-09-26T11:04:14.7786597Z ##[warning]  515:78   warning  Unexpected any. Specify a different type                 @typescript-eslint/no-explicit-any
Code Quality	Lint check	2025-09-26T11:04:14.7788820Z ##[warning]  523:43   warning  Unexpected any. Specify a different type                 @typescript-eslint/no-explicit-any
Code Quality	Lint check	2025-09-26T11:04:14.7790901Z ##[warning]  523:48   warning  'adaptation' is defined but never used                   @typescript-eslint/no-unused-vars
Code Quality	Lint check	2025-09-26T11:04:14.7793063Z ##[warning]  523:79   warning  Unexpected any. Specify a different type                 @typescript-eslint/no-explicit-any
Code Quality	Lint check	2025-09-26T11:04:14.7795437Z ##[warning]  531:46   warning  Unexpected any. Specify a different type                 @typescript-eslint/no-explicit-any
Code Quality	Lint check	2025-09-26T11:04:14.7797630Z ##[warning]  531:51   warning  'adaptation' is defined but never used                   @typescript-eslint/no-unused-vars
Code Quality	Lint check	2025-09-26T11:04:14.7799768Z ##[warning]  531:82   warning  Unexpected any. Specify a different type                 @typescript-eslint/no-explicit-any
Code Quality	Lint check	2025-09-26T11:04:14.7801996Z ##[warning]  540:104  warning  Unexpected any. Specify a different type                 @typescript-eslint/no-explicit-any
Code Quality	Lint check	2025-09-26T11:04:14.7804194Z ##[warning]  540:131  warning  Unexpected any. Specify a different type                 @typescript-eslint/no-explicit-any
Code Quality	Lint check	2025-09-26T11:04:14.7806670Z ##[warning]  541:103  warning  Unexpected any. Specify a different type                 @typescript-eslint/no-explicit-any
Code Quality	Lint check	2025-09-26T11:04:14.7808904Z ##[warning]  541:130  warning  Unexpected any. Specify a different type                 @typescript-eslint/no-explicit-any
Code Quality	Lint check	2025-09-26T11:04:14.7811122Z ##[warning]  542:100  warning  Unexpected any. Specify a different type                 @typescript-eslint/no-explicit-any
Code Quality	Lint check	2025-09-26T11:04:14.7813347Z ##[warning]  542:127  warning  Unexpected any. Specify a different type                 @typescript-eslint/no-explicit-any
Code Quality	Lint check	2025-09-26T11:04:14.7814757Z 
Code Quality	Lint check	2025-09-26T11:04:14.7815446Z /home/runner/work/athelete-ally/athelete-ally/services/planning-engine/src/adaptive-adjuster.ts
Code Quality	Lint check	2025-09-26T11:04:14.7817068Z ##[warning]   13:32  warning  'EnhancedSessionSchema' is defined but never used  @typescript-eslint/no-unused-vars
Code Quality	Lint check	2025-09-26T11:04:14.7819132Z ##[warning]   14:10  warning  'z' is defined but never used                      @typescript-eslint/no-unused-vars
Code Quality	Lint check	2025-09-26T11:04:14.7821358Z ##[warning]   58:20  warning  'plan' is defined but never used                   @typescript-eslint/no-unused-vars
Code Quality	Lint check	2025-09-26T11:04:14.7823348Z ##[warning]  134:44  warning  Unexpected any. Specify a different type           @typescript-eslint/no-explicit-any
Code Quality	Lint check	2025-09-26T11:04:14.7825623Z ##[warning]  161:60  warning  Unexpected any. Specify a different type           @typescript-eslint/no-explicit-any
Code Quality	Lint check	2025-09-26T11:04:14.7827776Z ##[warning]  190:55  warning  Unexpected any. Specify a different type           @typescript-eslint/no-explicit-any
Code Quality	Lint check	2025-09-26T11:04:14.7828991Z 
Code Quality	Lint check	2025-09-26T11:04:14.7829737Z /home/runner/work/athelete-ally/athelete-ally/services/planning-engine/src/cache/cache-manager.ts
Code Quality	Lint check	2025-09-26T11:04:14.7831394Z ##[warning]  11:43  warning  Unexpected any. Specify a different type  @typescript-eslint/no-explicit-any
Code Quality	Lint check	2025-09-26T11:04:14.7833460Z ##[warning]  44:32  warning  Unexpected any. Specify a different type  @typescript-eslint/no-explicit-any
Code Quality	Lint check	2025-09-26T11:04:14.7834820Z 
Code Quality	Lint check	2025-09-26T11:04:14.7835473Z /home/runner/work/athelete-ally/athelete-ally/services/planning-engine/src/cache/redis-cache.ts
Code Quality	Lint check	2025-09-26T11:04:14.7836969Z ##[warning]   49:33  warning  Unexpected any. Specify a different type  @typescript-eslint/no-explicit-any
Code Quality	Lint check	2025-09-26T11:04:14.7839234Z ##[warning]  154:49  warning  Unexpected any. Specify a different type  @typescript-eslint/no-explicit-any
Code Quality	Lint check	2025-09-26T11:04:14.7841219Z ##[warning]  210:39  warning  Unexpected any. Specify a different type  @typescript-eslint/no-explicit-any
Code Quality	Lint check	2025-09-26T11:04:14.7843265Z ##[warning]  254:50  warning  Unexpected any. Specify a different type  @typescript-eslint/no-explicit-any
Code Quality	Lint check	2025-09-26T11:04:14.7845461Z ##[warning]  291:13  warning  Unexpected any. Specify a different type  @typescript-eslint/no-explicit-any
Code Quality	Lint check	2025-09-26T11:04:14.7847492Z ##[warning]  293:11  warning  Unexpected any. Specify a different type  @typescript-eslint/no-explicit-any
Code Quality	Lint check	2025-09-26T11:04:14.7849432Z ##[warning]  317:59  warning  Unexpected any. Specify a different type  @typescript-eslint/no-explicit-any
Code Quality	Lint check	2025-09-26T11:04:14.7851324Z ##[warning]  319:19  warning  Unexpected any. Specify a different type  @typescript-eslint/no-explicit-any
Code Quality	Lint check	2025-09-26T11:04:14.7853203Z ##[warning]  376:28  warning  Unexpected any. Specify a different type  @typescript-eslint/no-explicit-any
Code Quality	Lint check	2025-09-26T11:04:14.7855323Z ##[warning]  380:49  warning  Unexpected any. Specify a different type  @typescript-eslint/no-explicit-any
Code Quality	Lint check	2025-09-26T11:04:14.7856481Z 
Code Quality	Lint check	2025-09-26T11:04:14.7857165Z /home/runner/work/athelete-ally/athelete-ally/services/planning-engine/src/enhanced-server.ts
Code Quality	Lint check	2025-09-26T11:04:14.7858618Z ##[warning]   13:10  warning  'ErrorHandler' is defined but never used        @typescript-eslint/no-unused-vars
Code Quality	Lint check	2025-09-26T11:04:14.7860568Z ##[warning]   14:10  warning  'PerformanceMonitor' is defined but never used  @typescript-eslint/no-unused-vars
Code Quality	Lint check	2025-09-26T11:04:14.7862575Z ##[warning]  178:53  warning  Unexpected any. Specify a different type        @typescript-eslint/no-explicit-any
Code Quality	Lint check	2025-09-26T11:04:14.7864774Z ##[warning]  291:38  warning  Unexpected any. Specify a different type        @typescript-eslint/no-explicit-any
Code Quality	Lint check	2025-09-26T11:04:14.7866159Z ##[warning]  389:37  warning  Unexpected any. Specify a different type        @typescript-eslint/no-explicit-any
Code Quality	Lint check	2025-09-26T11:04:14.7867407Z ##[warning]  459:42  warning  Unexpected any. Specify a different type        @typescript-eslint/no-explicit-any
Code Quality	Lint check	2025-09-26T11:04:14.7868670Z ##[warning]  543:42  warning  Unexpected any. Specify a different type        @typescript-eslint/no-explicit-any
Code Quality	Lint check	2025-09-26T11:04:14.7869840Z ##[warning]  544:45  warning  Unexpected any. Specify a different type        @typescript-eslint/no-explicit-any
Code Quality	Lint check	2025-09-26T11:04:14.7870520Z 
Code Quality	Lint check	2025-09-26T11:04:14.7870958Z /home/runner/work/athelete-ally/athelete-ally/services/planning-engine/src/events/jetstream-consumer.ts
Code Quality	Lint check	2025-09-26T11:04:14.7871940Z ##[warning]   66:39  warning  Unexpected any. Specify a different type  @typescript-eslint/no-explicit-any
Code Quality	Lint check	2025-09-26T11:04:14.7873340Z ##[warning]   86:14  warning  'error' is defined but never used         @typescript-eslint/no-unused-vars
Code Quality	Lint check	2025-09-26T11:04:14.7874487Z ##[warning]   90:35  warning  Unexpected any. Specify a different type  @typescript-eslint/no-explicit-any
Code Quality	Lint check	2025-09-26T11:04:14.7876029Z ##[warning]   94:34  warning  Unexpected any. Specify a different type  @typescript-eslint/no-explicit-any
Code Quality	Lint check	2025-09-26T11:04:14.7877156Z ##[warning]   95:37  warning  Unexpected any. Specify a different type  @typescript-eslint/no-explicit-any
Code Quality	Lint check	2025-09-26T11:04:14.7878281Z ##[warning]  128:12  warning  Unexpected any. Specify a different type  @typescript-eslint/no-explicit-any
Code Quality	Lint check	2025-09-26T11:04:14.7879405Z ##[warning]  155:11  warning  Unexpected any. Specify a different type  @typescript-eslint/no-explicit-any
Code Quality	Lint check	2025-09-26T11:04:14.7880528Z ##[warning]  185:59  warning  Unexpected any. Specify a different type  @typescript-eslint/no-explicit-any
Code Quality	Lint check	2025-09-26T11:04:14.7881647Z ##[warning]  278:30  warning  Unexpected any. Specify a different type  @typescript-eslint/no-explicit-any
Code Quality	Lint check	2025-09-26T11:04:14.7882770Z ##[warning]  347:31  warning  Unexpected any. Specify a different type  @typescript-eslint/no-explicit-any
Code Quality	Lint check	2025-09-26T11:04:14.7883606Z 
Code Quality	Lint check	2025-09-26T11:04:14.7883999Z /home/runner/work/athelete-ally/athelete-ally/services/planning-engine/src/events/processor.ts
Code Quality	Lint check	2025-09-26T11:04:14.7885129Z ##[warning]   46:49  warning  Unexpected any. Specify a different type  @typescript-eslint/no-explicit-any
Code Quality	Lint check	2025-09-26T11:04:14.7886316Z ##[warning]  129:76  warning  Unexpected any. Specify a different type  @typescript-eslint/no-explicit-any
Code Quality	Lint check	2025-09-26T11:04:14.7887455Z ##[warning]  131:80  warning  Unexpected any. Specify a different type  @typescript-eslint/no-explicit-any
Code Quality	Lint check	2025-09-26T11:04:14.7888129Z 
Code Quality	Lint check	2025-09-26T11:04:14.7888507Z /home/runner/work/athelete-ally/athelete-ally/services/planning-engine/src/events/publisher.ts
Code Quality	Lint check	2025-09-26T11:04:14.7889312Z ##[warning]   54:36  warning  'T' is defined but never used             @typescript-eslint/no-unused-vars
Code Quality	Lint check	2025-09-26T11:04:14.7890406Z ##[warning]   91:43  warning  Unexpected any. Specify a different type  @typescript-eslint/no-explicit-any
Code Quality	Lint check	2025-09-26T11:04:14.7891523Z ##[warning]   97:47  warning  Unexpected any. Specify a different type  @typescript-eslint/no-explicit-any
Code Quality	Lint check	2025-09-26T11:04:14.7892676Z ##[warning]  103:37  warning  Unexpected any. Specify a different type  @typescript-eslint/no-explicit-any
Code Quality	Lint check	2025-09-26T11:04:14.7893793Z ##[warning]  109:44  warning  Unexpected any. Specify a different type  @typescript-eslint/no-explicit-any
Code Quality	Lint check	2025-09-26T11:04:14.7894455Z 
Code Quality	Lint check	2025-09-26T11:04:14.7894980Z /home/runner/work/athelete-ally/athelete-ally/services/planning-engine/src/health.ts
Code Quality	Lint check	2025-09-26T11:04:14.7895801Z ##[warning]   43:13  warning  Unexpected any. Specify a different type  @typescript-eslint/no-explicit-any
Code Quality	Lint check	2025-09-26T11:04:14.7896840Z ##[warning]  239:21  warning  Unreachable code                          no-unreachable
Code Quality	Lint check	2025-09-26T11:04:14.7897449Z 
Code Quality	Lint check	2025-09-26T11:04:14.7897807Z /home/runner/work/athelete-ally/athelete-ally/services/planning-engine/src/llm-enhanced.ts
Code Quality	Lint check	2025-09-26T11:04:14.7898637Z ##[warning]  172:11  warning  Unexpected any. Specify a different type  @typescript-eslint/no-explicit-any
Code Quality	Lint check	2025-09-26T11:04:14.7899743Z ##[warning]  349:63  warning  'week' is defined but never used          @typescript-eslint/no-unused-vars
Code Quality	Lint check	2025-09-26T11:04:14.7900826Z ##[warning]  369:64  warning  'day' is defined but never used           @typescript-eslint/no-unused-vars
Code Quality	Lint check	2025-09-26T11:04:14.7901470Z 
Code Quality	Lint check	2025-09-26T11:04:14.7901785Z /home/runner/work/athelete-ally/athelete-ally/services/planning-engine/src/llm.ts
Code Quality	Lint check	2025-09-26T11:04:14.7902543Z ##[warning]  39:44  warning  'request' is defined but never used  @typescript-eslint/no-unused-vars
Code Quality	Lint check	2025-09-26T11:04:14.7903183Z 
Code Quality	Lint check	2025-09-26T11:04:14.7903602Z /home/runner/work/athelete-ally/athelete-ally/services/planning-engine/src/middleware/error-handler.ts
Code Quality	Lint check	2025-09-26T11:04:14.7904729Z ##[warning]   37:15  warning  Unexpected any. Specify a different type  @typescript-eslint/no-explicit-any
Code Quality	Lint check	2025-09-26T11:04:14.7906093Z ##[warning]  101:59  warning  Unexpected any. Specify a different type  @typescript-eslint/no-explicit-any
Code Quality	Lint check	2025-09-26T11:04:14.7907232Z ##[warning]  246:49  warning  Unexpected any. Specify a different type  @typescript-eslint/no-explicit-any
Code Quality	Lint check	2025-09-26T11:04:14.7908363Z ##[warning]  279:57  warning  Unexpected any. Specify a different type  @typescript-eslint/no-explicit-any
Code Quality	Lint check	2025-09-26T11:04:14.7909485Z ##[warning]  295:40  warning  Unexpected any. Specify a different type  @typescript-eslint/no-explicit-any
Code Quality	Lint check	2025-09-26T11:04:14.7910602Z ##[warning]  311:37  warning  Unexpected any. Specify a different type  @typescript-eslint/no-explicit-any
Code Quality	Lint check	2025-09-26T11:04:14.7911721Z ##[warning]  327:61  warning  Unexpected any. Specify a different type  @typescript-eslint/no-explicit-any
Code Quality	Lint check	2025-09-26T11:04:14.7912830Z ##[warning]  364:38  warning  Unexpected any. Specify a different type  @typescript-eslint/no-explicit-any
Code Quality	Lint check	2025-09-26T11:04:14.7913958Z ##[warning]  367:47  warning  Unexpected any. Specify a different type  @typescript-eslint/no-explicit-any
Code Quality	Lint check	2025-09-26T11:04:14.7914840Z 
Code Quality	Lint check	2025-09-26T11:04:14.7916068Z /home/runner/work/athelete-ally/athelete-ally/services/planning-engine/src/middleware/performance.ts
Code Quality	Lint check	2025-09-26T11:04:14.7917059Z ##[warning]   47:19  warning  Unexpected any. Specify a different type  @typescript-eslint/no-explicit-any
Code Quality	Lint check	2025-09-26T11:04:14.7918626Z ##[warning]   48:19  warning  Unexpected any. Specify a different type  @typescript-eslint/no-explicit-any
Code Quality	Lint check	2025-09-26T11:04:14.7920232Z ##[warning]   49:52  warning  Unexpected any. Specify a different type  @typescript-eslint/no-explicit-any
Code Quality	Lint check	2025-09-26T11:04:14.7921385Z ##[warning]   54:53  warning  Unexpected any. Specify a different type  @typescript-eslint/no-explicit-any
Code Quality	Lint check	2025-09-26T11:04:14.7922525Z ##[warning]   56:37  warning  Unexpected any. Specify a different type  @typescript-eslint/no-explicit-any
Code Quality	Lint check	2025-09-26T11:04:14.7923634Z ##[warning]   66:64  warning  'reply' is defined but never used         @typescript-eslint/no-unused-vars
Code Quality	Lint check	2025-09-26T11:04:14.7925251Z ##[warning]   66:85  warning  'error' is defined but never used         @typescript-eslint/no-unused-vars
Code Quality	Lint check	2025-09-26T11:04:14.7926392Z ##[warning]  105:29  warning  'request' is defined but never used       @typescript-eslint/no-unused-vars
Code Quality	Lint check	2025-09-26T11:04:14.7927538Z ##[warning]  146:32  warning  Unexpected any. Specify a different type  @typescript-eslint/no-explicit-any
Code Quality	Lint check	2025-09-26T11:04:14.7928663Z ##[warning]  190:40  warning  Unexpected any. Specify a different type  @typescript-eslint/no-explicit-any
Code Quality	Lint check	2025-09-26T11:04:14.7929781Z ##[warning]  202:35  warning  Unexpected any. Specify a different type  @typescript-eslint/no-explicit-any
Code Quality	Lint check	2025-09-26T11:04:14.7930448Z 
Code Quality	Lint check	2025-09-26T11:04:14.7930925Z /home/runner/work/athelete-ally/athelete-ally/services/planning-engine/src/optimization/async-plan-generator.ts
Code Quality	Lint check	2025-09-26T11:04:14.7932121Z ##[warning]    7:10  warning  'Prisma' is defined but never used        @typescript-eslint/no-unused-vars
Code Quality	Lint check	2025-09-26T11:04:14.7933338Z ##[warning]   20:30  warning  Unexpected any. Specify a different type  @typescript-eslint/no-explicit-any
Code Quality	Lint check	2025-09-26T11:04:14.7934469Z ##[warning]   94:12  warning  Unexpected any. Specify a different type  @typescript-eslint/no-explicit-any
Code Quality	Lint check	2025-09-26T11:04:14.7935809Z ##[warning]  197:16  warning  'task' is defined but never used          @typescript-eslint/no-unused-vars
Code Quality	Lint check	2025-09-26T11:04:14.7936921Z ##[warning]  264:30  warning  Unexpected any. Specify a different type  @typescript-eslint/no-explicit-any
Code Quality	Lint check	2025-09-26T11:04:14.7938051Z ##[warning]  266:49  warning  Unexpected any. Specify a different type  @typescript-eslint/no-explicit-any
Code Quality	Lint check	2025-09-26T11:04:14.7939166Z ##[warning]  271:49  warning  Unexpected any. Specify a different type  @typescript-eslint/no-explicit-any
Code Quality	Lint check	2025-09-26T11:04:14.7940283Z ##[warning]  276:60  warning  Unexpected any. Specify a different type  @typescript-eslint/no-explicit-any
Code Quality	Lint check	2025-09-26T11:04:14.7941168Z 
Code Quality	Lint check	2025-09-26T11:04:14.7941626Z /home/runner/work/athelete-ally/athelete-ally/services/planning-engine/src/optimization/database-optimizer.ts
Code Quality	Lint check	2025-09-26T11:04:14.7942536Z ##[warning]    9:11  warning  'BatchOperation' is defined but never used  @typescript-eslint/no-unused-vars
Code Quality	Lint check	2025-09-26T11:04:14.7943681Z ##[warning]   37:59  warning  Unexpected any. Specify a different type    @typescript-eslint/no-explicit-any
Code Quality	Lint check	2025-09-26T11:04:14.7944992Z ##[warning]   50:62  warning  Unexpected any. Specify a different type    @typescript-eslint/no-explicit-any
Code Quality	Lint check	2025-09-26T11:04:14.7946134Z ##[warning]   52:30  warning  Unexpected any. Specify a different type    @typescript-eslint/no-explicit-any
Code Quality	Lint check	2025-09-26T11:04:14.7947257Z ##[warning]   53:24  warning  Unexpected any. Specify a different type    @typescript-eslint/no-explicit-any
Code Quality	Lint check	2025-09-26T11:04:14.7948702Z ##[warning]   54:25  warning  Unexpected any. Specify a different type    @typescript-eslint/no-explicit-any
Code Quality	Lint check	2025-09-26T11:04:14.7950698Z ##[warning]   68:28  warning  Unexpected any. Specify a different type    @typescript-eslint/no-explicit-any
Code Quality	Lint check	2025-09-26T11:04:14.7951953Z ##[warning]   71:19  warning  Unexpected any. Specify a different type    @typescript-eslint/no-explicit-any
Code Quality	Lint check	2025-09-26T11:04:14.7953292Z ##[warning]   71:53  warning  Unexpected any. Specify a different type    @typescript-eslint/no-explicit-any
Code Quality	Lint check	2025-09-26T11:04:14.7954440Z ##[warning]   74:42  warning  Unexpected any. Specify a different type    @typescript-eslint/no-explicit-any
Code Quality	Lint check	2025-09-26T11:04:14.7956153Z ##[warning]   96:29  warning  Unexpected any. Specify a different type    @typescript-eslint/no-explicit-any
Code Quality	Lint check	2025-09-26T11:04:14.7957586Z ##[warning]   99:19  warning  Unexpected any. Specify a different type    @typescript-eslint/no-explicit-any
Code Quality	Lint check	2025-09-26T11:04:14.7959034Z ##[warning]   99:53  warning  Unexpected any. Specify a different type    @typescript-eslint/no-explicit-any
Code Quality	Lint check	2025-09-26T11:04:14.7960452Z ##[warning]  102:42  warning  Unexpected any. Specify a different type    @typescript-eslint/no-explicit-any
Code Quality	Lint check	2025-09-26T11:04:14.7961880Z ##[warning]  104:22  warning  Unexpected any. Specify a different type    @typescript-eslint/no-explicit-any
Code Quality	Lint check	2025-09-26T11:04:14.7963384Z ##[warning]  255:12  warning  Unexpected any. Specify a different type    @typescript-eslint/no-explicit-any
Code Quality	Lint check	2025-09-26T11:04:14.7965037Z ##[warning]  340:58  warning  Unexpected any. Specify a different type    @typescript-eslint/no-explicit-any
Code Quality	Lint check	2025-09-26T11:04:14.7966323Z ##[warning]  443:21  warning  Unreachable code                            no-unreachable
Code Quality	Lint check	2025-09-26T11:04:14.7967222Z 
Code Quality	Lint check	2025-09-26T11:04:14.7967712Z /home/runner/work/athelete-ally/athelete-ally/services/planning-engine/src/routes/enhanced-plans.ts
Code Quality	Lint check	2025-09-26T11:04:14.7968871Z ##[warning]   93:47  warning  Unexpected any. Specify a different type  @typescript-eslint/no-explicit-any
Code Quality	Lint check	2025-09-26T11:04:14.7970337Z ##[warning]  101:51  warning  Unexpected any. Specify a different type  @typescript-eslint/no-explicit-any
Code Quality	Lint check	2025-09-26T11:04:14.7992380Z ##[warning]  111:62  warning  Unexpected any. Specify a different type  @typescript-eslint/no-explicit-any
Code Quality	Lint check	2025-09-26T11:04:14.7993658Z ##[warning]  304:65  warning  Unexpected any. Specify a different type  @typescript-eslint/no-explicit-any
Code Quality	Lint check	2025-09-26T11:04:14.7995253Z ##[warning]  304:93  warning  Unexpected any. Specify a different type  @typescript-eslint/no-explicit-any
Code Quality	Lint check	2025-09-26T11:04:14.7996474Z ##[warning]  310:65  warning  Unexpected any. Specify a different type  @typescript-eslint/no-explicit-any
Code Quality	Lint check	2025-09-26T11:04:14.7997666Z ##[warning]  310:93  warning  Unexpected any. Specify a different type  @typescript-eslint/no-explicit-any
Code Quality	Lint check	2025-09-26T11:04:14.7998832Z ##[warning]  319:50  warning  Unexpected any. Specify a different type  @typescript-eslint/no-explicit-any
Code Quality	Lint check	2025-09-26T11:04:14.7999965Z ##[warning]  328:64  warning  Unexpected any. Specify a different type  @typescript-eslint/no-explicit-any
Code Quality	Lint check	2025-09-26T11:04:14.8001889Z ##[warning]  342:25  warning  Unexpected any. Specify a different type  @typescript-eslint/no-explicit-any
Code Quality	Lint check	2025-09-26T11:04:14.8003343Z ##[warning]  406:62  warning  Unexpected any. Specify a different type  @typescript-eslint/no-explicit-any
Code Quality	Lint check	2025-09-26T11:04:14.8004807Z ##[warning]  433:84  warning  Unexpected any. Specify a different type  @typescript-eslint/no-explicit-any
Code Quality	Lint check	2025-09-26T11:04:14.8005659Z 
Code Quality	Lint check	2025-09-26T11:04:14.8006025Z /home/runner/work/athelete-ally/athelete-ally/services/planning-engine/src/server.ts
Code Quality	Lint check	2025-09-26T11:04:14.8006903Z ##[warning]   11:10  warning  'Prisma' is defined but never used                  @typescript-eslint/no-unused-vars
Code Quality	Lint check	2025-09-26T11:04:14.8008112Z ##[warning]   12:66  warning  'PlanGeneratedEvent' is defined but never used      @typescript-eslint/no-unused-vars
Code Quality	Lint check	2025-09-26T11:04:14.8010110Z ##[warning]   14:48  warning  'traceLLMCall' is defined but never used            @typescript-eslint/no-unused-vars
Code Quality	Lint check	2025-09-26T11:04:14.8012285Z ##[warning]   14:62  warning  'traceDatabaseOperation' is defined but never used  @typescript-eslint/no-unused-vars
Code Quality	Lint check	2025-09-26T11:04:14.8014467Z ##[warning]   26:10  warning  'SecureIdGenerator' is defined but never used       @typescript-eslint/no-unused-vars
Code Quality	Lint check	2025-09-26T11:04:14.8016799Z ##[warning]  122:30  warning  Unexpected any. Specify a different type            @typescript-eslint/no-explicit-any
Code Quality	Lint check	2025-09-26T11:04:14.8019164Z ##[warning]  124:49  warning  Unexpected any. Specify a different type            @typescript-eslint/no-explicit-any
Code Quality	Lint check	2025-09-26T11:04:14.8021329Z ##[warning]  129:49  warning  Unexpected any. Specify a different type            @typescript-eslint/no-explicit-any
Code Quality	Lint check	2025-09-26T11:04:14.8023476Z ##[warning]  134:60  warning  Unexpected any. Specify a different type            @typescript-eslint/no-explicit-any
Code Quality	Lint check	2025-09-26T11:04:14.8025793Z ##[warning]  151:31  warning  Unexpected any. Specify a different type            @typescript-eslint/no-explicit-any
Code Quality	Lint check	2025-09-26T11:04:14.8027806Z ##[warning]  176:11  warning  'planJob' is assigned a value but never used        @typescript-eslint/no-unused-vars
Code Quality	Lint check	2025-09-26T11:04:14.8029835Z ##[warning]  182:31  warning  Unexpected any. Specify a different type            @typescript-eslint/no-explicit-any
Code Quality	Lint check	2025-09-26T11:04:14.8031859Z ##[warning]  222:28  warning  Unexpected any. Specify a different type            @typescript-eslint/no-explicit-any
Code Quality	Lint check	2025-09-26T11:04:14.8033816Z ##[warning]  357:42  warning  'request' is defined but never used                 @typescript-eslint/no-unused-vars
Code Quality	Lint check	2025-09-26T11:04:14.8035910Z ##[warning]  357:51  warning  'reply' is defined but never used                   @typescript-eslint/no-unused-vars
Code Quality	Lint check	2025-09-26T11:04:14.8037948Z ##[warning]  412:30  warning  Unexpected any. Specify a different type            @typescript-eslint/no-explicit-any
Code Quality	Lint check	2025-09-26T11:04:14.8039136Z 
Code Quality	Lint check	2025-09-26T11:04:14.8039912Z /home/runner/work/athelete-ally/athelete-ally/services/planning-engine/src/standalone-enhanced-server.ts
Code Quality	Lint check	2025-09-26T11:04:14.8041436Z ##[warning]   73:11  warning  'request' is defined but never used       @typescript-eslint/no-unused-vars
Code Quality	Lint check	2025-09-26T11:04:14.8043208Z ##[warning]   73:20  warning  'reply' is defined but never used         @typescript-eslint/no-unused-vars
Code Quality	Lint check	2025-09-26T11:04:14.8045167Z ##[warning]  103:11  warning  'request' is defined but never used       @typescript-eslint/no-unused-vars
Code Quality	Lint check	2025-09-26T11:04:14.8047117Z ##[warning]  103:20  warning  'reply' is defined but never used         @typescript-eslint/no-unused-vars
Code Quality	Lint check	2025-09-26T11:04:14.8048883Z ##[warning]  159:11  warning  'request' is defined but never used       @typescript-eslint/no-unused-vars
Code Quality	Lint check	2025-09-26T11:04:14.8050639Z ##[warning]  159:20  warning  'reply' is defined but never used         @typescript-eslint/no-unused-vars
Code Quality	Lint check	2025-09-26T11:04:14.8052547Z ##[warning]  181:11  warning  'request' is defined but never used       @typescript-eslint/no-unused-vars
Code Quality	Lint check	2025-09-26T11:04:14.8054433Z ##[warning]  181:20  warning  'reply' is defined but never used         @typescript-eslint/no-unused-vars
Code Quality	Lint check	2025-09-26T11:04:14.8056293Z ##[warning]  200:11  warning  'request' is defined but never used       @typescript-eslint/no-unused-vars
Code Quality	Lint check	2025-09-26T11:04:14.8057643Z ##[warning]  200:20  warning  'reply' is defined but never used         @typescript-eslint/no-unused-vars
Code Quality	Lint check	2025-09-26T11:04:14.8059089Z ##[warning]  289:53  warning  Unexpected any. Specify a different type  @typescript-eslint/no-explicit-any
Code Quality	Lint check	2025-09-26T11:04:14.8061058Z ##[warning]  397:38  warning  Unexpected any. Specify a different type  @typescript-eslint/no-explicit-any
Code Quality	Lint check	2025-09-26T11:04:14.8062369Z ##[warning]  488:37  warning  Unexpected any. Specify a different type  @typescript-eslint/no-explicit-any
Code Quality	Lint check	2025-09-26T11:04:14.8063505Z ##[warning]  557:42  warning  Unexpected any. Specify a different type  @typescript-eslint/no-explicit-any
Code Quality	Lint check	2025-09-26T11:04:14.8064864Z ##[warning]  640:42  warning  Unexpected any. Specify a different type  @typescript-eslint/no-explicit-any
Code Quality	Lint check	2025-09-26T11:04:14.8066062Z ##[warning]  641:45  warning  Unexpected any. Specify a different type  @typescript-eslint/no-explicit-any
Code Quality	Lint check	2025-09-26T11:04:14.8066763Z 
Code Quality	Lint check	2025-09-26T11:04:14.8067208Z /home/runner/work/athelete-ally/athelete-ally/services/planning-engine/src/standalone-health-server.ts
Code Quality	Lint check	2025-09-26T11:04:14.8068086Z ##[warning]   23:30  warning  'request' is defined but never used  @typescript-eslint/no-unused-vars
Code Quality	Lint check	2025-09-26T11:04:14.8069379Z ##[warning]   23:39  warning  'reply' is defined but never used    @typescript-eslint/no-unused-vars
Code Quality	Lint check	2025-09-26T11:04:14.8070459Z ##[warning]   66:39  warning  'request' is defined but never used  @typescript-eslint/no-unused-vars
Code Quality	Lint check	2025-09-26T11:04:14.8071523Z ##[warning]   66:48  warning  'reply' is defined but never used    @typescript-eslint/no-unused-vars
Code Quality	Lint check	2025-09-26T11:04:14.8072642Z ##[warning]  130:36  warning  'request' is defined but never used  @typescript-eslint/no-unused-vars
Code Quality	Lint check	2025-09-26T11:04:14.8073711Z ##[warning]  130:45  warning  'reply' is defined but never used    @typescript-eslint/no-unused-vars
Code Quality	Lint check	2025-09-26T11:04:14.8075068Z ##[warning]  147:35  warning  'request' is defined but never used  @typescript-eslint/no-unused-vars
Code Quality	Lint check	2025-09-26T11:04:14.8076215Z ##[warning]  147:44  warning  'reply' is defined but never used    @typescript-eslint/no-unused-vars
Code Quality	Lint check	2025-09-26T11:04:14.8077294Z ##[warning]  156:37  warning  'request' is defined but never used  @typescript-eslint/no-unused-vars
Code Quality	Lint check	2025-09-26T11:04:14.8078362Z ##[warning]  156:46  warning  'reply' is defined but never used    @typescript-eslint/no-unused-vars
Code Quality	Lint check	2025-09-26T11:04:14.8079416Z ##[warning]  189:24  warning  'request' is defined but never used  @typescript-eslint/no-unused-vars
Code Quality	Lint check	2025-09-26T11:04:14.8080481Z ##[warning]  189:33  warning  'reply' is defined but never used    @typescript-eslint/no-unused-vars
Code Quality	Lint check	2025-09-26T11:04:14.8081123Z 
Code Quality	Lint check	2025-09-26T11:04:14.8081466Z /home/runner/work/athelete-ally/athelete-ally/services/planning-engine/src/startup.ts
Code Quality	Lint check	2025-09-26T11:04:14.8082286Z ##[warning]   19:17  warning  Unexpected any. Specify a different type  @typescript-eslint/no-explicit-any
Code Quality	Lint check	2025-09-26T11:04:14.8083435Z ##[warning]   99:27  warning  Unexpected any. Specify a different type  @typescript-eslint/no-explicit-any
Code Quality	Lint check	2025-09-26T11:04:14.8084772Z ##[warning]  102:33  warning  Unexpected any. Specify a different type  @typescript-eslint/no-explicit-any
Code Quality	Lint check	2025-09-26T11:04:14.8085476Z 
Code Quality	Lint check	2025-09-26T11:04:14.8085830Z /home/runner/work/athelete-ally/athelete-ally/services/planning-engine/src/telemetry.ts
Code Quality	Lint check	2025-09-26T11:04:14.8086662Z ##[warning]   63:77  warning  Unexpected any. Specify a different type  @typescript-eslint/no-explicit-any
Code Quality	Lint check	2025-09-26T11:04:14.8087781Z ##[warning]   72:63  warning  Unexpected any. Specify a different type  @typescript-eslint/no-explicit-any
Code Quality	Lint check	2025-09-26T11:04:14.8088911Z ##[warning]  113:29  warning  Unexpected any. Specify a different type  @typescript-eslint/no-explicit-any
Code Quality	Lint check	2025-09-26T11:04:14.8090033Z ##[warning]  113:43  warning  Unexpected any. Specify a different type  @typescript-eslint/no-explicit-any
Code Quality	Lint check	2025-09-26T11:04:14.8090693Z 
Code Quality	Lint check	2025-09-26T11:04:14.8091120Z /home/runner/work/athelete-ally/athelete-ally/services/planning-engine/src/validation/plan-request.ts
Code Quality	Lint check	2025-09-26T11:04:14.8092285Z ##[warning]  28:6  warning  'PlanRequestInput' is defined but never used   @typescript-eslint/no-unused-vars
Code Quality	Lint check	2025-09-26T11:04:14.8093480Z ##[warning]  29:6  warning  'PlanRequestOutput' is defined but never used  @typescript-eslint/no-unused-vars
Code Quality	Lint check	2025-09-26T11:04:14.8094163Z 
Code Quality	Lint check	2025-09-26T11:04:14.8094764Z ‚úñ 197 problems (0 errors, 197 warnings)
Code Quality	Lint check	2025-09-26T11:04:14.8094966Z 
Code Quality	Lint check	2025-09-26T11:04:14.8095267Z ##[endgroup]
Code Quality	Lint check	2025-09-26T11:04:14.8095410Z 
Code Quality	Lint check	2025-09-26T11:04:14.8095542Z  Tasks:    21 successful, 21 total
Code Quality	Lint check	2025-09-26T11:04:14.8095822Z Cached:    0 cached, 21 total
Code Quality	Lint check	2025-09-26T11:04:14.8096060Z   Time:    24.813s 
Code Quality	Lint check	2025-09-26T11:04:14.8096185Z 
Code Quality	Generate ESLint Boundaries Report	Ôªø2025-09-26T11:04:14.8130066Z ##[group]Run mkdir -p reports/deps
Code Quality	Generate ESLint Boundaries Report	2025-09-26T11:04:14.8130388Z [36;1mmkdir -p reports/deps[0m
Code Quality	Generate ESLint Boundaries Report	2025-09-26T11:04:14.8130891Z [36;1mnpx eslint . -f json > reports/deps/eslint-boundaries.json || echo "ESLint boundaries report generated with warnings"[0m
Code Quality	Generate ESLint Boundaries Report	2025-09-26T11:04:14.8163305Z shell: /usr/bin/bash -e {0}
Code Quality	Generate ESLint Boundaries Report	2025-09-26T11:04:14.8163533Z env:
Code Quality	Generate ESLint Boundaries Report	2025-09-26T11:04:14.8163711Z   NODE_VERSION: 20.18.0
Code Quality	Generate ESLint Boundaries Report	2025-09-26T11:04:14.8163913Z   TURBO_TOKEN: 
Code Quality	Generate ESLint Boundaries Report	2025-09-26T11:04:14.8164260Z   TURBO_TEAM: 
Code Quality	Generate ESLint Boundaries Report	2025-09-26T11:04:14.8164441Z   NODE_ENV: test
Code Quality	Generate ESLint Boundaries Report	2025-09-26T11:04:14.8164820Z   PROMETHEUS_PORT: 9090
Code Quality	Generate ESLint Boundaries Report	2025-09-26T11:04:14.8165021Z   GRAFANA_PORT: 3001
Code Quality	Generate ESLint Boundaries Report	2025-09-26T11:04:14.8165241Z   GF_SECURITY_ADMIN_PASSWORD: admin123
Code Quality	Generate ESLint Boundaries Report	2025-09-26T11:04:14.8165490Z   JAEGER_PORT: 16686
Code Quality	Generate ESLint Boundaries Report	2025-09-26T11:04:14.8165698Z   OPENAI_API_KEY: test_openai_key_for_ci
Code Quality	Generate ESLint Boundaries Report	2025-09-26T11:04:14.8165963Z   JWT_SECRET: test_jwt_secret_for_ci
Code Quality	Generate ESLint Boundaries Report	2025-09-26T11:04:14.8166226Z   ENCRYPTION_KEY: test_encryption_key_for_ci
Code Quality	Generate ESLint Boundaries Report	2025-09-26T11:04:14.8166508Z   FRONTEND_URL: http://localhost:3000
Code Quality	Generate ESLint Boundaries Report	2025-09-26T11:04:14.8166833Z   GATEWAY_BFF_URL: http://localhost:4000
Code Quality	Generate ESLint Boundaries Report	2025-09-26T11:04:14.8167102Z   API_BASE_URL: http://localhost:4000
Code Quality	Generate ESLint Boundaries Report	2025-09-26T11:04:14.8167341Z ##[endgroup]
Code Quality	Generate ESLint Boundaries Report	2025-09-26T11:04:16.7091339Z Pages directory cannot be found at /home/runner/work/athelete-ally/athelete-ally/pages or /home/runner/work/athelete-ally/athelete-ally/src/pages. If using a custom path, please configure with the `no-html-link-for-pages` rule in your eslint config file.
Code Quality	Generate ESLint Boundaries Report	2025-09-26T11:04:46.4458181Z ESLint boundaries report generated with warnings
Code Quality	Upload Boundaries Report	Ôªø2025-09-26T11:04:46.4534250Z ##[group]Run actions/upload-artifact@v4
Code Quality	Upload Boundaries Report	2025-09-26T11:04:46.4534781Z with:
Code Quality	Upload Boundaries Report	2025-09-26T11:04:46.4535009Z   name: eslint-boundaries-report-18035869939
Code Quality	Upload Boundaries Report	2025-09-26T11:04:46.4535312Z   path: reports/deps/eslint-boundaries.json
Code Quality	Upload Boundaries Report	2025-09-26T11:04:46.4535577Z   retention-days: 7
Code Quality	Upload Boundaries Report	2025-09-26T11:04:46.4535782Z   if-no-files-found: warn
Code Quality	Upload Boundaries Report	2025-09-26T11:04:46.4536002Z   compression-level: 6
Code Quality	Upload Boundaries Report	2025-09-26T11:04:46.4536199Z   overwrite: false
Code Quality	Upload Boundaries Report	2025-09-26T11:04:46.4536400Z   include-hidden-files: false
Code Quality	Upload Boundaries Report	2025-09-26T11:04:46.4536620Z env:
Code Quality	Upload Boundaries Report	2025-09-26T11:04:46.4536787Z   NODE_VERSION: 20.18.0
Code Quality	Upload Boundaries Report	2025-09-26T11:04:46.4536986Z   TURBO_TOKEN: 
Code Quality	Upload Boundaries Report	2025-09-26T11:04:46.4537168Z   TURBO_TEAM: 
Code Quality	Upload Boundaries Report	2025-09-26T11:04:46.4537341Z   NODE_ENV: test
Code Quality	Upload Boundaries Report	2025-09-26T11:04:46.4537535Z   PROMETHEUS_PORT: 9090
Code Quality	Upload Boundaries Report	2025-09-26T11:04:46.4537746Z   GRAFANA_PORT: 3001
Code Quality	Upload Boundaries Report	2025-09-26T11:04:46.4537968Z   GF_SECURITY_ADMIN_PASSWORD: admin123
Code Quality	Upload Boundaries Report	2025-09-26T11:04:46.4538209Z   JAEGER_PORT: 16686
Code Quality	Upload Boundaries Report	2025-09-26T11:04:46.4538438Z   OPENAI_API_KEY: test_openai_key_for_ci
Code Quality	Upload Boundaries Report	2025-09-26T11:04:46.4538725Z   JWT_SECRET: test_jwt_secret_for_ci
Code Quality	Upload Boundaries Report	2025-09-26T11:04:46.4538989Z   ENCRYPTION_KEY: test_encryption_key_for_ci
Code Quality	Upload Boundaries Report	2025-09-26T11:04:46.4539281Z   FRONTEND_URL: http://localhost:3000
Code Quality	Upload Boundaries Report	2025-09-26T11:04:46.4539551Z   GATEWAY_BFF_URL: http://localhost:4000
Code Quality	Upload Boundaries Report	2025-09-26T11:04:46.4539824Z   API_BASE_URL: http://localhost:4000
Code Quality	Upload Boundaries Report	2025-09-26T11:04:46.4540062Z ##[endgroup]
Code Quality	Upload Boundaries Report	2025-09-26T11:04:46.6699304Z With the provided path, there will be 1 file uploaded
Code Quality	Upload Boundaries Report	2025-09-26T11:04:46.6704944Z Artifact name is valid!
Code Quality	Upload Boundaries Report	2025-09-26T11:04:46.6705504Z Root directory input is valid!
Code Quality	Upload Boundaries Report	2025-09-26T11:04:46.9881349Z Beginning upload of artifact content to blob storage
Code Quality	Upload Boundaries Report	2025-09-26T11:04:48.3527831Z Uploaded bytes 2857536
Code Quality	Upload Boundaries Report	2025-09-26T11:04:48.4538268Z Finished uploading artifact content to blob storage!
Code Quality	Upload Boundaries Report	2025-09-26T11:04:48.4540715Z SHA256 digest of uploaded artifact zip is 86cde119b84ce6f628b1c53ccf50a8cdd3e398db69e2b58d2efcd4b8af4d34ce
Code Quality	Upload Boundaries Report	2025-09-26T11:04:48.4542279Z Finalizing artifact upload
Code Quality	Upload Boundaries Report	2025-09-26T11:04:48.6163043Z Artifact eslint-boundaries-report-18035869939.zip successfully finalized. Artifact ID 4114216518
Code Quality	Upload Boundaries Report	2025-09-26T11:04:48.6164936Z Artifact eslint-boundaries-report-18035869939 has been successfully uploaded! Final size is 2857536 bytes. Artifact ID is 4114216518
Code Quality	Upload Boundaries Report	2025-09-26T11:04:48.6171187Z Artifact download URL: https://github.com/nathanku3-hue/athelete-ally/actions/runs/18035869939/artifacts/4114216518
Code Quality	Type check (force no stale cache)	Ôªø2025-09-26T11:04:48.6272606Z ##[group]Run npx turbo run type-check
Code Quality	Type check (force no stale cache)	2025-09-26T11:04:48.6272935Z [36;1mnpx turbo run type-check[0m
Code Quality	Type check (force no stale cache)	2025-09-26T11:04:48.6305595Z shell: /usr/bin/bash -e {0}
Code Quality	Type check (force no stale cache)	2025-09-26T11:04:48.6305843Z env:
Code Quality	Type check (force no stale cache)	2025-09-26T11:04:48.6306025Z   NODE_VERSION: 20.18.0
Code Quality	Type check (force no stale cache)	2025-09-26T11:04:48.6306236Z   TURBO_TOKEN: 
Code Quality	Type check (force no stale cache)	2025-09-26T11:04:48.6306423Z   TURBO_TEAM: 
Code Quality	Type check (force no stale cache)	2025-09-26T11:04:48.6306606Z   NODE_ENV: test
Code Quality	Type check (force no stale cache)	2025-09-26T11:04:48.6306804Z   PROMETHEUS_PORT: 9090
Code Quality	Type check (force no stale cache)	2025-09-26T11:04:48.6307014Z   GRAFANA_PORT: 3001
Code Quality	Type check (force no stale cache)	2025-09-26T11:04:48.6307412Z   GF_SECURITY_ADMIN_PASSWORD: admin123
Code Quality	Type check (force no stale cache)	2025-09-26T11:04:48.6307675Z   JAEGER_PORT: 16686
Code Quality	Type check (force no stale cache)	2025-09-26T11:04:48.6307901Z   OPENAI_API_KEY: test_openai_key_for_ci
Code Quality	Type check (force no stale cache)	2025-09-26T11:04:48.6308169Z   JWT_SECRET: test_jwt_secret_for_ci
Code Quality	Type check (force no stale cache)	2025-09-26T11:04:48.6308441Z   ENCRYPTION_KEY: test_encryption_key_for_ci
Code Quality	Type check (force no stale cache)	2025-09-26T11:04:48.6308734Z   FRONTEND_URL: http://localhost:3000
Code Quality	Type check (force no stale cache)	2025-09-26T11:04:48.6309016Z   GATEWAY_BFF_URL: http://localhost:4000
Code Quality	Type check (force no stale cache)	2025-09-26T11:04:48.6309291Z   API_BASE_URL: http://localhost:4000
Code Quality	Type check (force no stale cache)	2025-09-26T11:04:48.6309574Z   TURBO_FORCE: true
Code Quality	Type check (force no stale cache)	2025-09-26T11:04:48.6309770Z ##[endgroup]
Code Quality	Type check (force no stale cache)	2025-09-26T11:04:49.0740078Z ‚Ä¢ Packages in scope: @athlete-ally/adaptive-engine, @athlete-ally/analytics, @athlete-ally/contracts, @athlete-ally/event-bus, @athlete-ally/exercises, @athlete-ally/fatigue, @athlete-ally/gateway-bff, @athlete-ally/health-schema, @athlete-ally/job-scheduler, @athlete-ally/notification-service, @athlete-ally/otel-preset, @athlete-ally/planning-engine, @athlete-ally/profile-onboarding, @athlete-ally/protocol-engine, @athlete-ally/protocol-types, @athlete-ally/shared, @athlete-ally/shared-types, @athlete-ally/workouts
Code Quality	Type check (force no stale cache)	2025-09-26T11:04:49.0743539Z ‚Ä¢ Running type-check in 18 packages
Code Quality	Type check (force no stale cache)	2025-09-26T11:04:49.0744109Z ‚Ä¢ Remote caching disabled
Code Quality	Type check (force no stale cache)	2025-09-26T11:04:59.6886518Z ##[group]@athlete-ally/health-schema:type-check
Code Quality	Type check (force no stale cache)	2025-09-26T11:04:59.6887697Z cache bypass, force executing f2a859edbd7bb089
Code Quality	Type check (force no stale cache)	2025-09-26T11:04:59.6888202Z 
Code Quality	Type check (force no stale cache)	2025-09-26T11:04:59.6888619Z > @athlete-ally/health-schema@1.0.0 type-check
Code Quality	Type check (force no stale cache)	2025-09-26T11:04:59.6889367Z > tsc --noEmit
Code Quality	Type check (force no stale cache)	2025-09-26T11:04:59.6889666Z 
Code Quality	Type check (force no stale cache)	2025-09-26T11:04:59.6890236Z ##[endgroup]
Code Quality	Type check (force no stale cache)	2025-09-26T11:05:00.0006521Z ##[group]@athlete-ally/health-schema:build
Code Quality	Type check (force no stale cache)	2025-09-26T11:05:00.0007921Z cache bypass, force executing e00b56782e83b235
Code Quality	Type check (force no stale cache)	2025-09-26T11:05:00.0012348Z 
Code Quality	Type check (force no stale cache)	2025-09-26T11:05:00.0013043Z > @athlete-ally/health-schema@1.0.0 build
Code Quality	Type check (force no stale cache)	2025-09-26T11:05:00.0013844Z > tsc
Code Quality	Type check (force no stale cache)	2025-09-26T11:05:00.0014218Z 
Code Quality	Type check (force no stale cache)	2025-09-26T11:05:00.0015094Z ##[endgroup]
Code Quality	Type check (force no stale cache)	2025-09-26T11:05:00.3984179Z [;31m@athlete-ally/protocol-engine:type-check[;0m
Code Quality	Type check (force no stale cache)	2025-09-26T11:05:00.3987191Z cache bypass, force executing 61c9d9b84a71c767
Code Quality	Type check (force no stale cache)	2025-09-26T11:05:00.3988804Z 
Code Quality	Type check (force no stale cache)	2025-09-26T11:05:00.3990508Z > @athlete-ally/protocol-engine@2.0.0 type-check
Code Quality	Type check (force no stale cache)	2025-09-26T11:05:00.3992095Z > tsc --noEmit
Code Quality	Type check (force no stale cache)	2025-09-26T11:05:00.3993362Z 
Code Quality	Type check (force no stale cache)	2025-09-26T11:05:00.4012900Z ##[error]src/index.ts(5,30): error TS2307: Cannot find module './prisma/generated/client/index.js' or its corresponding type declarations.
Code Quality	Type check (force no stale cache)	2025-09-26T11:05:00.4016075Z ##[error]src/routes/protocols.ts(2,30): error TS2307: Cannot find module '../prisma/generated/client/index.js' or its corresponding type declarations.
Code Quality	Type check (force no stale cache)	2025-09-26T11:05:00.4019074Z ##[error]src/services/audit.ts(1,30): error TS2307: Cannot find module '../prisma/generated/client/index.js' or its corresponding type declarations.
Code Quality	Type check (force no stale cache)	2025-09-26T11:05:00.4021349Z ##[error]src/services/audit.ts(140,23): error TS7006: Parameter 'log' implicitly has an 'any' type.
Code Quality	Type check (force no stale cache)	2025-09-26T11:05:00.4024050Z ##[error]src/services/permissions.ts(1,30): error TS2307: Cannot find module '../prisma/generated/client/index.js' or its corresponding type declarations.
Code Quality	Type check (force no stale cache)	2025-09-26T11:05:00.4026093Z npm error Lifecycle script `type-check` failed with error:
Code Quality	Type check (force no stale cache)	2025-09-26T11:05:00.4026621Z npm error code 2
Code Quality	Type check (force no stale cache)	2025-09-26T11:05:00.4027353Z npm error path /home/runner/work/athelete-ally/athelete-ally/services/protocol-engine
Code Quality	Type check (force no stale cache)	2025-09-26T11:05:00.4028279Z npm error workspace @athlete-ally/protocol-engine@2.0.0
Code Quality	Type check (force no stale cache)	2025-09-26T11:05:00.4029286Z npm error location /home/runner/work/athelete-ally/athelete-ally/services/protocol-engine
Code Quality	Type check (force no stale cache)	2025-09-26T11:05:00.4030314Z npm error command failed
Code Quality	Type check (force no stale cache)	2025-09-26T11:05:00.4030764Z npm error command sh -c tsc --noEmit
Code Quality	Type check (force no stale cache)	2025-09-26T11:05:00.4032353Z [ERROR] command finished with error: command (/home/runner/work/athelete-ally/athelete-ally/services/protocol-engine) /opt/hostedtoolcache/node/20.18.0/x64/bin/npm run type-check exited (2)
Code Quality	Type check (force no stale cache)	2025-09-26T11:05:00.4034786Z ##[group]@athlete-ally/contracts:build
Code Quality	Type check (force no stale cache)	2025-09-26T11:05:00.4035601Z cache bypass, force executing 7a8693a864781383
Code Quality	Type check (force no stale cache)	2025-09-26T11:05:00.4036371Z 
Code Quality	Type check (force no stale cache)	2025-09-26T11:05:00.4036759Z > @athlete-ally/contracts@0.1.0 build
Code Quality	Type check (force no stale cache)	2025-09-26T11:05:00.4037368Z > tsc -p tsconfig.json
Code Quality	Type check (force no stale cache)	2025-09-26T11:05:00.4037760Z 
Code Quality	Type check (force no stale cache)	2025-09-26T11:05:00.4038293Z ##[endgroup]
Code Quality	Type check (force no stale cache)	2025-09-26T11:05:00.4070181Z ##[group]@athlete-ally/notification-service:type-check
Code Quality	Type check (force no stale cache)	2025-09-26T11:05:00.4074368Z cache bypass, force executing 78cb943e9774e5a3
Code Quality	Type check (force no stale cache)	2025-09-26T11:05:00.4079374Z ##[endgroup]
Code Quality	Type check (force no stale cache)	2025-09-26T11:05:00.4097412Z ##[group]@athlete-ally/exercises:type-check
Code Quality	Type check (force no stale cache)	2025-09-26T11:05:00.4101296Z cache bypass, force executing ae5eaba13ae92da6
Code Quality	Type check (force no stale cache)	2025-09-26T11:05:00.4105754Z ##[endgroup]
Code Quality	Type check (force no stale cache)	2025-09-26T11:05:00.4134657Z ##[group]@athlete-ally/contracts:type-check
Code Quality	Type check (force no stale cache)	2025-09-26T11:05:00.4138487Z cache bypass, force executing 244583b51a3d2333
Code Quality	Type check (force no stale cache)	2025-09-26T11:05:00.4142321Z ##[endgroup]
Code Quality	Type check (force no stale cache)	2025-09-26T11:05:00.4235762Z ##[group]@athlete-ally/job-scheduler:type-check
Code Quality	Type check (force no stale cache)	2025-09-26T11:05:00.4240300Z cache bypass, force executing 70108c32311001c9
Code Quality	Type check (force no stale cache)	2025-09-26T11:05:00.4242169Z ##[endgroup]
Code Quality	Type check (force no stale cache)	2025-09-26T11:05:00.4326384Z ##[group]@athlete-ally/analytics:type-check
Code Quality	Type check (force no stale cache)	2025-09-26T11:05:00.4330301Z cache bypass, force executing 5198fcdcb09cb065
Code Quality	Type check (force no stale cache)	2025-09-26T11:05:00.4334196Z ##[endgroup]
Code Quality	Type check (force no stale cache)	2025-09-26T11:05:00.4386419Z ##[group]@athlete-ally/gateway-bff:type-check
Code Quality	Type check (force no stale cache)	2025-09-26T11:05:00.4390407Z cache bypass, force executing c0b4dfe1f7cab801
Code Quality	Type check (force no stale cache)	2025-09-26T11:05:00.4393919Z 
Code Quality	Type check (force no stale cache)	2025-09-26T11:05:00.4397990Z > @athlete-ally/gateway-bff@0.1.0 type-check
Code Quality	Type check (force no stale cache)	2025-09-26T11:05:00.4402860Z > tsc --noEmit
Code Quality	Type check (force no stale cache)	2025-09-26T11:05:00.4403552Z 
Code Quality	Type check (force no stale cache)	2025-09-26T11:05:00.4405417Z ##[endgroup]
Code Quality	Type check (force no stale cache)	2025-09-26T11:05:00.4417043Z ##[group]@athlete-ally/shared-types:type-check
Code Quality	Type check (force no stale cache)	2025-09-26T11:05:00.4443747Z cache bypass, force executing 4ec77ec057feaa1d
Code Quality	Type check (force no stale cache)	2025-09-26T11:05:00.4478314Z ##[endgroup]
Code Quality	Type check (force no stale cache)	2025-09-26T11:05:00.4495771Z ##[group]@athlete-ally/protocol-types:type-check
Code Quality	Type check (force no stale cache)	2025-09-26T11:05:00.4496489Z cache bypass, force executing f63ac1c85f5f80a6
Code Quality	Type check (force no stale cache)	2025-09-26T11:05:00.4497154Z ##[endgroup]
Code Quality	Type check (force no stale cache)	2025-09-26T11:05:00.4497743Z ##[group]@athlete-ally/shared-types:build
Code Quality	Type check (force no stale cache)	2025-09-26T11:05:00.4498395Z cache bypass, force executing 0f782bf20a22b393
Code Quality	Type check (force no stale cache)	2025-09-26T11:05:00.4499076Z ##[endgroup]
Code Quality	Type check (force no stale cache)	2025-09-26T11:05:00.4517830Z ##[group]@athlete-ally/otel-preset:build
Code Quality	Type check (force no stale cache)	2025-09-26T11:05:00.4518762Z cache bypass, force executing 88ed5655039c3e1f
Code Quality	Type check (force no stale cache)	2025-09-26T11:05:00.4522474Z 
Code Quality	Type check (force no stale cache)	2025-09-26T11:05:00.4524200Z > @athlete-ally/otel-preset@1.0.0 build
Code Quality	Type check (force no stale cache)	2025-09-26T11:05:00.4528866Z > tsc
Code Quality	Type check (force no stale cache)	2025-09-26T11:05:00.4530435Z 
Code Quality	Type check (force no stale cache)	2025-09-26T11:05:00.4532044Z ##[endgroup]
Code Quality	Type check (force no stale cache)	2025-09-26T11:05:00.4541160Z ##[group]@athlete-ally/adaptive-engine:type-check
Code Quality	Type check (force no stale cache)	2025-09-26T11:05:00.4542152Z cache bypass, force executing 43ca619b8cd9e174
Code Quality	Type check (force no stale cache)	2025-09-26T11:05:00.4542657Z 
Code Quality	Type check (force no stale cache)	2025-09-26T11:05:00.4543147Z > @athlete-ally/adaptive-engine@1.0.0 type-check
Code Quality	Type check (force no stale cache)	2025-09-26T11:05:00.4543676Z > tsc --noEmit
Code Quality	Type check (force no stale cache)	2025-09-26T11:05:00.4543885Z 
Code Quality	Type check (force no stale cache)	2025-09-26T11:05:00.4544339Z ##[endgroup]
Code Quality	Type check (force no stale cache)	2025-09-26T11:05:00.4575590Z ##[group]@athlete-ally/event-bus:build
Code Quality	Type check (force no stale cache)	2025-09-26T11:05:00.4576308Z cache bypass, force executing 03f2cf0f1fa9ce00
Code Quality	Type check (force no stale cache)	2025-09-26T11:05:00.4577081Z ##[endgroup]
Code Quality	Type check (force no stale cache)	2025-09-26T11:05:00.4578159Z ##[group]@athlete-ally/shared:build
Code Quality	Type check (force no stale cache)	2025-09-26T11:05:00.4578758Z cache bypass, force executing cd740267cee76e4a
Code Quality	Type check (force no stale cache)	2025-09-26T11:05:00.4579417Z ##[endgroup]
Code Quality	Type check (force no stale cache)	2025-09-26T11:05:00.4636777Z ##[group]@athlete-ally/event-bus:type-check
Code Quality	Type check (force no stale cache)	2025-09-26T11:05:00.4637472Z cache bypass, force executing 1c7d78b18cddcfa8
Code Quality	Type check (force no stale cache)	2025-09-26T11:05:00.4637819Z 
Code Quality	Type check (force no stale cache)	2025-09-26T11:05:00.4638093Z > @athlete-ally/event-bus@0.1.0 type-check
Code Quality	Type check (force no stale cache)	2025-09-26T11:05:00.4638549Z > tsc --noEmit
Code Quality	Type check (force no stale cache)	2025-09-26T11:05:00.4638747Z 
Code Quality	Type check (force no stale cache)	2025-09-26T11:05:00.4639375Z ##[endgroup]
Code Quality	Type check (force no stale cache)	2025-09-26T11:05:00.4645109Z ##[group]@athlete-ally/otel-preset:type-check
Code Quality	Type check (force no stale cache)	2025-09-26T11:05:00.4645547Z cache bypass, force executing ceb5127acb64d8dd
Code Quality	Type check (force no stale cache)	2025-09-26T11:05:00.4645761Z 
Code Quality	Type check (force no stale cache)	2025-09-26T11:05:00.4645929Z > @athlete-ally/otel-preset@1.0.0 type-check
Code Quality	Type check (force no stale cache)	2025-09-26T11:05:00.4646218Z > tsc --noEmit
Code Quality	Type check (force no stale cache)	2025-09-26T11:05:00.4646344Z 
Code Quality	Type check (force no stale cache)	2025-09-26T11:05:00.4646560Z ##[endgroup]
Code Quality	Type check (force no stale cache)	2025-09-26T11:05:00.4688328Z ##[group]@athlete-ally/shared:type-check
Code Quality	Type check (force no stale cache)	2025-09-26T11:05:00.4689022Z cache bypass, force executing e1edb4df5602f5c6
Code Quality	Type check (force no stale cache)	2025-09-26T11:05:00.4689675Z 
Code Quality	Type check (force no stale cache)	2025-09-26T11:05:00.4689956Z > @athlete-ally/shared@0.1.0 type-check
Code Quality	Type check (force no stale cache)	2025-09-26T11:05:00.4690414Z > tsc --noEmit
Code Quality	Type check (force no stale cache)	2025-09-26T11:05:00.4690610Z 
Code Quality	Type check (force no stale cache)	2025-09-26T11:05:00.4690951Z ##[endgroup]
Code Quality	Type check (force no stale cache)	2025-09-26T11:05:00.4721348Z ##[error]@athlete-ally/protocol-engine#type-check: command (/home/runner/work/athelete-ally/athelete-ally/services/protocol-engine) /opt/hostedtoolcache/node/20.18.0/x64/bin/npm run type-check exited (2)
Code Quality	Type check (force no stale cache)	2025-09-26T11:05:00.4723348Z 
Code Quality	Type check (force no stale cache)	2025-09-26T11:05:00.4723574Z  Tasks:    3 successful, 20 total
Code Quality	Type check (force no stale cache)	2025-09-26T11:05:00.4724068Z Cached:    0 cached, 20 total
Code Quality	Type check (force no stale cache)	2025-09-26T11:05:00.4724484Z   Time:    11.492s 
Code Quality	Type check (force no stale cache)	2025-09-26T11:05:00.4725199Z Failed:    @athlete-ally/protocol-engine#type-check
Code Quality	Type check (force no stale cache)	2025-09-26T11:05:00.4725580Z 
Code Quality	Type check (force no stale cache)	2025-09-26T11:05:00.4790967Z  ERROR  run failed: command  exited (2)
Code Quality	Type check (force no stale cache)	2025-09-26T11:05:00.6505338Z ##[error]Process completed with exit code 2.
Code Quality	Upload Prisma client dirs (debug)	Ôªø2025-09-26T11:05:00.6552768Z ##[group]Run actions/upload-artifact@v4
Code Quality	Upload Prisma client dirs (debug)	2025-09-26T11:05:00.6553076Z with:
Code Quality	Upload Prisma client dirs (debug)	2025-09-26T11:05:00.6553281Z   name: prisma-clients-18035869939
Code Quality	Upload Prisma client dirs (debug)	2025-09-26T11:05:00.6553666Z   path: services/*/prisma/generated/client
Code Quality	Upload Prisma client dirs (debug)	services/*/prisma/schema.prisma
Code Quality	Upload Prisma client dirs (debug)	
Code Quality	Upload Prisma client dirs (debug)	2025-09-26T11:05:00.6554053Z   if-no-files-found: warn
Code Quality	Upload Prisma client dirs (debug)	2025-09-26T11:05:00.6554284Z   compression-level: 6
Code Quality	Upload Prisma client dirs (debug)	2025-09-26T11:05:00.6554687Z   overwrite: false
Code Quality	Upload Prisma client dirs (debug)	2025-09-26T11:05:00.6554902Z   include-hidden-files: false
Code Quality	Upload Prisma client dirs (debug)	2025-09-26T11:05:00.6555128Z env:
Code Quality	Upload Prisma client dirs (debug)	2025-09-26T11:05:00.6555303Z   NODE_VERSION: 20.18.0
Code Quality	Upload Prisma client dirs (debug)	2025-09-26T11:05:00.6555505Z   TURBO_TOKEN: 
Code Quality	Upload Prisma client dirs (debug)	2025-09-26T11:05:00.6555692Z   TURBO_TEAM: 
Code Quality	Upload Prisma client dirs (debug)	2025-09-26T11:05:00.6555872Z   NODE_ENV: test
Code Quality	Upload Prisma client dirs (debug)	2025-09-26T11:05:00.6556066Z   PROMETHEUS_PORT: 9090
Code Quality	Upload Prisma client dirs (debug)	2025-09-26T11:05:00.6556274Z   GRAFANA_PORT: 3001
Code Quality	Upload Prisma client dirs (debug)	2025-09-26T11:05:00.6556496Z   GF_SECURITY_ADMIN_PASSWORD: admin123
Code Quality	Upload Prisma client dirs (debug)	2025-09-26T11:05:00.6556754Z   JAEGER_PORT: 16686
Code Quality	Upload Prisma client dirs (debug)	2025-09-26T11:05:00.6556970Z   OPENAI_API_KEY: test_openai_key_for_ci
Code Quality	Upload Prisma client dirs (debug)	2025-09-26T11:05:00.6557230Z   JWT_SECRET: test_jwt_secret_for_ci
Code Quality	Upload Prisma client dirs (debug)	2025-09-26T11:05:00.6557531Z   ENCRYPTION_KEY: test_encryption_key_for_ci
Code Quality	Upload Prisma client dirs (debug)	2025-09-26T11:05:00.6557825Z   FRONTEND_URL: http://localhost:3000
Code Quality	Upload Prisma client dirs (debug)	2025-09-26T11:05:00.6558099Z   GATEWAY_BFF_URL: http://localhost:4000
Code Quality	Upload Prisma client dirs (debug)	2025-09-26T11:05:00.6558369Z   API_BASE_URL: http://localhost:4000
Code Quality	Upload Prisma client dirs (debug)	2025-09-26T11:05:00.6558611Z ##[endgroup]
Code Quality	Upload Prisma client dirs (debug)	2025-09-26T11:05:00.9127350Z With the provided path, there will be 129 files uploaded
Code Quality	Upload Prisma client dirs (debug)	2025-09-26T11:05:00.9131949Z Artifact name is valid!
Code Quality	Upload Prisma client dirs (debug)	2025-09-26T11:05:00.9133114Z Root directory input is valid!
Code Quality	Upload Prisma client dirs (debug)	2025-09-26T11:05:01.1890083Z Beginning upload of artifact content to blob storage
Code Quality	Upload Prisma client dirs (debug)	2025-09-26T11:05:02.9871476Z Uploaded bytes 8388608
Code Quality	Upload Prisma client dirs (debug)	2025-09-26T11:05:03.4975030Z Uploaded bytes 16777216
Code Quality	Upload Prisma client dirs (debug)	2025-09-26T11:05:03.6053652Z Uploaded bytes 25165824
Code Quality	Upload Prisma client dirs (debug)	2025-09-26T11:05:04.1393960Z Uploaded bytes 33554432
Code Quality	Upload Prisma client dirs (debug)	2025-09-26T11:05:04.7849174Z Uploaded bytes 41943040
Code Quality	Upload Prisma client dirs (debug)	2025-09-26T11:05:05.4693481Z Uploaded bytes 50331648
Code Quality	Upload Prisma client dirs (debug)	2025-09-26T11:05:06.1722047Z Uploaded bytes 58720256
Code Quality	Upload Prisma client dirs (debug)	2025-09-26T11:05:06.7996402Z Uploaded bytes 67108864
Code Quality	Upload Prisma client dirs (debug)	2025-09-26T11:05:07.0281591Z Uploaded bytes 70316180
Code Quality	Upload Prisma client dirs (debug)	2025-09-26T11:05:07.1247898Z Finished uploading artifact content to blob storage!
Code Quality	Upload Prisma client dirs (debug)	2025-09-26T11:05:07.1251775Z SHA256 digest of uploaded artifact zip is 427216f00da9908010bd9b340cb5e9687a405e5032443ac3d8a802a0d8374007
Code Quality	Upload Prisma client dirs (debug)	2025-09-26T11:05:07.1254174Z Finalizing artifact upload
Code Quality	Upload Prisma client dirs (debug)	2025-09-26T11:05:07.4215438Z Artifact prisma-clients-18035869939.zip successfully finalized. Artifact ID 4114218785
Code Quality	Upload Prisma client dirs (debug)	2025-09-26T11:05:07.4216816Z Artifact prisma-clients-18035869939 has been successfully uploaded! Final size is 70316180 bytes. Artifact ID is 4114218785
Code Quality	Upload Prisma client dirs (debug)	2025-09-26T11:05:07.4223175Z Artifact download URL: https://github.com/nathanku3-hue/athelete-ally/actions/runs/18035869939/artifacts/4114218785
Code Quality	Post Checkout (selected ref)	Ôªø2025-09-26T11:05:07.4398557Z Post job cleanup.
Code Quality	Post Checkout (selected ref)	2025-09-26T11:05:07.5326918Z [command]/usr/bin/git version
Code Quality	Post Checkout (selected ref)	2025-09-26T11:05:07.5377055Z git version 2.51.0
Code Quality	Post Checkout (selected ref)	2025-09-26T11:05:07.5441158Z Temporarily overriding HOME='/home/runner/work/_temp/51eea2f7-e4b2-4c90-928c-a7c04f3b5bea' before making global git config changes
Code Quality	Post Checkout (selected ref)	2025-09-26T11:05:07.5442529Z Adding repository directory to the temporary git global config as a safe directory
Code Quality	Post Checkout (selected ref)	2025-09-26T11:05:07.5449241Z [command]/usr/bin/git config --global --add safe.directory /home/runner/work/athelete-ally/athelete-ally
Code Quality	Post Checkout (selected ref)	2025-09-26T11:05:07.5491619Z [command]/usr/bin/git config --local --name-only --get-regexp core\.sshCommand
Code Quality	Post Checkout (selected ref)	2025-09-26T11:05:07.5529592Z [command]/usr/bin/git submodule foreach --recursive sh -c "git config --local --name-only --get-regexp 'core\.sshCommand' && git config --local --unset-all 'core.sshCommand' || :"
Code Quality	Post Checkout (selected ref)	2025-09-26T11:05:07.5770414Z [command]/usr/bin/git config --local --name-only --get-regexp http\.https\:\/\/github\.com\/\.extraheader
Code Quality	Post Checkout (selected ref)	2025-09-26T11:05:07.5791144Z http.https://github.com/.extraheader
Code Quality	Post Checkout (selected ref)	2025-09-26T11:05:07.5804159Z [command]/usr/bin/git config --local --unset-all http.https://github.com/.extraheader
Code Quality	Post Checkout (selected ref)	2025-09-26T11:05:07.5835300Z [command]/usr/bin/git submodule foreach --recursive sh -c "git config --local --name-only --get-regexp 'http\.https\:\/\/github\.com\/\.extraheader' && git config --local --unset-all 'http.https://github.com/.extraheader' || :"
Code Quality	Complete job	Ôªø2025-09-26T11:05:07.6155979Z Cleaning up orphan processes
